[0.008s][info][gc] Using Concurrent Mark Sweep
[0.008s][info][gc,heap,coops] Heap address: 0x0000000680000000, size: 6144 MB, Compressed Oops mode: Zero based, Oop shift amount: 3
[0.046s][info][safepoint    ] Entering safepoint region: EnableBiasedLocking
[0.046s][info][safepoint    ] Leaving safepoint region
[0.046s][info][safepoint    ] Total time for which application threads were stopped: 0.0001304 seconds, Stopping threads took: 0.0000523 seconds
[0.048s][info][safepoint    ] Application time: 0.0015032 seconds
[0.048s][info][safepoint    ] Entering safepoint region: RevokeBias
[0.048s][info][safepoint    ] Leaving safepoint region
[0.048s][info][safepoint    ] Total time for which application threads were stopped: 0.0000708 seconds, Stopping threads took: 0.0000273 seconds
[0.121s][info][safepoint    ] Application time: 0.0729175 seconds
[0.121s][info][safepoint    ] Entering safepoint region: Deoptimize
[0.121s][info][safepoint    ] Leaving safepoint region
[0.121s][info][safepoint    ] Total time for which application threads were stopped: 0.0000661 seconds, Stopping threads took: 0.0000070 seconds
[0.309s][info][safepoint    ] Application time: 0.1877791 seconds
[0.309s][info][safepoint    ] Entering safepoint region: Deoptimize
[0.309s][info][safepoint    ] Leaving safepoint region
[0.309s][info][safepoint    ] Total time for which application threads were stopped: 0.0001918 seconds, Stopping threads took: 0.0000113 seconds
[0.347s][info][safepoint    ] Application time: 0.0385757 seconds
[0.347s][info][safepoint    ] Entering safepoint region: Deoptimize
[0.348s][info][safepoint    ] Leaving safepoint region
[0.348s][info][safepoint    ] Total time for which application threads were stopped: 0.0001234 seconds, Stopping threads took: 0.0000093 seconds
[0.391s][info][safepoint    ] Application time: 0.0436132 seconds
[0.391s][info][safepoint    ] Entering safepoint region: Deoptimize
[0.391s][info][safepoint    ] Leaving safepoint region
[0.391s][info][safepoint    ] Total time for which application threads were stopped: 0.0001320 seconds, Stopping threads took: 0.0000071 seconds
[1.391s][info][safepoint    ] Application time: 1.0001078 seconds
[1.392s][info][safepoint    ] Entering safepoint region: Cleanup
[1.392s][info][safepoint    ] Leaving safepoint region
[1.392s][info][safepoint    ] Total time for which application threads were stopped: 0.0000675 seconds, Stopping threads took: 0.0000114 seconds
[1.500s][info][safepoint    ] Application time: 0.1086544 seconds
[1.500s][info][safepoint    ] Entering safepoint region: Deoptimize
[1.500s][info][safepoint    ] Leaving safepoint region
[1.500s][info][safepoint    ] Total time for which application threads were stopped: 0.0001602 seconds, Stopping threads took: 0.0000104 seconds
[1.660s][info][safepoint    ] Application time: 0.1598484 seconds
[1.660s][info][safepoint    ] Entering safepoint region: Deoptimize
[1.661s][info][safepoint    ] Leaving safepoint region
[1.661s][info][safepoint    ] Total time for which application threads were stopped: 0.0002405 seconds, Stopping threads took: 0.0000074 seconds
[1.890s][info][safepoint    ] Application time: 0.2298904 seconds
[1.891s][info][safepoint    ] Entering safepoint region: ICBufferFull
[1.891s][info][safepoint    ] Leaving safepoint region
[1.891s][info][safepoint    ] Total time for which application threads were stopped: 0.0001536 seconds, Stopping threads took: 0.0000309 seconds
[1.997s][info][safepoint    ] Application time: 0.1064905 seconds
[1.997s][info][safepoint    ] Entering safepoint region: Deoptimize
[1.998s][info][safepoint    ] Leaving safepoint region
[1.998s][info][safepoint    ] Total time for which application threads were stopped: 0.0003634 seconds, Stopping threads took: 0.0000505 seconds
[2.156s][info][safepoint    ] Application time: 0.1580352 seconds
[2.156s][info][safepoint    ] Entering safepoint region: ICBufferFull
[2.156s][info][safepoint    ] Leaving safepoint region
[2.156s][info][safepoint    ] Total time for which application threads were stopped: 0.0001672 seconds, Stopping threads took: 0.0000075 seconds
[2.456s][info][safepoint    ] Application time: 0.3005448 seconds
[2.456s][info][safepoint    ] Entering safepoint region: ICBufferFull
[2.456s][info][safepoint    ] Leaving safepoint region
[2.456s][info][safepoint    ] Total time for which application threads were stopped: 0.0001508 seconds, Stopping threads took: 0.0000079 seconds
[2.560s][info][safepoint    ] Application time: 0.1036340 seconds
[2.560s][info][safepoint    ] Entering safepoint region: GenCollectForAllocation
[2.560s][info][gc,start     ] GC(0) Pause Young (Allocation Failure)
[2.561s][info][gc,task      ] GC(0) Using 4 workers of 4 for evacuation
[2.591s][debug][gc,ref       ] GC(0) Skipped phase1 of Reference Processing due to unavailable references
[2.591s][debug][gc,ref       ] GC(0) Skipped phase3 of Reference Processing due to unavailable references
[2.592s][debug][gc,age       ] GC(0) Desired survivor size 15368192 bytes, new threshold 1 (max threshold 6)
[2.592s][info ][gc,heap      ] GC(0) ParNew: 240320K->28452K(270336K)
[2.592s][info ][gc,heap      ] GC(0) CMS: 0K->0K(600768K)
[2.592s][info ][gc,metaspace ] GC(0) Metaspace: 16646K->16646K(1064960K)
[2.592s][info ][gc           ] GC(0) Pause Young (Allocation Failure) 234M->27M(850M) 31.363ms
[2.592s][info ][gc,cpu       ] GC(0) User=0.14s Sys=0.02s Real=0.03s
[2.592s][info ][safepoint    ] Leaving safepoint region
[2.592s][info ][safepoint    ] Total time for which application threads were stopped: 0.0314751 seconds, Stopping threads took: 0.0000088 seconds
[2.593s][info ][safepoint    ] Application time: 0.0010349 seconds
[2.593s][info ][safepoint    ] Entering safepoint region: RevokeBias
[2.593s][info ][safepoint    ] Leaving safepoint region
[2.593s][info ][safepoint    ] Total time for which application threads were stopped: 0.0001102 seconds, Stopping threads took: 0.0000509 seconds
[2.593s][info ][safepoint    ] Application time: 0.0000702 seconds
[2.593s][info ][safepoint    ] Entering safepoint region: RevokeBias
[2.593s][info ][safepoint    ] Leaving safepoint region
[2.593s][info ][safepoint    ] Total time for which application threads were stopped: 0.0000722 seconds, Stopping threads took: 0.0000419 seconds
[2.593s][info ][safepoint    ] Application time: 0.0000432 seconds
[2.593s][info ][safepoint    ] Entering safepoint region: RevokeBias
[2.593s][info ][safepoint    ] Leaving safepoint region
[2.593s][info ][safepoint    ] Total time for which application threads were stopped: 0.0000625 seconds, Stopping threads took: 0.0000290 seconds
[2.820s][info ][safepoint    ] Application time: 0.2269322 seconds
[2.820s][info ][safepoint    ] Entering safepoint region: Deoptimize
[2.820s][info ][safepoint    ] Leaving safepoint region
[2.820s][info ][safepoint    ] Total time for which application threads were stopped: 0.0003671 seconds, Stopping threads took: 0.0000076 seconds
[2.993s][info ][safepoint    ] Application time: 0.1722433 seconds
[2.993s][info ][safepoint    ] Entering safepoint region: ICBufferFull
[2.993s][info ][safepoint    ] Leaving safepoint region
[2.993s][info ][safepoint    ] Total time for which application threads were stopped: 0.0001335 seconds, Stopping threads took: 0.0000083 seconds
[2.996s][info ][safepoint    ] Application time: 0.0035425 seconds
[2.996s][info ][safepoint    ] Entering safepoint region: CollectForMetadataAllocation
[2.996s][info ][safepoint    ] Leaving safepoint region
[2.996s][info ][safepoint    ] Total time for which application threads were stopped: 0.0000821 seconds, Stopping threads took: 0.0000370 seconds
[3.012s][info ][safepoint    ] Application time: 0.0160652 seconds
[3.013s][info ][safepoint    ] Entering safepoint region: CollectForMetadataAllocation
[3.013s][info ][safepoint    ] Leaving safepoint region
[3.013s][info ][safepoint    ] Total time for which application threads were stopped: 0.0000725 seconds, Stopping threads took: 0.0000154 seconds
[3.045s][info ][safepoint    ] Application time: 0.0321022 seconds
[3.045s][info ][safepoint    ] Entering safepoint region: CollectForMetadataAllocation
[3.045s][info ][safepoint    ] Leaving safepoint region
[3.045s][info ][safepoint    ] Total time for which application threads were stopped: 0.0000894 seconds, Stopping threads took: 0.0000153 seconds
[3.064s][info ][safepoint    ] Application time: 0.0196116 seconds
[3.064s][info ][safepoint    ] Entering safepoint region: CollectForMetadataAllocation
[3.065s][info ][safepoint    ] Leaving safepoint region
[3.065s][info ][safepoint    ] Total time for which application threads were stopped: 0.0000731 seconds, Stopping threads took: 0.0000254 seconds
[3.084s][info ][safepoint    ] Application time: 0.0189876 seconds
[3.084s][info ][safepoint    ] Entering safepoint region: CollectForMetadataAllocation
[3.084s][info ][safepoint    ] Leaving safepoint region
[3.084s][info ][safepoint    ] Total time for which application threads were stopped: 0.0001016 seconds, Stopping threads took: 0.0000081 seconds
[3.090s][info ][safepoint    ] Application time: 0.0064474 seconds
[3.090s][info ][safepoint    ] Entering safepoint region: RevokeBias
[3.090s][info ][safepoint    ] Leaving safepoint region
[3.090s][info ][safepoint    ] Total time for which application threads were stopped: 0.0001058 seconds, Stopping threads took: 0.0000225 seconds
[3.090s][info ][safepoint    ] Application time: 0.0000712 seconds
[3.090s][info ][safepoint    ] Entering safepoint region: RevokeBias
[3.090s][info ][safepoint    ] Leaving safepoint region
[3.090s][info ][safepoint    ] Total time for which application threads were stopped: 0.0001505 seconds, Stopping threads took: 0.0001153 seconds
[3.091s][info ][safepoint    ] Application time: 0.0006266 seconds
[3.091s][info ][safepoint    ] Entering safepoint region: RevokeBias
[3.091s][info ][safepoint    ] Leaving safepoint region
[3.091s][info ][safepoint    ] Total time for which application threads were stopped: 0.0001222 seconds, Stopping threads took: 0.0000473 seconds
[3.091s][info ][safepoint    ] Application time: 0.0001101 seconds
[3.091s][info ][safepoint    ] Entering safepoint region: RevokeBias
[3.091s][info ][safepoint    ] Leaving safepoint region
[3.091s][info ][safepoint    ] Total time for which application threads were stopped: 0.0000997 seconds, Stopping threads took: 0.0000399 seconds
[3.092s][info ][safepoint    ] Application time: 0.0000605 seconds
[3.092s][info ][safepoint    ] Entering safepoint region: RevokeBias
[3.092s][info ][safepoint    ] Leaving safepoint region
[3.092s][info ][safepoint    ] Total time for which application threads were stopped: 0.0000739 seconds, Stopping threads took: 0.0000404 seconds
[3.092s][info ][safepoint    ] Application time: 0.0000938 seconds
[3.092s][info ][safepoint    ] Entering safepoint region: RevokeBias
[3.092s][info ][safepoint    ] Leaving safepoint region
[3.092s][info ][safepoint    ] Total time for which application threads were stopped: 0.0000975 seconds, Stopping threads took: 0.0000404 seconds
[3.092s][info ][safepoint    ] Application time: 0.0001085 seconds
[3.092s][info ][safepoint    ] Entering safepoint region: RevokeBias
[3.092s][info ][safepoint    ] Leaving safepoint region
[3.092s][info ][safepoint    ] Total time for which application threads were stopped: 0.0000760 seconds, Stopping threads took: 0.0000214 seconds
[3.092s][info ][safepoint    ] Application time: 0.0004634 seconds
[3.093s][info ][safepoint    ] Entering safepoint region: RevokeBias
[3.093s][info ][safepoint    ] Leaving safepoint region
[3.093s][info ][safepoint    ] Total time for which application threads were stopped: 0.0000993 seconds, Stopping threads took: 0.0000571 seconds
[3.093s][info ][safepoint    ] Application time: 0.0001657 seconds
[3.093s][info ][safepoint    ] Entering safepoint region: RevokeBias
[3.093s][info ][safepoint    ] Leaving safepoint region
[3.093s][info ][safepoint    ] Total time for which application threads were stopped: 0.0001579 seconds, Stopping threads took: 0.0000857 seconds
[3.093s][info ][safepoint    ] Application time: 0.0002985 seconds
[3.093s][info ][safepoint    ] Entering safepoint region: RevokeBias
[3.093s][info ][safepoint    ] Leaving safepoint region
[3.093s][info ][safepoint    ] Total time for which application threads were stopped: 0.0001434 seconds, Stopping threads took: 0.0000572 seconds
[3.093s][info ][safepoint    ] Application time: 0.0000770 seconds
[3.094s][info ][safepoint    ] Entering safepoint region: RevokeBias
[3.094s][info ][safepoint    ] Leaving safepoint region
[3.094s][info ][safepoint    ] Total time for which application threads were stopped: 0.0001398 seconds, Stopping threads took: 0.0001024 seconds
[3.094s][info ][safepoint    ] Application time: 0.0001057 seconds
[3.094s][info ][safepoint    ] Entering safepoint region: RevokeBias
[3.094s][info ][safepoint    ] Leaving safepoint region
[3.094s][info ][safepoint    ] Total time for which application threads were stopped: 0.0001512 seconds, Stopping threads took: 0.0000719 seconds
[3.094s][info ][safepoint    ] Application time: 0.0001331 seconds
[3.094s][info ][safepoint    ] Entering safepoint region: RevokeBias
[3.094s][info ][safepoint    ] Leaving safepoint region
[3.094s][info ][safepoint    ] Total time for which application threads were stopped: 0.0001433 seconds, Stopping threads took: 0.0000773 seconds
[3.094s][info ][safepoint    ] Application time: 0.0002682 seconds
[3.095s][info ][safepoint    ] Entering safepoint region: RevokeBias
[3.095s][info ][safepoint    ] Leaving safepoint region
[3.095s][info ][safepoint    ] Total time for which application threads were stopped: 0.0001653 seconds, Stopping threads took: 0.0001161 seconds
[3.095s][info ][safepoint    ] Application time: 0.0001582 seconds
[3.095s][info ][safepoint    ] Entering safepoint region: RevokeBias
[3.095s][info ][safepoint    ] Leaving safepoint region
[3.095s][info ][safepoint    ] Total time for which application threads were stopped: 0.0001208 seconds, Stopping threads took: 0.0000828 seconds
[3.095s][info ][safepoint    ] Application time: 0.0001212 seconds
[3.095s][info ][safepoint    ] Entering safepoint region: RevokeBias
[3.095s][info ][safepoint    ] Leaving safepoint region
[3.095s][info ][safepoint    ] Total time for which application threads were stopped: 0.0001239 seconds, Stopping threads took: 0.0000691 seconds
[3.095s][info ][safepoint    ] Application time: 0.0002109 seconds
[3.095s][info ][safepoint    ] Entering safepoint region: RevokeBias
[3.095s][info ][safepoint    ] Leaving safepoint region
[3.095s][info ][safepoint    ] Total time for which application threads were stopped: 0.0000608 seconds, Stopping threads took: 0.0000252 seconds
[3.096s][info ][safepoint    ] Application time: 0.0005536 seconds
[3.096s][info ][safepoint    ] Entering safepoint region: RevokeBias
[3.096s][info ][safepoint    ] Leaving safepoint region
[3.096s][info ][safepoint    ] Total time for which application threads were stopped: 0.0000620 seconds, Stopping threads took: 0.0000075 seconds
[3.097s][info ][safepoint    ] Application time: 0.0007231 seconds
[3.097s][info ][safepoint    ] Entering safepoint region: RevokeBias
[3.097s][info ][safepoint    ] Leaving safepoint region
[3.097s][info ][safepoint    ] Total time for which application threads were stopped: 0.0000827 seconds, Stopping threads took: 0.0000361 seconds
[3.097s][info ][safepoint    ] Application time: 0.0000977 seconds
[3.097s][info ][safepoint    ] Entering safepoint region: RevokeBias
[3.097s][info ][safepoint    ] Leaving safepoint region
[3.097s][info ][safepoint    ] Total time for which application threads were stopped: 0.0000600 seconds, Stopping threads took: 0.0000264 seconds
[3.097s][info ][safepoint    ] Application time: 0.0000950 seconds
[3.097s][info ][safepoint    ] Entering safepoint region: RevokeBias
[3.097s][info ][safepoint    ] Leaving safepoint region
[3.097s][info ][safepoint    ] Total time for which application threads were stopped: 0.0001590 seconds, Stopping threads took: 0.0001312 seconds
[3.097s][info ][safepoint    ] Application time: 0.0000457 seconds
[3.097s][info ][safepoint    ] Entering safepoint region: RevokeBias
[3.097s][info ][safepoint    ] Leaving safepoint region
[3.097s][info ][safepoint    ] Total time for which application threads were stopped: 0.0000721 seconds, Stopping threads took: 0.0000374 seconds
[3.098s][info ][safepoint    ] Application time: 0.0004881 seconds
[3.098s][info ][safepoint    ] Entering safepoint region: RevokeBias
[3.098s][info ][safepoint    ] Leaving safepoint region
[3.098s][info ][safepoint    ] Total time for which application threads were stopped: 0.0000840 seconds, Stopping threads took: 0.0000409 seconds
[3.098s][info ][safepoint    ] Application time: 0.0002033 seconds
[3.098s][info ][safepoint    ] Entering safepoint region: RevokeBias
[3.098s][info ][safepoint    ] Leaving safepoint region
[3.098s][info ][safepoint    ] Total time for which application threads were stopped: 0.0000607 seconds, Stopping threads took: 0.0000264 seconds
[3.105s][info ][safepoint    ] Application time: 0.0065452 seconds
[3.105s][info ][safepoint    ] Entering safepoint region: RevokeBias
[3.105s][info ][safepoint    ] Leaving safepoint region
[3.105s][info ][safepoint    ] Total time for which application threads were stopped: 0.0000929 seconds, Stopping threads took: 0.0000240 seconds
[3.105s][info ][safepoint    ] Application time: 0.0000584 seconds
[3.105s][info ][safepoint    ] Entering safepoint region: RevokeBias
[3.105s][info ][safepoint    ] Leaving safepoint region
[3.105s][info ][safepoint    ] Total time for which application threads were stopped: 0.0000441 seconds, Stopping threads took: 0.0000049 seconds
[3.105s][info ][safepoint    ] Application time: 0.0002266 seconds
[3.105s][info ][safepoint    ] Entering safepoint region: BulkRevokeBias
[3.105s][info ][safepoint    ] Leaving safepoint region
[3.105s][info ][safepoint    ] Total time for which application threads were stopped: 0.0001772 seconds, Stopping threads took: 0.0000388 seconds
[3.106s][info ][safepoint    ] Application time: 0.0003566 seconds
[3.106s][info ][safepoint    ] Entering safepoint region: CollectForMetadataAllocation
[3.106s][info ][safepoint    ] Leaving safepoint region
[3.106s][info ][safepoint    ] Total time for which application threads were stopped: 0.0000841 seconds, Stopping threads took: 0.0000133 seconds
[3.109s][info ][safepoint    ] Application time: 0.0034615 seconds
[3.110s][info ][safepoint    ] Entering safepoint region: RevokeBias
[3.110s][info ][safepoint    ] Leaving safepoint region
[3.110s][info ][safepoint    ] Total time for which application threads were stopped: 0.0001608 seconds, Stopping threads took: 0.0001023 seconds
[3.110s][info ][safepoint    ] Application time: 0.0007266 seconds
[3.110s][info ][safepoint    ] Entering safepoint region: CollectForMetadataAllocation
[3.110s][info ][safepoint    ] Leaving safepoint region
[3.110s][info ][safepoint    ] Total time for which application threads were stopped: 0.0000908 seconds, Stopping threads took: 0.0000259 seconds
[3.111s][info ][safepoint    ] Application time: 0.0008788 seconds
[3.111s][info ][safepoint    ] Entering safepoint region: RevokeBias
[3.111s][info ][safepoint    ] Leaving safepoint region
[3.111s][info ][safepoint    ] Total time for which application threads were stopped: 0.0001074 seconds, Stopping threads took: 0.0000287 seconds
[3.112s][info ][safepoint    ] Application time: 0.0002050 seconds
[3.112s][info ][safepoint    ] Entering safepoint region: RevokeBias
[3.112s][info ][safepoint    ] Leaving safepoint region
[3.112s][info ][safepoint    ] Total time for which application threads were stopped: 0.0000844 seconds, Stopping threads took: 0.0000375 seconds
[3.114s][info ][safepoint    ] Application time: 0.0020437 seconds
[3.114s][info ][safepoint    ] Entering safepoint region: RevokeBias
[3.114s][info ][safepoint    ] Leaving safepoint region
[3.114s][info ][safepoint    ] Total time for which application threads were stopped: 0.0000806 seconds, Stopping threads took: 0.0000092 seconds
[3.114s][info ][safepoint    ] Application time: 0.0006293 seconds
[3.114s][info ][safepoint    ] Entering safepoint region: RevokeBias
[3.115s][info ][safepoint    ] Leaving safepoint region
[3.115s][info ][safepoint    ] Total time for which application threads were stopped: 0.0000576 seconds, Stopping threads took: 0.0000046 seconds
[3.116s][info ][safepoint    ] Application time: 0.0016638 seconds
[3.116s][info ][safepoint    ] Entering safepoint region: RevokeBias
[3.116s][info ][safepoint    ] Leaving safepoint region
[3.116s][info ][safepoint    ] Total time for which application threads were stopped: 0.0001189 seconds, Stopping threads took: 0.0000603 seconds
[3.118s][info ][safepoint    ] Application time: 0.0016947 seconds
[3.118s][info ][safepoint    ] Entering safepoint region: RevokeBias
[3.118s][info ][safepoint    ] Leaving safepoint region
[3.118s][info ][safepoint    ] Total time for which application threads were stopped: 0.0000612 seconds, Stopping threads took: 0.0000082 seconds
[3.119s][info ][safepoint    ] Application time: 0.0006638 seconds
[3.119s][info ][safepoint    ] Entering safepoint region: CollectForMetadataAllocation
[3.119s][info ][safepoint    ] Leaving safepoint region
[3.119s][info ][safepoint    ] Total time for which application threads were stopped: 0.0000672 seconds, Stopping threads took: 0.0000222 seconds
[3.120s][info ][safepoint    ] Application time: 0.0015200 seconds
[3.120s][info ][safepoint    ] Entering safepoint region: RevokeBias
[3.120s][info ][safepoint    ] Leaving safepoint region
[3.121s][info ][safepoint    ] Total time for which application threads were stopped: 0.0001006 seconds, Stopping threads took: 0.0000474 seconds
[3.122s][info ][safepoint    ] Application time: 0.0016217 seconds
[3.122s][info ][safepoint    ] Entering safepoint region: RevokeBias
[3.122s][info ][safepoint    ] Leaving safepoint region
[3.122s][info ][safepoint    ] Total time for which application threads were stopped: 0.0002399 seconds, Stopping threads took: 0.0001785 seconds
[3.124s][info ][safepoint    ] Application time: 0.0014482 seconds
[3.124s][info ][safepoint    ] Entering safepoint region: RevokeBias
[3.124s][info ][safepoint    ] Leaving safepoint region
[3.124s][info ][safepoint    ] Total time for which application threads were stopped: 0.0001760 seconds, Stopping threads took: 0.0001306 seconds
[3.125s][info ][safepoint    ] Application time: 0.0007951 seconds
[3.125s][info ][safepoint    ] Entering safepoint region: RevokeBias
[3.125s][info ][safepoint    ] Leaving safepoint region
[3.125s][info ][safepoint    ] Total time for which application threads were stopped: 0.0001445 seconds, Stopping threads took: 0.0000875 seconds
[3.126s][info ][safepoint    ] Application time: 0.0005419 seconds
[3.126s][info ][safepoint    ] Entering safepoint region: RevokeBias
[3.126s][info ][safepoint    ] Leaving safepoint region
[3.126s][info ][safepoint    ] Total time for which application threads were stopped: 0.0001228 seconds, Stopping threads took: 0.0000786 seconds
[3.129s][info ][safepoint    ] Application time: 0.0032061 seconds
[3.129s][info ][safepoint    ] Entering safepoint region: RevokeBias
[3.129s][info ][safepoint    ] Leaving safepoint region
[3.129s][info ][safepoint    ] Total time for which application threads were stopped: 0.0000919 seconds, Stopping threads took: 0.0000261 seconds
[3.130s][info ][safepoint    ] Application time: 0.0013973 seconds
[3.130s][info ][safepoint    ] Entering safepoint region: RevokeBias
[3.130s][info ][safepoint    ] Leaving safepoint region
[3.130s][info ][safepoint    ] Total time for which application threads were stopped: 0.0001124 seconds, Stopping threads took: 0.0000063 seconds
[3.131s][info ][safepoint    ] Application time: 0.0005617 seconds
[3.131s][info ][safepoint    ] Entering safepoint region: RevokeBias
[3.131s][info ][safepoint    ] Leaving safepoint region
[3.131s][info ][safepoint    ] Total time for which application threads were stopped: 0.0000542 seconds, Stopping threads took: 0.0000069 seconds
[3.133s][info ][safepoint    ] Application time: 0.0016740 seconds
[3.133s][info ][safepoint    ] Entering safepoint region: RevokeBias
[3.133s][info ][safepoint    ] Leaving safepoint region
[3.133s][info ][safepoint    ] Total time for which application threads were stopped: 0.0002852 seconds, Stopping threads took: 0.0001874 seconds
[3.136s][info ][safepoint    ] Application time: 0.0025906 seconds
[3.136s][info ][safepoint    ] Entering safepoint region: RevokeBias
[3.136s][info ][safepoint    ] Leaving safepoint region
[3.136s][info ][safepoint    ] Total time for which application threads were stopped: 0.0000875 seconds, Stopping threads took: 0.0000191 seconds
[3.136s][info ][safepoint    ] Application time: 0.0004718 seconds
[3.136s][info ][safepoint    ] Entering safepoint region: BulkRevokeBias
[3.137s][info ][safepoint    ] Leaving safepoint region
[3.137s][info ][safepoint    ] Total time for which application threads were stopped: 0.0001722 seconds, Stopping threads took: 0.0000248 seconds
[3.139s][info ][safepoint    ] Application time: 0.0022171 seconds
[3.139s][info ][safepoint    ] Entering safepoint region: CollectForMetadataAllocation
[3.139s][info ][safepoint    ] Leaving safepoint region
[3.139s][info ][safepoint    ] Total time for which application threads were stopped: 0.0001123 seconds, Stopping threads took: 0.0000556 seconds
[3.148s][info ][safepoint    ] Application time: 0.0086664 seconds
[3.148s][info ][safepoint    ] Entering safepoint region: CollectForMetadataAllocation
[3.148s][info ][safepoint    ] Leaving safepoint region
[3.148s][info ][safepoint    ] Total time for which application threads were stopped: 0.0001022 seconds, Stopping threads took: 0.0000289 seconds
[3.149s][info ][safepoint    ] Application time: 0.0017972 seconds
[3.150s][info ][safepoint    ] Entering safepoint region: RevokeBias
[3.150s][info ][safepoint    ] Leaving safepoint region
[3.150s][info ][safepoint    ] Total time for which application threads were stopped: 0.0001910 seconds, Stopping threads took: 0.0000628 seconds
[3.163s][info ][safepoint    ] Application time: 0.0132963 seconds
[3.163s][info ][safepoint    ] Entering safepoint region: CollectForMetadataAllocation
[3.163s][info ][safepoint    ] Leaving safepoint region
[3.163s][info ][safepoint    ] Total time for which application threads were stopped: 0.0001160 seconds, Stopping threads took: 0.0000505 seconds
[3.178s][info ][safepoint    ] Application time: 0.0146023 seconds
[3.178s][info ][safepoint    ] Entering safepoint region: CollectForMetadataAllocation
[3.178s][info ][safepoint    ] Leaving safepoint region
[3.178s][info ][safepoint    ] Total time for which application threads were stopped: 0.0000930 seconds, Stopping threads took: 0.0000271 seconds
[3.190s][info ][safepoint    ] Application time: 0.0121814 seconds
[3.190s][info ][safepoint    ] Entering safepoint region: CollectForMetadataAllocation
[3.190s][info ][safepoint    ] Leaving safepoint region
[3.190s][info ][safepoint    ] Total time for which application threads were stopped: 0.0001068 seconds, Stopping threads took: 0.0000288 seconds
[3.196s][info ][safepoint    ] Application time: 0.0060912 seconds
[3.199s][info ][safepoint    ] Entering safepoint region: RevokeBias
[3.199s][info ][safepoint    ] Leaving safepoint region
[3.199s][info ][safepoint    ] Total time for which application threads were stopped: 0.0024542 seconds, Stopping threads took: 0.0023281 seconds
[3.199s][info ][safepoint    ] Application time: 0.0006263 seconds
[3.199s][info ][safepoint    ] Entering safepoint region: CollectForMetadataAllocation
[3.199s][info ][safepoint    ] Leaving safepoint region
[3.200s][info ][safepoint    ] Total time for which application threads were stopped: 0.0001265 seconds, Stopping threads took: 0.0000321 seconds
[3.203s][info ][safepoint    ] Application time: 0.0031841 seconds
[3.203s][info ][safepoint    ] Entering safepoint region: RevokeBias
[3.203s][info ][safepoint    ] Leaving safepoint region
[3.203s][info ][safepoint    ] Total time for which application threads were stopped: 0.0001204 seconds, Stopping threads took: 0.0000437 seconds
[3.205s][info ][safepoint    ] Application time: 0.0019332 seconds
[3.205s][info ][safepoint    ] Entering safepoint region: RevokeBias
[3.205s][info ][safepoint    ] Leaving safepoint region
[3.205s][info ][safepoint    ] Total time for which application threads were stopped: 0.0001938 seconds, Stopping threads took: 0.0000535 seconds
[3.206s][info ][safepoint    ] Application time: 0.0010928 seconds
[3.206s][info ][safepoint    ] Entering safepoint region: RevokeBias
[3.206s][info ][safepoint    ] Leaving safepoint region
[3.206s][info ][safepoint    ] Total time for which application threads were stopped: 0.0001287 seconds, Stopping threads took: 0.0000359 seconds
[3.207s][info ][safepoint    ] Application time: 0.0008572 seconds
[3.207s][info ][safepoint    ] Entering safepoint region: RevokeBias
[3.207s][info ][safepoint    ] Leaving safepoint region
[3.207s][info ][safepoint    ] Total time for which application threads were stopped: 0.0001022 seconds, Stopping threads took: 0.0000290 seconds
[3.210s][info ][safepoint    ] Application time: 0.0029895 seconds
[3.210s][info ][safepoint    ] Entering safepoint region: RevokeBias
[3.210s][info ][safepoint    ] Leaving safepoint region
[3.210s][info ][safepoint    ] Total time for which application threads were stopped: 0.0002386 seconds, Stopping threads took: 0.0000525 seconds
[3.211s][info ][safepoint    ] Application time: 0.0006101 seconds
[3.211s][info ][safepoint    ] Entering safepoint region: RevokeBias
[3.211s][info ][safepoint    ] Leaving safepoint region
[3.211s][info ][safepoint    ] Total time for which application threads were stopped: 0.0001414 seconds, Stopping threads took: 0.0000215 seconds
[3.211s][info ][safepoint    ] Application time: 0.0000714 seconds
[3.211s][info ][safepoint    ] Entering safepoint region: RevokeBias
[3.211s][info ][safepoint    ] Leaving safepoint region
[3.211s][info ][safepoint    ] Total time for which application threads were stopped: 0.0000910 seconds, Stopping threads took: 0.0000043 seconds
[3.215s][info ][safepoint    ] Application time: 0.0033109 seconds
[3.215s][info ][safepoint    ] Entering safepoint region: RevokeBias
[3.215s][info ][safepoint    ] Leaving safepoint region
[3.215s][info ][safepoint    ] Total time for which application threads were stopped: 0.0000624 seconds, Stopping threads took: 0.0000078 seconds
[3.215s][info ][safepoint    ] Application time: 0.0000663 seconds
[3.215s][info ][safepoint    ] Entering safepoint region: RevokeBias
[3.215s][info ][safepoint    ] Leaving safepoint region
[3.215s][info ][safepoint    ] Total time for which application threads were stopped: 0.0000643 seconds, Stopping threads took: 0.0000069 seconds
[3.220s][info ][safepoint    ] Application time: 0.0051164 seconds
[3.220s][info ][safepoint    ] Entering safepoint region: RevokeBias
[3.220s][info ][safepoint    ] Leaving safepoint region
[3.220s][info ][safepoint    ] Total time for which application threads were stopped: 0.0000896 seconds, Stopping threads took: 0.0000069 seconds
[3.220s][info ][safepoint    ] Application time: 0.0000796 seconds
[3.220s][info ][safepoint    ] Entering safepoint region: RevokeBias
[3.220s][info ][safepoint    ] Leaving safepoint region
[3.220s][info ][safepoint    ] Total time for which application threads were stopped: 0.0000465 seconds, Stopping threads took: 0.0000040 seconds
[3.220s][info ][safepoint    ] Application time: 0.0000528 seconds
[3.220s][info ][safepoint    ] Entering safepoint region: RevokeBias
[3.220s][info ][safepoint    ] Leaving safepoint region
[3.220s][info ][safepoint    ] Total time for which application threads were stopped: 0.0000771 seconds, Stopping threads took: 0.0000370 seconds
[3.220s][info ][safepoint    ] Application time: 0.0000194 seconds
[3.220s][info ][safepoint    ] Entering safepoint region: RevokeBias
[3.220s][info ][safepoint    ] Leaving safepoint region
[3.220s][info ][safepoint    ] Total time for which application threads were stopped: 0.0000293 seconds, Stopping threads took: 0.0000038 seconds
[3.221s][info ][safepoint    ] Application time: 0.0000964 seconds
[3.221s][info ][safepoint    ] Entering safepoint region: RevokeBias
[3.221s][info ][safepoint    ] Leaving safepoint region
[3.221s][info ][safepoint    ] Total time for which application threads were stopped: 0.0000660 seconds, Stopping threads took: 0.0000046 seconds
[3.221s][info ][safepoint    ] Application time: 0.0000606 seconds
[3.221s][info ][safepoint    ] Entering safepoint region: BulkRevokeBias
[3.221s][info ][safepoint    ] Leaving safepoint region
[3.221s][info ][safepoint    ] Total time for which application threads were stopped: 0.0001513 seconds, Stopping threads took: 0.0000078 seconds
[3.232s][info ][safepoint    ] Application time: 0.0115846 seconds
[3.233s][info ][safepoint    ] Entering safepoint region: CollectForMetadataAllocation
[3.233s][info ][safepoint    ] Leaving safepoint region
[3.233s][info ][safepoint    ] Total time for which application threads were stopped: 0.0006865 seconds, Stopping threads took: 0.0005928 seconds
[3.245s][info ][safepoint    ] Application time: 0.0118036 seconds
[3.245s][info ][safepoint    ] Entering safepoint region: CollectForMetadataAllocation
[3.245s][info ][safepoint    ] Leaving safepoint region
[3.245s][info ][safepoint    ] Total time for which application threads were stopped: 0.0001023 seconds, Stopping threads took: 0.0000412 seconds
[3.262s][info ][safepoint    ] Application time: 0.0164364 seconds
[3.265s][info ][safepoint    ] Entering safepoint region: CollectForMetadataAllocation
[3.265s][info ][safepoint    ] Leaving safepoint region
[3.265s][info ][safepoint    ] Total time for which application threads were stopped: 0.0030869 seconds, Stopping threads took: 0.0029720 seconds
[3.277s][info ][safepoint    ] Application time: 0.0126922 seconds
[3.277s][info ][safepoint    ] Entering safepoint region: CollectForMetadataAllocation
[3.278s][info ][safepoint    ] Leaving safepoint region
[3.278s][info ][safepoint    ] Total time for which application threads were stopped: 0.0001334 seconds, Stopping threads took: 0.0000275 seconds
[3.292s][info ][safepoint    ] Application time: 0.0146494 seconds
[3.295s][info ][safepoint    ] Entering safepoint region: RevokeBias
[3.295s][info ][safepoint    ] Leaving safepoint region
[3.295s][info ][safepoint    ] Total time for which application threads were stopped: 0.0030503 seconds, Stopping threads took: 0.0029770 seconds
[3.296s][info ][safepoint    ] Application time: 0.0003229 seconds
[3.296s][info ][safepoint    ] Entering safepoint region: RevokeBias
[3.296s][info ][safepoint    ] Leaving safepoint region
[3.296s][info ][safepoint    ] Total time for which application threads were stopped: 0.0001087 seconds, Stopping threads took: 0.0000629 seconds
[3.297s][info ][safepoint    ] Application time: 0.0014374 seconds
[3.297s][info ][safepoint    ] Entering safepoint region: CollectForMetadataAllocation
[3.297s][info ][safepoint    ] Leaving safepoint region
[3.297s][info ][safepoint    ] Total time for which application threads were stopped: 0.0001343 seconds, Stopping threads took: 0.0000400 seconds
[3.318s][info ][safepoint    ] Application time: 0.0210853 seconds
[3.318s][info ][safepoint    ] Entering safepoint region: CollectForMetadataAllocation
[3.319s][info ][safepoint    ] Leaving safepoint region
[3.319s][info ][safepoint    ] Total time for which application threads were stopped: 0.0001793 seconds, Stopping threads took: 0.0000886 seconds
[3.332s][info ][safepoint    ] Application time: 0.0136064 seconds
[3.332s][info ][safepoint    ] Entering safepoint region: CollectForMetadataAllocation
[3.332s][info ][safepoint    ] Leaving safepoint region
[3.332s][info ][safepoint    ] Total time for which application threads were stopped: 0.0001173 seconds, Stopping threads took: 0.0000405 seconds
[3.341s][info ][safepoint    ] Application time: 0.0090436 seconds
[3.341s][info ][safepoint    ] Entering safepoint region: CollectForMetadataAllocation
[3.342s][info ][safepoint    ] Leaving safepoint region
[3.342s][info ][safepoint    ] Total time for which application threads were stopped: 0.0001574 seconds, Stopping threads took: 0.0000725 seconds
[3.354s][info ][safepoint    ] Application time: 0.0128198 seconds
[3.354s][info ][safepoint    ] Entering safepoint region: CollectForMetadataAllocation
[3.355s][info ][safepoint    ] Leaving safepoint region
[3.355s][info ][safepoint    ] Total time for which application threads were stopped: 0.0001691 seconds, Stopping threads took: 0.0000466 seconds
[3.356s][info ][safepoint    ] Application time: 0.0013932 seconds
[3.356s][info ][safepoint    ] Entering safepoint region: CollectForMetadataAllocation
[3.356s][info ][safepoint    ] Leaving safepoint region
[3.356s][info ][safepoint    ] Total time for which application threads were stopped: 0.0001075 seconds, Stopping threads took: 0.0000611 seconds
[3.383s][info ][safepoint    ] Application time: 0.0271860 seconds
[3.387s][info ][safepoint    ] Entering safepoint region: RevokeBias
[3.387s][info ][safepoint    ] Leaving safepoint region
[3.387s][info ][safepoint    ] Total time for which application threads were stopped: 0.0039901 seconds, Stopping threads took: 0.0038675 seconds
[3.388s][info ][safepoint    ] Application time: 0.0006492 seconds
[3.391s][info ][safepoint    ] Entering safepoint region: RevokeBias
[3.391s][info ][safepoint    ] Leaving safepoint region
[3.391s][info ][safepoint    ] Total time for which application threads were stopped: 0.0030946 seconds, Stopping threads took: 0.0030008 seconds
[3.392s][info ][safepoint    ] Application time: 0.0005959 seconds
[3.392s][info ][safepoint    ] Entering safepoint region: CollectForMetadataAllocation
[3.392s][info ][safepoint    ] Leaving safepoint region
[3.392s][info ][safepoint    ] Total time for which application threads were stopped: 0.0002185 seconds, Stopping threads took: 0.0000880 seconds
[3.392s][info ][safepoint    ] Application time: 0.0001245 seconds
[3.392s][info ][safepoint    ] Entering safepoint region: RevokeBias
[3.392s][info ][safepoint    ] Leaving safepoint region
[3.392s][info ][safepoint    ] Total time for which application threads were stopped: 0.0002166 seconds, Stopping threads took: 0.0001062 seconds
[3.393s][info ][safepoint    ] Application time: 0.0007075 seconds
[3.393s][info ][safepoint    ] Entering safepoint region: RevokeBias
[3.393s][info ][safepoint    ] Leaving safepoint region
[3.393s][info ][safepoint    ] Total time for which application threads were stopped: 0.0002478 seconds, Stopping threads took: 0.0001258 seconds
[3.394s][info ][safepoint    ] Application time: 0.0004344 seconds
[3.394s][info ][safepoint    ] Entering safepoint region: RevokeBias
[3.394s][info ][safepoint    ] Leaving safepoint region
[3.394s][info ][safepoint    ] Total time for which application threads were stopped: 0.0001790 seconds, Stopping threads took: 0.0000894 seconds
[3.395s][info ][safepoint    ] Application time: 0.0015896 seconds
[3.396s][info ][safepoint    ] Entering safepoint region: RevokeBias
[3.396s][info ][safepoint    ] Leaving safepoint region
[3.396s][info ][safepoint    ] Total time for which application threads were stopped: 0.0004099 seconds, Stopping threads took: 0.0003099 seconds
[3.404s][info ][safepoint    ] Application time: 0.0081120 seconds
[3.404s][info ][safepoint    ] Entering safepoint region: RevokeBias
[3.404s][info ][safepoint    ] Leaving safepoint region
[3.404s][info ][safepoint    ] Total time for which application threads were stopped: 0.0002571 seconds, Stopping threads took: 0.0001198 seconds
[3.416s][info ][safepoint    ] Application time: 0.0114886 seconds
[3.423s][info ][safepoint    ] Entering safepoint region: CollectForMetadataAllocation
[3.423s][info ][safepoint    ] Leaving safepoint region
[3.423s][info ][safepoint    ] Total time for which application threads were stopped: 0.0069257 seconds, Stopping threads took: 0.0067640 seconds
[3.431s][info ][safepoint    ] Application time: 0.0082763 seconds
[3.434s][info ][safepoint    ] Entering safepoint region: RevokeBias
[3.434s][info ][safepoint    ] Leaving safepoint region
[3.434s][info ][safepoint    ] Total time for which application threads were stopped: 0.0034005 seconds, Stopping threads took: 0.0031596 seconds
[3.444s][info ][safepoint    ] Application time: 0.0099605 seconds
[3.447s][info ][safepoint    ] Entering safepoint region: RevokeBias
[3.448s][info ][safepoint    ] Leaving safepoint region
[3.448s][info ][safepoint    ] Total time for which application threads were stopped: 0.0032913 seconds, Stopping threads took: 0.0030999 seconds
[3.457s][info ][safepoint    ] Application time: 0.0088233 seconds
[3.460s][info ][safepoint    ] Entering safepoint region: RevokeBias
[3.460s][info ][safepoint    ] Leaving safepoint region
[3.460s][info ][safepoint    ] Total time for which application threads were stopped: 0.0033270 seconds, Stopping threads took: 0.0030891 seconds
[3.463s][info ][safepoint    ] Application time: 0.0034733 seconds
[3.464s][info ][safepoint    ] Entering safepoint region: Deoptimize
[3.464s][info ][safepoint    ] Leaving safepoint region
[3.464s][info ][safepoint    ] Total time for which application threads were stopped: 0.0006337 seconds, Stopping threads took: 0.0001664 seconds
[3.469s][info ][safepoint    ] Application time: 0.0047353 seconds
[3.472s][info ][safepoint    ] Entering safepoint region: CollectForMetadataAllocation
[3.472s][info ][safepoint    ] Leaving safepoint region
[3.472s][info ][safepoint    ] Total time for which application threads were stopped: 0.0034784 seconds, Stopping threads took: 0.0033595 seconds
[3.495s][info ][safepoint    ] Application time: 0.0231759 seconds
[3.495s][info ][safepoint    ] Entering safepoint region: CollectForMetadataAllocation
[3.496s][info ][safepoint    ] Leaving safepoint region
[3.496s][info ][safepoint    ] Total time for which application threads were stopped: 0.0001801 seconds, Stopping threads took: 0.0000616 seconds
[3.519s][info ][safepoint    ] Application time: 0.0235407 seconds
[3.519s][info ][safepoint    ] Entering safepoint region: RevokeBias
[3.520s][info ][safepoint    ] Leaving safepoint region
[3.520s][info ][safepoint    ] Total time for which application threads were stopped: 0.0005012 seconds, Stopping threads took: 0.0002977 seconds
[3.522s][info ][safepoint    ] Application time: 0.0022195 seconds
[3.522s][info ][safepoint    ] Entering safepoint region: Deoptimize
[3.523s][info ][safepoint    ] Leaving safepoint region
[3.523s][info ][safepoint    ] Total time for which application threads were stopped: 0.0006927 seconds, Stopping threads took: 0.0001606 seconds
[3.527s][info ][safepoint    ] Application time: 0.0046986 seconds
[3.528s][info ][safepoint    ] Entering safepoint region: RevokeBias
[3.528s][info ][safepoint    ] Leaving safepoint region
[3.528s][info ][safepoint    ] Total time for which application threads were stopped: 0.0009076 seconds, Stopping threads took: 0.0007077 seconds
[3.530s][info ][safepoint    ] Application time: 0.0018692 seconds
[3.534s][info ][safepoint    ] Entering safepoint region: Deoptimize
[3.535s][info ][safepoint    ] Leaving safepoint region
[3.535s][info ][safepoint    ] Total time for which application threads were stopped: 0.0048126 seconds, Stopping threads took: 0.0043053 seconds
[3.538s][info ][safepoint    ] Application time: 0.0030936 seconds
[3.538s][info ][safepoint    ] Entering safepoint region: CollectForMetadataAllocation
[3.538s][info ][safepoint    ] Leaving safepoint region
[3.538s][info ][safepoint    ] Total time for which application threads were stopped: 0.0001595 seconds, Stopping threads took: 0.0000423 seconds
[3.547s][info ][safepoint    ] Application time: 0.0083292 seconds
[3.550s][info ][safepoint    ] Entering safepoint region: RevokeBias
[3.550s][info ][safepoint    ] Leaving safepoint region
[3.550s][info ][safepoint    ] Total time for which application threads were stopped: 0.0032852 seconds, Stopping threads took: 0.0030522 seconds
[3.550s][info ][safepoint    ] Application time: 0.0004214 seconds
[3.550s][info ][safepoint    ] Entering safepoint region: RevokeBias
[3.551s][info ][safepoint    ] Leaving safepoint region
[3.551s][info ][safepoint    ] Total time for which application threads were stopped: 0.0002693 seconds, Stopping threads took: 0.0000545 seconds
[3.559s][info ][safepoint    ] Application time: 0.0089189 seconds
[3.561s][info ][safepoint    ] Entering safepoint region: RevokeBias
[3.562s][info ][safepoint    ] Leaving safepoint region
[3.562s][info ][safepoint    ] Total time for which application threads were stopped: 0.0021077 seconds, Stopping threads took: 0.0019255 seconds
[3.563s][info ][safepoint    ] Application time: 0.0010226 seconds
[3.563s][info ][safepoint    ] Entering safepoint region: RevokeBias
[3.563s][info ][safepoint    ] Leaving safepoint region
[3.563s][info ][safepoint    ] Total time for which application threads were stopped: 0.0003989 seconds, Stopping threads took: 0.0002173 seconds
[3.564s][info ][safepoint    ] Application time: 0.0007249 seconds
[3.564s][info ][safepoint    ] Entering safepoint region: RevokeBias
[3.564s][info ][safepoint    ] Leaving safepoint region
[3.564s][info ][safepoint    ] Total time for which application threads were stopped: 0.0003442 seconds, Stopping threads took: 0.0001336 seconds
[3.565s][info ][safepoint    ] Application time: 0.0010088 seconds
[3.565s][info ][safepoint    ] Entering safepoint region: RevokeBias
[3.565s][info ][safepoint    ] Leaving safepoint region
[3.565s][info ][safepoint    ] Total time for which application threads were stopped: 0.0002519 seconds, Stopping threads took: 0.0001039 seconds
[3.568s][info ][safepoint    ] Application time: 0.0021269 seconds
[3.568s][info ][safepoint    ] Entering safepoint region: CollectForMetadataAllocation
[3.568s][info ][safepoint    ] Leaving safepoint region
[3.568s][info ][safepoint    ] Total time for which application threads were stopped: 0.0002883 seconds, Stopping threads took: 0.0001694 seconds
[3.583s][info ][safepoint    ] Application time: 0.0151554 seconds
[3.583s][info ][safepoint    ] Entering safepoint region: CollectForMetadataAllocation
[3.583s][info ][safepoint    ] Leaving safepoint region
[3.583s][info ][safepoint    ] Total time for which application threads were stopped: 0.0003155 seconds, Stopping threads took: 0.0001230 seconds
[3.585s][info ][safepoint    ] Application time: 0.0021226 seconds
[3.586s][info ][safepoint    ] Entering safepoint region: RevokeBias
[3.586s][info ][safepoint    ] Leaving safepoint region
[3.586s][info ][safepoint    ] Total time for which application threads were stopped: 0.0003168 seconds, Stopping threads took: 0.0001269 seconds
[3.590s][info ][safepoint    ] Application time: 0.0042854 seconds
[3.592s][info ][safepoint    ] Entering safepoint region: BulkRevokeBias
[3.593s][info ][safepoint    ] Leaving safepoint region
[3.593s][info ][safepoint    ] Total time for which application threads were stopped: 0.0024513 seconds, Stopping threads took: 0.0018244 seconds
[3.601s][info ][safepoint    ] Application time: 0.0082492 seconds
[3.604s][info ][safepoint    ] Entering safepoint region: CollectForMetadataAllocation
[3.604s][info ][safepoint    ] Leaving safepoint region
[3.604s][info ][safepoint    ] Total time for which application threads were stopped: 0.0031273 seconds, Stopping threads took: 0.0030177 seconds
[3.606s][info ][safepoint    ] Application time: 0.0018722 seconds
[3.609s][info ][safepoint    ] Entering safepoint region: RevokeBias
[3.609s][info ][safepoint    ] Leaving safepoint region
[3.609s][info ][safepoint    ] Total time for which application threads were stopped: 0.0031297 seconds, Stopping threads took: 0.0029945 seconds
[3.622s][info ][safepoint    ] Application time: 0.0134246 seconds
[3.627s][info ][safepoint    ] Entering safepoint region: CollectForMetadataAllocation
[3.627s][info ][safepoint    ] Leaving safepoint region
[3.627s][info ][safepoint    ] Total time for which application threads were stopped: 0.0045637 seconds, Stopping threads took: 0.0044583 seconds
[3.658s][info ][safepoint    ] Application time: 0.0313232 seconds
[3.658s][info ][safepoint    ] Entering safepoint region: CollectForMetadataAllocation
[3.659s][info ][safepoint    ] Leaving safepoint region
[3.659s][info ][safepoint    ] Total time for which application threads were stopped: 0.0003008 seconds, Stopping threads took: 0.0001377 seconds
[3.676s][info ][safepoint    ] Application time: 0.0168673 seconds
[3.676s][info ][safepoint    ] Entering safepoint region: RevokeBias
[3.676s][info ][safepoint    ] Leaving safepoint region
[3.676s][info ][safepoint    ] Total time for which application threads were stopped: 0.0005202 seconds, Stopping threads took: 0.0002617 seconds
[3.677s][info ][safepoint    ] Application time: 0.0009764 seconds
[3.677s][info ][safepoint    ] Entering safepoint region: CollectForMetadataAllocation
[3.677s][info ][safepoint    ] Leaving safepoint region
[3.677s][info ][safepoint    ] Total time for which application threads were stopped: 0.0001466 seconds, Stopping threads took: 0.0000221 seconds
[3.682s][info ][safepoint    ] Application time: 0.0052710 seconds
[3.686s][info ][safepoint    ] Entering safepoint region: RevokeBias
[3.686s][info ][safepoint    ] Leaving safepoint region
[3.686s][info ][safepoint    ] Total time for which application threads were stopped: 0.0033085 seconds, Stopping threads took: 0.0030823 seconds
[3.690s][info ][safepoint    ] Application time: 0.0045328 seconds
[3.690s][info ][safepoint    ] Entering safepoint region: GenCollectForAllocation
[3.691s][info ][gc,start     ] GC(1) Pause Young (Allocation Failure)
[3.691s][info ][gc,task      ] GC(1) Using 4 workers of 4 for evacuation
[3.956s][debug][gc,ref       ] GC(1) Skipped phase1 of Reference Processing due to unavailable references
[3.956s][debug][gc,ref       ] GC(1) Skipped phase3 of Reference Processing due to unavailable references
[3.956s][debug][gc,age       ] GC(1) Desired survivor size 15368192 bytes, new threshold 1 (max threshold 6)
[3.956s][info ][gc,heap      ] GC(1) ParNew: 268772K->30016K(270336K)
[3.956s][info ][gc,heap      ] GC(1) CMS: 0K->40380K(600768K)
[3.956s][info ][gc,metaspace ] GC(1) Metaspace: 29962K->29962K(1077248K)
[3.956s][info ][gc           ] GC(1) Pause Young (Allocation Failure) 262M->68M(850M) 265.656ms
[3.956s][info ][gc,cpu       ] GC(1) User=0.72s Sys=0.02s Real=0.26s
[3.956s][info ][safepoint    ] Leaving safepoint region
[3.956s][info ][safepoint    ] Total time for which application threads were stopped: 0.2659543 seconds, Stopping threads took: 0.0001325 seconds
[3.963s][info ][safepoint    ] Application time: 0.0066632 seconds
[3.963s][info ][safepoint    ] Entering safepoint region: CMS_Initial_Mark
[3.963s][info ][gc,start     ] GC(2) Pause Initial Mark
[3.973s][info ][gc           ] GC(2) Pause Initial Mark 77M->77M(850M) 9.878ms
[3.973s][info ][gc,cpu       ] GC(2) User=0.03s Sys=0.00s Real=0.01s
[3.973s][info ][safepoint    ] Leaving safepoint region
[3.973s][info ][safepoint    ] Total time for which application threads were stopped: 0.0101400 seconds, Stopping threads took: 0.0000853 seconds
[3.973s][info ][gc           ] GC(2) Concurrent Mark
[3.982s][info ][safepoint    ] Application time: 0.0092576 seconds
[3.983s][info ][safepoint    ] Entering safepoint region: RevokeBias
[3.983s][info ][safepoint    ] Leaving safepoint region
[3.983s][info ][safepoint    ] Total time for which application threads were stopped: 0.0003117 seconds, Stopping threads took: 0.0000698 seconds
[3.997s][info ][safepoint    ] Application time: 0.0144703 seconds
[3.999s][info ][safepoint    ] Entering safepoint region: RevokeBias
[3.999s][info ][safepoint    ] Leaving safepoint region
[3.999s][info ][safepoint    ] Total time for which application threads were stopped: 0.0014966 seconds, Stopping threads took: 0.0012655 seconds
[4.014s][info ][safepoint    ] Application time: 0.0156164 seconds
[4.014s][info ][safepoint    ] Entering safepoint region: RevokeBias
[4.015s][info ][safepoint    ] Leaving safepoint region
[4.015s][info ][safepoint    ] Total time for which application threads were stopped: 0.0002577 seconds, Stopping threads took: 0.0000605 seconds
[4.035s][info ][safepoint    ] Application time: 0.0204162 seconds
[4.035s][info ][safepoint    ] Entering safepoint region: CollectForMetadataAllocation
[4.036s][info ][safepoint    ] Leaving safepoint region
[4.036s][info ][safepoint    ] Total time for which application threads were stopped: 0.0004409 seconds, Stopping threads took: 0.0002928 seconds
[4.040s][info ][safepoint    ] Application time: 0.0043746 seconds
[4.040s][info ][safepoint    ] Entering safepoint region: RevokeBias
[4.040s][info ][safepoint    ] Leaving safepoint region
[4.040s][info ][safepoint    ] Total time for which application threads were stopped: 0.0003331 seconds, Stopping threads took: 0.0000975 seconds
[4.050s][info ][safepoint    ] Application time: 0.0101784 seconds
[4.051s][info ][safepoint    ] Entering safepoint region: RevokeBias
[4.052s][info ][safepoint    ] Leaving safepoint region
[4.052s][info ][safepoint    ] Total time for which application threads were stopped: 0.0010987 seconds, Stopping threads took: 0.0001072 seconds
[4.069s][info ][safepoint    ] Application time: 0.0171816 seconds
[4.071s][info ][safepoint    ] Entering safepoint region: RevokeBias
[4.071s][info ][safepoint    ] Leaving safepoint region
[4.071s][info ][safepoint    ] Total time for which application threads were stopped: 0.0021289 seconds, Stopping threads took: 0.0017600 seconds
[4.111s][info ][gc           ] GC(2) Concurrent Mark 137.546ms
[4.111s][info ][gc,cpu       ] GC(2) User=0.60s Sys=0.02s Real=0.14s
[4.114s][info ][safepoint    ] Application time: 0.0434522 seconds
[4.114s][info ][safepoint    ] Entering safepoint region: CollectForMetadataAllocation
[4.115s][info ][safepoint    ] Leaving safepoint region
[4.115s][info ][safepoint    ] Total time for which application threads were stopped: 0.0002564 seconds, Stopping threads took: 0.0000639 seconds
[4.115s][info ][gc           ] GC(2) Concurrent Preclean
[4.115s][debug][gc,ref       ] GC(2) Preclean SoftReferences 0.002ms
[4.116s][debug][gc,ref       ] GC(2) Preclean WeakReferences 1.129ms
[4.116s][debug][gc,ref       ] GC(2) Preclean FinalReferences 0.000ms
[4.116s][debug][gc,ref       ] GC(2) Preclean PhantomReferences 0.001ms
[4.118s][info ][gc           ] GC(2) Concurrent Preclean 3.199ms
[4.118s][info ][gc,cpu       ] GC(2) User=0.00s Sys=0.00s Real=0.00s
[4.118s][info ][gc           ] GC(2) Concurrent Abortable Preclean
[4.132s][info ][safepoint    ] Application time: 0.0173681 seconds
[4.132s][info ][safepoint    ] Entering safepoint region: CollectForMetadataAllocation
[4.132s][info ][safepoint    ] Leaving safepoint region
[4.132s][info ][safepoint    ] Total time for which application threads were stopped: 0.0003352 seconds, Stopping threads took: 0.0001654 seconds
[4.140s][info ][safepoint    ] Application time: 0.0079991 seconds
[4.140s][info ][safepoint    ] Entering safepoint region: RevokeBias
[4.141s][info ][safepoint    ] Leaving safepoint region
[4.141s][info ][safepoint    ] Total time for which application threads were stopped: 0.0002953 seconds, Stopping threads took: 0.0000681 seconds
[4.153s][info ][safepoint    ] Application time: 0.0118969 seconds
[4.153s][info ][safepoint    ] Entering safepoint region: CollectForMetadataAllocation
[4.153s][info ][safepoint    ] Leaving safepoint region
[4.153s][info ][safepoint    ] Total time for which application threads were stopped: 0.0002343 seconds, Stopping threads took: 0.0000568 seconds
[4.157s][info ][safepoint    ] Application time: 0.0045026 seconds
[4.170s][info ][safepoint    ] Entering safepoint region: RevokeBias
[4.171s][info ][safepoint    ] Leaving safepoint region
[4.171s][info ][safepoint    ] Total time for which application threads were stopped: 0.0131627 seconds, Stopping threads took: 0.0129763 seconds
[4.178s][info ][safepoint    ] Application time: 0.0077805 seconds
[4.178s][info ][safepoint    ] Entering safepoint region: RevokeBias
[4.179s][info ][safepoint    ] Leaving safepoint region
[4.179s][info ][safepoint    ] Total time for which application threads were stopped: 0.0002634 seconds, Stopping threads took: 0.0000782 seconds
[4.182s][info ][safepoint    ] Application time: 0.0037533 seconds
[4.183s][info ][safepoint    ] Entering safepoint region: RevokeBias
[4.183s][info ][safepoint    ] Leaving safepoint region
[4.183s][info ][safepoint    ] Total time for which application threads were stopped: 0.0003495 seconds, Stopping threads took: 0.0001077 seconds
[4.183s][info ][safepoint    ] Application time: 0.0003894 seconds
[4.186s][info ][safepoint    ] Entering safepoint region: RevokeBias
[4.187s][info ][safepoint    ] Leaving safepoint region
[4.187s][info ][safepoint    ] Total time for which application threads were stopped: 0.0033515 seconds, Stopping threads took: 0.0031280 seconds
[4.187s][info ][safepoint    ] Application time: 0.0004685 seconds
[4.187s][info ][safepoint    ] Entering safepoint region: RevokeBias
[4.187s][info ][safepoint    ] Leaving safepoint region
[4.187s][info ][safepoint    ] Total time for which application threads were stopped: 0.0004385 seconds, Stopping threads took: 0.0001833 seconds
[4.188s][info ][safepoint    ] Application time: 0.0002481 seconds
[4.188s][info ][safepoint    ] Entering safepoint region: RevokeBias
[4.188s][info ][safepoint    ] Leaving safepoint region
[4.188s][info ][safepoint    ] Total time for which application threads were stopped: 0.0003068 seconds, Stopping threads took: 0.0000206 seconds
[4.189s][info ][safepoint    ] Application time: 0.0004977 seconds
[4.189s][info ][safepoint    ] Entering safepoint region: CollectForMetadataAllocation
[4.189s][info ][safepoint    ] Leaving safepoint region
[4.189s][info ][safepoint    ] Total time for which application threads were stopped: 0.0001658 seconds, Stopping threads took: 0.0000457 seconds
[4.193s][info ][safepoint    ] Application time: 0.0038014 seconds
[4.193s][info ][safepoint    ] Entering safepoint region: RevokeBias
[4.193s][info ][safepoint    ] Leaving safepoint region
[4.193s][info ][safepoint    ] Total time for which application threads were stopped: 0.0002665 seconds, Stopping threads took: 0.0000708 seconds
[4.199s][info ][safepoint    ] Application time: 0.0063555 seconds
[4.201s][info ][safepoint    ] Entering safepoint region: RevokeBias
[4.201s][info ][safepoint    ] Leaving safepoint region
[4.201s][info ][safepoint    ] Total time for which application threads were stopped: 0.0017370 seconds, Stopping threads took: 0.0015660 seconds
[4.205s][info ][safepoint    ] Application time: 0.0040307 seconds
[4.205s][info ][safepoint    ] Entering safepoint region: RevokeBias
[4.205s][info ][safepoint    ] Leaving safepoint region
[4.205s][info ][safepoint    ] Total time for which application threads were stopped: 0.0002399 seconds, Stopping threads took: 0.0001159 seconds
[4.207s][info ][safepoint    ] Application time: 0.0013122 seconds
[4.207s][info ][safepoint    ] Entering safepoint region: RevokeBias
[4.207s][info ][safepoint    ] Leaving safepoint region
[4.207s][info ][safepoint    ] Total time for which application threads were stopped: 0.0002352 seconds, Stopping threads took: 0.0001203 seconds
[4.209s][info ][safepoint    ] Application time: 0.0021203 seconds
[4.209s][info ][safepoint    ] Entering safepoint region: CollectForMetadataAllocation
[4.209s][info ][safepoint    ] Leaving safepoint region
[4.209s][info ][safepoint    ] Total time for which application threads were stopped: 0.0002346 seconds, Stopping threads took: 0.0000574 seconds
[4.213s][info ][safepoint    ] Application time: 0.0039261 seconds
[4.216s][info ][safepoint    ] Entering safepoint region: RevokeBias
[4.216s][info ][safepoint    ] Leaving safepoint region
[4.216s][info ][safepoint    ] Total time for which application threads were stopped: 0.0032210 seconds, Stopping threads took: 0.0030857 seconds
[4.223s][info ][safepoint    ] Application time: 0.0069095 seconds
[4.223s][info ][safepoint    ] Entering safepoint region: RevokeBias
[4.223s][info ][safepoint    ] Leaving safepoint region
[4.224s][info ][safepoint    ] Total time for which application threads were stopped: 0.0002461 seconds, Stopping threads took: 0.0000736 seconds
[4.230s][info ][safepoint    ] Application time: 0.0069033 seconds
[4.237s][info ][safepoint    ] Entering safepoint region: RevokeBias
[4.237s][info ][safepoint    ] Leaving safepoint region
[4.237s][info ][safepoint    ] Total time for which application threads were stopped: 0.0063775 seconds, Stopping threads took: 0.0061888 seconds
[4.241s][info ][safepoint    ] Application time: 0.0041046 seconds
[4.241s][info ][safepoint    ] Entering safepoint region: BulkRevokeBias
[4.242s][info ][safepoint    ] Leaving safepoint region
[4.242s][info ][safepoint    ] Total time for which application threads were stopped: 0.0008009 seconds, Stopping threads took: 0.0000606 seconds
[4.254s][info ][safepoint    ] Application time: 0.0125023 seconds
[4.254s][info ][safepoint    ] Entering safepoint region: Deoptimize
[4.255s][info ][safepoint    ] Leaving safepoint region
[4.255s][info ][safepoint    ] Total time for which application threads were stopped: 0.0006905 seconds, Stopping threads took: 0.0001145 seconds
[4.269s][info ][safepoint    ] Application time: 0.0142915 seconds
[4.270s][info ][safepoint    ] Entering safepoint region: CollectForMetadataAllocation
[4.271s][info ][safepoint    ] Leaving safepoint region
[4.271s][info ][safepoint    ] Total time for which application threads were stopped: 0.0012862 seconds, Stopping threads took: 0.0011702 seconds
[4.353s][info ][safepoint    ] Application time: 0.0823081 seconds
[4.353s][info ][safepoint    ] Entering safepoint region: ICBufferFull
[4.353s][info ][safepoint    ] Leaving safepoint region
[4.353s][info ][safepoint    ] Total time for which application threads were stopped: 0.0003316 seconds, Stopping threads took: 0.0001488 seconds
[4.354s][info ][safepoint    ] Application time: 0.0008133 seconds
[4.354s][info ][safepoint    ] Entering safepoint region: CollectForMetadataAllocation
[4.354s][info ][safepoint    ] Leaving safepoint region
[4.354s][info ][safepoint    ] Total time for which application threads were stopped: 0.0002017 seconds, Stopping threads took: 0.0001039 seconds
[4.355s][info ][safepoint    ] Application time: 0.0010686 seconds
[4.355s][info ][safepoint    ] Entering safepoint region: Deoptimize
[4.356s][info ][safepoint    ] Leaving safepoint region
[4.356s][info ][safepoint    ] Total time for which application threads were stopped: 0.0006341 seconds, Stopping threads took: 0.0000877 seconds
[4.378s][info ][safepoint    ] Application time: 0.0224343 seconds
[4.379s][info ][safepoint    ] Entering safepoint region: Deoptimize
[4.379s][info ][safepoint    ] Leaving safepoint region
[4.379s][info ][safepoint    ] Total time for which application threads were stopped: 0.0007308 seconds, Stopping threads took: 0.0001109 seconds
[4.409s][info ][safepoint    ] Application time: 0.0297101 seconds
[4.409s][info ][safepoint    ] Entering safepoint region: Deoptimize
[4.410s][info ][safepoint    ] Leaving safepoint region
[4.410s][info ][safepoint    ] Total time for which application threads were stopped: 0.0006909 seconds, Stopping threads took: 0.0000844 seconds
[4.413s][info ][safepoint    ] Application time: 0.0029283 seconds
[4.422s][info ][safepoint    ] Entering safepoint region: Deoptimize
[4.423s][info ][safepoint    ] Leaving safepoint region
[4.423s][info ][safepoint    ] Total time for which application threads were stopped: 0.0105533 seconds, Stopping threads took: 0.0098473 seconds
[4.428s][info ][safepoint    ] Application time: 0.0048504 seconds
[4.428s][info ][safepoint    ] Entering safepoint region: CollectForMetadataAllocation
[4.428s][info ][safepoint    ] Leaving safepoint region
[4.428s][info ][safepoint    ] Total time for which application threads were stopped: 0.0002313 seconds, Stopping threads took: 0.0000916 seconds
[4.487s][info ][safepoint    ] Application time: 0.0592936 seconds
[4.488s][info ][safepoint    ] Entering safepoint region: CollectForMetadataAllocation
[4.488s][info ][safepoint    ] Leaving safepoint region
[4.488s][info ][safepoint    ] Total time for which application threads were stopped: 0.0007517 seconds, Stopping threads took: 0.0005271 seconds
[4.530s][info ][safepoint    ] Application time: 0.0415596 seconds
[4.530s][info ][safepoint    ] Entering safepoint region: GenCollectForAllocation
[4.530s][info ][gc,start     ] GC(3) Pause Young (Allocation Failure)
[4.530s][info ][gc,task      ] GC(3) Using 4 workers of 4 for evacuation
[4.622s][debug][gc,ref       ] GC(3) Skipped phase1 of Reference Processing due to unavailable references
[4.622s][debug][gc,ref       ] GC(3) Skipped phase3 of Reference Processing due to unavailable references
[4.622s][debug][gc,age       ] GC(3) Desired survivor size 15368192 bytes, new threshold 1 (max threshold 6)
[4.622s][info ][gc,heap      ] GC(3) ParNew: 270336K->30016K(270336K)
[4.622s][info ][gc,heap      ] GC(3) CMS: 40380K->74335K(600768K)
[4.622s][info ][gc,metaspace ] GC(3) Metaspace: 33318K->33318K(1079296K)
[4.622s][info ][gc           ] GC(3) Pause Young (Allocation Failure) 303M->101M(850M) 91.857ms
[4.622s][info ][gc,cpu       ] GC(3) User=0.30s Sys=0.00s Real=0.10s
[4.622s][info ][safepoint    ] Leaving safepoint region
[4.622s][info ][safepoint    ] Total time for which application threads were stopped: 0.0921240 seconds, Stopping threads took: 0.0000505 seconds
[4.644s][info ][safepoint    ] Application time: 0.0217988 seconds
[4.647s][info ][safepoint    ] Entering safepoint region: Deoptimize
[4.648s][info ][safepoint    ] Leaving safepoint region
[4.648s][info ][safepoint    ] Total time for which application threads were stopped: 0.0038101 seconds, Stopping threads took: 0.0031071 seconds
[4.672s][info ][safepoint    ] Application time: 0.0248704 seconds
[4.673s][info ][safepoint    ] Entering safepoint region: CollectForMetadataAllocation
[4.673s][info ][safepoint    ] Leaving safepoint region
[4.673s][info ][safepoint    ] Total time for which application threads were stopped: 0.0004336 seconds, Stopping threads took: 0.0002006 seconds
[4.742s][info ][safepoint    ] Application time: 0.0685956 seconds
[4.742s][info ][safepoint    ] Entering safepoint region: CollectForMetadataAllocation
[4.742s][info ][safepoint    ] Leaving safepoint region
[4.742s][info ][safepoint    ] Total time for which application threads were stopped: 0.0002880 seconds, Stopping threads took: 0.0000800 seconds
[4.759s][info ][safepoint    ] Application time: 0.0168037 seconds
[4.759s][info ][safepoint    ] Entering safepoint region: CollectForMetadataAllocation
[4.759s][info ][safepoint    ] Leaving safepoint region
[4.759s][info ][safepoint    ] Total time for which application threads were stopped: 0.0007160 seconds, Stopping threads took: 0.0005808 seconds
[4.763s][info ][gc           ] GC(2) Concurrent Abortable Preclean 644.713ms
[4.763s][info ][gc,cpu       ] GC(2) User=3.33s Sys=0.07s Real=0.65s
[4.763s][info ][safepoint    ] Application time: 0.0032633 seconds
[4.763s][info ][safepoint    ] Entering safepoint region: CMS_Final_Remark
[4.763s][info ][gc,start     ] GC(2) Pause Remark
[4.802s][debug][gc,phases    ] GC(2) Rescan (parallel) 38.661ms
[4.802s][debug][gc,ref       ] GC(2) Skipped phase1 of Reference Processing due to unavailable references
[4.802s][debug][gc,ref       ] GC(2) Skipped phase2 of Reference Processing due to unavailable references
[4.802s][debug][gc,ref       ] GC(2) Skipped phase3 of Reference Processing due to unavailable references
[4.802s][debug][gc,ref       ] GC(2) Skipped phase4 of Reference Processing due to unavailable references
[4.802s][debug][gc,phases    ] GC(2) Reference Processing 0.034ms
[4.802s][debug][gc,phases    ] GC(2) Weak Processing 0.092ms
[4.802s][debug][gc,phases    ] GC(2) ClassLoaderData 0.472ms
[4.802s][debug][gc,phases    ] GC(2) ProtectionDomainCacheTable 0.004ms
[4.802s][debug][gc,phases    ] GC(2) ResolvedMethodTable 0.139ms
[4.804s][debug][gc,phases    ] GC(2) Class Unloading 2.328ms
[4.807s][debug][gc,phases    ] GC(2) Scrub Symbol Table 2.459ms
[4.807s][debug][gc,phases    ] GC(2) Scrub String Table 0.338ms
[4.807s][info ][gc           ] GC(2) Pause Remark 235M->235M(850M) 44.190ms
[4.807s][info ][gc,cpu       ] GC(2) User=0.16s Sys=0.00s Real=0.04s
[4.807s][info ][safepoint    ] Leaving safepoint region
[4.807s][info ][safepoint    ] Total time for which application threads were stopped: 0.0444118 seconds, Stopping threads took: 0.0001014 seconds
[4.807s][info ][gc           ] GC(2) Concurrent Sweep
[4.820s][info ][safepoint    ] Application time: 0.0131107 seconds
[4.820s][info ][safepoint    ] Entering safepoint region: Deoptimize
[4.821s][info ][safepoint    ] Leaving safepoint region
[4.821s][info ][safepoint    ] Total time for which application threads were stopped: 0.0009357 seconds, Stopping threads took: 0.0001440 seconds
[4.825s][info ][safepoint    ] Application time: 0.0037157 seconds
[4.825s][info ][safepoint    ] Entering safepoint region: CollectForMetadataAllocation
[4.825s][info ][safepoint    ] Leaving safepoint region
[4.825s][info ][safepoint    ] Total time for which application threads were stopped: 0.0001812 seconds, Stopping threads took: 0.0000444 seconds
[4.846s][info ][safepoint    ] Application time: 0.0212765 seconds
[4.847s][info ][safepoint    ] Entering safepoint region: CollectForMetadataAllocation
[4.847s][info ][safepoint    ] Leaving safepoint region
[4.847s][info ][safepoint    ] Total time for which application threads were stopped: 0.0003238 seconds, Stopping threads took: 0.0001793 seconds
[4.850s][info ][safepoint    ] Application time: 0.0036692 seconds
[4.851s][info ][safepoint    ] Entering safepoint region: CollectForMetadataAllocation
[4.851s][info ][safepoint    ] Leaving safepoint region
[4.851s][info ][safepoint    ] Total time for which application threads were stopped: 0.0002364 seconds, Stopping threads took: 0.0001355 seconds
[4.860s][info ][gc           ] GC(2) Concurrent Sweep 53.333ms
[4.861s][info ][gc,cpu       ] GC(2) User=0.27s Sys=0.00s Real=0.06s
[4.861s][info ][gc           ] GC(2) Concurrent Reset
[4.902s][info ][gc           ] GC(2) Concurrent Reset 41.806ms
[4.902s][info ][gc,cpu       ] GC(2) User=0.27s Sys=0.03s Real=0.04s
[4.902s][info ][gc,heap      ] GC(2) Old: 40380K->74331K(600768K)
[4.910s][info ][safepoint    ] Application time: 0.0591029 seconds
[4.910s][info ][safepoint    ] Entering safepoint region: GenCollectForAllocation
[4.910s][info ][gc,start     ] GC(4) Pause Young (Allocation Failure)
[4.910s][info ][gc,task      ] GC(4) Using 4 workers of 4 for evacuation
[4.987s][debug][gc,ref       ] GC(4) Skipped phase1 of Reference Processing due to unavailable references
[4.987s][debug][gc,ref       ] GC(4) Skipped phase3 of Reference Processing due to unavailable references
[4.987s][debug][gc,age       ] GC(4) Desired survivor size 15368192 bytes, new threshold 1 (max threshold 6)
[4.987s][info ][gc,heap      ] GC(4) ParNew: 270336K->30016K(270336K)
[4.987s][info ][gc,heap      ] GC(4) CMS: 74331K->99626K(600768K)
[4.987s][info ][gc,metaspace ] GC(4) Metaspace: 35320K->35320K(1081344K)
[4.987s][info ][gc           ] GC(4) Pause Young (Allocation Failure) 336M->126M(850M) 76.717ms
[4.987s][info ][gc,cpu       ] GC(4) User=0.26s Sys=0.00s Real=0.08s
[4.987s][info ][safepoint    ] Leaving safepoint region
[4.987s][info ][safepoint    ] Total time for which application threads were stopped: 0.0771497 seconds, Stopping threads took: 0.0002066 seconds
[5.009s][info ][safepoint    ] Application time: 0.0218415 seconds
[5.018s][info ][safepoint    ] Entering safepoint region: RevokeBias
[5.019s][info ][safepoint    ] Leaving safepoint region
[5.019s][info ][safepoint    ] Total time for which application threads were stopped: 0.0098087 seconds, Stopping threads took: 0.0096669 seconds
[5.019s][info ][safepoint    ] Application time: 0.0000546 seconds
[5.019s][info ][safepoint    ] Entering safepoint region: RevokeBias
[5.019s][info ][safepoint    ] Leaving safepoint region
[5.019s][info ][safepoint    ] Total time for which application threads were stopped: 0.0000596 seconds, Stopping threads took: 0.0000047 seconds
[5.034s][info ][safepoint    ] Application time: 0.0149422 seconds
[5.034s][info ][safepoint    ] Entering safepoint region: Deoptimize
[5.035s][info ][safepoint    ] Leaving safepoint region
[5.035s][info ][safepoint    ] Total time for which application threads were stopped: 0.0011633 seconds, Stopping threads took: 0.0004748 seconds
[5.144s][info ][safepoint    ] Application time: 0.1086532 seconds
[5.144s][info ][safepoint    ] Entering safepoint region: GenCollectForAllocation
[5.144s][info ][gc,start     ] GC(5) Pause Young (Allocation Failure)
[5.144s][info ][gc,task      ] GC(5) Using 4 workers of 4 for evacuation
[5.204s][debug][gc,ref       ] GC(5) Skipped phase1 of Reference Processing due to unavailable references
[5.204s][debug][gc,ref       ] GC(5) Skipped phase3 of Reference Processing due to unavailable references
[5.204s][debug][gc,age       ] GC(5) Desired survivor size 15368192 bytes, new threshold 6 (max threshold 6)
[5.204s][info ][gc,heap      ] GC(5) ParNew: 270336K->29265K(270336K)
[5.204s][info ][gc,heap      ] GC(5) CMS: 99626K->130465K(600768K)
[5.204s][info ][gc,metaspace ] GC(5) Metaspace: 36548K->36548K(1083392K)
[5.204s][info ][gc           ] GC(5) Pause Young (Allocation Failure) 361M->155M(850M) 59.937ms
[5.204s][info ][gc,cpu       ] GC(5) User=0.18s Sys=0.02s Real=0.06s
[5.204s][info ][safepoint    ] Leaving safepoint region
[5.204s][info ][safepoint    ] Total time for which application threads were stopped: 0.0602944 seconds, Stopping threads took: 0.0001225 seconds
[5.262s][info ][safepoint    ] Application time: 0.0580027 seconds
[5.265s][info ][safepoint    ] Entering safepoint region: GenCollectForAllocation
[5.265s][info ][gc,start     ] GC(6) Pause Young (Allocation Failure)
[5.265s][info ][gc,task      ] GC(6) Using 4 workers of 4 for evacuation
[5.279s][debug][gc,ref       ] GC(6) Skipped phase1 of Reference Processing due to unavailable references
[5.279s][debug][gc,ref       ] GC(6) Skipped phase3 of Reference Processing due to unavailable references
[5.279s][debug][gc,age       ] GC(6) Desired survivor size 15368192 bytes, new threshold 6 (max threshold 6)
[5.279s][info ][gc,heap      ] GC(6) ParNew: 269585K->20716K(270336K)
[5.279s][info ][gc,heap      ] GC(6) CMS: 130465K->130465K(600768K)
[5.279s][info ][gc,metaspace ] GC(6) Metaspace: 37490K->37490K(1083392K)
[5.279s][info ][gc           ] GC(6) Pause Young (Allocation Failure) 390M->147M(850M) 14.081ms
[5.279s][info ][gc,cpu       ] GC(6) User=0.05s Sys=0.00s Real=0.02s
[5.279s][info ][safepoint    ] Leaving safepoint region
[5.279s][info ][safepoint    ] Total time for which application threads were stopped: 0.0175992 seconds, Stopping threads took: 0.0033195 seconds
[5.318s][info ][safepoint    ] Application time: 0.0383287 seconds
[5.318s][info ][safepoint    ] Entering safepoint region: GenCollectForAllocation
[5.318s][info ][gc,start     ] GC(7) Pause Young (Allocation Failure)
[5.318s][info ][gc,task      ] GC(7) Using 4 workers of 4 for evacuation
[5.332s][debug][gc,ref       ] GC(7) Skipped phase1 of Reference Processing due to unavailable references
[5.332s][debug][gc,ref       ] GC(7) Skipped phase3 of Reference Processing due to unavailable references
[5.333s][debug][gc,age       ] GC(7) Desired survivor size 15368192 bytes, new threshold 3 (max threshold 6)
[5.333s][info ][gc,heap      ] GC(7) ParNew: 261036K->23954K(270336K)
[5.333s][info ][gc,heap      ] GC(7) CMS: 130465K->130465K(600768K)
[5.333s][info ][gc,metaspace ] GC(7) Metaspace: 37583K->37583K(1083392K)
[5.333s][info ][gc           ] GC(7) Pause Young (Allocation Failure) 382M->150M(850M) 14.508ms
[5.333s][info ][gc,cpu       ] GC(7) User=0.07s Sys=0.00s Real=0.02s
[5.333s][info ][safepoint    ] Leaving safepoint region
[5.333s][info ][safepoint    ] Total time for which application threads were stopped: 0.0148867 seconds, Stopping threads took: 0.0001197 seconds
[5.377s][info ][safepoint    ] Application time: 0.0445756 seconds
[5.377s][info ][safepoint    ] Entering safepoint region: GenCollectForAllocation
[5.378s][info ][gc,start     ] GC(8) Pause Young (Allocation Failure)
[5.378s][info ][gc,task      ] GC(8) Using 4 workers of 4 for evacuation
[5.405s][debug][gc,ref       ] GC(8) Skipped phase1 of Reference Processing due to unavailable references
[5.405s][debug][gc,ref       ] GC(8) Skipped phase3 of Reference Processing due to unavailable references
[5.405s][debug][gc,age       ] GC(8) Desired survivor size 15368192 bytes, new threshold 6 (max threshold 6)
[5.405s][info ][gc,heap      ] GC(8) ParNew: 264274K->15238K(270336K)
[5.405s][info ][gc,heap      ] GC(8) CMS: 130465K->142752K(600768K)
[5.405s][info ][gc,metaspace ] GC(8) Metaspace: 37799K->37799K(1083392K)
[5.405s][info ][gc           ] GC(8) Pause Young (Allocation Failure) 385M->154M(850M) 27.491ms
[5.405s][info ][gc,cpu       ] GC(8) User=0.10s Sys=0.00s Real=0.03s
[5.405s][info ][safepoint    ] Leaving safepoint region
[5.405s][info ][safepoint    ] Total time for which application threads were stopped: 0.0277858 seconds, Stopping threads took: 0.0001098 seconds
[5.407s][info ][safepoint    ] Application time: 0.0014410 seconds
[5.407s][info ][safepoint    ] Entering safepoint region: RevokeBias
[5.407s][info ][safepoint    ] Leaving safepoint region
[5.407s][info ][safepoint    ] Total time for which application threads were stopped: 0.0004389 seconds, Stopping threads took: 0.0001434 seconds
[5.415s][info ][safepoint    ] Application time: 0.0079373 seconds
[5.422s][info ][safepoint    ] Entering safepoint region: RevokeBias
[5.422s][info ][safepoint    ] Leaving safepoint region
[5.422s][info ][safepoint    ] Total time for which application threads were stopped: 0.0073799 seconds, Stopping threads took: 0.0072268 seconds
[5.423s][info ][safepoint    ] Application time: 0.0003159 seconds
[5.423s][info ][safepoint    ] Entering safepoint region: RevokeBias
[5.423s][info ][safepoint    ] Leaving safepoint region
[5.423s][info ][safepoint    ] Total time for which application threads were stopped: 0.0001595 seconds, Stopping threads took: 0.0000398 seconds
[5.423s][info ][safepoint    ] Application time: 0.0000378 seconds
[5.423s][info ][safepoint    ] Entering safepoint region: RevokeBias
[5.423s][info ][safepoint    ] Leaving safepoint region
[5.423s][info ][safepoint    ] Total time for which application threads were stopped: 0.0001163 seconds, Stopping threads took: 0.0000442 seconds
[5.440s][info ][safepoint    ] Application time: 0.0165878 seconds
[5.443s][info ][safepoint    ] Entering safepoint region: RevokeBias
[5.443s][info ][safepoint    ] Leaving safepoint region
[5.443s][info ][safepoint    ] Total time for which application threads were stopped: 0.0033646 seconds, Stopping threads took: 0.0031998 seconds
[5.464s][info ][safepoint    ] Application time: 0.0211152 seconds
[5.478s][info ][safepoint    ] Entering safepoint region: RevokeBias
[5.479s][info ][safepoint    ] Leaving safepoint region
[5.479s][info ][safepoint    ] Total time for which application threads were stopped: 0.0144922 seconds, Stopping threads took: 0.0142932 seconds
[5.482s][info ][safepoint    ] Application time: 0.0037703 seconds
[5.487s][info ][safepoint    ] Entering safepoint region: RevokeBias
[5.487s][info ][safepoint    ] Leaving safepoint region
[5.487s][info ][safepoint    ] Total time for which application threads were stopped: 0.0044065 seconds, Stopping threads took: 0.0042746 seconds
[5.523s][info ][safepoint    ] Application time: 0.0363847 seconds
[5.524s][info ][safepoint    ] Entering safepoint region: RevokeBias
[5.524s][info ][safepoint    ] Leaving safepoint region
[5.524s][info ][safepoint    ] Total time for which application threads were stopped: 0.0006126 seconds, Stopping threads took: 0.0004623 seconds
[5.528s][info ][safepoint    ] Application time: 0.0039329 seconds
[5.529s][info ][safepoint    ] Entering safepoint region: RevokeBias
[5.529s][info ][safepoint    ] Leaving safepoint region
[5.529s][info ][safepoint    ] Total time for which application threads were stopped: 0.0007855 seconds, Stopping threads took: 0.0006708 seconds
[5.536s][info ][safepoint    ] Application time: 0.0077864 seconds
[5.537s][info ][safepoint    ] Entering safepoint region: GenCollectForAllocation
[5.537s][info ][gc,start     ] GC(9) Pause Young (Allocation Failure)
[5.537s][info ][gc,task      ] GC(9) Using 4 workers of 4 for evacuation
[5.544s][debug][gc,ref       ] GC(9) Skipped phase1 of Reference Processing due to unavailable references
[5.544s][debug][gc,ref       ] GC(9) Skipped phase3 of Reference Processing due to unavailable references
[5.544s][debug][gc,age       ] GC(9) Desired survivor size 15368192 bytes, new threshold 6 (max threshold 6)
[5.544s][info ][gc,heap      ] GC(9) ParNew: 255558K->7315K(270336K)
[5.544s][info ][gc,heap      ] GC(9) CMS: 142752K->142752K(600768K)
[5.544s][info ][gc,metaspace ] GC(9) Metaspace: 38072K->38072K(1083392K)
[5.544s][info ][gc           ] GC(9) Pause Young (Allocation Failure) 388M->146M(850M) 6.992ms
[5.544s][info ][gc,cpu       ] GC(9) User=0.03s Sys=0.00s Real=0.01s
[5.544s][info ][safepoint    ] Leaving safepoint region
[5.544s][info ][safepoint    ] Total time for which application threads were stopped: 0.0075826 seconds, Stopping threads took: 0.0003936 seconds
[5.545s][info ][safepoint    ] Application time: 0.0007122 seconds
[5.545s][info ][safepoint    ] Entering safepoint region: RevokeBias
[5.545s][info ][safepoint    ] Leaving safepoint region
[5.545s][info ][safepoint    ] Total time for which application threads were stopped: 0.0002232 seconds, Stopping threads took: 0.0000894 seconds
[5.665s][info ][safepoint    ] Application time: 0.1198747 seconds
[5.674s][info ][safepoint    ] Entering safepoint region: RevokeBias
[5.675s][info ][safepoint    ] Leaving safepoint region
[5.675s][info ][safepoint    ] Total time for which application threads were stopped: 0.0097379 seconds, Stopping threads took: 0.0095567 seconds
[5.697s][info ][safepoint    ] Application time: 0.0225084 seconds
[5.702s][info ][safepoint    ] Entering safepoint region: GenCollectForAllocation
[5.703s][info ][gc,start     ] GC(10) Pause Young (Allocation Failure)
[5.703s][info ][gc,task      ] GC(10) Using 4 workers of 4 for evacuation
[5.710s][debug][gc,ref       ] GC(10) Skipped phase1 of Reference Processing due to unavailable references
[5.710s][debug][gc,ref       ] GC(10) Skipped phase3 of Reference Processing due to unavailable references
[5.711s][debug][gc,age       ] GC(10) Desired survivor size 15368192 bytes, new threshold 6 (max threshold 6)
[5.711s][info ][gc,heap      ] GC(10) ParNew: 247635K->10200K(270336K)
[5.711s][info ][gc,heap      ] GC(10) CMS: 142752K->142752K(600768K)
[5.711s][info ][gc,metaspace ] GC(10) Metaspace: 38273K->38273K(1083392K)
[5.711s][info ][gc           ] GC(10) Pause Young (Allocation Failure) 381M->149M(850M) 7.960ms
[5.711s][info ][gc,cpu       ] GC(10) User=0.04s Sys=0.00s Real=0.01s
[5.711s][info ][safepoint    ] Leaving safepoint region
[5.711s][info ][safepoint    ] Total time for which application threads were stopped: 0.0134328 seconds, Stopping threads took: 0.0052902 seconds
[5.851s][info ][safepoint    ] Application time: 0.1405120 seconds
[5.852s][info ][safepoint    ] Entering safepoint region: GenCollectForAllocation
[5.852s][info ][gc,start     ] GC(11) Pause Young (Allocation Failure)
[5.852s][info ][gc,task      ] GC(11) Using 4 workers of 4 for evacuation
[5.862s][debug][gc,ref       ] GC(11) Skipped phase1 of Reference Processing due to unavailable references
[5.862s][debug][gc,ref       ] GC(11) Skipped phase3 of Reference Processing due to unavailable references
[5.862s][debug][gc,age       ] GC(11) Desired survivor size 15368192 bytes, new threshold 6 (max threshold 6)
[5.862s][info ][gc,heap      ] GC(11) ParNew: 250520K->12658K(270336K)
[5.862s][info ][gc,heap      ] GC(11) CMS: 142752K->142752K(600768K)
[5.862s][info ][gc,metaspace ] GC(11) Metaspace: 38385K->38385K(1083392K)
[5.862s][info ][gc           ] GC(11) Pause Young (Allocation Failure) 384M->151M(850M) 9.909ms
[5.862s][info ][gc,cpu       ] GC(11) User=0.04s Sys=0.00s Real=0.01s
[5.862s][info ][safepoint    ] Leaving safepoint region
[5.862s][info ][safepoint    ] Total time for which application threads were stopped: 0.0109048 seconds, Stopping threads took: 0.0007819 seconds
[5.930s][info ][safepoint    ] Application time: 0.0680091 seconds
[5.938s][info ][safepoint    ] Entering safepoint region: GenCollectForAllocation
[5.938s][info ][gc,start     ] GC(12) Pause Young (Allocation Failure)
[5.938s][info ][gc,task      ] GC(12) Using 4 workers of 4 for evacuation
[5.951s][debug][gc,ref       ] GC(12) Skipped phase1 of Reference Processing due to unavailable references
[5.951s][debug][gc,ref       ] GC(12) Skipped phase3 of Reference Processing due to unavailable references
[5.951s][debug][gc,age       ] GC(12) Desired survivor size 15368192 bytes, new threshold 6 (max threshold 6)
[5.951s][info ][gc,heap      ] GC(12) ParNew: 252978K->12860K(270336K)
[5.951s][info ][gc,heap      ] GC(12) CMS: 142752K->145064K(600768K)
[5.951s][info ][gc,metaspace ] GC(12) Metaspace: 38418K->38418K(1083392K)
[5.951s][info ][gc           ] GC(12) Pause Young (Allocation Failure) 386M->154M(850M) 13.312ms
[5.951s][info ][gc,cpu       ] GC(12) User=0.05s Sys=0.01s Real=0.02s
[5.951s][info ][safepoint    ] Leaving safepoint region
[5.951s][info ][safepoint    ] Total time for which application threads were stopped: 0.0210160 seconds, Stopping threads took: 0.0074685 seconds
[6.024s][info ][safepoint    ] Application time: 0.0727801 seconds
[6.025s][info ][safepoint    ] Entering safepoint region: GenCollectForAllocation
[6.025s][info ][gc,start     ] GC(13) Pause Young (Allocation Failure)
[6.025s][info ][gc,task      ] GC(13) Using 4 workers of 4 for evacuation
[6.036s][debug][gc,ref       ] GC(13) Skipped phase1 of Reference Processing due to unavailable references
[6.036s][debug][gc,ref       ] GC(13) Skipped phase3 of Reference Processing due to unavailable references
[6.036s][debug][gc,age       ] GC(13) Desired survivor size 15368192 bytes, new threshold 6 (max threshold 6)
[6.036s][info ][gc,heap      ] GC(13) ParNew: 253180K->12755K(270336K)
[6.036s][info ][gc,heap      ] GC(13) CMS: 145064K->146560K(600768K)
[6.036s][info ][gc,metaspace ] GC(13) Metaspace: 38418K->38418K(1083392K)
[6.036s][info ][gc           ] GC(13) Pause Young (Allocation Failure) 388M->155M(850M) 11.513ms
[6.036s][info ][gc,cpu       ] GC(13) User=0.06s Sys=0.00s Real=0.01s
[6.036s][info ][safepoint    ] Leaving safepoint region
[6.036s][info ][safepoint    ] Total time for which application threads were stopped: 0.0123378 seconds, Stopping threads took: 0.0006328 seconds
[6.103s][info ][safepoint    ] Application time: 0.0663429 seconds
[6.103s][info ][safepoint    ] Entering safepoint region: GenCollectForAllocation
[6.103s][info ][gc,start     ] GC(14) Pause Young (Allocation Failure)
[6.103s][info ][gc,task      ] GC(14) Using 4 workers of 4 for evacuation
[6.112s][debug][gc,ref       ] GC(14) Skipped phase1 of Reference Processing due to unavailable references
[6.112s][debug][gc,ref       ] GC(14) Skipped phase3 of Reference Processing due to unavailable references
[6.112s][debug][gc,age       ] GC(14) Desired survivor size 15368192 bytes, new threshold 6 (max threshold 6)
[6.112s][info ][gc,heap      ] GC(14) ParNew: 253075K->15166K(270336K)
[6.112s][info ][gc,heap      ] GC(14) CMS: 146560K->147054K(600768K)
[6.112s][info ][gc,metaspace ] GC(14) Metaspace: 38418K->38418K(1083392K)
[6.112s][info ][gc           ] GC(14) Pause Young (Allocation Failure) 390M->158M(850M) 9.254ms
[6.112s][info ][gc,cpu       ] GC(14) User=0.04s Sys=0.00s Real=0.01s
[6.112s][info ][safepoint    ] Leaving safepoint region
[6.112s][info ][safepoint    ] Total time for which application threads were stopped: 0.0098427 seconds, Stopping threads took: 0.0004088 seconds
[6.184s][info ][safepoint    ] Application time: 0.0715491 seconds
[6.185s][info ][safepoint    ] Entering safepoint region: GenCollectForAllocation
[6.185s][info ][gc,start     ] GC(15) Pause Young (Allocation Failure)
[6.185s][info ][gc,task      ] GC(15) Using 4 workers of 4 for evacuation
[6.195s][debug][gc,ref       ] GC(15) Skipped phase1 of Reference Processing due to unavailable references
[6.195s][debug][gc,ref       ] GC(15) Skipped phase3 of Reference Processing due to unavailable references
[6.195s][debug][gc,age       ] GC(15) Desired survivor size 15368192 bytes, new threshold 6 (max threshold 6)
[6.195s][info ][gc,heap      ] GC(15) ParNew: 255486K->13923K(270336K)
[6.195s][info ][gc,heap      ] GC(15) CMS: 147054K->147847K(600768K)
[6.195s][info ][gc,metaspace ] GC(15) Metaspace: 38418K->38418K(1083392K)
[6.195s][info ][gc           ] GC(15) Pause Young (Allocation Failure) 393M->157M(850M) 10.188ms
[6.195s][info ][gc,cpu       ] GC(15) User=0.04s Sys=0.00s Real=0.01s
[6.195s][info ][safepoint    ] Leaving safepoint region
[6.195s][info ][safepoint    ] Total time for which application threads were stopped: 0.0111577 seconds, Stopping threads took: 0.0007856 seconds
[6.230s][info ][safepoint    ] Application time: 0.0344222 seconds
[6.230s][info ][safepoint    ] Entering safepoint region: GenCollectForAllocation
[6.230s][info ][gc,start     ] GC(16) Pause Young (Allocation Failure)
[6.230s][info ][gc,task      ] GC(16) Using 4 workers of 4 for evacuation
[6.241s][debug][gc,ref       ] GC(16) Skipped phase1 of Reference Processing due to unavailable references
[6.241s][debug][gc,ref       ] GC(16) Skipped phase2 of Reference Processing due to unavailable references
[6.241s][debug][gc,ref       ] GC(16) Skipped phase3 of Reference Processing due to unavailable references
[6.241s][debug][gc,ref       ] GC(16) Skipped phase4 of Reference Processing due to unavailable references
[6.241s][debug][gc,age       ] GC(16) Desired survivor size 15368192 bytes, new threshold 6 (max threshold 6)
[6.241s][info ][gc,heap      ] GC(16) ParNew: 254243K->13640K(270336K)
[6.241s][info ][gc,heap      ] GC(16) CMS: 147847K->149604K(600768K)
[6.241s][info ][gc,metaspace ] GC(16) Metaspace: 38419K->38419K(1083392K)
[6.241s][info ][gc           ] GC(16) Pause Young (Allocation Failure) 392M->159M(850M) 11.117ms
[6.241s][info ][gc,cpu       ] GC(16) User=0.05s Sys=0.00s Real=0.02s
[6.241s][info ][safepoint    ] Leaving safepoint region
[6.241s][info ][safepoint    ] Total time for which application threads were stopped: 0.0114536 seconds, Stopping threads took: 0.0001342 seconds
[6.275s][info ][safepoint    ] Application time: 0.0341742 seconds
[6.280s][info ][safepoint    ] Entering safepoint region: GenCollectForAllocation
[6.280s][info ][gc,start     ] GC(17) Pause Young (Allocation Failure)
[6.280s][info ][gc,task      ] GC(17) Using 4 workers of 4 for evacuation
[6.294s][debug][gc,ref       ] GC(17) Skipped phase1 of Reference Processing due to unavailable references
[6.294s][debug][gc,ref       ] GC(17) Skipped phase2 of Reference Processing due to unavailable references
[6.294s][debug][gc,ref       ] GC(17) Skipped phase3 of Reference Processing due to unavailable references
[6.294s][debug][gc,ref       ] GC(17) Skipped phase4 of Reference Processing due to unavailable references
[6.294s][debug][gc,age       ] GC(17) Desired survivor size 15368192 bytes, new threshold 6 (max threshold 6)
[6.294s][info ][gc,heap      ] GC(17) ParNew: 253960K->14278K(270336K)
[6.294s][info ][gc,heap      ] GC(17) CMS: 149604K->152275K(600768K)
[6.294s][info ][gc,metaspace ] GC(17) Metaspace: 38419K->38419K(1083392K)
[6.294s][info ][gc           ] GC(17) Pause Young (Allocation Failure) 394M->162M(850M) 14.518ms
[6.294s][info ][gc,cpu       ] GC(17) User=0.03s Sys=0.01s Real=0.01s
[6.294s][info ][safepoint    ] Leaving safepoint region
[6.294s][info ][safepoint    ] Total time for which application threads were stopped: 0.0190847 seconds, Stopping threads took: 0.0043514 seconds
[6.346s][info ][safepoint    ] Application time: 0.0518479 seconds
[6.346s][info ][safepoint    ] Entering safepoint region: GenCollectForAllocation
[6.347s][info ][gc,start     ] GC(18) Pause Young (Allocation Failure)
[6.347s][info ][gc,task      ] GC(18) Using 4 workers of 4 for evacuation
[6.355s][debug][gc,ref       ] GC(18) Skipped phase1 of Reference Processing due to unavailable references
[6.355s][debug][gc,ref       ] GC(18) Skipped phase2 of Reference Processing due to unavailable references
[6.355s][debug][gc,ref       ] GC(18) Skipped phase3 of Reference Processing due to unavailable references
[6.355s][debug][gc,ref       ] GC(18) Skipped phase4 of Reference Processing due to unavailable references
[6.355s][debug][gc,age       ] GC(18) Desired survivor size 15368192 bytes, new threshold 6 (max threshold 6)
[6.355s][info ][gc,heap      ] GC(18) ParNew: 254598K->10946K(270336K)
[6.355s][info ][gc,heap      ] GC(18) CMS: 152275K->153694K(600768K)
[6.355s][info ][gc,metaspace ] GC(18) Metaspace: 38420K->38420K(1083392K)
[6.355s][info ][gc           ] GC(18) Pause Young (Allocation Failure) 397M->160M(850M) 8.630ms
[6.355s][info ][gc,cpu       ] GC(18) User=0.04s Sys=0.00s Real=0.01s
[6.355s][info ][safepoint    ] Leaving safepoint region
[6.355s][info ][safepoint    ] Total time for which application threads were stopped: 0.0089311 seconds, Stopping threads took: 0.0001065 seconds
[6.367s][info ][safepoint    ] Application time: 0.0118107 seconds
[6.370s][info ][safepoint    ] Entering safepoint region: Deoptimize
[6.371s][info ][safepoint    ] Leaving safepoint region
[6.371s][info ][safepoint    ] Total time for which application threads were stopped: 0.0041226 seconds, Stopping threads took: 0.0033228 seconds
[6.402s][info ][safepoint    ] Application time: 0.0304565 seconds
[6.402s][info ][safepoint    ] Entering safepoint region: GenCollectForAllocation
[6.402s][info ][gc,start     ] GC(19) Pause Young (Allocation Failure)
[6.402s][info ][gc,task      ] GC(19) Using 4 workers of 4 for evacuation
[6.409s][debug][gc,ref       ] GC(19) Skipped phase1 of Reference Processing due to unavailable references
[6.409s][debug][gc,ref       ] GC(19) Skipped phase3 of Reference Processing due to unavailable references
[6.410s][debug][gc,age       ] GC(19) Desired survivor size 15368192 bytes, new threshold 6 (max threshold 6)
[6.410s][info ][gc,heap      ] GC(19) ParNew: 251266K->8996K(270336K)
[6.410s][info ][gc,heap      ] GC(19) CMS: 153694K->155479K(600768K)
[6.410s][info ][gc,metaspace ] GC(19) Metaspace: 38656K->38656K(1085440K)
[6.410s][info ][gc           ] GC(19) Pause Young (Allocation Failure) 395M->160M(850M) 7.611ms
[6.410s][info ][gc,cpu       ] GC(19) User=0.04s Sys=0.00s Real=0.00s
[6.410s][info ][safepoint    ] Leaving safepoint region
[6.410s][info ][safepoint    ] Total time for which application threads were stopped: 0.0080047 seconds, Stopping threads took: 0.0001947 seconds
[6.426s][info ][safepoint    ] Application time: 0.0159660 seconds
[6.431s][info ][safepoint    ] Entering safepoint region: RevokeBias
[6.431s][info ][safepoint    ] Leaving safepoint region
[6.431s][info ][safepoint    ] Total time for which application threads were stopped: 0.0055242 seconds, Stopping threads took: 0.0053496 seconds
[6.431s][info ][safepoint    ] Application time: 0.0002433 seconds
[6.432s][info ][safepoint    ] Entering safepoint region: RevokeBias
[6.432s][info ][safepoint    ] Leaving safepoint region
[6.432s][info ][safepoint    ] Total time for which application threads were stopped: 0.0002576 seconds, Stopping threads took: 0.0000857 seconds
[6.440s][info ][safepoint    ] Application time: 0.0083758 seconds
[6.440s][info ][safepoint    ] Entering safepoint region: BulkRevokeBias
[6.448s][info ][safepoint    ] Leaving safepoint region
[6.448s][info ][safepoint    ] Total time for which application threads were stopped: 0.0076070 seconds, Stopping threads took: 0.0002102 seconds
[6.470s][info ][safepoint    ] Application time: 0.0227413 seconds
[6.478s][info ][safepoint    ] Entering safepoint region: GenCollectForAllocation
[6.479s][info ][gc,start     ] GC(20) Pause Young (Allocation Failure)
[6.479s][info ][gc,task      ] GC(20) Using 4 workers of 4 for evacuation
[6.486s][debug][gc,ref       ] GC(20) Skipped phase1 of Reference Processing due to unavailable references
[6.486s][debug][gc,ref       ] GC(20) Skipped phase3 of Reference Processing due to unavailable references
[6.486s][debug][gc,age       ] GC(20) Desired survivor size 15368192 bytes, new threshold 6 (max threshold 6)
[6.486s][info ][gc,heap      ] GC(20) ParNew: 249316K->9910K(270336K)
[6.486s][info ][gc,heap      ] GC(20) CMS: 155479K->156300K(600768K)
[6.486s][info ][gc,metaspace ] GC(20) Metaspace: 38944K->38944K(1085440K)
[6.486s][info ][gc           ] GC(20) Pause Young (Allocation Failure) 395M->162M(850M) 7.268ms
[6.486s][info ][gc,cpu       ] GC(20) User=0.03s Sys=0.00s Real=0.00s
[6.486s][info ][safepoint    ] Leaving safepoint region
[6.486s][info ][safepoint    ] Total time for which application threads were stopped: 0.0154874 seconds, Stopping threads took: 0.0079889 seconds
[6.499s][info ][safepoint    ] Application time: 0.0130002 seconds
[6.508s][info ][safepoint    ] Entering safepoint region: RevokeBias
[6.508s][info ][safepoint    ] Leaving safepoint region
[6.508s][info ][safepoint    ] Total time for which application threads were stopped: 0.0087042 seconds, Stopping threads took: 0.0085812 seconds
[6.539s][info ][safepoint    ] Application time: 0.0317422 seconds
[6.540s][info ][safepoint    ] Entering safepoint region: Deoptimize
[6.541s][info ][safepoint    ] Leaving safepoint region
[6.541s][info ][safepoint    ] Total time for which application threads were stopped: 0.0017892 seconds, Stopping threads took: 0.0009748 seconds
[6.559s][info ][safepoint    ] Application time: 0.0179358 seconds
[6.559s][info ][safepoint    ] Entering safepoint region: GenCollectForAllocation
[6.560s][info ][gc,start     ] GC(21) Pause Young (Allocation Failure)
[6.560s][info ][gc,task      ] GC(21) Using 4 workers of 4 for evacuation
[6.567s][debug][gc,ref       ] GC(21) Skipped phase1 of Reference Processing due to unavailable references
[6.567s][debug][gc,ref       ] GC(21) Skipped phase3 of Reference Processing due to unavailable references
[6.567s][debug][gc,age       ] GC(21) Desired survivor size 15368192 bytes, new threshold 6 (max threshold 6)
[6.567s][info ][gc,heap      ] GC(21) ParNew: 250230K->6185K(270336K)
[6.567s][info ][gc,heap      ] GC(21) CMS: 156300K->158355K(600768K)
[6.567s][info ][gc,metaspace ] GC(21) Metaspace: 39336K->39336K(1085440K)
[6.567s][info ][gc           ] GC(21) Pause Young (Allocation Failure) 397M->160M(850M) 7.198ms
[6.567s][info ][gc,cpu       ] GC(21) User=0.03s Sys=0.00s Real=0.00s
[6.567s][info ][safepoint    ] Leaving safepoint region
[6.567s][info ][safepoint    ] Total time for which application threads were stopped: 0.0076213 seconds, Stopping threads took: 0.0002285 seconds
[6.596s][info ][safepoint    ] Application time: 0.0289730 seconds
[6.599s][info ][safepoint    ] Entering safepoint region: RevokeBias
[6.599s][info ][safepoint    ] Leaving safepoint region
[6.599s][info ][safepoint    ] Total time for which application threads were stopped: 0.0032799 seconds, Stopping threads took: 0.0031588 seconds
[6.626s][info ][safepoint    ] Application time: 0.0264438 seconds
[6.627s][info ][safepoint    ] Entering safepoint region: GenCollectForAllocation
[6.627s][info ][gc,start     ] GC(22) Pause Young (Allocation Failure)
[6.627s][info ][gc,task      ] GC(22) Using 4 workers of 4 for evacuation
[6.633s][debug][gc,ref       ] GC(22) Skipped phase1 of Reference Processing due to unavailable references
[6.633s][debug][gc,ref       ] GC(22) Skipped phase3 of Reference Processing due to unavailable references
[6.634s][debug][gc,age       ] GC(22) Desired survivor size 15368192 bytes, new threshold 6 (max threshold 6)
[6.634s][info ][gc,heap      ] GC(22) ParNew: 246505K->6009K(270336K)
[6.634s][info ][gc,heap      ] GC(22) CMS: 158355K->159539K(600768K)
[6.634s][info ][gc,metaspace ] GC(22) Metaspace: 39412K->39412K(1085440K)
[6.634s][info ][gc           ] GC(22) Pause Young (Allocation Failure) 395M->161M(850M) 6.407ms
[6.634s][info ][gc,cpu       ] GC(22) User=0.03s Sys=0.00s Real=0.01s
[6.634s][info ][safepoint    ] Leaving safepoint region
[6.634s][info ][safepoint    ] Total time for which application threads were stopped: 0.0080649 seconds, Stopping threads took: 0.0014051 seconds
[6.677s][info ][safepoint    ] Application time: 0.0429223 seconds
[6.677s][info ][safepoint    ] Entering safepoint region: GenCollectForAllocation
[6.677s][info ][gc,start     ] GC(23) Pause Young (Allocation Failure)
[6.677s][info ][gc,task      ] GC(23) Using 4 workers of 4 for evacuation
[6.685s][debug][gc,ref       ] GC(23) Skipped phase1 of Reference Processing due to unavailable references
[6.685s][debug][gc,ref       ] GC(23) Skipped phase3 of Reference Processing due to unavailable references
[6.685s][debug][gc,age       ] GC(23) Desired survivor size 15368192 bytes, new threshold 6 (max threshold 6)
[6.685s][info ][gc,heap      ] GC(23) ParNew: 246329K->3816K(270336K)
[6.685s][info ][gc,heap      ] GC(23) CMS: 159539K->160734K(600768K)
[6.685s][info ][gc,metaspace ] GC(23) Metaspace: 39779K->39779K(1085440K)
[6.686s][info ][gc           ] GC(23) Pause Young (Allocation Failure) 396M->160M(850M) 8.493ms
[6.686s][info ][gc,cpu       ] GC(23) User=0.03s Sys=0.00s Real=0.01s
[6.686s][info ][safepoint    ] Leaving safepoint region
[6.686s][info ][safepoint    ] Total time for which application threads were stopped: 0.0089200 seconds, Stopping threads took: 0.0002585 seconds
[6.742s][info ][safepoint    ] Application time: 0.0565900 seconds
[6.742s][info ][safepoint    ] Entering safepoint region: GenCollectForAllocation
[6.743s][info ][gc,start     ] GC(24) Pause Young (Allocation Failure)
[6.743s][info ][gc,task      ] GC(24) Using 4 workers of 4 for evacuation
[6.749s][debug][gc,ref       ] GC(24) Skipped phase1 of Reference Processing due to unavailable references
[6.749s][debug][gc,ref       ] GC(24) Skipped phase3 of Reference Processing due to unavailable references
[6.749s][debug][gc,age       ] GC(24) Desired survivor size 15368192 bytes, new threshold 6 (max threshold 6)
[6.749s][info ][gc,heap      ] GC(24) ParNew: 244136K->4023K(270336K)
[6.749s][info ][gc,heap      ] GC(24) CMS: 160734K->161673K(600768K)
[6.749s][info ][gc,metaspace ] GC(24) Metaspace: 40049K->40049K(1085440K)
[6.749s][info ][gc           ] GC(24) Pause Young (Allocation Failure) 395M->161M(850M) 6.568ms
[6.749s][info ][gc,cpu       ] GC(24) User=0.02s Sys=0.00s Real=0.00s
[6.749s][info ][safepoint    ] Leaving safepoint region
[6.749s][info ][safepoint    ] Total time for which application threads were stopped: 0.0070200 seconds, Stopping threads took: 0.0002686 seconds
[6.783s][info ][safepoint    ] Application time: 0.0337598 seconds
[6.787s][info ][safepoint    ] Entering safepoint region: GenCollectForAllocation
[6.787s][info ][gc,start     ] GC(25) Pause Young (Allocation Failure)
[6.787s][info ][gc,task      ] GC(25) Using 4 workers of 4 for evacuation
[6.793s][debug][gc,ref       ] GC(25) Skipped phase1 of Reference Processing due to unavailable references
[6.793s][debug][gc,ref       ] GC(25) Skipped phase3 of Reference Processing due to unavailable references
[6.793s][debug][gc,age       ] GC(25) Desired survivor size 15368192 bytes, new threshold 6 (max threshold 6)
[6.793s][info ][gc,heap      ] GC(25) ParNew: 244343K->3557K(270336K)
[6.793s][info ][gc,heap      ] GC(25) CMS: 161673K->162065K(600768K)
[6.793s][info ][gc,metaspace ] GC(25) Metaspace: 40206K->40206K(1085440K)
[6.793s][info ][gc           ] GC(25) Pause Young (Allocation Failure) 396M->161M(850M) 5.456ms
[6.793s][info ][gc,cpu       ] GC(25) User=0.02s Sys=0.00s Real=0.01s
[6.793s][info ][safepoint    ] Leaving safepoint region
[6.793s][info ][safepoint    ] Total time for which application threads were stopped: 0.0099769 seconds, Stopping threads took: 0.0043214 seconds
[6.835s][info ][safepoint    ] Application time: 0.0420643 seconds
[6.835s][info ][safepoint    ] Entering safepoint region: GenCollectForAllocation
[6.835s][info ][gc,start     ] GC(26) Pause Young (Allocation Failure)
[6.835s][info ][gc,task      ] GC(26) Using 4 workers of 4 for evacuation
[6.840s][debug][gc,ref       ] GC(26) Skipped phase1 of Reference Processing due to unavailable references
[6.840s][debug][gc,ref       ] GC(26) Skipped phase3 of Reference Processing due to unavailable references
[6.840s][debug][gc,ref       ] GC(26) Skipped phase4 of Reference Processing due to unavailable references
[6.840s][debug][gc,age       ] GC(26) Desired survivor size 15368192 bytes, new threshold 6 (max threshold 6)
[6.840s][info ][gc,heap      ] GC(26) ParNew: 243877K->3299K(270336K)
[6.840s][info ][gc,heap      ] GC(26) CMS: 162065K->162447K(600768K)
[6.840s][info ][gc,metaspace ] GC(26) Metaspace: 40285K->40285K(1085440K)
[6.840s][info ][gc           ] GC(26) Pause Young (Allocation Failure) 396M->161M(850M) 4.525ms
[6.840s][info ][gc,cpu       ] GC(26) User=0.02s Sys=0.00s Real=0.01s
[6.840s][info ][safepoint    ] Leaving safepoint region
[6.840s][info ][safepoint    ] Total time for which application threads were stopped: 0.0049269 seconds, Stopping threads took: 0.0002005 seconds
[6.904s][info ][safepoint    ] Application time: 0.0640328 seconds
[6.904s][info ][safepoint    ] Entering safepoint region: GenCollectForAllocation
[6.904s][info ][gc,start     ] GC(27) Pause Young (Allocation Failure)
[6.904s][info ][gc,task      ] GC(27) Using 4 workers of 4 for evacuation
[6.918s][debug][gc,ref       ] GC(27) Skipped phase1 of Reference Processing due to unavailable references
[6.918s][debug][gc,ref       ] GC(27) Skipped phase3 of Reference Processing due to unavailable references
[6.918s][debug][gc,ref       ] GC(27) Skipped phase4 of Reference Processing due to unavailable references
[6.918s][debug][gc,age       ] GC(27) Desired survivor size 15368192 bytes, new threshold 6 (max threshold 6)
[6.918s][info ][gc,heap      ] GC(27) ParNew: 243619K->2935K(270336K)
[6.918s][info ][gc,heap      ] GC(27) CMS: 162447K->162784K(600768K)
[6.918s][info ][gc,metaspace ] GC(27) Metaspace: 40288K->40288K(1085440K)
[6.918s][info ][gc           ] GC(27) Pause Young (Allocation Failure) 396M->161M(850M) 13.403ms
[6.918s][info ][gc,cpu       ] GC(27) User=0.05s Sys=0.00s Real=0.01s
[6.918s][info ][safepoint    ] Leaving safepoint region
[6.918s][info ][safepoint    ] Total time for which application threads were stopped: 0.0137304 seconds, Stopping threads took: 0.0001544 seconds
[6.932s][info ][safepoint    ] Application time: 0.0146017 seconds
[6.933s][info ][safepoint    ] Entering safepoint region: Deoptimize
[6.933s][info ][safepoint    ] Leaving safepoint region
[6.933s][info ][safepoint    ] Total time for which application threads were stopped: 0.0009539 seconds, Stopping threads took: 0.0001592 seconds
[6.979s][info ][safepoint    ] Application time: 0.0459273 seconds
[6.980s][info ][safepoint    ] Entering safepoint region: GenCollectForAllocation
[6.980s][info ][gc,start     ] GC(28) Pause Young (Allocation Failure)
[6.980s][info ][gc,task      ] GC(28) Using 4 workers of 4 for evacuation
[6.983s][debug][gc,ref       ] GC(28) Skipped phase1 of Reference Processing due to unavailable references
[6.983s][debug][gc,ref       ] GC(28) Skipped phase3 of Reference Processing due to unavailable references
[6.984s][debug][gc,age       ] GC(28) Desired survivor size 15368192 bytes, new threshold 6 (max threshold 6)
[6.984s][info ][gc,heap      ] GC(28) ParNew: 243255K->2132K(270336K)
[6.984s][info ][gc,heap      ] GC(28) CMS: 162784K->163189K(600768K)
[6.984s][info ][gc,metaspace ] GC(28) Metaspace: 40345K->40345K(1085440K)
[6.984s][info ][gc           ] GC(28) Pause Young (Allocation Failure) 396M->161M(850M) 3.983ms
[6.984s][info ][gc,cpu       ] GC(28) User=0.02s Sys=0.00s Real=0.00s
[6.984s][info ][safepoint    ] Leaving safepoint region
[6.984s][info ][safepoint    ] Total time for which application threads were stopped: 0.0044500 seconds, Stopping threads took: 0.0002496 seconds
[7.035s][info ][safepoint    ] Application time: 0.0510752 seconds
[7.038s][info ][safepoint    ] Entering safepoint region: GenCollectForAllocation
[7.038s][info ][gc,start     ] GC(29) Pause Young (Allocation Failure)
[7.038s][info ][gc,task      ] GC(29) Using 4 workers of 4 for evacuation
[7.043s][debug][gc,ref       ] GC(29) Skipped phase1 of Reference Processing due to unavailable references
[7.043s][debug][gc,ref       ] GC(29) Skipped phase3 of Reference Processing due to unavailable references
[7.043s][debug][gc,ref       ] GC(29) Skipped phase4 of Reference Processing due to unavailable references
[7.043s][debug][gc,age       ] GC(29) Desired survivor size 15368192 bytes, new threshold 6 (max threshold 6)
[7.043s][info ][gc,heap      ] GC(29) ParNew: 242452K->1892K(270336K)
[7.043s][info ][gc,heap      ] GC(29) CMS: 163189K->163467K(600768K)
[7.043s][info ][gc,metaspace ] GC(29) Metaspace: 40366K->40366K(1085440K)
[7.044s][info ][gc           ] GC(29) Pause Young (Allocation Failure) 396M->161M(850M) 5.294ms
[7.044s][info ][gc,cpu       ] GC(29) User=0.03s Sys=0.00s Real=0.01s
[7.044s][info ][safepoint    ] Leaving safepoint region
[7.044s][info ][safepoint    ] Total time for which application threads were stopped: 0.0087016 seconds, Stopping threads took: 0.0032456 seconds
[7.088s][info ][safepoint    ] Application time: 0.0444761 seconds
[7.088s][info ][safepoint    ] Entering safepoint region: GenCollectForAllocation
[7.088s][info ][gc,start     ] GC(30) Pause Young (Allocation Failure)
[7.088s][info ][gc,task      ] GC(30) Using 4 workers of 4 for evacuation
[7.093s][debug][gc,ref       ] GC(30) Skipped phase1 of Reference Processing due to unavailable references
[7.093s][debug][gc,ref       ] GC(30) Skipped phase3 of Reference Processing due to unavailable references
[7.093s][debug][gc,ref       ] GC(30) Skipped phase4 of Reference Processing due to unavailable references
[7.093s][debug][gc,age       ] GC(30) Desired survivor size 15368192 bytes, new threshold 6 (max threshold 6)
[7.093s][info ][gc,heap      ] GC(30) ParNew: 242212K->1728K(270336K)
[7.093s][info ][gc,heap      ] GC(30) CMS: 163467K->164630K(600768K)
[7.093s][info ][gc,metaspace ] GC(30) Metaspace: 40390K->40390K(1085440K)
[7.093s][info ][gc           ] GC(30) Pause Young (Allocation Failure) 396M->162M(850M) 4.724ms
[7.093s][info ][gc,cpu       ] GC(30) User=0.02s Sys=0.00s Real=0.01s
[7.093s][info ][safepoint    ] Leaving safepoint region
[7.093s][info ][safepoint    ] Total time for which application threads were stopped: 0.0050308 seconds, Stopping threads took: 0.0001140 seconds
[7.141s][info ][safepoint    ] Application time: 0.0483807 seconds
[7.142s][info ][safepoint    ] Entering safepoint region: GenCollectForAllocation
[7.142s][info ][gc,start     ] GC(31) Pause Young (Allocation Failure)
[7.142s][info ][gc,task      ] GC(31) Using 4 workers of 4 for evacuation
[7.144s][debug][gc,ref       ] GC(31) Skipped phase1 of Reference Processing due to unavailable references
[7.145s][debug][gc,ref       ] GC(31) Skipped phase3 of Reference Processing due to unavailable references
[7.145s][debug][gc,age       ] GC(31) Desired survivor size 15368192 bytes, new threshold 6 (max threshold 6)
[7.145s][info ][gc,heap      ] GC(31) ParNew: 242048K->1434K(270336K)
[7.145s][info ][gc,heap      ] GC(31) CMS: 164630K->164682K(600768K)
[7.145s][info ][gc,metaspace ] GC(31) Metaspace: 40597K->40597K(1087488K)
[7.145s][info ][gc           ] GC(31) Pause Young (Allocation Failure) 397M->162M(850M) 2.868ms
[7.145s][info ][gc,cpu       ] GC(31) User=0.02s Sys=0.00s Real=0.00s
[7.145s][info ][safepoint    ] Leaving safepoint region
[7.145s][info ][safepoint    ] Total time for which application threads were stopped: 0.0032407 seconds, Stopping threads took: 0.0001877 seconds
[7.176s][info ][safepoint    ] Application time: 0.0312575 seconds
[7.176s][info ][safepoint    ] Entering safepoint region: GenCollectForAllocation
[7.176s][info ][gc,start     ] GC(32) Pause Young (Allocation Failure)
[7.176s][info ][gc,task      ] GC(32) Using 4 workers of 4 for evacuation
[7.179s][debug][gc,ref       ] GC(32) Skipped phase1 of Reference Processing due to unavailable references
[7.179s][debug][gc,ref       ] GC(32) Skipped phase3 of Reference Processing due to unavailable references
[7.179s][debug][gc,ref       ] GC(32) Skipped phase4 of Reference Processing due to unavailable references
[7.179s][debug][gc,age       ] GC(32) Desired survivor size 15368192 bytes, new threshold 6 (max threshold 6)
[7.179s][info ][gc,heap      ] GC(32) ParNew: 241754K->1508K(270336K)
[7.179s][info ][gc,heap      ] GC(32) CMS: 164682K->164741K(600768K)
[7.179s][info ][gc,metaspace ] GC(32) Metaspace: 40602K->40602K(1087488K)
[7.179s][info ][gc           ] GC(32) Pause Young (Allocation Failure) 396M->162M(850M) 2.555ms
[7.179s][info ][gc,cpu       ] GC(32) User=0.01s Sys=0.00s Real=0.01s
[7.179s][info ][safepoint    ] Leaving safepoint region
[7.179s][info ][safepoint    ] Total time for which application threads were stopped: 0.0029220 seconds, Stopping threads took: 0.0001677 seconds
[7.225s][info ][safepoint    ] Application time: 0.0457601 seconds
[7.225s][info ][safepoint    ] Entering safepoint region: GenCollectForAllocation
[7.225s][info ][gc,start     ] GC(33) Pause Young (Allocation Failure)
[7.225s][info ][gc,task      ] GC(33) Using 4 workers of 4 for evacuation
[7.228s][debug][gc,ref       ] GC(33) Skipped phase1 of Reference Processing due to unavailable references
[7.228s][debug][gc,ref       ] GC(33) Skipped phase3 of Reference Processing due to unavailable references
[7.228s][debug][gc,ref       ] GC(33) Skipped phase4 of Reference Processing due to unavailable references
[7.229s][debug][gc,age       ] GC(33) Desired survivor size 15368192 bytes, new threshold 6 (max threshold 6)
[7.229s][info ][gc,heap      ] GC(33) ParNew: 241828K->1093K(270336K)
[7.229s][info ][gc,heap      ] GC(33) CMS: 164741K->164862K(600768K)
[7.229s][info ][gc,metaspace ] GC(33) Metaspace: 40627K->40627K(1087488K)
[7.229s][info ][gc           ] GC(33) Pause Young (Allocation Failure) 397M->162M(850M) 3.492ms
[7.229s][info ][gc,cpu       ] GC(33) User=0.02s Sys=0.00s Real=0.00s
[7.229s][info ][safepoint    ] Leaving safepoint region
[7.229s][info ][safepoint    ] Total time for which application threads were stopped: 0.0038634 seconds, Stopping threads took: 0.0001884 seconds
[7.291s][info ][safepoint    ] Application time: 0.0627737 seconds
[7.291s][info ][safepoint    ] Entering safepoint region: GenCollectForAllocation
[7.292s][info ][gc,start     ] GC(34) Pause Young (Allocation Failure)
[7.292s][info ][gc,task      ] GC(34) Using 4 workers of 4 for evacuation
[7.295s][debug][gc,ref       ] GC(34) Skipped phase1 of Reference Processing due to unavailable references
[7.295s][debug][gc,ref       ] GC(34) Skipped phase3 of Reference Processing due to unavailable references
[7.295s][debug][gc,ref       ] GC(34) Skipped phase4 of Reference Processing due to unavailable references
[7.295s][debug][gc,age       ] GC(34) Desired survivor size 15368192 bytes, new threshold 6 (max threshold 6)
[7.295s][info ][gc,heap      ] GC(34) ParNew: 241413K->1333K(270336K)
[7.295s][info ][gc,heap      ] GC(34) CMS: 164862K->164968K(600768K)
[7.295s][info ][gc,metaspace ] GC(34) Metaspace: 40641K->40641K(1087488K)
[7.295s][info ][gc           ] GC(34) Pause Young (Allocation Failure) 396M->162M(850M) 3.674ms
[7.295s][info ][gc,cpu       ] GC(34) User=0.01s Sys=0.00s Real=0.00s
[7.295s][info ][safepoint    ] Leaving safepoint region
[7.295s][info ][safepoint    ] Total time for which application threads were stopped: 0.0039063 seconds, Stopping threads took: 0.0000095 seconds
[7.359s][info ][safepoint    ] Application time: 0.0640769 seconds
[7.360s][info ][safepoint    ] Entering safepoint region: GenCollectForAllocation
[7.360s][info ][gc,start     ] GC(35) Pause Young (Allocation Failure)
[7.360s][info ][gc,task      ] GC(35) Using 4 workers of 4 for evacuation
[7.363s][debug][gc,ref       ] GC(35) Skipped phase1 of Reference Processing due to unavailable references
[7.363s][debug][gc,ref       ] GC(35) Skipped phase3 of Reference Processing due to unavailable references
[7.363s][debug][gc,ref       ] GC(35) Skipped phase4 of Reference Processing due to unavailable references
[7.363s][debug][gc,age       ] GC(35) Desired survivor size 15368192 bytes, new threshold 6 (max threshold 6)
[7.363s][info ][gc,heap      ] GC(35) ParNew: 241653K->2037K(270336K)
[7.363s][info ][gc,heap      ] GC(35) CMS: 164968K->165066K(600768K)
[7.363s][info ][gc,metaspace ] GC(35) Metaspace: 40643K->40643K(1087488K)
[7.363s][info ][gc           ] GC(35) Pause Young (Allocation Failure) 397M->163M(850M) 2.958ms
[7.363s][info ][gc,cpu       ] GC(35) User=0.01s Sys=0.00s Real=0.00s
[7.363s][info ][safepoint    ] Leaving safepoint region
[7.363s][info ][safepoint    ] Total time for which application threads were stopped: 0.0033465 seconds, Stopping threads took: 0.0001027 seconds
[7.400s][info ][safepoint    ] Application time: 0.0371983 seconds
[7.401s][info ][safepoint    ] Entering safepoint region: GenCollectForAllocation
[7.401s][info ][gc,start     ] GC(36) Pause Young (Allocation Failure)
[7.401s][info ][gc,task      ] GC(36) Using 4 workers of 4 for evacuation
[7.404s][debug][gc,ref       ] GC(36) Skipped phase1 of Reference Processing due to unavailable references
[7.404s][debug][gc,ref       ] GC(36) Skipped phase3 of Reference Processing due to unavailable references
[7.404s][debug][gc,ref       ] GC(36) Skipped phase4 of Reference Processing due to unavailable references
[7.404s][debug][gc,age       ] GC(36) Desired survivor size 15368192 bytes, new threshold 6 (max threshold 6)
[7.404s][info ][gc,heap      ] GC(36) ParNew: 242357K->2148K(270336K)
[7.404s][info ][gc,heap      ] GC(36) CMS: 165066K->165243K(600768K)
[7.404s][info ][gc,metaspace ] GC(36) Metaspace: 40649K->40649K(1087488K)
[7.404s][info ][gc           ] GC(36) Pause Young (Allocation Failure) 397M->163M(850M) 3.133ms
[7.404s][info ][gc,cpu       ] GC(36) User=0.01s Sys=0.00s Real=0.00s
[7.404s][info ][safepoint    ] Leaving safepoint region
[7.404s][info ][safepoint    ] Total time for which application threads were stopped: 0.0041059 seconds, Stopping threads took: 0.0007563 seconds
[7.442s][info ][safepoint    ] Application time: 0.0375998 seconds
[7.442s][info ][safepoint    ] Entering safepoint region: GenCollectForAllocation
[7.442s][info ][gc,start     ] GC(37) Pause Young (Allocation Failure)
[7.442s][info ][gc,task      ] GC(37) Using 4 workers of 4 for evacuation
[7.445s][debug][gc,ref       ] GC(37) Skipped phase1 of Reference Processing due to unavailable references
[7.445s][debug][gc,ref       ] GC(37) Skipped phase3 of Reference Processing due to unavailable references
[7.445s][debug][gc,ref       ] GC(37) Skipped phase4 of Reference Processing due to unavailable references
[7.445s][debug][gc,age       ] GC(37) Desired survivor size 15368192 bytes, new threshold 6 (max threshold 6)
[7.445s][info ][gc,heap      ] GC(37) ParNew: 242468K->2313K(270336K)
[7.445s][info ][gc,heap      ] GC(37) CMS: 165243K->165427K(600768K)
[7.445s][info ][gc,metaspace ] GC(37) Metaspace: 40650K->40650K(1087488K)
[7.445s][info ][gc           ] GC(37) Pause Young (Allocation Failure) 398M->163M(850M) 3.135ms
[7.445s][info ][gc,cpu       ] GC(37) User=0.01s Sys=0.00s Real=0.00s
[7.445s][info ][safepoint    ] Leaving safepoint region
[7.445s][info ][safepoint    ] Total time for which application threads were stopped: 0.0034246 seconds, Stopping threads took: 0.0001159 seconds
[7.480s][info ][safepoint    ] Application time: 0.0343907 seconds
[7.480s][info ][safepoint    ] Entering safepoint region: GenCollectForAllocation
[7.480s][info ][gc,start     ] GC(38) Pause Young (Allocation Failure)
[7.480s][info ][gc,task      ] GC(38) Using 4 workers of 4 for evacuation
[7.483s][debug][gc,ref       ] GC(38) Skipped phase1 of Reference Processing due to unavailable references
[7.483s][debug][gc,ref       ] GC(38) Skipped phase3 of Reference Processing due to unavailable references
[7.483s][debug][gc,ref       ] GC(38) Skipped phase4 of Reference Processing due to unavailable references
[7.483s][debug][gc,age       ] GC(38) Desired survivor size 15368192 bytes, new threshold 6 (max threshold 6)
[7.483s][info ][gc,heap      ] GC(38) ParNew: 242633K->2441K(270336K)
[7.483s][info ][gc,heap      ] GC(38) CMS: 165427K->165472K(600768K)
[7.483s][info ][gc,metaspace ] GC(38) Metaspace: 40654K->40654K(1087488K)
[7.483s][info ][gc           ] GC(38) Pause Young (Allocation Failure) 398M->163M(850M) 3.058ms
[7.483s][info ][gc,cpu       ] GC(38) User=0.01s Sys=0.01s Real=0.00s
[7.483s][info ][safepoint    ] Leaving safepoint region
[7.483s][info ][safepoint    ] Total time for which application threads were stopped: 0.0034655 seconds, Stopping threads took: 0.0002234 seconds
[7.556s][info ][safepoint    ] Application time: 0.0733310 seconds
[7.559s][info ][safepoint    ] Entering safepoint region: GenCollectForAllocation
[7.559s][info ][gc,start     ] GC(39) Pause Young (Allocation Failure)
[7.559s][info ][gc,task      ] GC(39) Using 4 workers of 4 for evacuation
[7.566s][debug][gc,ref       ] GC(39) Skipped phase1 of Reference Processing due to unavailable references
[7.566s][debug][gc,ref       ] GC(39) Skipped phase3 of Reference Processing due to unavailable references
[7.566s][debug][gc,ref       ] GC(39) Skipped phase4 of Reference Processing due to unavailable references
[7.567s][debug][gc,age       ] GC(39) Desired survivor size 15368192 bytes, new threshold 6 (max threshold 6)
[7.567s][info ][gc,heap      ] GC(39) ParNew: 242761K->3138K(270336K)
[7.567s][info ][gc,heap      ] GC(39) CMS: 165472K->165579K(600768K)
[7.567s][info ][gc,metaspace ] GC(39) Metaspace: 40660K->40660K(1087488K)
[7.567s][info ][gc           ] GC(39) Pause Young (Allocation Failure) 398M->164M(850M) 7.741ms
[7.567s][info ][gc,cpu       ] GC(39) User=0.01s Sys=0.00s Real=0.00s
[7.567s][info ][safepoint    ] Leaving safepoint region
[7.567s][info ][safepoint    ] Total time for which application threads were stopped: 0.0102814 seconds, Stopping threads took: 0.0023293 seconds
[7.623s][info ][safepoint    ] Application time: 0.0558012 seconds
[7.626s][info ][safepoint    ] Entering safepoint region: GenCollectForAllocation
[7.626s][info ][gc,start     ] GC(40) Pause Young (Allocation Failure)
[7.626s][info ][gc,task      ] GC(40) Using 4 workers of 4 for evacuation
[7.630s][debug][gc,ref       ] GC(40) Skipped phase1 of Reference Processing due to unavailable references
[7.630s][debug][gc,ref       ] GC(40) Skipped phase3 of Reference Processing due to unavailable references
[7.630s][debug][gc,ref       ] GC(40) Skipped phase4 of Reference Processing due to unavailable references
[7.630s][debug][gc,age       ] GC(40) Desired survivor size 15368192 bytes, new threshold 6 (max threshold 6)
[7.630s][info ][gc,heap      ] GC(40) ParNew: 243458K->3101K(270336K)
[7.630s][info ][gc,heap      ] GC(40) CMS: 165579K->165937K(600768K)
[7.630s][info ][gc,metaspace ] GC(40) Metaspace: 40667K->40667K(1087488K)
[7.630s][info ][gc           ] GC(40) Pause Young (Allocation Failure) 399M->165M(850M) 3.826ms
[7.630s][info ][gc,cpu       ] GC(40) User=0.01s Sys=0.00s Real=0.00s
[7.630s][info ][safepoint    ] Leaving safepoint region
[7.630s][info ][safepoint    ] Total time for which application threads were stopped: 0.0072964 seconds, Stopping threads took: 0.0032200 seconds
[7.671s][info ][safepoint    ] Application time: 0.0416244 seconds
[7.678s][info ][safepoint    ] Entering safepoint region: GenCollectForAllocation
[7.678s][info ][gc,start     ] GC(41) Pause Young (Allocation Failure)
[7.678s][info ][gc,task      ] GC(41) Using 4 workers of 4 for evacuation
[7.681s][debug][gc,ref       ] GC(41) Skipped phase1 of Reference Processing due to unavailable references
[7.681s][debug][gc,ref       ] GC(41) Skipped phase3 of Reference Processing due to unavailable references
[7.681s][debug][gc,ref       ] GC(41) Skipped phase4 of Reference Processing due to unavailable references
[7.681s][debug][gc,age       ] GC(41) Desired survivor size 15368192 bytes, new threshold 6 (max threshold 6)
[7.681s][info ][gc,heap      ] GC(41) ParNew: 243421K->2535K(270336K)
[7.681s][info ][gc,heap      ] GC(41) CMS: 165937K->166502K(600768K)
[7.681s][info ][gc,metaspace ] GC(41) Metaspace: 40667K->40667K(1087488K)
[7.681s][info ][gc           ] GC(41) Pause Young (Allocation Failure) 399M->165M(850M) 3.478ms
[7.681s][info ][gc,cpu       ] GC(41) User=0.01s Sys=0.00s Real=0.01s
[7.681s][info ][safepoint    ] Leaving safepoint region
[7.681s][info ][safepoint    ] Total time for which application threads were stopped: 0.0097537 seconds, Stopping threads took: 0.0061053 seconds
[7.758s][info ][safepoint    ] Application time: 0.0771704 seconds
[7.766s][info ][safepoint    ] Entering safepoint region: GenCollectForAllocation
[7.767s][info ][gc,start     ] GC(42) Pause Young (Allocation Failure)
[7.767s][info ][gc,task      ] GC(42) Using 4 workers of 4 for evacuation
[7.770s][debug][gc,ref       ] GC(42) Skipped phase1 of Reference Processing due to unavailable references
[7.770s][debug][gc,ref       ] GC(42) Skipped phase3 of Reference Processing due to unavailable references
[7.770s][debug][gc,ref       ] GC(42) Skipped phase4 of Reference Processing due to unavailable references
[7.770s][debug][gc,age       ] GC(42) Desired survivor size 15368192 bytes, new threshold 6 (max threshold 6)
[7.770s][info ][gc,heap      ] GC(42) ParNew: 242855K->3272K(270336K)
[7.770s][info ][gc,heap      ] GC(42) CMS: 166502K->166675K(600768K)
[7.770s][info ][gc,metaspace ] GC(42) Metaspace: 40668K->40668K(1087488K)
[7.770s][info ][gc           ] GC(42) Pause Young (Allocation Failure) 399M->165M(850M) 3.362ms
[7.770s][info ][gc,cpu       ] GC(42) User=0.01s Sys=0.00s Real=0.00s
[7.770s][info ][safepoint    ] Leaving safepoint region
[7.770s][info ][safepoint    ] Total time for which application threads were stopped: 0.0116021 seconds, Stopping threads took: 0.0079561 seconds
[7.829s][info ][safepoint    ] Application time: 0.0594043 seconds
[7.830s][info ][safepoint    ] Entering safepoint region: GenCollectForAllocation
[7.830s][info ][gc,start     ] GC(43) Pause Young (Allocation Failure)
[7.830s][info ][gc,task      ] GC(43) Using 4 workers of 4 for evacuation
[7.834s][debug][gc,ref       ] GC(43) Skipped phase1 of Reference Processing due to unavailable references
[7.834s][debug][gc,ref       ] GC(43) Skipped phase3 of Reference Processing due to unavailable references
[7.834s][debug][gc,ref       ] GC(43) Skipped phase4 of Reference Processing due to unavailable references
[7.834s][debug][gc,age       ] GC(43) Desired survivor size 15368192 bytes, new threshold 6 (max threshold 6)
[7.834s][info ][gc,heap      ] GC(43) ParNew: 243592K->3591K(270336K)
[7.834s][info ][gc,heap      ] GC(43) CMS: 166675K->166934K(600768K)
[7.834s][info ][gc,metaspace ] GC(43) Metaspace: 40668K->40668K(1087488K)
[7.834s][info ][gc           ] GC(43) Pause Young (Allocation Failure) 400M->166M(850M) 4.608ms
[7.834s][info ][gc,cpu       ] GC(43) User=0.01s Sys=0.00s Real=0.01s
[7.834s][info ][safepoint    ] Leaving safepoint region
[7.834s][info ][safepoint    ] Total time for which application threads were stopped: 0.0048397 seconds, Stopping threads took: 0.0000620 seconds
[7.878s][info ][safepoint    ] Application time: 0.0436050 seconds
[7.878s][info ][safepoint    ] Entering safepoint region: GenCollectForAllocation
[7.878s][info ][gc,start     ] GC(44) Pause Young (Allocation Failure)
[7.878s][info ][gc,task      ] GC(44) Using 4 workers of 4 for evacuation
[7.886s][debug][gc,ref       ] GC(44) Skipped phase1 of Reference Processing due to unavailable references
[7.886s][debug][gc,ref       ] GC(44) Skipped phase3 of Reference Processing due to unavailable references
[7.886s][debug][gc,ref       ] GC(44) Skipped phase4 of Reference Processing due to unavailable references
[7.886s][debug][gc,age       ] GC(44) Desired survivor size 15368192 bytes, new threshold 6 (max threshold 6)
[7.886s][info ][gc,heap      ] GC(44) ParNew: 243911K->4239K(270336K)
[7.886s][info ][gc,heap      ] GC(44) CMS: 166934K->167182K(600768K)
[7.886s][info ][gc,metaspace ] GC(44) Metaspace: 40668K->40668K(1087488K)
[7.886s][info ][gc           ] GC(44) Pause Young (Allocation Failure) 401M->167M(850M) 8.027ms
[7.886s][info ][gc,cpu       ] GC(44) User=0.03s Sys=0.00s Real=0.01s
[7.886s][info ][safepoint    ] Leaving safepoint region
[7.886s][info ][safepoint    ] Total time for which application threads were stopped: 0.0083846 seconds, Stopping threads took: 0.0001587 seconds
[7.930s][info ][safepoint    ] Application time: 0.0438028 seconds
[7.934s][info ][safepoint    ] Entering safepoint region: GenCollectForAllocation
[7.935s][info ][gc,start     ] GC(45) Pause Young (Allocation Failure)
[7.935s][info ][gc,task      ] GC(45) Using 4 workers of 4 for evacuation
[7.942s][debug][gc,ref       ] GC(45) Skipped phase1 of Reference Processing due to unavailable references
[7.942s][debug][gc,ref       ] GC(45) Skipped phase3 of Reference Processing due to unavailable references
[7.942s][debug][gc,ref       ] GC(45) Skipped phase4 of Reference Processing due to unavailable references
[7.943s][debug][gc,age       ] GC(45) Desired survivor size 15368192 bytes, new threshold 6 (max threshold 6)
[7.943s][info ][gc,heap      ] GC(45) ParNew: 244559K->4686K(270336K)
[7.943s][info ][gc,heap      ] GC(45) CMS: 167182K->167591K(600768K)
[7.943s][info ][gc,metaspace ] GC(45) Metaspace: 40668K->40668K(1087488K)
[7.943s][info ][gc           ] GC(45) Pause Young (Allocation Failure) 402M->168M(850M) 8.130ms
[7.943s][info ][gc,cpu       ] GC(45) User=0.02s Sys=0.00s Real=0.01s
[7.943s][info ][safepoint    ] Leaving safepoint region
[7.943s][info ][safepoint    ] Total time for which application threads were stopped: 0.0125593 seconds, Stopping threads took: 0.0042321 seconds
[7.995s][info ][safepoint    ] Application time: 0.0523643 seconds
[7.999s][info ][safepoint    ] Entering safepoint region: GenCollectForAllocation
[7.999s][info ][gc,start     ] GC(46) Pause Young (Allocation Failure)
[7.999s][info ][gc,task      ] GC(46) Using 4 workers of 4 for evacuation
[8.003s][debug][gc,ref       ] GC(46) Skipped phase1 of Reference Processing due to unavailable references
[8.003s][debug][gc,ref       ] GC(46) Skipped phase3 of Reference Processing due to unavailable references
[8.003s][debug][gc,ref       ] GC(46) Skipped phase4 of Reference Processing due to unavailable references
[8.003s][debug][gc,age       ] GC(46) Desired survivor size 15368192 bytes, new threshold 6 (max threshold 6)
[8.003s][info ][gc,heap      ] GC(46) ParNew: 245006K->3859K(270336K)
[8.003s][info ][gc,heap      ] GC(46) CMS: 167591K->167811K(600768K)
[8.003s][info ][gc,metaspace ] GC(46) Metaspace: 40668K->40668K(1087488K)
[8.003s][info ][gc           ] GC(46) Pause Young (Allocation Failure) 402M->167M(850M) 3.992ms
[8.003s][info ][gc,cpu       ] GC(46) User=0.02s Sys=0.00s Real=0.00s
[8.003s][info ][safepoint    ] Leaving safepoint region
[8.003s][info ][safepoint    ] Total time for which application threads were stopped: 0.0083992 seconds, Stopping threads took: 0.0042350 seconds
[8.042s][info ][safepoint    ] Application time: 0.0389451 seconds
[8.043s][info ][safepoint    ] Entering safepoint region: GenCollectForAllocation
[8.043s][info ][gc,start     ] GC(47) Pause Young (Allocation Failure)
[8.043s][info ][gc,task      ] GC(47) Using 4 workers of 4 for evacuation
[8.047s][debug][gc,ref       ] GC(47) Skipped phase1 of Reference Processing due to unavailable references
[8.047s][debug][gc,ref       ] GC(47) Skipped phase3 of Reference Processing due to unavailable references
[8.047s][debug][gc,ref       ] GC(47) Skipped phase4 of Reference Processing due to unavailable references
[8.047s][debug][gc,age       ] GC(47) Desired survivor size 15368192 bytes, new threshold 6 (max threshold 6)
[8.047s][info ][gc,heap      ] GC(47) ParNew: 244179K->5464K(270336K)
[8.047s][info ][gc,heap      ] GC(47) CMS: 167811K->168195K(600768K)
[8.047s][info ][gc,metaspace ] GC(47) Metaspace: 40668K->40668K(1087488K)
[8.047s][info ][gc           ] GC(47) Pause Young (Allocation Failure) 402M->169M(850M) 4.280ms
[8.047s][info ][gc,cpu       ] GC(47) User=0.02s Sys=0.00s Real=0.00s
[8.047s][info ][safepoint    ] Leaving safepoint region
[8.047s][info ][safepoint    ] Total time for which application threads were stopped: 0.0045879 seconds, Stopping threads took: 0.0001424 seconds
[8.099s][info ][safepoint    ] Application time: 0.0520090 seconds
[8.099s][info ][safepoint    ] Entering safepoint region: GenCollectForAllocation
[8.100s][info ][gc,start     ] GC(48) Pause Young (Allocation Failure)
[8.100s][info ][gc,task      ] GC(48) Using 4 workers of 4 for evacuation
[8.104s][debug][gc,ref       ] GC(48) Skipped phase1 of Reference Processing due to unavailable references
[8.104s][debug][gc,ref       ] GC(48) Skipped phase3 of Reference Processing due to unavailable references
[8.104s][debug][gc,ref       ] GC(48) Skipped phase4 of Reference Processing due to unavailable references
[8.104s][debug][gc,age       ] GC(48) Desired survivor size 15368192 bytes, new threshold 6 (max threshold 6)
[8.104s][info ][gc,heap      ] GC(48) ParNew: 245784K->4810K(270336K)
[8.104s][info ][gc,heap      ] GC(48) CMS: 168195K->168645K(600768K)
[8.104s][info ][gc,metaspace ] GC(48) Metaspace: 40676K->40676K(1087488K)
[8.104s][info ][gc           ] GC(48) Pause Young (Allocation Failure) 404M->169M(850M) 4.545ms
[8.104s][info ][gc,cpu       ] GC(48) User=0.02s Sys=0.00s Real=0.00s
[8.104s][info ][safepoint    ] Leaving safepoint region
[8.104s][info ][safepoint    ] Total time for which application threads were stopped: 0.0050363 seconds, Stopping threads took: 0.0003227 seconds
[8.145s][info ][safepoint    ] Application time: 0.0405645 seconds
[8.145s][info ][safepoint    ] Entering safepoint region: GenCollectForAllocation
[8.145s][info ][gc,start     ] GC(49) Pause Young (Allocation Failure)
[8.145s][info ][gc,task      ] GC(49) Using 4 workers of 4 for evacuation
[8.150s][debug][gc,ref       ] GC(49) Skipped phase1 of Reference Processing due to unavailable references
[8.150s][debug][gc,ref       ] GC(49) Skipped phase3 of Reference Processing due to unavailable references
[8.150s][debug][gc,ref       ] GC(49) Skipped phase4 of Reference Processing due to unavailable references
[8.150s][debug][gc,age       ] GC(49) Desired survivor size 15368192 bytes, new threshold 6 (max threshold 6)
[8.150s][info ][gc,heap      ] GC(49) ParNew: 245130K->5019K(270336K)
[8.150s][info ][gc,heap      ] GC(49) CMS: 168645K->169346K(600768K)
[8.150s][info ][gc,metaspace ] GC(49) Metaspace: 40676K->40676K(1087488K)
[8.150s][info ][gc           ] GC(49) Pause Young (Allocation Failure) 404M->170M(850M) 4.947ms
[8.150s][info ][gc,cpu       ] GC(49) User=0.01s Sys=0.00s Real=0.00s
[8.150s][info ][safepoint    ] Leaving safepoint region
[8.150s][info ][safepoint    ] Total time for which application threads were stopped: 0.0053099 seconds, Stopping threads took: 0.0001689 seconds
[8.168s][info ][safepoint    ] Application time: 0.0183455 seconds
[8.172s][info ][safepoint    ] Entering safepoint region: Deoptimize
[8.173s][info ][safepoint    ] Leaving safepoint region
[8.173s][info ][safepoint    ] Total time for which application threads were stopped: 0.0047961 seconds, Stopping threads took: 0.0039054 seconds
[8.204s][info ][safepoint    ] Application time: 0.0310465 seconds
[8.208s][info ][safepoint    ] Entering safepoint region: GenCollectForAllocation
[8.208s][info ][gc,start     ] GC(50) Pause Young (Allocation Failure)
[8.208s][info ][gc,task      ] GC(50) Using 4 workers of 4 for evacuation
[8.213s][debug][gc,ref       ] GC(50) Skipped phase1 of Reference Processing due to unavailable references
[8.213s][debug][gc,ref       ] GC(50) Skipped phase3 of Reference Processing due to unavailable references
[8.213s][debug][gc,age       ] GC(50) Desired survivor size 15368192 bytes, new threshold 6 (max threshold 6)
[8.213s][info ][gc,heap      ] GC(50) ParNew: 245339K->4935K(270336K)
[8.213s][info ][gc,heap      ] GC(50) CMS: 169346K->169809K(600768K)
[8.213s][info ][gc,metaspace ] GC(50) Metaspace: 40759K->40759K(1087488K)
[8.213s][info ][gc           ] GC(50) Pause Young (Allocation Failure) 404M->170M(850M) 5.116ms
[8.213s][info ][gc,cpu       ] GC(50) User=0.01s Sys=0.00s Real=0.01s
[8.213s][info ][safepoint    ] Leaving safepoint region
[8.213s][info ][safepoint    ] Total time for which application threads were stopped: 0.0087002 seconds, Stopping threads took: 0.0034154 seconds
[8.250s][info ][safepoint    ] Application time: 0.0372627 seconds
[8.250s][info ][safepoint    ] Entering safepoint region: GenCollectForAllocation
[8.251s][info ][gc,start     ] GC(51) Pause Young (Allocation Failure)
[8.251s][info ][gc,task      ] GC(51) Using 4 workers of 4 for evacuation
[8.255s][debug][gc,ref       ] GC(51) Skipped phase1 of Reference Processing due to unavailable references
[8.255s][debug][gc,ref       ] GC(51) Skipped phase3 of Reference Processing due to unavailable references
[8.255s][debug][gc,age       ] GC(51) Desired survivor size 15368192 bytes, new threshold 6 (max threshold 6)
[8.255s][info ][gc,heap      ] GC(51) ParNew: 245255K->4049K(270336K)
[8.255s][info ][gc,heap      ] GC(51) CMS: 169809K->170213K(600768K)
[8.255s][info ][gc,metaspace ] GC(51) Metaspace: 40873K->40873K(1087488K)
[8.255s][info ][gc           ] GC(51) Pause Young (Allocation Failure) 405M->170M(850M) 4.133ms
[8.255s][info ][gc,cpu       ] GC(51) User=0.01s Sys=0.00s Real=0.00s
[8.255s][info ][safepoint    ] Leaving safepoint region
[8.255s][info ][safepoint    ] Total time for which application threads were stopped: 0.0045594 seconds, Stopping threads took: 0.0002281 seconds
[8.260s][info ][safepoint    ] Application time: 0.0052627 seconds
[8.260s][info ][safepoint    ] Entering safepoint region: Deoptimize
[8.261s][info ][safepoint    ] Leaving safepoint region
[8.261s][info ][safepoint    ] Total time for which application threads were stopped: 0.0011530 seconds, Stopping threads took: 0.0002238 seconds
[8.299s][info ][safepoint    ] Application time: 0.0381013 seconds
[8.299s][info ][safepoint    ] Entering safepoint region: GenCollectForAllocation
[8.300s][info ][gc,start     ] GC(52) Pause Young (Allocation Failure)
[8.300s][info ][gc,task      ] GC(52) Using 4 workers of 4 for evacuation
[8.304s][debug][gc,ref       ] GC(52) Skipped phase1 of Reference Processing due to unavailable references
[8.304s][debug][gc,ref       ] GC(52) Skipped phase3 of Reference Processing due to unavailable references
[8.304s][debug][gc,age       ] GC(52) Desired survivor size 15368192 bytes, new threshold 6 (max threshold 6)
[8.304s][info ][gc,heap      ] GC(52) ParNew: 244369K->3771K(270336K)
[8.304s][info ][gc,heap      ] GC(52) CMS: 170213K->170715K(600768K)
[8.304s][info ][gc,metaspace ] GC(52) Metaspace: 41178K->41178K(1087488K)
[8.304s][info ][gc           ] GC(52) Pause Young (Allocation Failure) 404M->170M(850M) 4.733ms
[8.304s][info ][gc,cpu       ] GC(52) User=0.02s Sys=0.00s Real=0.00s
[8.304s][info ][safepoint    ] Leaving safepoint region
[8.304s][info ][safepoint    ] Total time for which application threads were stopped: 0.0050085 seconds, Stopping threads took: 0.0000646 seconds
[8.338s][info ][safepoint    ] Application time: 0.0337942 seconds
[8.339s][info ][safepoint    ] Entering safepoint region: RevokeBias
[8.339s][info ][safepoint    ] Leaving safepoint region
[8.339s][info ][safepoint    ] Total time for which application threads were stopped: 0.0004295 seconds, Stopping threads took: 0.0003145 seconds
[8.339s][info ][safepoint    ] Application time: 0.0000699 seconds
[8.339s][info ][safepoint    ] Entering safepoint region: RevokeBias
[8.339s][info ][safepoint    ] Leaving safepoint region
[8.339s][info ][safepoint    ] Total time for which application threads were stopped: 0.0000915 seconds, Stopping threads took: 0.0000375 seconds
[8.346s][info ][safepoint    ] Application time: 0.0067091 seconds
[8.346s][info ][safepoint    ] Entering safepoint region: RevokeBias
[8.346s][info ][safepoint    ] Leaving safepoint region
[8.346s][info ][safepoint    ] Total time for which application threads were stopped: 0.0002672 seconds, Stopping threads took: 0.0001852 seconds
[8.347s][info ][safepoint    ] Application time: 0.0009197 seconds
[8.347s][info ][safepoint    ] Entering safepoint region: RevokeBias
[8.347s][info ][safepoint    ] Leaving safepoint region
[8.347s][info ][safepoint    ] Total time for which application threads were stopped: 0.0002236 seconds, Stopping threads took: 0.0001136 seconds
[8.349s][info ][safepoint    ] Application time: 0.0018186 seconds
[8.349s][info ][safepoint    ] Entering safepoint region: RevokeBias
[8.349s][info ][safepoint    ] Leaving safepoint region
[8.349s][info ][safepoint    ] Total time for which application threads were stopped: 0.0002535 seconds, Stopping threads took: 0.0001560 seconds
[8.362s][info ][safepoint    ] Application time: 0.0125300 seconds
[8.366s][info ][safepoint    ] Entering safepoint region: GenCollectForAllocation
[8.367s][info ][gc,start     ] GC(53) Pause Young (Allocation Failure)
[8.367s][info ][gc,task      ] GC(53) Using 4 workers of 4 for evacuation
[8.372s][debug][gc,ref       ] GC(53) Skipped phase1 of Reference Processing due to unavailable references
[8.372s][debug][gc,ref       ] GC(53) Skipped phase3 of Reference Processing due to unavailable references
[8.372s][debug][gc,age       ] GC(53) Desired survivor size 15368192 bytes, new threshold 6 (max threshold 6)
[8.372s][info ][gc,heap      ] GC(53) ParNew: 244091K->3284K(270336K)
[8.372s][info ][gc,heap      ] GC(53) CMS: 170715K->171404K(600768K)
[8.372s][info ][gc,metaspace ] GC(53) Metaspace: 41392K->41392K(1087488K)
[8.372s][info ][gc           ] GC(53) Pause Young (Allocation Failure) 405M->170M(850M) 5.394ms
[8.372s][info ][gc,cpu       ] GC(53) User=0.02s Sys=0.00s Real=0.01s
[8.372s][info ][safepoint    ] Leaving safepoint region
[8.372s][info ][safepoint    ] Total time for which application threads were stopped: 0.0103390 seconds, Stopping threads took: 0.0047952 seconds
[8.439s][info ][safepoint    ] Application time: 0.0666229 seconds
[8.439s][info ][safepoint    ] Entering safepoint region: GenCollectForAllocation
[8.439s][info ][gc,start     ] GC(54) Pause Young (Allocation Failure)
[8.439s][info ][gc,task      ] GC(54) Using 4 workers of 4 for evacuation
[8.442s][debug][gc,ref       ] GC(54) Skipped phase1 of Reference Processing due to unavailable references
[8.442s][debug][gc,ref       ] GC(54) Skipped phase3 of Reference Processing due to unavailable references
[8.442s][debug][gc,ref       ] GC(54) Skipped phase4 of Reference Processing due to unavailable references
[8.442s][debug][gc,age       ] GC(54) Desired survivor size 15368192 bytes, new threshold 6 (max threshold 6)
[8.442s][info ][gc,heap      ] GC(54) ParNew: 243604K->2050K(270336K)
[8.442s][info ][gc,heap      ] GC(54) CMS: 171404K->171906K(600768K)
[8.442s][info ][gc,metaspace ] GC(54) Metaspace: 41455K->41455K(1087488K)
[8.442s][info ][gc           ] GC(54) Pause Young (Allocation Failure) 405M->169M(850M) 3.221ms
[8.442s][info ][gc,cpu       ] GC(54) User=0.01s Sys=0.00s Real=0.00s
[8.442s][info ][safepoint    ] Leaving safepoint region
[8.442s][info ][safepoint    ] Total time for which application threads were stopped: 0.0035997 seconds, Stopping threads took: 0.0002046 seconds
[8.489s][info ][safepoint    ] Application time: 0.0463337 seconds
[8.489s][info ][safepoint    ] Entering safepoint region: GenCollectForAllocation
[8.489s][info ][gc,start     ] GC(55) Pause Young (Allocation Failure)
[8.489s][info ][gc,task      ] GC(55) Using 4 workers of 4 for evacuation
[8.492s][debug][gc,ref       ] GC(55) Skipped phase1 of Reference Processing due to unavailable references
[8.492s][debug][gc,ref       ] GC(55) Skipped phase3 of Reference Processing due to unavailable references
[8.492s][debug][gc,ref       ] GC(55) Skipped phase4 of Reference Processing due to unavailable references
[8.492s][debug][gc,age       ] GC(55) Desired survivor size 15368192 bytes, new threshold 6 (max threshold 6)
[8.492s][info ][gc,heap      ] GC(55) ParNew: 242370K->1425K(270336K)
[8.492s][info ][gc,heap      ] GC(55) CMS: 171906K->172494K(600768K)
[8.492s][info ][gc,metaspace ] GC(55) Metaspace: 41503K->41503K(1087488K)
[8.492s][info ][gc           ] GC(55) Pause Young (Allocation Failure) 404M->169M(850M) 3.010ms
[8.492s][info ][gc,cpu       ] GC(55) User=0.01s Sys=0.00s Real=0.01s
[8.492s][info ][safepoint    ] Leaving safepoint region
[8.492s][info ][safepoint    ] Total time for which application threads were stopped: 0.0036229 seconds, Stopping threads took: 0.0004308 seconds
[8.528s][info ][safepoint    ] Application time: 0.0362078 seconds
[8.539s][info ][safepoint    ] Entering safepoint region: GenCollectForAllocation
[8.539s][info ][gc,start     ] GC(56) Pause Young (Allocation Failure)
[8.539s][info ][gc,task      ] GC(56) Using 4 workers of 4 for evacuation
[8.542s][debug][gc,ref       ] GC(56) Skipped phase1 of Reference Processing due to unavailable references
[8.542s][debug][gc,ref       ] GC(56) Skipped phase3 of Reference Processing due to unavailable references
[8.542s][debug][gc,ref       ] GC(56) Skipped phase4 of Reference Processing due to unavailable references
[8.542s][debug][gc,age       ] GC(56) Desired survivor size 15368192 bytes, new threshold 6 (max threshold 6)
[8.542s][info ][gc,heap      ] GC(56) ParNew: 241745K->1028K(270336K)
[8.542s][info ][gc,heap      ] GC(56) CMS: 172494K->172915K(600768K)
[8.542s][info ][gc,metaspace ] GC(56) Metaspace: 41503K->41503K(1087488K)
[8.542s][info ][gc           ] GC(56) Pause Young (Allocation Failure) 404M->169M(850M) 3.375ms
[8.542s][info ][gc,cpu       ] GC(56) User=0.01s Sys=0.00s Real=0.00s
[8.542s][info ][safepoint    ] Leaving safepoint region
[8.542s][info ][safepoint    ] Total time for which application threads were stopped: 0.0136445 seconds, Stopping threads took: 0.0100737 seconds
[8.555s][info ][safepoint    ] Application time: 0.0133294 seconds
[8.556s][info ][safepoint    ] Entering safepoint region: Deoptimize
[8.557s][info ][safepoint    ] Leaving safepoint region
[8.557s][info ][safepoint    ] Total time for which application threads were stopped: 0.0012250 seconds, Stopping threads took: 0.0002850 seconds
[8.565s][info ][safepoint    ] Application time: 0.0085899 seconds
[8.570s][info ][safepoint    ] Entering safepoint region: Deoptimize
[8.573s][info ][safepoint    ] Leaving safepoint region
[8.573s][info ][safepoint    ] Total time for which application threads were stopped: 0.0077226 seconds, Stopping threads took: 0.0052029 seconds
[8.577s][info ][safepoint    ] Application time: 0.0035801 seconds
[8.577s][info ][safepoint    ] Entering safepoint region: RevokeBias
[8.577s][info ][safepoint    ] Leaving safepoint region
[8.577s][info ][safepoint    ] Total time for which application threads were stopped: 0.0002807 seconds, Stopping threads took: 0.0001709 seconds
[8.609s][info ][safepoint    ] Application time: 0.0320576 seconds
[8.609s][info ][safepoint    ] Entering safepoint region: GenCollectForAllocation
[8.609s][info ][gc,start     ] GC(57) Pause Young (Allocation Failure)
[8.609s][info ][gc,task      ] GC(57) Using 4 workers of 4 for evacuation
[8.611s][debug][gc,ref       ] GC(57) Skipped phase1 of Reference Processing due to unavailable references
[8.612s][debug][gc,ref       ] GC(57) Skipped phase3 of Reference Processing due to unavailable references
[8.612s][debug][gc,ref       ] GC(57) Skipped phase4 of Reference Processing due to unavailable references
[8.612s][debug][gc,age       ] GC(57) Desired survivor size 15368192 bytes, new threshold 6 (max threshold 6)
[8.612s][info ][gc,heap      ] GC(57) ParNew: 241348K->452K(270336K)
[8.612s][info ][gc,heap      ] GC(57) CMS: 172915K->173024K(600768K)
[8.612s][info ][gc,metaspace ] GC(57) Metaspace: 41576K->41576K(1087488K)
[8.612s][info ][gc           ] GC(57) Pause Young (Allocation Failure) 404M->169M(850M) 2.471ms
[8.612s][info ][gc,cpu       ] GC(57) User=0.01s Sys=0.00s Real=0.01s
[8.612s][info ][safepoint    ] Leaving safepoint region
[8.612s][info ][safepoint    ] Total time for which application threads were stopped: 0.0027516 seconds, Stopping threads took: 0.0001031 seconds
[8.615s][info ][safepoint    ] Application time: 0.0028214 seconds
[8.615s][info ][safepoint    ] Entering safepoint region: RevokeBias
[8.615s][info ][safepoint    ] Leaving safepoint region
[8.615s][info ][safepoint    ] Total time for which application threads were stopped: 0.0004332 seconds, Stopping threads took: 0.0003109 seconds
[8.623s][info ][safepoint    ] Application time: 0.0077127 seconds
[8.623s][info ][safepoint    ] Entering safepoint region: RevokeBias
[8.623s][info ][safepoint    ] Leaving safepoint region
[8.623s][info ][safepoint    ] Total time for which application threads were stopped: 0.0003073 seconds, Stopping threads took: 0.0001778 seconds
[8.654s][info ][safepoint    ] Application time: 0.0313244 seconds
[8.654s][info ][safepoint    ] Entering safepoint region: GenCollectForAllocation
[8.655s][info ][gc,start     ] GC(58) Pause Young (Allocation Failure)
[8.655s][info ][gc,task      ] GC(58) Using 4 workers of 4 for evacuation
[8.657s][debug][gc,ref       ] GC(58) Skipped phase1 of Reference Processing due to unavailable references
[8.657s][debug][gc,ref       ] GC(58) Skipped phase3 of Reference Processing due to unavailable references
[8.657s][debug][gc,age       ] GC(58) Desired survivor size 15368192 bytes, new threshold 6 (max threshold 6)
[8.657s][info ][gc,heap      ] GC(58) ParNew: 240772K->742K(270336K)
[8.657s][info ][gc,heap      ] GC(58) CMS: 173024K->173106K(600768K)
[8.657s][info ][gc,metaspace ] GC(58) Metaspace: 41768K->41768K(1087488K)
[8.657s][info ][gc           ] GC(58) Pause Young (Allocation Failure) 404M->169M(850M) 2.416ms
[8.657s][info ][gc,cpu       ] GC(58) User=0.01s Sys=0.00s Real=0.00s
[8.657s][info ][safepoint    ] Leaving safepoint region
[8.657s][info ][safepoint    ] Total time for which application threads were stopped: 0.0025843 seconds, Stopping threads took: 0.0000120 seconds
[8.662s][info ][safepoint    ] Application time: 0.0047810 seconds
[8.662s][info ][safepoint    ] Entering safepoint region: Deoptimize
[8.663s][info ][safepoint    ] Leaving safepoint region
[8.663s][info ][safepoint    ] Total time for which application threads were stopped: 0.0010657 seconds, Stopping threads took: 0.0001463 seconds
[8.716s][info ][safepoint    ] Application time: 0.0533524 seconds
[8.719s][info ][safepoint    ] Entering safepoint region: GenCollectForAllocation
[8.720s][info ][gc,start     ] GC(59) Pause Young (Allocation Failure)
[8.720s][info ][gc,task      ] GC(59) Using 4 workers of 4 for evacuation
[8.722s][debug][gc,ref       ] GC(59) Skipped phase1 of Reference Processing due to unavailable references
[8.722s][debug][gc,ref       ] GC(59) Skipped phase3 of Reference Processing due to unavailable references
[8.722s][debug][gc,ref       ] GC(59) Skipped phase4 of Reference Processing due to unavailable references
[8.722s][debug][gc,age       ] GC(59) Desired survivor size 15368192 bytes, new threshold 6 (max threshold 6)
[8.722s][info ][gc,heap      ] GC(59) ParNew: 241062K->2128K(270336K)
[8.722s][info ][gc,heap      ] GC(59) CMS: 173106K->173223K(600768K)
[8.722s][info ][gc,metaspace ] GC(59) Metaspace: 42549K->42549K(1087488K)
[8.722s][info ][gc           ] GC(59) Pause Young (Allocation Failure) 404M->171M(850M) 2.542ms
[8.722s][info ][gc,cpu       ] GC(59) User=0.01s Sys=0.00s Real=0.00s
[8.722s][info ][safepoint    ] Leaving safepoint region
[8.722s][info ][safepoint    ] Total time for which application threads were stopped: 0.0059186 seconds, Stopping threads took: 0.0031951 seconds
[8.723s][info ][safepoint    ] Application time: 0.0006857 seconds
[8.726s][info ][safepoint    ] Entering safepoint region: RevokeBias
[8.726s][info ][safepoint    ] Leaving safepoint region
[8.726s][info ][safepoint    ] Total time for which application threads were stopped: 0.0034847 seconds, Stopping threads took: 0.0033857 seconds
[8.791s][info ][safepoint    ] Application time: 0.0650030 seconds
[8.792s][info ][safepoint    ] Entering safepoint region: GenCollectForAllocation
[8.792s][info ][gc,start     ] GC(60) Pause Young (Allocation Failure)
[8.792s][info ][gc,task      ] GC(60) Using 4 workers of 4 for evacuation
[8.795s][debug][gc,ref       ] GC(60) Skipped phase1 of Reference Processing due to unavailable references
[8.795s][debug][gc,ref       ] GC(60) Skipped phase3 of Reference Processing due to unavailable references
[8.795s][debug][gc,age       ] GC(60) Desired survivor size 15368192 bytes, new threshold 6 (max threshold 6)
[8.795s][info ][gc,heap      ] GC(60) ParNew: 242448K->3124K(270336K)
[8.795s][info ][gc,heap      ] GC(60) CMS: 173223K->173269K(600768K)
[8.795s][info ][gc,metaspace ] GC(60) Metaspace: 43386K->43386K(1089536K)
[8.795s][info ][gc           ] GC(60) Pause Young (Allocation Failure) 405M->172M(850M) 2.853ms
[8.795s][info ][gc,cpu       ] GC(60) User=0.01s Sys=0.01s Real=0.00s
[8.795s][info ][safepoint    ] Leaving safepoint region
[8.795s][info ][safepoint    ] Total time for which application threads were stopped: 0.0034059 seconds, Stopping threads took: 0.0003599 seconds
[8.811s][info ][safepoint    ] Application time: 0.0160709 seconds
[8.814s][info ][safepoint    ] Entering safepoint region: RevokeBias
[8.814s][info ][safepoint    ] Leaving safepoint region
[8.814s][info ][safepoint    ] Total time for which application threads were stopped: 0.0033565 seconds, Stopping threads took: 0.0032321 seconds
[8.876s][info ][safepoint    ] Application time: 0.0622038 seconds
[8.879s][info ][safepoint    ] Entering safepoint region: RevokeBias
[8.879s][info ][safepoint    ] Leaving safepoint region
[8.879s][info ][safepoint    ] Total time for which application threads were stopped: 0.0022256 seconds, Stopping threads took: 0.0021195 seconds
[8.896s][info ][safepoint    ] Application time: 0.0177593 seconds
[8.897s][info ][safepoint    ] Entering safepoint region: GenCollectForAllocation
[8.897s][info ][gc,start     ] GC(61) Pause Young (Allocation Failure)
[8.897s][info ][gc,task      ] GC(61) Using 4 workers of 4 for evacuation
[8.900s][debug][gc,ref       ] GC(61) Skipped phase1 of Reference Processing due to unavailable references
[8.900s][debug][gc,ref       ] GC(61) Skipped phase3 of Reference Processing due to unavailable references
[8.901s][debug][gc,age       ] GC(61) Desired survivor size 15368192 bytes, new threshold 6 (max threshold 6)
[8.901s][info ][gc,heap      ] GC(61) ParNew: 243444K->3462K(270336K)
[8.901s][info ][gc,heap      ] GC(61) CMS: 173269K->173291K(600768K)
[8.901s][info ][gc,metaspace ] GC(61) Metaspace: 44089K->44089K(1089536K)
[8.901s][info ][gc           ] GC(61) Pause Young (Allocation Failure) 406M->172M(850M) 3.876ms
[8.901s][info ][gc,cpu       ] GC(61) User=0.01s Sys=0.00s Real=0.01s
[8.901s][info ][safepoint    ] Leaving safepoint region
[8.901s][info ][safepoint    ] Total time for which application threads were stopped: 0.0042101 seconds, Stopping threads took: 0.0001788 seconds
[8.919s][info ][safepoint    ] Application time: 0.0184023 seconds
[8.923s][info ][safepoint    ] Entering safepoint region: RevokeBias
[8.924s][info ][safepoint    ] Leaving safepoint region
[8.924s][info ][safepoint    ] Total time for which application threads were stopped: 0.0044304 seconds, Stopping threads took: 0.0043039 seconds
[8.936s][info ][safepoint    ] Application time: 0.0122772 seconds
[8.939s][info ][safepoint    ] Entering safepoint region: RevokeBias
[8.939s][info ][safepoint    ] Leaving safepoint region
[8.939s][info ][safepoint    ] Total time for which application threads were stopped: 0.0034834 seconds, Stopping threads took: 0.0033819 seconds
[8.968s][info ][safepoint    ] Application time: 0.0284687 seconds
[8.971s][info ][safepoint    ] Entering safepoint region: GenCollectForAllocation
[8.971s][info ][gc,start     ] GC(62) Pause Young (Allocation Failure)
[8.971s][info ][gc,task      ] GC(62) Using 4 workers of 4 for evacuation
[8.986s][debug][gc,ref       ] GC(62) Skipped phase1 of Reference Processing due to unavailable references
[8.986s][debug][gc,ref       ] GC(62) Skipped phase3 of Reference Processing due to unavailable references
[8.986s][debug][gc,age       ] GC(62) Desired survivor size 15368192 bytes, new threshold 6 (max threshold 6)
[8.986s][info ][gc,heap      ] GC(62) ParNew: 243782K->4474K(270336K)
[8.986s][info ][gc,heap      ] GC(62) CMS: 173291K->173301K(600768K)
[8.986s][info ][gc,metaspace ] GC(62) Metaspace: 44668K->44668K(1089536K)
[8.986s][info ][gc           ] GC(62) Pause Young (Allocation Failure) 407M->173M(850M) 15.218ms
[8.986s][info ][gc,cpu       ] GC(62) User=0.05s Sys=0.00s Real=0.01s
[8.986s][info ][safepoint    ] Leaving safepoint region
[8.986s][info ][safepoint    ] Total time for which application threads were stopped: 0.0186001 seconds, Stopping threads took: 0.0032096 seconds
[8.995s][info ][safepoint    ] Application time: 0.0087194 seconds
[9.003s][info ][safepoint    ] Entering safepoint region: RevokeBias
[9.003s][info ][safepoint    ] Leaving safepoint region
[9.003s][info ][safepoint    ] Total time for which application threads were stopped: 0.0075929 seconds, Stopping threads took: 0.0074726 seconds
[9.055s][info ][safepoint    ] Application time: 0.0522981 seconds
[9.055s][info ][safepoint    ] Entering safepoint region: GenCollectForAllocation
[9.056s][info ][gc,start     ] GC(63) Pause Young (Allocation Failure)
[9.056s][info ][gc,task      ] GC(63) Using 4 workers of 4 for evacuation
[9.059s][debug][gc,ref       ] GC(63) Skipped phase1 of Reference Processing due to unavailable references
[9.059s][debug][gc,ref       ] GC(63) Skipped phase3 of Reference Processing due to unavailable references
[9.059s][debug][gc,age       ] GC(63) Desired survivor size 15368192 bytes, new threshold 6 (max threshold 6)
[9.059s][info ][gc,heap      ] GC(63) ParNew: 244794K->7088K(270336K)
[9.059s][info ][gc,heap      ] GC(63) CMS: 173301K->173333K(600768K)
[9.059s][info ][gc,metaspace ] GC(63) Metaspace: 45004K->45004K(1089536K)
[9.059s][info ][gc           ] GC(63) Pause Young (Allocation Failure) 408M->176M(850M) 3.538ms
[9.059s][info ][gc,cpu       ] GC(63) User=0.01s Sys=0.00s Real=0.01s
[9.059s][info ][safepoint    ] Leaving safepoint region
[9.059s][info ][safepoint    ] Total time for which application threads were stopped: 0.0039626 seconds, Stopping threads took: 0.0001909 seconds
[9.083s][info ][safepoint    ] Application time: 0.0240148 seconds
[9.083s][info ][safepoint    ] Entering safepoint region: RevokeBias
[9.083s][info ][safepoint    ] Leaving safepoint region
[9.083s][info ][safepoint    ] Total time for which application threads were stopped: 0.0003335 seconds, Stopping threads took: 0.0001953 seconds
[9.089s][info ][safepoint    ] Application time: 0.0057602 seconds
[9.089s][info ][safepoint    ] Entering safepoint region: RevokeBias
[9.089s][info ][safepoint    ] Leaving safepoint region
[9.089s][info ][safepoint    ] Total time for which application threads were stopped: 0.0002071 seconds, Stopping threads took: 0.0000923 seconds
[9.113s][info ][safepoint    ] Application time: 0.0237665 seconds
[9.115s][info ][safepoint    ] Entering safepoint region: GenCollectForAllocation
[9.115s][info ][gc,start     ] GC(64) Pause Young (Allocation Failure)
[9.115s][info ][gc,task      ] GC(64) Using 4 workers of 4 for evacuation
[9.124s][debug][gc,ref       ] GC(64) Skipped phase1 of Reference Processing due to unavailable references
[9.124s][debug][gc,ref       ] GC(64) Skipped phase3 of Reference Processing due to unavailable references
[9.124s][debug][gc,age       ] GC(64) Desired survivor size 15368192 bytes, new threshold 6 (max threshold 6)
[9.124s][info ][gc,heap      ] GC(64) ParNew: 247408K->7939K(270336K)
[9.124s][info ][gc,heap      ] GC(64) CMS: 173333K->173537K(600768K)
[9.124s][info ][gc,metaspace ] GC(64) Metaspace: 45099K->45099K(1091584K)
[9.124s][info ][gc           ] GC(64) Pause Young (Allocation Failure) 410M->177M(850M) 9.096ms
[9.124s][info ][gc,cpu       ] GC(64) User=0.04s Sys=0.00s Real=0.01s
[9.124s][info ][safepoint    ] Leaving safepoint region
[9.124s][info ][safepoint    ] Total time for which application threads were stopped: 0.0105794 seconds, Stopping threads took: 0.0013026 seconds
[9.168s][info ][safepoint    ] Application time: 0.0443101 seconds
[9.171s][info ][safepoint    ] Entering safepoint region: GenCollectForAllocation
[9.172s][info ][gc,start     ] GC(65) Pause Young (Allocation Failure)
[9.172s][info ][gc,task      ] GC(65) Using 4 workers of 4 for evacuation
[9.179s][debug][gc,ref       ] GC(65) Skipped phase1 of Reference Processing due to unavailable references
[9.179s][debug][gc,ref       ] GC(65) Skipped phase3 of Reference Processing due to unavailable references
[9.179s][debug][gc,age       ] GC(65) Desired survivor size 15368192 bytes, new threshold 6 (max threshold 6)
[9.179s][info ][gc,heap      ] GC(65) ParNew: 248259K->10408K(270336K)
[9.179s][info ][gc,heap      ] GC(65) CMS: 173537K->175040K(600768K)
[9.179s][info ][gc,metaspace ] GC(65) Metaspace: 45183K->45183K(1091584K)
[9.179s][info ][gc           ] GC(65) Pause Young (Allocation Failure) 411M->181M(850M) 7.598ms
[9.179s][info ][gc,cpu       ] GC(65) User=0.02s Sys=0.00s Real=0.01s
[9.179s][info ][safepoint    ] Leaving safepoint region
[9.179s][info ][safepoint    ] Total time for which application threads were stopped: 0.0109977 seconds, Stopping threads took: 0.0032346 seconds
[9.189s][info ][safepoint    ] Application time: 0.0103108 seconds
[9.193s][info ][safepoint    ] Entering safepoint region: Deoptimize
[9.194s][info ][safepoint    ] Leaving safepoint region
[9.194s][info ][safepoint    ] Total time for which application threads were stopped: 0.0042481 seconds, Stopping threads took: 0.0033079 seconds
[9.196s][info ][safepoint    ] Application time: 0.0026019 seconds
[9.196s][info ][safepoint    ] Entering safepoint region: RevokeBias
[9.197s][info ][safepoint    ] Leaving safepoint region
[9.197s][info ][safepoint    ] Total time for which application threads were stopped: 0.0002705 seconds, Stopping threads took: 0.0000785 seconds
[9.244s][info ][safepoint    ] Application time: 0.0470416 seconds
[9.248s][info ][safepoint    ] Entering safepoint region: RevokeBias
[9.248s][info ][safepoint    ] Leaving safepoint region
[9.248s][info ][safepoint    ] Total time for which application threads were stopped: 0.0041478 seconds, Stopping threads took: 0.0039917 seconds
[9.251s][info ][safepoint    ] Application time: 0.0028882 seconds
[9.251s][info ][safepoint    ] Entering safepoint region: RevokeBias
[9.251s][info ][safepoint    ] Leaving safepoint region
[9.251s][info ][safepoint    ] Total time for which application threads were stopped: 0.0003159 seconds, Stopping threads took: 0.0002011 seconds
[9.251s][info ][safepoint    ] Application time: 0.0003052 seconds
[9.251s][info ][safepoint    ] Entering safepoint region: RevokeBias
[9.252s][info ][safepoint    ] Leaving safepoint region
[9.252s][info ][safepoint    ] Total time for which application threads were stopped: 0.0001418 seconds, Stopping threads took: 0.0000376 seconds
[9.287s][info ][safepoint    ] Application time: 0.0357023 seconds
[9.290s][info ][safepoint    ] Entering safepoint region: GenCollectForAllocation
[9.291s][info ][gc,start     ] GC(66) Pause Young (Allocation Failure)
[9.291s][info ][gc,task      ] GC(66) Using 4 workers of 4 for evacuation
[9.298s][debug][gc,ref       ] GC(66) Skipped phase1 of Reference Processing due to unavailable references
[9.298s][debug][gc,ref       ] GC(66) Skipped phase3 of Reference Processing due to unavailable references
[9.298s][debug][gc,age       ] GC(66) Desired survivor size 15368192 bytes, new threshold 6 (max threshold 6)
[9.298s][info ][gc,heap      ] GC(66) ParNew: 250728K->10496K(270336K)
[9.298s][info ][gc,heap      ] GC(66) CMS: 175040K->175360K(600768K)
[9.298s][info ][gc,metaspace ] GC(66) Metaspace: 45628K->45628K(1091584K)
[9.298s][info ][gc           ] GC(66) Pause Young (Allocation Failure) 415M->181M(850M) 7.201ms
[9.298s][info ][gc,cpu       ] GC(66) User=0.02s Sys=0.00s Real=0.00s
[9.298s][info ][safepoint    ] Leaving safepoint region
[9.298s][info ][safepoint    ] Total time for which application threads were stopped: 0.0105344 seconds, Stopping threads took: 0.0031241 seconds
[9.304s][info ][safepoint    ] Application time: 0.0063353 seconds
[9.304s][info ][safepoint    ] Entering safepoint region: RevokeBias
[9.305s][info ][safepoint    ] Leaving safepoint region
[9.305s][info ][safepoint    ] Total time for which application threads were stopped: 0.0003457 seconds, Stopping threads took: 0.0001633 seconds
[9.338s][info ][safepoint    ] Application time: 0.0338870 seconds
[9.339s][info ][safepoint    ] Entering safepoint region: RevokeBias
[9.339s][info ][safepoint    ] Leaving safepoint region
[9.339s][info ][safepoint    ] Total time for which application threads were stopped: 0.0003639 seconds, Stopping threads took: 0.0001956 seconds
[9.342s][info ][safepoint    ] Application time: 0.0036007 seconds
[9.343s][info ][safepoint    ] Entering safepoint region: RevokeBias
[9.343s][info ][safepoint    ] Leaving safepoint region
[9.343s][info ][safepoint    ] Total time for which application threads were stopped: 0.0002400 seconds, Stopping threads took: 0.0001189 seconds
[9.343s][info ][safepoint    ] Application time: 0.0001360 seconds
[9.346s][info ][safepoint    ] Entering safepoint region: RevokeBias
[9.346s][info ][safepoint    ] Leaving safepoint region
[9.346s][info ][safepoint    ] Total time for which application threads were stopped: 0.0033563 seconds, Stopping threads took: 0.0032482 seconds
[9.346s][info ][safepoint    ] Application time: 0.0002307 seconds
[9.350s][info ][safepoint    ] Entering safepoint region: RevokeBias
[9.350s][info ][safepoint    ] Leaving safepoint region
[9.350s][info ][safepoint    ] Total time for which application threads were stopped: 0.0033738 seconds, Stopping threads took: 0.0032530 seconds
[9.389s][info ][safepoint    ] Application time: 0.0391590 seconds
[9.398s][info ][safepoint    ] Entering safepoint region: RevokeBias
[9.399s][info ][safepoint    ] Leaving safepoint region
[9.399s][info ][safepoint    ] Total time for which application threads were stopped: 0.0095467 seconds, Stopping threads took: 0.0094009 seconds
[9.406s][info ][safepoint    ] Application time: 0.0078433 seconds
[9.406s][info ][safepoint    ] Entering safepoint region: GenCollectForAllocation
[9.407s][info ][gc,start     ] GC(67) Pause Young (Allocation Failure)
[9.407s][info ][gc,task      ] GC(67) Using 4 workers of 4 for evacuation
[9.418s][debug][gc,ref       ] GC(67) Skipped phase1 of Reference Processing due to unavailable references
[9.418s][debug][gc,ref       ] GC(67) Skipped phase3 of Reference Processing due to unavailable references
[9.419s][debug][gc,age       ] GC(67) Desired survivor size 15368192 bytes, new threshold 6 (max threshold 6)
[9.419s][info ][gc,heap      ] GC(67) ParNew: 250816K->10675K(270336K)
[9.419s][info ][gc,heap      ] GC(67) CMS: 175360K->175464K(600768K)
[9.419s][info ][gc,metaspace ] GC(67) Metaspace: 45851K->45851K(1091584K)
[9.419s][info ][gc           ] GC(67) Pause Young (Allocation Failure) 416M->181M(850M) 12.076ms
[9.419s][info ][gc,cpu       ] GC(67) User=0.03s Sys=0.00s Real=0.02s
[9.419s][info ][safepoint    ] Leaving safepoint region
[9.419s][info ][safepoint    ] Total time for which application threads were stopped: 0.0123275 seconds, Stopping threads took: 0.0000700 seconds
[9.467s][info ][safepoint    ] Application time: 0.0481657 seconds
[9.471s][info ][safepoint    ] Entering safepoint region: RevokeBias
[9.471s][info ][safepoint    ] Leaving safepoint region
[9.471s][info ][safepoint    ] Total time for which application threads were stopped: 0.0044805 seconds, Stopping threads took: 0.0043366 seconds
[9.475s][info ][safepoint    ] Application time: 0.0032877 seconds
[9.475s][info ][safepoint    ] Entering safepoint region: RevokeBias
[9.475s][info ][safepoint    ] Leaving safepoint region
[9.475s][info ][safepoint    ] Total time for which application threads were stopped: 0.0002969 seconds, Stopping threads took: 0.0001419 seconds
[9.475s][info ][safepoint    ] Application time: 0.0000673 seconds
[9.475s][info ][safepoint    ] Entering safepoint region: RevokeBias
[9.475s][info ][safepoint    ] Leaving safepoint region
[9.475s][info ][safepoint    ] Total time for which application threads were stopped: 0.0001613 seconds, Stopping threads took: 0.0000722 seconds
[9.489s][info ][safepoint    ] Application time: 0.0139415 seconds
[9.495s][info ][safepoint    ] Entering safepoint region: GenCollectForAllocation
[9.495s][info ][gc,start     ] GC(68) Pause Young (Allocation Failure)
[9.495s][info ][gc,task      ] GC(68) Using 4 workers of 4 for evacuation
[9.501s][debug][gc,ref       ] GC(68) Skipped phase1 of Reference Processing due to unavailable references
[9.501s][debug][gc,ref       ] GC(68) Skipped phase3 of Reference Processing due to unavailable references
[9.501s][debug][gc,age       ] GC(68) Desired survivor size 15368192 bytes, new threshold 6 (max threshold 6)
[9.501s][info ][gc,heap      ] GC(68) ParNew: 250995K->11146K(270336K)
[9.501s][info ][gc,heap      ] GC(68) CMS: 175464K->176381K(600768K)
[9.501s][info ][gc,metaspace ] GC(68) Metaspace: 45901K->45901K(1091584K)
[9.501s][info ][gc           ] GC(68) Pause Young (Allocation Failure) 416M->183M(850M) 6.221ms
[9.501s][info ][gc,cpu       ] GC(68) User=0.02s Sys=0.00s Real=0.01s
[9.501s][info ][safepoint    ] Leaving safepoint region
[9.501s][info ][safepoint    ] Total time for which application threads were stopped: 0.0118491 seconds, Stopping threads took: 0.0054326 seconds
[9.539s][info ][safepoint    ] Application time: 0.0382187 seconds
[9.543s][info ][safepoint    ] Entering safepoint region: GenCollectForAllocation
[9.543s][info ][gc,start     ] GC(69) Pause Young (Allocation Failure)
[9.543s][info ][gc,task      ] GC(69) Using 4 workers of 4 for evacuation
[9.550s][debug][gc,ref       ] GC(69) Skipped phase1 of Reference Processing due to unavailable references
[9.550s][debug][gc,ref       ] GC(69) Skipped phase3 of Reference Processing due to unavailable references
[9.550s][debug][gc,age       ] GC(69) Desired survivor size 15368192 bytes, new threshold 6 (max threshold 6)
[9.550s][info ][gc,heap      ] GC(69) ParNew: 251466K->13247K(270336K)
[9.550s][info ][gc,heap      ] GC(69) CMS: 176381K->178211K(600768K)
[9.550s][info ][gc,metaspace ] GC(69) Metaspace: 45923K->45923K(1091584K)
[9.550s][info ][gc           ] GC(69) Pause Young (Allocation Failure) 417M->186M(850M) 7.562ms
[9.550s][info ][gc,cpu       ] GC(69) User=0.03s Sys=0.00s Real=0.01s
[9.550s][info ][safepoint    ] Leaving safepoint region
[9.550s][info ][safepoint    ] Total time for which application threads were stopped: 0.0110909 seconds, Stopping threads took: 0.0033439 seconds
[9.599s][info ][safepoint    ] Application time: 0.0482541 seconds
[9.602s][info ][safepoint    ] Entering safepoint region: GenCollectForAllocation
[9.603s][info ][gc,start     ] GC(70) Pause Young (Allocation Failure)
[9.603s][info ][gc,task      ] GC(70) Using 4 workers of 4 for evacuation
[9.613s][debug][gc,ref       ] GC(70) Skipped phase1 of Reference Processing due to unavailable references
[9.613s][debug][gc,ref       ] GC(70) Skipped phase3 of Reference Processing due to unavailable references
[9.613s][debug][gc,age       ] GC(70) Desired survivor size 15368192 bytes, new threshold 6 (max threshold 6)
[9.613s][info ][gc,heap      ] GC(70) ParNew: 253567K->7471K(270336K)
[9.613s][info ][gc,heap      ] GC(70) CMS: 178211K->179963K(600768K)
[9.613s][info ][gc,metaspace ] GC(70) Metaspace: 46068K->46068K(1091584K)
[9.613s][info ][gc           ] GC(70) Pause Young (Allocation Failure) 421M->183M(850M) 10.304ms
[9.613s][info ][gc,cpu       ] GC(70) User=0.04s Sys=0.00s Real=0.01s
[9.613s][info ][safepoint    ] Leaving safepoint region
[9.613s][info ][safepoint    ] Total time for which application threads were stopped: 0.0143345 seconds, Stopping threads took: 0.0037962 seconds
[9.661s][info ][safepoint    ] Application time: 0.0483798 seconds
[9.662s][info ][safepoint    ] Entering safepoint region: RevokeBias
[9.662s][info ][safepoint    ] Leaving safepoint region
[9.662s][info ][safepoint    ] Total time for which application threads were stopped: 0.0003573 seconds, Stopping threads took: 0.0001958 seconds
[9.670s][info ][safepoint    ] Application time: 0.0081418 seconds
[9.675s][info ][safepoint    ] Entering safepoint region: GenCollectForAllocation
[9.676s][info ][gc,start     ] GC(71) Pause Young (Allocation Failure)
[9.676s][info ][gc,task      ] GC(71) Using 4 workers of 4 for evacuation
[9.685s][debug][gc,ref       ] GC(71) Skipped phase1 of Reference Processing due to unavailable references
[9.685s][debug][gc,ref       ] GC(71) Skipped phase3 of Reference Processing due to unavailable references
[9.685s][debug][gc,age       ] GC(71) Desired survivor size 15368192 bytes, new threshold 6 (max threshold 6)
[9.685s][info ][gc,heap      ] GC(71) ParNew: 247791K->6260K(270336K)
[9.685s][info ][gc,heap      ] GC(71) CMS: 179963K->182275K(600768K)
[9.685s][info ][gc,metaspace ] GC(71) Metaspace: 46109K->46109K(1091584K)
[9.685s][info ][gc           ] GC(71) Pause Young (Allocation Failure) 417M->184M(850M) 9.623ms
[9.685s][info ][gc,cpu       ] GC(71) User=0.02s Sys=0.00s Real=0.01s
[9.685s][info ][safepoint    ] Leaving safepoint region
[9.685s][info ][safepoint    ] Total time for which application threads were stopped: 0.0152205 seconds, Stopping threads took: 0.0053946 seconds
[9.696s][info ][safepoint    ] Application time: 0.0112059 seconds
[9.699s][info ][safepoint    ] Entering safepoint region: RevokeBias
[9.699s][info ][safepoint    ] Leaving safepoint region
[9.699s][info ][safepoint    ] Total time for which application threads were stopped: 0.0022504 seconds, Stopping threads took: 0.0020988 seconds
[9.699s][info ][safepoint    ] Application time: 0.0000662 seconds
[9.699s][info ][safepoint    ] Entering safepoint region: RevokeBias
[9.699s][info ][safepoint    ] Leaving safepoint region
[9.699s][info ][safepoint    ] Total time for which application threads were stopped: 0.0001435 seconds, Stopping threads took: 0.0000619 seconds
[9.699s][info ][safepoint    ] Application time: 0.0004935 seconds
[9.699s][info ][safepoint    ] Entering safepoint region: RevokeBias
[9.700s][info ][safepoint    ] Leaving safepoint region
[9.700s][info ][safepoint    ] Total time for which application threads were stopped: 0.0002214 seconds, Stopping threads took: 0.0000504 seconds
[9.761s][info ][safepoint    ] Application time: 0.0610270 seconds
[9.761s][info ][safepoint    ] Entering safepoint region: GenCollectForAllocation
[9.761s][info ][gc,start     ] GC(72) Pause Young (Allocation Failure)
[9.761s][info ][gc,task      ] GC(72) Using 4 workers of 4 for evacuation
[9.765s][debug][gc,ref       ] GC(72) Skipped phase1 of Reference Processing due to unavailable references
[9.765s][debug][gc,ref       ] GC(72) Skipped phase3 of Reference Processing due to unavailable references
[9.765s][debug][gc,age       ] GC(72) Desired survivor size 15368192 bytes, new threshold 6 (max threshold 6)
[9.765s][info ][gc,heap      ] GC(72) ParNew: 246580K->5858K(270336K)
[9.765s][info ][gc,heap      ] GC(72) CMS: 182275K->182445K(600768K)
[9.765s][info ][gc,metaspace ] GC(72) Metaspace: 46152K->46152K(1091584K)
[9.765s][info ][gc           ] GC(72) Pause Young (Allocation Failure) 418M->183M(850M) 3.887ms
[9.765s][info ][gc,cpu       ] GC(72) User=0.02s Sys=0.00s Real=0.00s
[9.765s][info ][safepoint    ] Leaving safepoint region
[9.765s][info ][safepoint    ] Total time for which application threads were stopped: 0.0042605 seconds, Stopping threads took: 0.0001640 seconds
[9.815s][info ][safepoint    ] Application time: 0.0501545 seconds
[9.815s][info ][safepoint    ] Entering safepoint region: GenCollectForAllocation
[9.816s][info ][gc,start     ] GC(73) Pause Young (Allocation Failure)
[9.816s][info ][gc,task      ] GC(73) Using 4 workers of 4 for evacuation
[9.819s][debug][gc,ref       ] GC(73) Skipped phase1 of Reference Processing due to unavailable references
[9.819s][debug][gc,ref       ] GC(73) Skipped phase3 of Reference Processing due to unavailable references
[9.820s][debug][gc,age       ] GC(73) Desired survivor size 15368192 bytes, new threshold 6 (max threshold 6)
[9.820s][info ][gc,heap      ] GC(73) ParNew: 246178K->9685K(270336K)
[9.820s][info ][gc,heap      ] GC(73) CMS: 182445K->182924K(600768K)
[9.820s][info ][gc,metaspace ] GC(73) Metaspace: 46182K->46182K(1091584K)
[9.820s][info ][gc           ] GC(73) Pause Young (Allocation Failure) 418M->188M(850M) 4.114ms
[9.820s][info ][gc,cpu       ] GC(73) User=0.01s Sys=0.00s Real=0.01s
[9.820s][info ][safepoint    ] Leaving safepoint region
[9.820s][info ][safepoint    ] Total time for which application threads were stopped: 0.0045919 seconds, Stopping threads took: 0.0002464 seconds
[9.872s][info ][safepoint    ] Application time: 0.0522154 seconds
[9.875s][info ][safepoint    ] Entering safepoint region: GenCollectForAllocation
[9.876s][info ][gc,start     ] GC(74) Pause Young (Allocation Failure)
[9.876s][info ][gc,task      ] GC(74) Using 4 workers of 4 for evacuation
[9.880s][debug][gc,ref       ] GC(74) Skipped phase1 of Reference Processing due to unavailable references
[9.880s][debug][gc,ref       ] GC(74) Skipped phase3 of Reference Processing due to unavailable references
[9.880s][debug][gc,age       ] GC(74) Desired survivor size 15368192 bytes, new threshold 6 (max threshold 6)
[9.880s][info ][gc,heap      ] GC(74) ParNew: 250005K->11215K(270336K)
[9.880s][info ][gc,heap      ] GC(74) CMS: 182924K->183922K(600768K)
[9.880s][info ][gc,metaspace ] GC(74) Metaspace: 46225K->46225K(1091584K)
[9.880s][info ][gc           ] GC(74) Pause Young (Allocation Failure) 422M->190M(850M) 4.923ms
[9.880s][info ][gc,cpu       ] GC(74) User=0.02s Sys=0.00s Real=0.01s
[9.881s][info ][safepoint    ] Leaving safepoint region
[9.881s][info ][safepoint    ] Total time for which application threads were stopped: 0.0085392 seconds, Stopping threads took: 0.0033699 seconds
[9.933s][info ][safepoint    ] Application time: 0.0521762 seconds
[9.933s][info ][safepoint    ] Entering safepoint region: GenCollectForAllocation
[9.933s][info ][gc,start     ] GC(75) Pause Young (Allocation Failure)
[9.933s][info ][gc,task      ] GC(75) Using 4 workers of 4 for evacuation
[9.939s][debug][gc,ref       ] GC(75) Skipped phase1 of Reference Processing due to unavailable references
[9.939s][debug][gc,ref       ] GC(75) Skipped phase3 of Reference Processing due to unavailable references
[9.939s][debug][gc,ref       ] GC(75) Skipped phase4 of Reference Processing due to unavailable references
[9.939s][debug][gc,age       ] GC(75) Desired survivor size 15368192 bytes, new threshold 6 (max threshold 6)
[9.939s][info ][gc,heap      ] GC(75) ParNew: 251535K->9864K(270336K)
[9.939s][info ][gc,heap      ] GC(75) CMS: 183922K->184446K(600768K)
[9.939s][info ][gc,metaspace ] GC(75) Metaspace: 46297K->46297K(1091584K)
[9.939s][info ][gc           ] GC(75) Pause Young (Allocation Failure) 425M->189M(850M) 5.662ms
[9.939s][info ][gc,cpu       ] GC(75) User=0.03s Sys=0.00s Real=0.01s
[9.939s][info ][safepoint    ] Leaving safepoint region
[9.939s][info ][safepoint    ] Total time for which application threads were stopped: 0.0063998 seconds, Stopping threads took: 0.0004839 seconds
[9.964s][info ][safepoint    ] Application time: 0.0253567 seconds
[9.965s][info ][safepoint    ] Entering safepoint region: RevokeBias
[9.965s][info ][safepoint    ] Leaving safepoint region
[9.965s][info ][safepoint    ] Total time for which application threads were stopped: 0.0007939 seconds, Stopping threads took: 0.0006457 seconds
[9.965s][info ][safepoint    ] Application time: 0.0000663 seconds
[9.965s][info ][safepoint    ] Entering safepoint region: RevokeBias
[9.966s][info ][safepoint    ] Leaving safepoint region
[9.966s][info ][safepoint    ] Total time for which application threads were stopped: 0.0001557 seconds, Stopping threads took: 0.0000755 seconds
[9.968s][info ][safepoint    ] Application time: 0.0023962 seconds
[9.969s][info ][safepoint    ] Entering safepoint region: GenCollectForAllocation
[9.969s][info ][safepoint    ] Leaving safepoint region
[9.969s][info ][safepoint    ] Total time for which application threads were stopped: 0.0009530 seconds, Stopping threads took: 0.0008289 seconds
[9.970s][info ][safepoint    ] Application time: 0.0012371 seconds
[9.970s][info ][safepoint    ] Entering safepoint region: GenCollectForAllocation
[9.970s][info ][gc,start     ] GC(76) Pause Young (Allocation Failure)
[9.970s][info ][gc,task      ] GC(76) Using 4 workers of 4 for evacuation
[9.976s][debug][gc,ref       ] GC(76) Skipped phase1 of Reference Processing due to unavailable references
[9.976s][debug][gc,ref       ] GC(76) Skipped phase2 of Reference Processing due to unavailable references
[9.976s][debug][gc,ref       ] GC(76) Skipped phase3 of Reference Processing due to unavailable references
[9.976s][debug][gc,ref       ] GC(76) Skipped phase4 of Reference Processing due to unavailable references
[9.976s][debug][gc,age       ] GC(76) Desired survivor size 15368192 bytes, new threshold 6 (max threshold 6)
[9.976s][info ][gc,heap      ] GC(76) ParNew: 250241K->11644K(270336K)
[9.976s][info ][gc,heap      ] GC(76) CMS: 184446K->185110K(600768K)
[9.977s][info ][gc,metaspace ] GC(76) Metaspace: 46315K->46315K(1091584K)
[9.977s][info ][gc           ] GC(76) Pause Young (Allocation Failure) 424M->192M(850M) 6.196ms
[9.977s][info ][gc,cpu       ] GC(76) User=0.03s Sys=0.00s Real=0.01s
[9.977s][info ][safepoint    ] Leaving safepoint region
[9.977s][info ][safepoint    ] Total time for which application threads were stopped: 0.0063982 seconds, Stopping threads took: 0.0000383 seconds
[10.009s][info ][safepoint    ] Application time: 0.0323986 seconds
[10.014s][info ][safepoint    ] Entering safepoint region: GenCollectForAllocation
[10.015s][info ][gc,start     ] GC(77) Pause Young (Allocation Failure)
[10.015s][info ][gc,task      ] GC(77) Using 4 workers of 4 for evacuation
[10.026s][debug][gc,ref       ] GC(77) Skipped phase1 of Reference Processing due to unavailable references
[10.026s][debug][gc,ref       ] GC(77) Skipped phase2 of Reference Processing due to unavailable references
[10.026s][debug][gc,ref       ] GC(77) Skipped phase3 of Reference Processing due to unavailable references
[10.026s][debug][gc,ref       ] GC(77) Skipped phase4 of Reference Processing due to unavailable references
[10.027s][debug][gc,age       ] GC(77) Desired survivor size 15368192 bytes, new threshold 6 (max threshold 6)
[10.027s][info ][gc,heap      ] GC(77) ParNew: 251964K->12682K(270336K)
[10.027s][info ][gc,heap      ] GC(77) CMS: 185110K->185795K(600768K)
[10.027s][info ][gc,metaspace ] GC(77) Metaspace: 46331K->46331K(1091584K)
[10.027s][info ][gc           ] GC(77) Pause Young (Allocation Failure) 426M->193M(850M) 12.077ms
[10.027s][info ][gc,cpu       ] GC(77) User=0.04s Sys=0.00s Real=0.01s
[10.027s][info ][safepoint    ] Leaving safepoint region
[10.027s][info ][safepoint    ] Total time for which application threads were stopped: 0.0177145 seconds, Stopping threads took: 0.0054185 seconds
[10.089s][info ][safepoint    ] Application time: 0.0625085 seconds
[10.098s][info ][safepoint    ] Entering safepoint region: GenCollectForAllocation
[10.099s][info ][gc,start     ] GC(78) Pause Young (Allocation Failure)
[10.099s][info ][gc,task      ] GC(78) Using 4 workers of 4 for evacuation
[10.108s][debug][gc,ref       ] GC(78) Skipped phase1 of Reference Processing due to unavailable references
[10.108s][debug][gc,ref       ] GC(78) Skipped phase2 of Reference Processing due to unavailable references
[10.108s][debug][gc,ref       ] GC(78) Skipped phase3 of Reference Processing due to unavailable references
[10.108s][debug][gc,ref       ] GC(78) Skipped phase4 of Reference Processing due to unavailable references
[10.108s][debug][gc,age       ] GC(78) Desired survivor size 15368192 bytes, new threshold 6 (max threshold 6)
[10.108s][info ][gc,heap      ] GC(78) ParNew: 253002K->13296K(270336K)
[10.108s][info ][gc,heap      ] GC(78) CMS: 185795K->187928K(600768K)
[10.108s][info ][gc,metaspace ] GC(78) Metaspace: 46369K->46369K(1091584K)
[10.108s][info ][gc           ] GC(78) Pause Young (Allocation Failure) 428M->196M(850M) 9.400ms
[10.108s][info ][gc,cpu       ] GC(78) User=0.04s Sys=0.00s Real=0.00s
[10.108s][info ][safepoint    ] Leaving safepoint region
[10.108s][info ][safepoint    ] Total time for which application threads were stopped: 0.0188030 seconds, Stopping threads took: 0.0091473 seconds
[10.191s][info ][safepoint    ] Application time: 0.0825844 seconds
[10.191s][info ][safepoint    ] Entering safepoint region: GenCollectForAllocation
[10.191s][info ][gc,start     ] GC(79) Pause Young (Allocation Failure)
[10.191s][info ][gc,task      ] GC(79) Using 4 workers of 4 for evacuation
[10.196s][debug][gc,ref       ] GC(79) Skipped phase1 of Reference Processing due to unavailable references
[10.196s][debug][gc,ref       ] GC(79) Skipped phase2 of Reference Processing due to unavailable references
[10.196s][debug][gc,ref       ] GC(79) Skipped phase3 of Reference Processing due to unavailable references
[10.196s][debug][gc,ref       ] GC(79) Skipped phase4 of Reference Processing due to unavailable references
[10.196s][debug][gc,age       ] GC(79) Desired survivor size 15368192 bytes, new threshold 6 (max threshold 6)
[10.196s][info ][gc,heap      ] GC(79) ParNew: 253616K->10807K(270336K)
[10.196s][info ][gc,heap      ] GC(79) CMS: 187928K->188695K(600768K)
[10.196s][info ][gc,metaspace ] GC(79) Metaspace: 46374K->46374K(1091584K)
[10.196s][info ][gc           ] GC(79) Pause Young (Allocation Failure) 431M->194M(850M) 5.131ms
[10.196s][info ][gc,cpu       ] GC(79) User=0.02s Sys=0.00s Real=0.00s
[10.196s][info ][safepoint    ] Leaving safepoint region
[10.196s][info ][safepoint    ] Total time for which application threads were stopped: 0.0055467 seconds, Stopping threads took: 0.0001653 seconds
[10.251s][info ][safepoint    ] Application time: 0.0546375 seconds
[10.255s][info ][safepoint    ] Entering safepoint region: GenCollectForAllocation
[10.256s][info ][gc,start     ] GC(80) Pause Young (Allocation Failure)
[10.256s][info ][gc,task      ] GC(80) Using 4 workers of 4 for evacuation
[10.273s][debug][gc,ref       ] GC(80) Skipped phase1 of Reference Processing due to unavailable references
[10.273s][debug][gc,ref       ] GC(80) Skipped phase2 of Reference Processing due to unavailable references
[10.273s][debug][gc,ref       ] GC(80) Skipped phase3 of Reference Processing due to unavailable references
[10.273s][debug][gc,ref       ] GC(80) Skipped phase4 of Reference Processing due to unavailable references
[10.273s][debug][gc,age       ] GC(80) Desired survivor size 15368192 bytes, new threshold 6 (max threshold 6)
[10.273s][info ][gc,heap      ] GC(80) ParNew: 251127K->11502K(270336K)
[10.273s][info ][gc,heap      ] GC(80) CMS: 188695K->190736K(600768K)
[10.273s][info ][gc,metaspace ] GC(80) Metaspace: 46390K->46390K(1091584K)
[10.273s][info ][gc           ] GC(80) Pause Young (Allocation Failure) 429M->197M(850M) 17.579ms
[10.273s][info ][gc,cpu       ] GC(80) User=0.05s Sys=0.00s Real=0.02s
[10.273s][info ][safepoint    ] Leaving safepoint region
[10.273s][info ][safepoint    ] Total time for which application threads were stopped: 0.0223786 seconds, Stopping threads took: 0.0045864 seconds
[10.323s][info ][safepoint    ] Application time: 0.0501572 seconds
[10.324s][info ][safepoint    ] Entering safepoint region: GenCollectForAllocation
[10.324s][info ][gc,start     ] GC(81) Pause Young (Allocation Failure)
[10.324s][info ][gc,task      ] GC(81) Using 4 workers of 4 for evacuation
[10.330s][debug][gc,ref       ] GC(81) Skipped phase1 of Reference Processing due to unavailable references
[10.330s][debug][gc,ref       ] GC(81) Skipped phase2 of Reference Processing due to unavailable references
[10.330s][debug][gc,ref       ] GC(81) Skipped phase3 of Reference Processing due to unavailable references
[10.330s][debug][gc,ref       ] GC(81) Skipped phase4 of Reference Processing due to unavailable references
[10.330s][debug][gc,age       ] GC(81) Desired survivor size 15368192 bytes, new threshold 6 (max threshold 6)
[10.330s][info ][gc,heap      ] GC(81) ParNew: 251822K->10818K(270336K)
[10.330s][info ][gc,heap      ] GC(81) CMS: 190736K->192578K(600768K)
[10.330s][info ][gc,metaspace ] GC(81) Metaspace: 46391K->46391K(1091584K)
[10.330s][info ][gc           ] GC(81) Pause Young (Allocation Failure) 432M->198M(850M) 5.823ms
[10.330s][info ][gc,cpu       ] GC(81) User=0.02s Sys=0.00s Real=0.00s
[10.330s][info ][safepoint    ] Leaving safepoint region
[10.330s][info ][safepoint    ] Total time for which application threads were stopped: 0.0064287 seconds, Stopping threads took: 0.0003662 seconds
[10.401s][info ][safepoint    ] Application time: 0.0714621 seconds
[10.402s][info ][safepoint    ] Entering safepoint region: GenCollectForAllocation
[10.403s][info ][gc,start     ] GC(82) Pause Young (Allocation Failure)
[10.403s][info ][gc,task      ] GC(82) Using 4 workers of 4 for evacuation
[10.408s][debug][gc,ref       ] GC(82) Skipped phase1 of Reference Processing due to unavailable references
[10.408s][debug][gc,ref       ] GC(82) Skipped phase2 of Reference Processing due to unavailable references
[10.408s][debug][gc,ref       ] GC(82) Skipped phase3 of Reference Processing due to unavailable references
[10.408s][debug][gc,ref       ] GC(82) Skipped phase4 of Reference Processing due to unavailable references
[10.408s][debug][gc,age       ] GC(82) Desired survivor size 15368192 bytes, new threshold 6 (max threshold 6)
[10.408s][info ][gc,heap      ] GC(82) ParNew: 251138K->13701K(270336K)
[10.408s][info ][gc,heap      ] GC(82) CMS: 192578K->193738K(600768K)
[10.408s][info ][gc,metaspace ] GC(82) Metaspace: 46417K->46417K(1091584K)
[10.408s][info ][gc           ] GC(82) Pause Young (Allocation Failure) 433M->202M(850M) 5.716ms
[10.408s][info ][gc,cpu       ] GC(82) User=0.02s Sys=0.01s Real=0.00s
[10.408s][info ][safepoint    ] Leaving safepoint region
[10.408s][info ][safepoint    ] Total time for which application threads were stopped: 0.0070579 seconds, Stopping threads took: 0.0011219 seconds
[10.436s][info ][safepoint    ] Application time: 0.0280307 seconds
[10.439s][info ][safepoint    ] Entering safepoint region: RevokeBias
[10.439s][info ][safepoint    ] Leaving safepoint region
[10.439s][info ][safepoint    ] Total time for which application threads were stopped: 0.0023421 seconds, Stopping threads took: 0.0021875 seconds
[10.460s][info ][safepoint    ] Application time: 0.0214263 seconds
[10.464s][info ][safepoint    ] Entering safepoint region: GenCollectForAllocation
[10.464s][info ][gc,start     ] GC(83) Pause Young (Allocation Failure)
[10.464s][info ][gc,task      ] GC(83) Using 4 workers of 4 for evacuation
[10.473s][debug][gc,ref       ] GC(83) Skipped phase1 of Reference Processing due to unavailable references
[10.473s][debug][gc,ref       ] GC(83) Skipped phase2 of Reference Processing due to unavailable references
[10.473s][debug][gc,ref       ] GC(83) Skipped phase3 of Reference Processing due to unavailable references
[10.473s][debug][gc,ref       ] GC(83) Skipped phase4 of Reference Processing due to unavailable references
[10.473s][debug][gc,age       ] GC(83) Desired survivor size 15368192 bytes, new threshold 6 (max threshold 6)
[10.473s][info ][gc,heap      ] GC(83) ParNew: 254021K->16667K(270336K)
[10.473s][info ][gc,heap      ] GC(83) CMS: 193738K->194748K(600768K)
[10.473s][info ][gc,metaspace ] GC(83) Metaspace: 46420K->46420K(1091584K)
[10.473s][info ][gc           ] GC(83) Pause Young (Allocation Failure) 437M->206M(850M) 8.983ms
[10.473s][info ][gc,cpu       ] GC(83) User=0.02s Sys=0.00s Real=0.01s
[10.473s][info ][safepoint    ] Leaving safepoint region
[10.473s][info ][safepoint    ] Total time for which application threads were stopped: 0.0124997 seconds, Stopping threads took: 0.0033221 seconds
[10.532s][info ][safepoint    ] Application time: 0.0593157 seconds
[10.538s][info ][safepoint    ] Entering safepoint region: GenCollectForAllocation
[10.539s][info ][gc,start     ] GC(84) Pause Young (Allocation Failure)
[10.539s][info ][gc,task      ] GC(84) Using 4 workers of 4 for evacuation
[10.546s][debug][gc,ref       ] GC(84) Skipped phase1 of Reference Processing due to unavailable references
[10.546s][debug][gc,ref       ] GC(84) Skipped phase2 of Reference Processing due to unavailable references
[10.546s][debug][gc,ref       ] GC(84) Skipped phase3 of Reference Processing due to unavailable references
[10.546s][debug][gc,ref       ] GC(84) Skipped phase4 of Reference Processing due to unavailable references
[10.546s][debug][gc,age       ] GC(84) Desired survivor size 15368192 bytes, new threshold 6 (max threshold 6)
[10.546s][info ][gc,heap      ] GC(84) ParNew: 256987K->16420K(270336K)
[10.546s][info ][gc,heap      ] GC(84) CMS: 194748K->196483K(600768K)
[10.546s][info ][gc,metaspace ] GC(84) Metaspace: 46427K->46427K(1091584K)
[10.546s][info ][gc           ] GC(84) Pause Young (Allocation Failure) 441M->207M(850M) 7.747ms
[10.546s][info ][gc,cpu       ] GC(84) User=0.03s Sys=0.01s Real=0.00s
[10.546s][info ][safepoint    ] Leaving safepoint region
[10.546s][info ][safepoint    ] Total time for which application threads were stopped: 0.0143040 seconds, Stopping threads took: 0.0063667 seconds
[10.590s][info ][safepoint    ] Application time: 0.0437528 seconds
[10.594s][info ][safepoint    ] Entering safepoint region: GenCollectForAllocation
[10.594s][info ][gc,start     ] GC(85) Pause Young (Allocation Failure)
[10.594s][info ][gc,task      ] GC(85) Using 4 workers of 4 for evacuation
[10.601s][debug][gc,ref       ] GC(85) Skipped phase1 of Reference Processing due to unavailable references
[10.601s][debug][gc,ref       ] GC(85) Skipped phase2 of Reference Processing due to unavailable references
[10.601s][debug][gc,ref       ] GC(85) Skipped phase3 of Reference Processing due to unavailable references
[10.601s][debug][gc,ref       ] GC(85) Skipped phase4 of Reference Processing due to unavailable references
[10.601s][debug][gc,age       ] GC(85) Desired survivor size 15368192 bytes, new threshold 6 (max threshold 6)
[10.601s][info ][gc,heap      ] GC(85) ParNew: 256740K->16744K(270336K)
[10.601s][info ][gc,heap      ] GC(85) CMS: 196483K->198083K(600768K)
[10.601s][info ][gc,metaspace ] GC(85) Metaspace: 46454K->46454K(1091584K)
[10.601s][info ][gc           ] GC(85) Pause Young (Allocation Failure) 442M->209M(850M) 6.634ms
[10.601s][info ][gc,cpu       ] GC(85) User=0.02s Sys=0.00s Real=0.01s
[10.601s][info ][safepoint    ] Leaving safepoint region
[10.601s][info ][safepoint    ] Total time for which application threads were stopped: 0.0106096 seconds, Stopping threads took: 0.0037715 seconds
[10.644s][info ][safepoint    ] Application time: 0.0434649 seconds
[10.645s][info ][safepoint    ] Entering safepoint region: GenCollectForAllocation
[10.645s][info ][gc,start     ] GC(86) Pause Young (Allocation Failure)
[10.645s][info ][gc,task      ] GC(86) Using 4 workers of 4 for evacuation
[10.652s][debug][gc,ref       ] GC(86) Skipped phase1 of Reference Processing due to unavailable references
[10.652s][debug][gc,ref       ] GC(86) Skipped phase2 of Reference Processing due to unavailable references
[10.652s][debug][gc,ref       ] GC(86) Skipped phase3 of Reference Processing due to unavailable references
[10.652s][debug][gc,age       ] GC(86) Desired survivor size 15368192 bytes, new threshold 6 (max threshold 6)
[10.652s][info ][gc,heap      ] GC(86) ParNew: 257064K->13240K(270336K)
[10.652s][info ][gc,heap      ] GC(86) CMS: 198083K->199204K(600768K)
[10.652s][info ][gc,metaspace ] GC(86) Metaspace: 46468K->46468K(1091584K)
[10.652s][info ][gc           ] GC(86) Pause Young (Allocation Failure) 444M->207M(850M) 7.081ms
[10.652s][info ][gc,cpu       ] GC(86) User=0.02s Sys=0.00s Real=0.01s
[10.652s][info ][safepoint    ] Leaving safepoint region
[10.652s][info ][safepoint    ] Total time for which application threads were stopped: 0.0077797 seconds, Stopping threads took: 0.0004966 seconds
[10.668s][info ][safepoint    ] Application time: 0.0158313 seconds
[10.668s][info ][safepoint    ] Entering safepoint region: RevokeBias
[10.668s][info ][safepoint    ] Leaving safepoint region
[10.668s][info ][safepoint    ] Total time for which application threads were stopped: 0.0004107 seconds, Stopping threads took: 0.0001917 seconds
[10.685s][info ][safepoint    ] Application time: 0.0161943 seconds
[10.695s][info ][safepoint    ] Entering safepoint region: GenCollectForAllocation
[10.695s][info ][gc,start     ] GC(87) Pause Young (Allocation Failure)
[10.695s][info ][gc,task      ] GC(87) Using 4 workers of 4 for evacuation
[10.702s][debug][gc,ref       ] GC(87) Skipped phase1 of Reference Processing due to unavailable references
[10.702s][debug][gc,ref       ] GC(87) Skipped phase3 of Reference Processing due to unavailable references
[10.702s][debug][gc,age       ] GC(87) Desired survivor size 15368192 bytes, new threshold 6 (max threshold 6)
[10.702s][info ][gc,heap      ] GC(87) ParNew: 253560K->12310K(270336K)
[10.702s][info ][gc,heap      ] GC(87) CMS: 199204K->200120K(600768K)
[10.702s][info ][gc,metaspace ] GC(87) Metaspace: 46651K->46651K(1091584K)
[10.702s][info ][gc           ] GC(87) Pause Young (Allocation Failure) 442M->207M(850M) 7.143ms
[10.702s][info ][gc,cpu       ] GC(87) User=0.03s Sys=0.00s Real=0.01s
[10.702s][info ][safepoint    ] Leaving safepoint region
[10.702s][info ][safepoint    ] Total time for which application threads were stopped: 0.0176826 seconds, Stopping threads took: 0.0103334 seconds
[10.742s][info ][safepoint    ] Application time: 0.0401650 seconds
[10.750s][info ][safepoint    ] Entering safepoint region: GenCollectForAllocation
[10.751s][info ][gc,start     ] GC(88) Pause Young (Allocation Failure)
[10.751s][info ][gc,task      ] GC(88) Using 4 workers of 4 for evacuation
[10.769s][debug][gc,ref       ] GC(88) Skipped phase1 of Reference Processing due to unavailable references
[10.769s][debug][gc,ref       ] GC(88) Skipped phase3 of Reference Processing due to unavailable references
[10.769s][debug][gc,ref       ] GC(88) Skipped phase4 of Reference Processing due to unavailable references
[10.769s][debug][gc,age       ] GC(88) Desired survivor size 15368192 bytes, new threshold 6 (max threshold 6)
[10.769s][info ][gc,heap      ] GC(88) ParNew: 252630K->14181K(270336K)
[10.769s][info ][gc,heap      ] GC(88) CMS: 200120K->203855K(600768K)
[10.769s][info ][gc,metaspace ] GC(88) Metaspace: 46687K->46687K(1091584K)
[10.769s][info ][gc           ] GC(88) Pause Young (Allocation Failure) 442M->212M(850M) 18.289ms
[10.769s][info ][gc,cpu       ] GC(88) User=0.03s Sys=0.00s Real=0.01s
[10.769s][info ][safepoint    ] Leaving safepoint region
[10.769s][info ][safepoint    ] Total time for which application threads were stopped: 0.0268610 seconds, Stopping threads took: 0.0077397 seconds
[10.832s][info ][safepoint    ] Application time: 0.0628540 seconds
[10.850s][info ][safepoint    ] Entering safepoint region: GenCollectForAllocation
[10.851s][info ][gc,start     ] GC(89) Pause Young (Allocation Failure)
[10.851s][info ][gc,task      ] GC(89) Using 4 workers of 4 for evacuation
[10.865s][debug][gc,ref       ] GC(89) Skipped phase1 of Reference Processing due to unavailable references
[10.865s][debug][gc,ref       ] GC(89) Skipped phase3 of Reference Processing due to unavailable references
[10.865s][debug][gc,age       ] GC(89) Desired survivor size 15368192 bytes, new threshold 6 (max threshold 6)
[10.865s][info ][gc,heap      ] GC(89) ParNew: 254501K->9165K(270336K)
[10.865s][info ][gc,heap      ] GC(89) CMS: 203855K->206079K(600768K)
[10.865s][info ][gc,metaspace ] GC(89) Metaspace: 46785K->46785K(1091584K)
[10.865s][info ][gc           ] GC(89) Pause Young (Allocation Failure) 447M->210M(850M) 14.061ms
[10.865s][info ][gc,cpu       ] GC(89) User=0.05s Sys=0.00s Real=0.01s
[10.865s][info ][safepoint    ] Leaving safepoint region
[10.865s][info ][safepoint    ] Total time for which application threads were stopped: 0.0325918 seconds, Stopping threads took: 0.0182740 seconds
[10.929s][info ][safepoint    ] Application time: 0.0645734 seconds
[10.930s][info ][safepoint    ] Entering safepoint region: GenCollectForAllocation
[10.930s][info ][gc,start     ] GC(90) Pause Young (Allocation Failure)
[10.930s][info ][gc,task      ] GC(90) Using 4 workers of 4 for evacuation
[10.937s][debug][gc,ref       ] GC(90) Skipped phase1 of Reference Processing due to unavailable references
[10.937s][debug][gc,ref       ] GC(90) Skipped phase3 of Reference Processing due to unavailable references
[10.937s][debug][gc,age       ] GC(90) Desired survivor size 15368192 bytes, new threshold 6 (max threshold 6)
[10.937s][info ][gc,heap      ] GC(90) ParNew: 249485K->9991K(270336K)
[10.937s][info ][gc,heap      ] GC(90) CMS: 206079K->207630K(600768K)
[10.937s][info ][gc,metaspace ] GC(90) Metaspace: 46815K->46815K(1091584K)
[10.937s][info ][gc           ] GC(90) Pause Young (Allocation Failure) 444M->212M(850M) 7.687ms
[10.937s][info ][gc,cpu       ] GC(90) User=0.02s Sys=0.00s Real=0.01s
[10.938s][info ][safepoint    ] Leaving safepoint region
[10.938s][info ][safepoint    ] Total time for which application threads were stopped: 0.0080902 seconds, Stopping threads took: 0.0001849 seconds
[10.995s][info ][safepoint    ] Application time: 0.0577589 seconds
[10.998s][info ][safepoint    ] Entering safepoint region: GenCollectForAllocation
[10.999s][info ][gc,start     ] GC(91) Pause Young (Allocation Failure)
[10.999s][info ][gc,task      ] GC(91) Using 4 workers of 4 for evacuation
[11.003s][debug][gc,ref       ] GC(91) Skipped phase1 of Reference Processing due to unavailable references
[11.003s][debug][gc,ref       ] GC(91) Skipped phase3 of Reference Processing due to unavailable references
[11.003s][debug][gc,age       ] GC(91) Desired survivor size 15368192 bytes, new threshold 6 (max threshold 6)
[11.003s][info ][gc,heap      ] GC(91) ParNew: 250311K->6611K(270336K)
[11.003s][info ][gc,heap      ] GC(91) CMS: 207630K->208373K(600768K)
[11.003s][info ][gc,metaspace ] GC(91) Metaspace: 46849K->46849K(1091584K)
[11.003s][info ][gc           ] GC(91) Pause Young (Allocation Failure) 447M->209M(850M) 4.812ms
[11.003s][info ][gc,cpu       ] GC(91) User=0.02s Sys=0.00s Real=0.00s
[11.003s][info ][safepoint    ] Leaving safepoint region
[11.003s][info ][safepoint    ] Total time for which application threads were stopped: 0.0081204 seconds, Stopping threads took: 0.0030989 seconds
[11.044s][info ][safepoint    ] Application time: 0.0403958 seconds
[11.046s][info ][safepoint    ] Entering safepoint region: GenCollectForAllocation
[11.047s][info ][gc,start     ] GC(92) Pause Young (Allocation Failure)
[11.047s][info ][gc,task      ] GC(92) Using 4 workers of 4 for evacuation
[11.056s][debug][gc,ref       ] GC(92) Skipped phase1 of Reference Processing due to unavailable references
[11.056s][debug][gc,ref       ] GC(92) Skipped phase3 of Reference Processing due to unavailable references
[11.056s][debug][gc,ref       ] GC(92) Skipped phase4 of Reference Processing due to unavailable references
[11.057s][debug][gc,age       ] GC(92) Desired survivor size 15368192 bytes, new threshold 6 (max threshold 6)
[11.057s][info ][gc,heap      ] GC(92) ParNew: 246931K->7181K(270336K)
[11.057s][info ][gc,heap      ] GC(92) CMS: 208373K->208726K(600768K)
[11.057s][info ][gc,metaspace ] GC(92) Metaspace: 46860K->46860K(1091584K)
[11.057s][info ][gc           ] GC(92) Pause Young (Allocation Failure) 444M->210M(850M) 10.090ms
[11.057s][info ][gc,cpu       ] GC(92) User=0.03s Sys=0.00s Real=0.01s
[11.057s][info ][safepoint    ] Leaving safepoint region
[11.057s][info ][safepoint    ] Total time for which application threads were stopped: 0.0128032 seconds, Stopping threads took: 0.0025321 seconds
[11.100s][info ][safepoint    ] Application time: 0.0428789 seconds
[11.101s][info ][safepoint    ] Entering safepoint region: GenCollectForAllocation
[11.101s][info ][gc,start     ] GC(93) Pause Young (Allocation Failure)
[11.101s][info ][gc,task      ] GC(93) Using 4 workers of 4 for evacuation
[11.114s][debug][gc,ref       ] GC(93) Skipped phase1 of Reference Processing due to unavailable references
[11.114s][debug][gc,ref       ] GC(93) Skipped phase3 of Reference Processing due to unavailable references
[11.114s][debug][gc,ref       ] GC(93) Skipped phase4 of Reference Processing due to unavailable references
[11.115s][debug][gc,age       ] GC(93) Desired survivor size 15368192 bytes, new threshold 6 (max threshold 6)
[11.115s][info ][gc,heap      ] GC(93) ParNew: 247501K->7304K(270336K)
[11.115s][info ][gc,heap      ] GC(93) CMS: 208726K->208878K(600768K)
[11.115s][info ][gc,metaspace ] GC(93) Metaspace: 46868K->46868K(1091584K)
[11.115s][info ][gc           ] GC(93) Pause Young (Allocation Failure) 445M->211M(850M) 13.534ms
[11.115s][info ][gc,cpu       ] GC(93) User=0.03s Sys=0.00s Real=0.01s
[11.115s][info ][safepoint    ] Leaving safepoint region
[11.115s][info ][safepoint    ] Total time for which application threads were stopped: 0.0151453 seconds, Stopping threads took: 0.0014035 seconds
[11.172s][info ][safepoint    ] Application time: 0.0573653 seconds
[11.172s][info ][safepoint    ] Entering safepoint region: GenCollectForAllocation
[11.172s][info ][gc,start     ] GC(94) Pause Young (Allocation Failure)
[11.172s][info ][gc,task      ] GC(94) Using 4 workers of 4 for evacuation
[11.179s][debug][gc,ref       ] GC(94) Skipped phase1 of Reference Processing due to unavailable references
[11.179s][debug][gc,ref       ] GC(94) Skipped phase3 of Reference Processing due to unavailable references
[11.179s][debug][gc,ref       ] GC(94) Skipped phase4 of Reference Processing due to unavailable references
[11.179s][debug][gc,age       ] GC(94) Desired survivor size 15368192 bytes, new threshold 6 (max threshold 6)
[11.179s][info ][gc,heap      ] GC(94) ParNew: 247624K->6296K(270336K)
[11.179s][info ][gc,heap      ] GC(94) CMS: 208878K->210839K(600768K)
[11.179s][info ][gc,metaspace ] GC(94) Metaspace: 46922K->46922K(1091584K)
[11.179s][info ][gc           ] GC(94) Pause Young (Allocation Failure) 445M->212M(850M) 6.675ms
[11.179s][info ][gc,cpu       ] GC(94) User=0.02s Sys=0.01s Real=0.01s
[11.179s][info ][safepoint    ] Leaving safepoint region
[11.179s][info ][safepoint    ] Total time for which application threads were stopped: 0.0070085 seconds, Stopping threads took: 0.0001349 seconds
[11.232s][info ][safepoint    ] Application time: 0.0524263 seconds
[11.232s][info ][safepoint    ] Entering safepoint region: RevokeBias
[11.232s][info ][safepoint    ] Leaving safepoint region
[11.232s][info ][safepoint    ] Total time for which application threads were stopped: 0.0003506 seconds, Stopping threads took: 0.0002104 seconds
[11.247s][info ][safepoint    ] Application time: 0.0152852 seconds
[11.247s][info ][safepoint    ] Entering safepoint region: GenCollectForAllocation
[11.248s][info ][gc,start     ] GC(95) Pause Young (Allocation Failure)
[11.248s][info ][gc,task      ] GC(95) Using 4 workers of 4 for evacuation
[11.253s][debug][gc,ref       ] GC(95) Skipped phase1 of Reference Processing due to unavailable references
[11.253s][debug][gc,ref       ] GC(95) Skipped phase3 of Reference Processing due to unavailable references
[11.253s][debug][gc,age       ] GC(95) Desired survivor size 15368192 bytes, new threshold 6 (max threshold 6)
[11.253s][info ][gc,heap      ] GC(95) ParNew: 246616K->2481K(270336K)
[11.253s][info ][gc,heap      ] GC(95) CMS: 210839K->212906K(600768K)
[11.253s][info ][gc,metaspace ] GC(95) Metaspace: 47362K->47362K(1091584K)
[11.253s][info ][gc           ] GC(95) Pause Young (Allocation Failure) 446M->210M(850M) 5.487ms
[11.253s][info ][gc,cpu       ] GC(95) User=0.02s Sys=0.00s Real=0.01s
[11.253s][info ][safepoint    ] Leaving safepoint region
[11.253s][info ][safepoint    ] Total time for which application threads were stopped: 0.0058050 seconds, Stopping threads took: 0.0001276 seconds
[11.317s][info ][safepoint    ] Application time: 0.0634461 seconds
[11.317s][info ][safepoint    ] Entering safepoint region: GenCollectForAllocation
[11.317s][info ][gc,start     ] GC(96) Pause Young (Allocation Failure)
[11.317s][info ][gc,task      ] GC(96) Using 4 workers of 4 for evacuation
[11.320s][debug][gc,ref       ] GC(96) Skipped phase1 of Reference Processing due to unavailable references
[11.320s][debug][gc,ref       ] GC(96) Skipped phase3 of Reference Processing due to unavailable references
[11.321s][debug][gc,age       ] GC(96) Desired survivor size 15368192 bytes, new threshold 6 (max threshold 6)
[11.321s][info ][gc,heap      ] GC(96) ParNew: 242801K->1776K(270336K)
[11.321s][info ][gc,heap      ] GC(96) CMS: 212906K->213002K(600768K)
[11.321s][info ][gc,metaspace ] GC(96) Metaspace: 47391K->47391K(1093632K)
[11.321s][info ][gc           ] GC(96) Pause Young (Allocation Failure) 445M->209M(850M) 3.619ms
[11.321s][info ][gc,cpu       ] GC(96) User=0.01s Sys=0.00s Real=0.01s
[11.321s][info ][safepoint    ] Leaving safepoint region
[11.321s][info ][safepoint    ] Total time for which application threads were stopped: 0.0041306 seconds, Stopping threads took: 0.0003192 seconds
[11.366s][info ][safepoint    ] Application time: 0.0454611 seconds
[11.374s][info ][safepoint    ] Entering safepoint region: GenCollectForAllocation
[11.375s][info ][gc,start     ] GC(97) Pause Young (Allocation Failure)
[11.375s][info ][gc,task      ] GC(97) Using 4 workers of 4 for evacuation
[11.379s][debug][gc,ref       ] GC(97) Skipped phase1 of Reference Processing due to unavailable references
[11.379s][debug][gc,ref       ] GC(97) Skipped phase3 of Reference Processing due to unavailable references
[11.379s][debug][gc,ref       ] GC(97) Skipped phase4 of Reference Processing due to unavailable references
[11.380s][debug][gc,age       ] GC(97) Desired survivor size 15368192 bytes, new threshold 6 (max threshold 6)
[11.380s][info ][gc,heap      ] GC(97) ParNew: 242096K->1863K(270336K)
[11.380s][info ][gc,heap      ] GC(97) CMS: 213002K->213226K(600768K)
[11.380s][info ][gc,metaspace ] GC(97) Metaspace: 47409K->47409K(1093632K)
[11.380s][info ][gc           ] GC(97) Pause Young (Allocation Failure) 444M->210M(850M) 4.959ms
[11.380s][info ][gc,cpu       ] GC(97) User=0.01s Sys=0.00s Real=0.01s
[11.380s][info ][safepoint    ] Leaving safepoint region
[11.380s][info ][safepoint    ] Total time for which application threads were stopped: 0.0134875 seconds, Stopping threads took: 0.0083116 seconds
[11.409s][info ][safepoint    ] Application time: 0.0295502 seconds
[11.410s][info ][safepoint    ] Entering safepoint region: GenCollectForAllocation
[11.411s][info ][gc,start     ] GC(98) Pause Young (Allocation Failure)
[11.411s][info ][gc,task      ] GC(98) Using 4 workers of 4 for evacuation
[11.414s][debug][gc,ref       ] GC(98) Skipped phase1 of Reference Processing due to unavailable references
[11.414s][debug][gc,ref       ] GC(98) Skipped phase3 of Reference Processing due to unavailable references
[11.414s][debug][gc,ref       ] GC(98) Skipped phase4 of Reference Processing due to unavailable references
[11.414s][debug][gc,age       ] GC(98) Desired survivor size 15368192 bytes, new threshold 6 (max threshold 6)
[11.414s][info ][gc,heap      ] GC(98) ParNew: 242183K->1776K(270336K)
[11.414s][info ][gc,heap      ] GC(98) CMS: 213226K->213311K(600768K)
[11.414s][info ][gc,metaspace ] GC(98) Metaspace: 47415K->47415K(1093632K)
[11.414s][info ][gc           ] GC(98) Pause Young (Allocation Failure) 444M->210M(850M) 3.281ms
[11.414s][info ][gc,cpu       ] GC(98) User=0.01s Sys=0.00s Real=0.00s
[11.414s][info ][safepoint    ] Leaving safepoint region
[11.414s][info ][safepoint    ] Total time for which application threads were stopped: 0.0046785 seconds, Stopping threads took: 0.0012216 seconds
[11.444s][info ][safepoint    ] Application time: 0.0301195 seconds
[11.444s][info ][safepoint    ] Entering safepoint region: GenCollectForAllocation
[11.445s][info ][gc,start     ] GC(99) Pause Young (Allocation Failure)
[11.445s][info ][gc,task      ] GC(99) Using 4 workers of 4 for evacuation
[11.448s][debug][gc,ref       ] GC(99) Skipped phase1 of Reference Processing due to unavailable references
[11.448s][debug][gc,ref       ] GC(99) Skipped phase3 of Reference Processing due to unavailable references
[11.448s][debug][gc,ref       ] GC(99) Skipped phase4 of Reference Processing due to unavailable references
[11.448s][debug][gc,age       ] GC(99) Desired survivor size 15368192 bytes, new threshold 6 (max threshold 6)
[11.448s][info ][gc,heap      ] GC(99) ParNew: 242096K->1135K(270336K)
[11.448s][info ][gc,heap      ] GC(99) CMS: 213311K->213803K(600768K)
[11.448s][info ][gc,metaspace ] GC(99) Metaspace: 47419K->47419K(1093632K)
[11.448s][info ][gc           ] GC(99) Pause Young (Allocation Failure) 444M->209M(850M) 3.513ms
[11.448s][info ][gc,cpu       ] GC(99) User=0.02s Sys=0.00s Real=0.00s
[11.448s][info ][safepoint    ] Leaving safepoint region
[11.448s][info ][safepoint    ] Total time for which application threads were stopped: 0.0040377 seconds, Stopping threads took: 0.0003359 seconds
[11.486s][info ][safepoint    ] Application time: 0.0374800 seconds
[11.486s][info ][safepoint    ] Entering safepoint region: GenCollectForAllocation
[11.486s][info ][gc,start     ] GC(100) Pause Young (Allocation Failure)
[11.486s][info ][gc,task      ] GC(100) Using 4 workers of 4 for evacuation
[11.491s][debug][gc,ref       ] GC(100) Skipped phase1 of Reference Processing due to unavailable references
[11.491s][debug][gc,ref       ] GC(100) Skipped phase3 of Reference Processing due to unavailable references
[11.491s][debug][gc,ref       ] GC(100) Skipped phase4 of Reference Processing due to unavailable references
[11.491s][debug][gc,age       ] GC(100) Desired survivor size 15368192 bytes, new threshold 6 (max threshold 6)
[11.491s][info ][gc,heap      ] GC(100) ParNew: 241455K->665K(270336K)
[11.491s][info ][gc,heap      ] GC(100) CMS: 213803K->214045K(600768K)
[11.491s][info ][gc,metaspace ] GC(100) Metaspace: 47421K->47421K(1093632K)
[11.491s][info ][gc           ] GC(100) Pause Young (Allocation Failure) 444M->209M(850M) 5.239ms
[11.491s][info ][gc,cpu       ] GC(100) User=0.02s Sys=0.00s Real=0.01s
[11.491s][info ][safepoint    ] Leaving safepoint region
[11.491s][info ][safepoint    ] Total time for which application threads were stopped: 0.0055670 seconds, Stopping threads took: 0.0001213 seconds
[11.563s][info ][safepoint    ] Application time: 0.0717057 seconds
[11.566s][info ][safepoint    ] Entering safepoint region: GenCollectForAllocation
[11.567s][info ][gc,start     ] GC(101) Pause Young (Allocation Failure)
[11.567s][info ][gc,task      ] GC(101) Using 4 workers of 4 for evacuation
[11.571s][debug][gc,ref       ] GC(101) Skipped phase1 of Reference Processing due to unavailable references
[11.571s][debug][gc,ref       ] GC(101) Skipped phase2 of Reference Processing due to unavailable references
[11.571s][debug][gc,ref       ] GC(101) Skipped phase3 of Reference Processing due to unavailable references
[11.571s][debug][gc,ref       ] GC(101) Skipped phase4 of Reference Processing due to unavailable references
[11.571s][debug][gc,age       ] GC(101) Desired survivor size 15368192 bytes, new threshold 6 (max threshold 6)
[11.571s][info ][gc,heap      ] GC(101) ParNew: 240985K->570K(270336K)
[11.571s][info ][gc,heap      ] GC(101) CMS: 214045K->214262K(600768K)
[11.571s][info ][gc,metaspace ] GC(101) Metaspace: 47424K->47424K(1093632K)
[11.571s][info ][gc           ] GC(101) Pause Young (Allocation Failure) 444M->209M(850M) 4.123ms
[11.571s][info ][gc,cpu       ] GC(101) User=0.02s Sys=0.00s Real=0.01s
[11.571s][info ][safepoint    ] Leaving safepoint region
[11.571s][info ][safepoint    ] Total time for which application threads were stopped: 0.0078156 seconds, Stopping threads took: 0.0035007 seconds
[11.621s][info ][safepoint    ] Application time: 0.0504501 seconds
[11.621s][info ][safepoint    ] Entering safepoint region: GenCollectForAllocation
[11.622s][info ][gc,start     ] GC(102) Pause Young (Allocation Failure)
[11.622s][info ][gc,task      ] GC(102) Using 4 workers of 4 for evacuation
[11.623s][debug][gc,ref       ] GC(102) Skipped phase1 of Reference Processing due to unavailable references
[11.623s][debug][gc,ref       ] GC(102) Skipped phase2 of Reference Processing due to unavailable references
[11.623s][debug][gc,ref       ] GC(102) Skipped phase3 of Reference Processing due to unavailable references
[11.623s][debug][gc,ref       ] GC(102) Skipped phase4 of Reference Processing due to unavailable references
[11.623s][debug][gc,age       ] GC(102) Desired survivor size 15368192 bytes, new threshold 6 (max threshold 6)
[11.623s][info ][gc,heap      ] GC(102) ParNew: 240890K->387K(270336K)
[11.623s][info ][gc,heap      ] GC(102) CMS: 214262K->214293K(600768K)
[11.623s][info ][gc,metaspace ] GC(102) Metaspace: 47428K->47428K(1093632K)
[11.623s][info ][gc           ] GC(102) Pause Young (Allocation Failure) 444M->209M(850M) 1.887ms
[11.623s][info ][gc,cpu       ] GC(102) User=0.01s Sys=0.00s Real=0.00s
[11.623s][info ][safepoint    ] Leaving safepoint region
[11.623s][info ][safepoint    ] Total time for which application threads were stopped: 0.0022096 seconds, Stopping threads took: 0.0001427 seconds
[11.667s][info ][safepoint    ] Application time: 0.0437484 seconds
[11.670s][info ][safepoint    ] Entering safepoint region: GenCollectForAllocation
[11.671s][info ][gc,start     ] GC(103) Pause Young (Allocation Failure)
[11.671s][info ][gc,task      ] GC(103) Using 4 workers of 4 for evacuation
[11.672s][debug][gc,ref       ] GC(103) Skipped phase1 of Reference Processing due to unavailable references
[11.672s][debug][gc,ref       ] GC(103) Skipped phase2 of Reference Processing due to unavailable references
[11.672s][debug][gc,ref       ] GC(103) Skipped phase3 of Reference Processing due to unavailable references
[11.672s][debug][gc,ref       ] GC(103) Skipped phase4 of Reference Processing due to unavailable references
[11.672s][debug][gc,age       ] GC(103) Desired survivor size 15368192 bytes, new threshold 6 (max threshold 6)
[11.672s][info ][gc,heap      ] GC(103) ParNew: 240707K->461K(270336K)
[11.672s][info ][gc,heap      ] GC(103) CMS: 214293K->214333K(600768K)
[11.672s][info ][gc,metaspace ] GC(103) Metaspace: 47428K->47428K(1093632K)
[11.673s][info ][gc           ] GC(103) Pause Young (Allocation Failure) 444M->209M(850M) 1.843ms
[11.673s][info ][gc,cpu       ] GC(103) User=0.01s Sys=0.00s Real=0.00s
[11.673s][info ][safepoint    ] Leaving safepoint region
[11.673s][info ][safepoint    ] Total time for which application threads were stopped: 0.0053167 seconds, Stopping threads took: 0.0032647 seconds
[11.738s][info ][safepoint    ] Application time: 0.0658312 seconds
[11.738s][info ][safepoint    ] Entering safepoint region: GenCollectForAllocation
[11.739s][info ][gc,start     ] GC(104) Pause Young (Allocation Failure)
[11.739s][info ][gc,task      ] GC(104) Using 4 workers of 4 for evacuation
[11.740s][debug][gc,ref       ] GC(104) Skipped phase1 of Reference Processing due to unavailable references
[11.740s][debug][gc,ref       ] GC(104) Skipped phase2 of Reference Processing due to unavailable references
[11.740s][debug][gc,ref       ] GC(104) Skipped phase3 of Reference Processing due to unavailable references
[11.740s][debug][gc,ref       ] GC(104) Skipped phase4 of Reference Processing due to unavailable references
[11.740s][debug][gc,age       ] GC(104) Desired survivor size 15368192 bytes, new threshold 6 (max threshold 6)
[11.740s][info ][gc,heap      ] GC(104) ParNew: 240781K->502K(270336K)
[11.740s][info ][gc,heap      ] GC(104) CMS: 214333K->214351K(600768K)
[11.740s][info ][gc,metaspace ] GC(104) Metaspace: 47434K->47434K(1093632K)
[11.740s][info ][gc           ] GC(104) Pause Young (Allocation Failure) 444M->209M(850M) 1.740ms
[11.740s][info ][gc,cpu       ] GC(104) User=0.00s Sys=0.00s Real=0.00s
[11.740s][info ][safepoint    ] Leaving safepoint region
[11.740s][info ][safepoint    ] Total time for which application threads were stopped: 0.0019412 seconds, Stopping threads took: 0.0000142 seconds
[11.812s][info ][safepoint    ] Application time: 0.0716111 seconds
[11.818s][info ][safepoint    ] Entering safepoint region: GenCollectForAllocation
[11.819s][info ][gc,start     ] GC(105) Pause Young (Allocation Failure)
[11.819s][info ][gc,task      ] GC(105) Using 4 workers of 4 for evacuation
[11.820s][debug][gc,ref       ] GC(105) Skipped phase1 of Reference Processing due to unavailable references
[11.820s][debug][gc,ref       ] GC(105) Skipped phase2 of Reference Processing due to unavailable references
[11.820s][debug][gc,ref       ] GC(105) Skipped phase3 of Reference Processing due to unavailable references
[11.820s][debug][gc,ref       ] GC(105) Skipped phase4 of Reference Processing due to unavailable references
[11.820s][debug][gc,age       ] GC(105) Desired survivor size 15368192 bytes, new threshold 6 (max threshold 6)
[11.821s][info ][gc,heap      ] GC(105) ParNew: 240822K->396K(270336K)
[11.821s][info ][gc,heap      ] GC(105) CMS: 214351K->214359K(600768K)
[11.821s][info ][gc,metaspace ] GC(105) Metaspace: 47436K->47436K(1093632K)
[11.821s][info ][gc           ] GC(105) Pause Young (Allocation Failure) 444M->209M(850M) 1.908ms
[11.821s][info ][gc,cpu       ] GC(105) User=0.01s Sys=0.00s Real=0.00s
[11.821s][info ][safepoint    ] Leaving safepoint region
[11.821s][info ][safepoint    ] Total time for which application threads were stopped: 0.0085891 seconds, Stopping threads took: 0.0065020 seconds
[11.896s][info ][safepoint    ] Application time: 0.0753266 seconds
[11.896s][info ][safepoint    ] Entering safepoint region: GenCollectForAllocation
[11.896s][info ][gc,start     ] GC(106) Pause Young (Allocation Failure)
[11.896s][info ][gc,task      ] GC(106) Using 4 workers of 4 for evacuation
[11.898s][debug][gc,ref       ] GC(106) Skipped phase1 of Reference Processing due to unavailable references
[11.898s][debug][gc,ref       ] GC(106) Skipped phase2 of Reference Processing due to unavailable references
[11.898s][debug][gc,ref       ] GC(106) Skipped phase3 of Reference Processing due to unavailable references
[11.898s][debug][gc,ref       ] GC(106) Skipped phase4 of Reference Processing due to unavailable references
[11.898s][debug][gc,age       ] GC(106) Desired survivor size 15368192 bytes, new threshold 6 (max threshold 6)
[11.898s][info ][gc,heap      ] GC(106) ParNew: 240716K->475K(270336K)
[11.898s][info ][gc,heap      ] GC(106) CMS: 214359K->214388K(600768K)
[11.898s][info ][gc,metaspace ] GC(106) Metaspace: 47442K->47442K(1093632K)
[11.898s][info ][gc           ] GC(106) Pause Young (Allocation Failure) 444M->209M(850M) 1.877ms
[11.898s][info ][gc,cpu       ] GC(106) User=0.01s Sys=0.00s Real=0.00s
[11.898s][info ][safepoint    ] Leaving safepoint region
[11.898s][info ][safepoint    ] Total time for which application threads were stopped: 0.0022415 seconds, Stopping threads took: 0.0001816 seconds
[11.932s][info ][safepoint    ] Application time: 0.0333478 seconds
[11.932s][info ][safepoint    ] Entering safepoint region: GenCollectForAllocation
[11.932s][info ][gc,start     ] GC(107) Pause Young (Allocation Failure)
[11.932s][info ][gc,task      ] GC(107) Using 4 workers of 4 for evacuation
[11.934s][debug][gc,ref       ] GC(107) Skipped phase1 of Reference Processing due to unavailable references
[11.934s][debug][gc,ref       ] GC(107) Skipped phase2 of Reference Processing due to unavailable references
[11.934s][debug][gc,ref       ] GC(107) Skipped phase3 of Reference Processing due to unavailable references
[11.934s][debug][gc,ref       ] GC(107) Skipped phase4 of Reference Processing due to unavailable references
[11.934s][debug][gc,age       ] GC(107) Desired survivor size 15368192 bytes, new threshold 6 (max threshold 6)
[11.934s][info ][gc,heap      ] GC(107) ParNew: 240795K->389K(270336K)
[11.934s][info ][gc,heap      ] GC(107) CMS: 214388K->214457K(600768K)
[11.934s][info ][gc,metaspace ] GC(107) Metaspace: 47444K->47444K(1093632K)
[11.934s][info ][gc           ] GC(107) Pause Young (Allocation Failure) 444M->209M(850M) 1.993ms
[11.934s][info ][gc,cpu       ] GC(107) User=0.00s Sys=0.00s Real=0.00s
[11.934s][info ][safepoint    ] Leaving safepoint region
[11.934s][info ][safepoint    ] Total time for which application threads were stopped: 0.0022749 seconds, Stopping threads took: 0.0001001 seconds
[11.970s][info ][safepoint    ] Application time: 0.0358099 seconds
[11.970s][info ][safepoint    ] Entering safepoint region: GenCollectForAllocation
[11.970s][info ][gc,start     ] GC(108) Pause Young (Allocation Failure)
[11.970s][info ][gc,task      ] GC(108) Using 4 workers of 4 for evacuation
[11.972s][debug][gc,ref       ] GC(108) Skipped phase1 of Reference Processing due to unavailable references
[11.972s][debug][gc,ref       ] GC(108) Skipped phase2 of Reference Processing due to unavailable references
[11.972s][debug][gc,ref       ] GC(108) Skipped phase3 of Reference Processing due to unavailable references
[11.972s][debug][gc,ref       ] GC(108) Skipped phase4 of Reference Processing due to unavailable references
[11.972s][debug][gc,age       ] GC(108) Desired survivor size 15368192 bytes, new threshold 6 (max threshold 6)
[11.972s][info ][gc,heap      ] GC(108) ParNew: 240709K->351K(270336K)
[11.972s][info ][gc,heap      ] GC(108) CMS: 214457K->214483K(600768K)
[11.972s][info ][gc,metaspace ] GC(108) Metaspace: 47447K->47447K(1093632K)
[11.972s][info ][gc           ] GC(108) Pause Young (Allocation Failure) 444M->209M(850M) 1.890ms
[11.972s][info ][gc,cpu       ] GC(108) User=0.01s Sys=0.00s Real=0.01s
[11.972s][info ][safepoint    ] Leaving safepoint region
[11.972s][info ][safepoint    ] Total time for which application threads were stopped: 0.0022462 seconds, Stopping threads took: 0.0001676 seconds
[12.004s][info ][safepoint    ] Application time: 0.0321345 seconds
[12.009s][info ][safepoint    ] Entering safepoint region: GenCollectForAllocation
[12.009s][info ][gc,start     ] GC(109) Pause Young (Allocation Failure)
[12.009s][info ][gc,task      ] GC(109) Using 4 workers of 4 for evacuation
[12.011s][debug][gc,ref       ] GC(109) Skipped phase1 of Reference Processing due to unavailable references
[12.011s][debug][gc,ref       ] GC(109) Skipped phase2 of Reference Processing due to unavailable references
[12.011s][debug][gc,ref       ] GC(109) Skipped phase3 of Reference Processing due to unavailable references
[12.011s][debug][gc,ref       ] GC(109) Skipped phase4 of Reference Processing due to unavailable references
[12.011s][debug][gc,age       ] GC(109) Desired survivor size 15368192 bytes, new threshold 6 (max threshold 6)
[12.011s][info ][gc,heap      ] GC(109) ParNew: 240671K->477K(270336K)
[12.011s][info ][gc,heap      ] GC(109) CMS: 214483K->214504K(600768K)
[12.011s][info ][gc,metaspace ] GC(109) Metaspace: 47447K->47447K(1093632K)
[12.011s][info ][gc           ] GC(109) Pause Young (Allocation Failure) 444M->209M(850M) 2.423ms
[12.011s][info ][gc,cpu       ] GC(109) User=0.01s Sys=0.00s Real=0.01s
[12.011s][info ][safepoint    ] Leaving safepoint region
[12.011s][info ][safepoint    ] Total time for which application threads were stopped: 0.0073916 seconds, Stopping threads took: 0.0044788 seconds
[12.066s][info ][safepoint    ] Application time: 0.0544897 seconds
[12.067s][info ][safepoint    ] Entering safepoint region: GenCollectForAllocation
[12.067s][info ][gc,start     ] GC(110) Pause Young (Allocation Failure)
[12.067s][info ][gc,task      ] GC(110) Using 4 workers of 4 for evacuation
[12.068s][debug][gc,ref       ] GC(110) Skipped phase1 of Reference Processing due to unavailable references
[12.068s][debug][gc,ref       ] GC(110) Skipped phase2 of Reference Processing due to unavailable references
[12.068s][debug][gc,ref       ] GC(110) Skipped phase3 of Reference Processing due to unavailable references
[12.068s][debug][gc,ref       ] GC(110) Skipped phase4 of Reference Processing due to unavailable references
[12.069s][debug][gc,age       ] GC(110) Desired survivor size 15368192 bytes, new threshold 6 (max threshold 6)
[12.069s][info ][gc,heap      ] GC(110) ParNew: 240797K->345K(270336K)
[12.069s][info ][gc,heap      ] GC(110) CMS: 214504K->214528K(600768K)
[12.069s][info ][gc,metaspace ] GC(110) Metaspace: 47451K->47451K(1093632K)
[12.069s][info ][gc           ] GC(110) Pause Young (Allocation Failure) 444M->209M(850M) 1.858ms
[12.069s][info ][gc,cpu       ] GC(110) User=0.00s Sys=0.00s Real=0.00s
[12.069s][info ][safepoint    ] Leaving safepoint region
[12.069s][info ][safepoint    ] Total time for which application threads were stopped: 0.0026097 seconds, Stopping threads took: 0.0005592 seconds
[12.129s][info ][safepoint    ] Application time: 0.0604780 seconds
[12.129s][info ][safepoint    ] Entering safepoint region: GenCollectForAllocation
[12.129s][info ][gc,start     ] GC(111) Pause Young (Allocation Failure)
[12.129s][info ][gc,task      ] GC(111) Using 4 workers of 4 for evacuation
[12.131s][debug][gc,ref       ] GC(111) Skipped phase1 of Reference Processing due to unavailable references
[12.131s][debug][gc,ref       ] GC(111) Skipped phase2 of Reference Processing due to unavailable references
[12.131s][debug][gc,ref       ] GC(111) Skipped phase3 of Reference Processing due to unavailable references
[12.131s][debug][gc,ref       ] GC(111) Skipped phase4 of Reference Processing due to unavailable references
[12.131s][debug][gc,age       ] GC(111) Desired survivor size 15368192 bytes, new threshold 6 (max threshold 6)
[12.131s][info ][gc,heap      ] GC(111) ParNew: 240665K->453K(270336K)
[12.131s][info ][gc,heap      ] GC(111) CMS: 214528K->214572K(600768K)
[12.131s][info ][gc,metaspace ] GC(111) Metaspace: 47462K->47462K(1093632K)
[12.131s][info ][gc           ] GC(111) Pause Young (Allocation Failure) 444M->209M(850M) 1.839ms
[12.131s][info ][gc,cpu       ] GC(111) User=0.01s Sys=0.00s Real=0.01s
[12.131s][info ][safepoint    ] Leaving safepoint region
[12.131s][info ][safepoint    ] Total time for which application threads were stopped: 0.0021476 seconds, Stopping threads took: 0.0001171 seconds
[12.169s][info ][safepoint    ] Application time: 0.0381127 seconds
[12.174s][info ][safepoint    ] Entering safepoint region: GenCollectForAllocation
[12.175s][info ][gc,start     ] GC(112) Pause Young (Allocation Failure)
[12.175s][info ][gc,task      ] GC(112) Using 4 workers of 4 for evacuation
[12.182s][debug][gc,ref       ] GC(112) Skipped phase1 of Reference Processing due to unavailable references
[12.182s][debug][gc,ref       ] GC(112) Skipped phase2 of Reference Processing due to unavailable references
[12.182s][debug][gc,ref       ] GC(112) Skipped phase3 of Reference Processing due to unavailable references
[12.182s][debug][gc,ref       ] GC(112) Skipped phase4 of Reference Processing due to unavailable references
[12.183s][debug][gc,age       ] GC(112) Desired survivor size 15368192 bytes, new threshold 6 (max threshold 6)
[12.183s][info ][gc,heap      ] GC(112) ParNew: 240773K->336K(270336K)
[12.183s][info ][gc,heap      ] GC(112) CMS: 214572K->214615K(600768K)
[12.183s][info ][gc,metaspace ] GC(112) Metaspace: 47462K->47462K(1093632K)
[12.183s][info ][gc           ] GC(112) Pause Young (Allocation Failure) 444M->209M(850M) 8.043ms
[12.183s][info ][gc,cpu       ] GC(112) User=0.01s Sys=0.00s Real=0.01s
[12.183s][info ][safepoint    ] Leaving safepoint region
[12.183s][info ][safepoint    ] Total time for which application threads were stopped: 0.0132544 seconds, Stopping threads took: 0.0050322 seconds
[12.218s][info ][safepoint    ] Application time: 0.0355824 seconds
[12.218s][info ][safepoint    ] Entering safepoint region: GenCollectForAllocation
[12.219s][info ][gc,start     ] GC(113) Pause Young (Allocation Failure)
[12.219s][info ][gc,task      ] GC(113) Using 4 workers of 4 for evacuation
[12.220s][debug][gc,ref       ] GC(113) Skipped phase1 of Reference Processing due to unavailable references
[12.220s][debug][gc,ref       ] GC(113) Skipped phase2 of Reference Processing due to unavailable references
[12.220s][debug][gc,ref       ] GC(113) Skipped phase3 of Reference Processing due to unavailable references
[12.220s][debug][gc,ref       ] GC(113) Skipped phase4 of Reference Processing due to unavailable references
[12.220s][debug][gc,age       ] GC(113) Desired survivor size 15368192 bytes, new threshold 6 (max threshold 6)
[12.220s][info ][gc,heap      ] GC(113) ParNew: 240656K->386K(270336K)
[12.220s][info ][gc,heap      ] GC(113) CMS: 214615K->214623K(600768K)
[12.220s][info ][gc,metaspace ] GC(113) Metaspace: 47477K->47477K(1093632K)
[12.220s][info ][gc           ] GC(113) Pause Young (Allocation Failure) 444M->209M(850M) 1.887ms
[12.220s][info ][gc,cpu       ] GC(113) User=0.01s Sys=0.00s Real=0.00s
[12.220s][info ][safepoint    ] Leaving safepoint region
[12.220s][info ][safepoint    ] Total time for which application threads were stopped: 0.0021632 seconds, Stopping threads took: 0.0001045 seconds
[12.262s][info ][safepoint    ] Application time: 0.0412947 seconds
[12.262s][info ][safepoint    ] Entering safepoint region: GenCollectForAllocation
[12.262s][info ][gc,start     ] GC(114) Pause Young (Allocation Failure)
[12.262s][info ][gc,task      ] GC(114) Using 4 workers of 4 for evacuation
[12.264s][debug][gc,ref       ] GC(114) Skipped phase1 of Reference Processing due to unavailable references
[12.264s][debug][gc,ref       ] GC(114) Skipped phase2 of Reference Processing due to unavailable references
[12.264s][debug][gc,ref       ] GC(114) Skipped phase3 of Reference Processing due to unavailable references
[12.264s][debug][gc,ref       ] GC(114) Skipped phase4 of Reference Processing due to unavailable references
[12.264s][debug][gc,age       ] GC(114) Desired survivor size 15368192 bytes, new threshold 6 (max threshold 6)
[12.264s][info ][gc,heap      ] GC(114) ParNew: 240706K->465K(270336K)
[12.264s][info ][gc,heap      ] GC(114) CMS: 214623K->214645K(600768K)
[12.264s][info ][gc,metaspace ] GC(114) Metaspace: 47478K->47478K(1093632K)
[12.264s][info ][gc           ] GC(114) Pause Young (Allocation Failure) 444M->210M(850M) 1.904ms
[12.264s][info ][gc,cpu       ] GC(114) User=0.01s Sys=0.00s Real=0.00s
[12.264s][info ][safepoint    ] Leaving safepoint region
[12.264s][info ][safepoint    ] Total time for which application threads were stopped: 0.0023147 seconds, Stopping threads took: 0.0002081 seconds
[12.304s][info ][safepoint    ] Application time: 0.0402330 seconds
[12.304s][info ][safepoint    ] Entering safepoint region: GenCollectForAllocation
[12.305s][info ][gc,start     ] GC(115) Pause Young (Allocation Failure)
[12.305s][info ][gc,task      ] GC(115) Using 4 workers of 4 for evacuation
[12.306s][debug][gc,ref       ] GC(115) Skipped phase1 of Reference Processing due to unavailable references
[12.306s][debug][gc,ref       ] GC(115) Skipped phase2 of Reference Processing due to unavailable references
[12.306s][debug][gc,ref       ] GC(115) Skipped phase3 of Reference Processing due to unavailable references
[12.306s][debug][gc,ref       ] GC(115) Skipped phase4 of Reference Processing due to unavailable references
[12.307s][debug][gc,age       ] GC(115) Desired survivor size 15368192 bytes, new threshold 6 (max threshold 6)
[12.307s][info ][gc,heap      ] GC(115) ParNew: 240785K->370K(270336K)
[12.307s][info ][gc,heap      ] GC(115) CMS: 214645K->214670K(600768K)
[12.307s][info ][gc,metaspace ] GC(115) Metaspace: 47487K->47487K(1093632K)
[12.307s][info ][gc           ] GC(115) Pause Young (Allocation Failure) 444M->210M(850M) 1.911ms
[12.307s][info ][gc,cpu       ] GC(115) User=0.00s Sys=0.00s Real=0.00s
[12.307s][info ][safepoint    ] Leaving safepoint region
[12.307s][info ][safepoint    ] Total time for which application threads were stopped: 0.0022533 seconds, Stopping threads took: 0.0001523 seconds
[12.357s][info ][safepoint    ] Application time: 0.0503959 seconds
[12.357s][info ][safepoint    ] Entering safepoint region: GenCollectForAllocation
[12.357s][info ][gc,start     ] GC(116) Pause Young (Allocation Failure)
[12.357s][info ][gc,task      ] GC(116) Using 4 workers of 4 for evacuation
[12.359s][debug][gc,ref       ] GC(116) Skipped phase1 of Reference Processing due to unavailable references
[12.359s][debug][gc,ref       ] GC(116) Skipped phase2 of Reference Processing due to unavailable references
[12.359s][debug][gc,ref       ] GC(116) Skipped phase3 of Reference Processing due to unavailable references
[12.359s][debug][gc,ref       ] GC(116) Skipped phase4 of Reference Processing due to unavailable references
[12.359s][debug][gc,age       ] GC(116) Desired survivor size 15368192 bytes, new threshold 6 (max threshold 6)
[12.359s][info ][gc,heap      ] GC(116) ParNew: 240690K->462K(270336K)
[12.359s][info ][gc,heap      ] GC(116) CMS: 214670K->214713K(600768K)
[12.359s][info ][gc,metaspace ] GC(116) Metaspace: 47489K->47489K(1093632K)
[12.359s][info ][gc           ] GC(116) Pause Young (Allocation Failure) 444M->210M(850M) 2.083ms
[12.359s][info ][gc,cpu       ] GC(116) User=0.00s Sys=0.00s Real=0.01s
[12.359s][info ][safepoint    ] Leaving safepoint region
[12.359s][info ][safepoint    ] Total time for which application threads were stopped: 0.0023780 seconds, Stopping threads took: 0.0001025 seconds
[12.415s][info ][safepoint    ] Application time: 0.0560319 seconds
[12.416s][info ][safepoint    ] Entering safepoint region: GenCollectForAllocation
[12.416s][info ][gc,start     ] GC(117) Pause Young (Allocation Failure)
[12.416s][info ][gc,task      ] GC(117) Using 4 workers of 4 for evacuation
[12.418s][debug][gc,ref       ] GC(117) Skipped phase1 of Reference Processing due to unavailable references
[12.418s][debug][gc,ref       ] GC(117) Skipped phase2 of Reference Processing due to unavailable references
[12.418s][debug][gc,ref       ] GC(117) Skipped phase3 of Reference Processing due to unavailable references
[12.418s][debug][gc,ref       ] GC(117) Skipped phase4 of Reference Processing due to unavailable references
[12.418s][debug][gc,age       ] GC(117) Desired survivor size 15368192 bytes, new threshold 6 (max threshold 6)
[12.418s][info ][gc,heap      ] GC(117) ParNew: 240782K->333K(270336K)
[12.418s][info ][gc,heap      ] GC(117) CMS: 214713K->214754K(600768K)
[12.418s][info ][gc,metaspace ] GC(117) Metaspace: 47499K->47499K(1093632K)
[12.418s][info ][gc           ] GC(117) Pause Young (Allocation Failure) 444M->210M(850M) 2.023ms
[12.418s][info ][gc,cpu       ] GC(117) User=0.00s Sys=0.00s Real=0.00s
[12.418s][info ][safepoint    ] Leaving safepoint region
[12.418s][info ][safepoint    ] Total time for which application threads were stopped: 0.0023446 seconds, Stopping threads took: 0.0001378 seconds
[12.454s][info ][safepoint    ] Application time: 0.0363821 seconds
[12.454s][info ][safepoint    ] Entering safepoint region: GenCollectForAllocation
[12.455s][info ][gc,start     ] GC(118) Pause Young (Allocation Failure)
[12.455s][info ][gc,task      ] GC(118) Using 4 workers of 4 for evacuation
[12.456s][debug][gc,ref       ] GC(118) Skipped phase1 of Reference Processing due to unavailable references
[12.456s][debug][gc,ref       ] GC(118) Skipped phase2 of Reference Processing due to unavailable references
[12.456s][debug][gc,ref       ] GC(118) Skipped phase3 of Reference Processing due to unavailable references
[12.456s][debug][gc,ref       ] GC(118) Skipped phase4 of Reference Processing due to unavailable references
[12.456s][debug][gc,age       ] GC(118) Desired survivor size 15368192 bytes, new threshold 6 (max threshold 6)
[12.456s][info ][gc,heap      ] GC(118) ParNew: 240653K->400K(270336K)
[12.456s][info ][gc,heap      ] GC(118) CMS: 214754K->214782K(600768K)
[12.456s][info ][gc,metaspace ] GC(118) Metaspace: 47508K->47508K(1093632K)
[12.456s][info ][gc           ] GC(118) Pause Young (Allocation Failure) 444M->210M(850M) 1.768ms
[12.456s][info ][gc,cpu       ] GC(118) User=0.01s Sys=0.00s Real=0.00s
[12.456s][info ][safepoint    ] Leaving safepoint region
[12.456s][info ][safepoint    ] Total time for which application threads were stopped: 0.0021611 seconds, Stopping threads took: 0.0002261 seconds
[12.506s][info ][safepoint    ] Application time: 0.0495444 seconds
[12.506s][info ][safepoint    ] Entering safepoint region: GenCollectForAllocation
[12.506s][info ][gc,start     ] GC(119) Pause Young (Allocation Failure)
[12.506s][info ][gc,task      ] GC(119) Using 4 workers of 4 for evacuation
[12.508s][debug][gc,ref       ] GC(119) Skipped phase1 of Reference Processing due to unavailable references
[12.508s][debug][gc,ref       ] GC(119) Skipped phase2 of Reference Processing due to unavailable references
[12.508s][debug][gc,ref       ] GC(119) Skipped phase3 of Reference Processing due to unavailable references
[12.508s][debug][gc,ref       ] GC(119) Skipped phase4 of Reference Processing due to unavailable references
[12.508s][debug][gc,age       ] GC(119) Desired survivor size 15368192 bytes, new threshold 6 (max threshold 6)
[12.508s][info ][gc,heap      ] GC(119) ParNew: 240720K->540K(270336K)
[12.508s][info ][gc,heap      ] GC(119) CMS: 214782K->214798K(600768K)
[12.508s][info ][gc,metaspace ] GC(119) Metaspace: 47532K->47532K(1093632K)
[12.508s][info ][gc           ] GC(119) Pause Young (Allocation Failure) 444M->210M(850M) 1.953ms
[12.508s][info ][gc,cpu       ] GC(119) User=0.00s Sys=0.00s Real=0.00s
[12.508s][info ][safepoint    ] Leaving safepoint region
[12.508s][info ][safepoint    ] Total time for which application threads were stopped: 0.0023792 seconds, Stopping threads took: 0.0002133 seconds
[12.559s][info ][safepoint    ] Application time: 0.0511155 seconds
[12.560s][info ][safepoint    ] Entering safepoint region: GenCollectForAllocation
[12.560s][info ][gc,start     ] GC(120) Pause Young (Allocation Failure)
[12.560s][info ][gc,task      ] GC(120) Using 4 workers of 4 for evacuation
[12.562s][debug][gc,ref       ] GC(120) Skipped phase1 of Reference Processing due to unavailable references
[12.562s][debug][gc,ref       ] GC(120) Skipped phase2 of Reference Processing due to unavailable references
[12.562s][debug][gc,ref       ] GC(120) Skipped phase3 of Reference Processing due to unavailable references
[12.562s][debug][gc,ref       ] GC(120) Skipped phase4 of Reference Processing due to unavailable references
[12.562s][debug][gc,age       ] GC(120) Desired survivor size 15368192 bytes, new threshold 6 (max threshold 6)
[12.562s][info ][gc,heap      ] GC(120) ParNew: 240860K->418K(270336K)
[12.562s][info ][gc,heap      ] GC(120) CMS: 214798K->214816K(600768K)
[12.562s][info ][gc,metaspace ] GC(120) Metaspace: 47535K->47535K(1093632K)
[12.562s][info ][gc           ] GC(120) Pause Young (Allocation Failure) 444M->210M(850M) 2.165ms
[12.562s][info ][gc,cpu       ] GC(120) User=0.00s Sys=0.00s Real=0.00s
[12.562s][info ][safepoint    ] Leaving safepoint region
[12.562s][info ][safepoint    ] Total time for which application threads were stopped: 0.0026656 seconds, Stopping threads took: 0.0003204 seconds
[12.610s][info ][safepoint    ] Application time: 0.0473615 seconds
[12.610s][info ][safepoint    ] Entering safepoint region: GenCollectForAllocation
[12.610s][info ][gc,start     ] GC(121) Pause Young (Allocation Failure)
[12.610s][info ][gc,task      ] GC(121) Using 4 workers of 4 for evacuation
[12.613s][debug][gc,ref       ] GC(121) Skipped phase1 of Reference Processing due to unavailable references
[12.613s][debug][gc,ref       ] GC(121) Skipped phase2 of Reference Processing due to unavailable references
[12.613s][debug][gc,ref       ] GC(121) Skipped phase3 of Reference Processing due to unavailable references
[12.613s][debug][gc,ref       ] GC(121) Skipped phase4 of Reference Processing due to unavailable references
[12.613s][debug][gc,age       ] GC(121) Desired survivor size 15368192 bytes, new threshold 6 (max threshold 6)
[12.613s][info ][gc,heap      ] GC(121) ParNew: 240738K->411K(270336K)
[12.613s][info ][gc,heap      ] GC(121) CMS: 214816K->214853K(600768K)
[12.613s][info ][gc,metaspace ] GC(121) Metaspace: 47537K->47537K(1093632K)
[12.613s][info ][gc           ] GC(121) Pause Young (Allocation Failure) 444M->210M(850M) 3.349ms
[12.613s][info ][gc,cpu       ] GC(121) User=0.01s Sys=0.00s Real=0.01s
[12.613s][info ][safepoint    ] Leaving safepoint region
[12.613s][info ][safepoint    ] Total time for which application threads were stopped: 0.0037262 seconds, Stopping threads took: 0.0001814 seconds
[12.697s][info ][safepoint    ] Application time: 0.0834857 seconds
[12.698s][info ][safepoint    ] Entering safepoint region: GenCollectForAllocation
[12.699s][info ][gc,start     ] GC(122) Pause Young (Allocation Failure)
[12.699s][info ][gc,task      ] GC(122) Using 4 workers of 4 for evacuation
[12.701s][debug][gc,ref       ] GC(122) Skipped phase1 of Reference Processing due to unavailable references
[12.701s][debug][gc,ref       ] GC(122) Skipped phase2 of Reference Processing due to unavailable references
[12.701s][debug][gc,ref       ] GC(122) Skipped phase3 of Reference Processing due to unavailable references
[12.701s][debug][gc,ref       ] GC(122) Skipped phase4 of Reference Processing due to unavailable references
[12.701s][debug][gc,age       ] GC(122) Desired survivor size 15368192 bytes, new threshold 6 (max threshold 6)
[12.701s][info ][gc,heap      ] GC(122) ParNew: 240731K->484K(270336K)
[12.701s][info ][gc,heap      ] GC(122) CMS: 214853K->214899K(600768K)
[12.701s][info ][gc,metaspace ] GC(122) Metaspace: 47544K->47544K(1093632K)
[12.701s][info ][gc           ] GC(122) Pause Young (Allocation Failure) 444M->210M(850M) 2.465ms
[12.701s][info ][gc,cpu       ] GC(122) User=0.00s Sys=0.00s Real=0.00s
[12.701s][info ][safepoint    ] Leaving safepoint region
[12.701s][info ][safepoint    ] Total time for which application threads were stopped: 0.0043269 seconds, Stopping threads took: 0.0016655 seconds
[12.737s][info ][safepoint    ] Application time: 0.0362215 seconds
[12.739s][info ][safepoint    ] Entering safepoint region: GenCollectForAllocation
[12.739s][info ][gc,start     ] GC(123) Pause Young (Allocation Failure)
[12.739s][info ][gc,task      ] GC(123) Using 4 workers of 4 for evacuation
[12.741s][debug][gc,ref       ] GC(123) Skipped phase1 of Reference Processing due to unavailable references
[12.741s][debug][gc,ref       ] GC(123) Skipped phase2 of Reference Processing due to unavailable references
[12.741s][debug][gc,ref       ] GC(123) Skipped phase3 of Reference Processing due to unavailable references
[12.741s][debug][gc,ref       ] GC(123) Skipped phase4 of Reference Processing due to unavailable references
[12.741s][debug][gc,age       ] GC(123) Desired survivor size 15368192 bytes, new threshold 6 (max threshold 6)
[12.741s][info ][gc,heap      ] GC(123) ParNew: 240804K->349K(270336K)
[12.741s][info ][gc,heap      ] GC(123) CMS: 214899K->214937K(600768K)
[12.741s][info ][gc,metaspace ] GC(123) Metaspace: 47548K->47548K(1093632K)
[12.741s][info ][gc           ] GC(123) Pause Young (Allocation Failure) 445M->210M(850M) 2.409ms
[12.741s][info ][gc,cpu       ] GC(123) User=0.01s Sys=0.00s Real=0.00s
[12.741s][info ][safepoint    ] Leaving safepoint region
[12.741s][info ][safepoint    ] Total time for which application threads were stopped: 0.0040021 seconds, Stopping threads took: 0.0014013 seconds
[12.774s][info ][safepoint    ] Application time: 0.0330349 seconds
[12.775s][info ][safepoint    ] Entering safepoint region: GenCollectForAllocation
[12.775s][info ][gc,start     ] GC(124) Pause Young (Allocation Failure)
[12.775s][info ][gc,task      ] GC(124) Using 4 workers of 4 for evacuation
[12.777s][debug][gc,ref       ] GC(124) Skipped phase1 of Reference Processing due to unavailable references
[12.777s][debug][gc,ref       ] GC(124) Skipped phase2 of Reference Processing due to unavailable references
[12.777s][debug][gc,ref       ] GC(124) Skipped phase3 of Reference Processing due to unavailable references
[12.777s][debug][gc,ref       ] GC(124) Skipped phase4 of Reference Processing due to unavailable references
[12.777s][debug][gc,age       ] GC(124) Desired survivor size 15368192 bytes, new threshold 6 (max threshold 6)
[12.777s][info ][gc,heap      ] GC(124) ParNew: 240669K->393K(270336K)
[12.777s][info ][gc,heap      ] GC(124) CMS: 214937K->214960K(600768K)
[12.777s][info ][gc,metaspace ] GC(124) Metaspace: 47555K->47555K(1093632K)
[12.777s][info ][gc           ] GC(124) Pause Young (Allocation Failure) 444M->210M(850M) 2.374ms
[12.777s][info ][gc,cpu       ] GC(124) User=0.01s Sys=0.00s Real=0.00s
[12.777s][info ][safepoint    ] Leaving safepoint region
[12.777s][info ][safepoint    ] Total time for which application threads were stopped: 0.0027567 seconds, Stopping threads took: 0.0001952 seconds
[12.822s][info ][safepoint    ] Application time: 0.0450731 seconds
[12.822s][info ][safepoint    ] Entering safepoint region: GenCollectForAllocation
[12.823s][info ][gc,start     ] GC(125) Pause Young (Allocation Failure)
[12.823s][info ][gc,task      ] GC(125) Using 4 workers of 4 for evacuation
[12.824s][debug][gc,ref       ] GC(125) Skipped phase1 of Reference Processing due to unavailable references
[12.824s][debug][gc,ref       ] GC(125) Skipped phase2 of Reference Processing due to unavailable references
[12.824s][debug][gc,ref       ] GC(125) Skipped phase3 of Reference Processing due to unavailable references
[12.824s][debug][gc,ref       ] GC(125) Skipped phase4 of Reference Processing due to unavailable references
[12.824s][debug][gc,age       ] GC(125) Desired survivor size 15368192 bytes, new threshold 6 (max threshold 6)
[12.824s][info ][gc,heap      ] GC(125) ParNew: 240713K->424K(270336K)
[12.824s][info ][gc,heap      ] GC(125) CMS: 214960K->214983K(600768K)
[12.824s][info ][gc,metaspace ] GC(125) Metaspace: 47561K->47561K(1093632K)
[12.825s][info ][gc           ] GC(125) Pause Young (Allocation Failure) 444M->210M(850M) 1.897ms
[12.825s][info ][gc,cpu       ] GC(125) User=0.01s Sys=0.00s Real=0.00s
[12.825s][info ][safepoint    ] Leaving safepoint region
[12.825s][info ][safepoint    ] Total time for which application threads were stopped: 0.0022593 seconds, Stopping threads took: 0.0001666 seconds
[12.873s][info ][safepoint    ] Application time: 0.0487367 seconds
[12.875s][info ][safepoint    ] Entering safepoint region: GenCollectForAllocation
[12.875s][info ][gc,start     ] GC(126) Pause Young (Allocation Failure)
[12.875s][info ][gc,task      ] GC(126) Using 4 workers of 4 for evacuation
[12.877s][debug][gc,ref       ] GC(126) Skipped phase1 of Reference Processing due to unavailable references
[12.877s][debug][gc,ref       ] GC(126) Skipped phase2 of Reference Processing due to unavailable references
[12.877s][debug][gc,ref       ] GC(126) Skipped phase3 of Reference Processing due to unavailable references
[12.877s][debug][gc,ref       ] GC(126) Skipped phase4 of Reference Processing due to unavailable references
[12.877s][debug][gc,age       ] GC(126) Desired survivor size 15368192 bytes, new threshold 6 (max threshold 6)
[12.877s][info ][gc,heap      ] GC(126) ParNew: 240744K->556K(270336K)
[12.877s][info ][gc,heap      ] GC(126) CMS: 214983K->214993K(600768K)
[12.877s][info ][gc,metaspace ] GC(126) Metaspace: 47562K->47562K(1093632K)
[12.877s][info ][gc           ] GC(126) Pause Young (Allocation Failure) 445M->210M(850M) 2.019ms
[12.877s][info ][gc,cpu       ] GC(126) User=0.01s Sys=0.00s Real=0.00s
[12.877s][info ][safepoint    ] Leaving safepoint region
[12.877s][info ][safepoint    ] Total time for which application threads were stopped: 0.0041168 seconds, Stopping threads took: 0.0018881 seconds
[12.917s][info ][safepoint    ] Application time: 0.0394009 seconds
[12.917s][info ][safepoint    ] Entering safepoint region: GenCollectForAllocation
[12.917s][info ][gc,start     ] GC(127) Pause Young (Allocation Failure)
[12.917s][info ][gc,task      ] GC(127) Using 4 workers of 4 for evacuation
[12.920s][debug][gc,ref       ] GC(127) Skipped phase1 of Reference Processing due to unavailable references
[12.920s][debug][gc,ref       ] GC(127) Skipped phase2 of Reference Processing due to unavailable references
[12.920s][debug][gc,ref       ] GC(127) Skipped phase3 of Reference Processing due to unavailable references
[12.920s][debug][gc,ref       ] GC(127) Skipped phase4 of Reference Processing due to unavailable references
[12.920s][debug][gc,age       ] GC(127) Desired survivor size 15368192 bytes, new threshold 6 (max threshold 6)
[12.920s][info ][gc,heap      ] GC(127) ParNew: 240876K->334K(270336K)
[12.920s][info ][gc,heap      ] GC(127) CMS: 214993K->215033K(600768K)
[12.920s][info ][gc,metaspace ] GC(127) Metaspace: 47584K->47584K(1093632K)
[12.920s][info ][gc           ] GC(127) Pause Young (Allocation Failure) 445M->210M(850M) 2.800ms
[12.920s][info ][gc,cpu       ] GC(127) User=0.01s Sys=0.00s Real=0.01s
[12.920s][info ][safepoint    ] Leaving safepoint region
[12.920s][info ][safepoint    ] Total time for which application threads were stopped: 0.0031084 seconds, Stopping threads took: 0.0001218 seconds
[12.963s][info ][safepoint    ] Application time: 0.0426816 seconds
[12.966s][info ][safepoint    ] Entering safepoint region: GenCollectForAllocation
[12.966s][info ][gc,start     ] GC(128) Pause Young (Allocation Failure)
[12.966s][info ][gc,task      ] GC(128) Using 4 workers of 4 for evacuation
[12.968s][debug][gc,ref       ] GC(128) Skipped phase1 of Reference Processing due to unavailable references
[12.968s][debug][gc,ref       ] GC(128) Skipped phase2 of Reference Processing due to unavailable references
[12.968s][debug][gc,ref       ] GC(128) Skipped phase3 of Reference Processing due to unavailable references
[12.968s][debug][gc,ref       ] GC(128) Skipped phase4 of Reference Processing due to unavailable references
[12.968s][debug][gc,age       ] GC(128) Desired survivor size 15368192 bytes, new threshold 6 (max threshold 6)
[12.968s][info ][gc,heap      ] GC(128) ParNew: 240654K->464K(270336K)
[12.968s][info ][gc,heap      ] GC(128) CMS: 215033K->215096K(600768K)
[12.968s][info ][gc,metaspace ] GC(128) Metaspace: 47584K->47584K(1093632K)
[12.968s][info ][gc           ] GC(128) Pause Young (Allocation Failure) 445M->210M(850M) 1.978ms
[12.968s][info ][gc,cpu       ] GC(128) User=0.00s Sys=0.01s Real=0.00s
[12.968s][info ][safepoint    ] Leaving safepoint region
[12.968s][info ][safepoint    ] Total time for which application threads were stopped: 0.0056264 seconds, Stopping threads took: 0.0034691 seconds
[13.009s][info ][safepoint    ] Application time: 0.0403948 seconds
[13.009s][info ][safepoint    ] Entering safepoint region: GenCollectForAllocation
[13.009s][info ][gc,start     ] GC(129) Pause Young (Allocation Failure)
[13.009s][info ][gc,task      ] GC(129) Using 4 workers of 4 for evacuation
[13.011s][debug][gc,ref       ] GC(129) Skipped phase1 of Reference Processing due to unavailable references
[13.011s][debug][gc,ref       ] GC(129) Skipped phase2 of Reference Processing due to unavailable references
[13.011s][debug][gc,ref       ] GC(129) Skipped phase3 of Reference Processing due to unavailable references
[13.011s][debug][gc,ref       ] GC(129) Skipped phase4 of Reference Processing due to unavailable references
[13.011s][debug][gc,age       ] GC(129) Desired survivor size 15368192 bytes, new threshold 6 (max threshold 6)
[13.011s][info ][gc,heap      ] GC(129) ParNew: 240784K->363K(270336K)
[13.011s][info ][gc,heap      ] GC(129) CMS: 215096K->215114K(600768K)
[13.011s][info ][gc,metaspace ] GC(129) Metaspace: 47588K->47588K(1093632K)
[13.011s][info ][gc           ] GC(129) Pause Young (Allocation Failure) 445M->210M(850M) 2.447ms
[13.011s][info ][gc,cpu       ] GC(129) User=0.01s Sys=0.00s Real=0.01s
[13.011s][info ][safepoint    ] Leaving safepoint region
[13.012s][info ][safepoint    ] Total time for which application threads were stopped: 0.0027650 seconds, Stopping threads took: 0.0001330 seconds
[13.051s][info ][safepoint    ] Application time: 0.0396983 seconds
[13.054s][info ][safepoint    ] Entering safepoint region: GenCollectForAllocation
[13.055s][info ][gc,start     ] GC(130) Pause Young (Allocation Failure)
[13.055s][info ][gc,task      ] GC(130) Using 4 workers of 4 for evacuation
[13.057s][debug][gc,ref       ] GC(130) Skipped phase1 of Reference Processing due to unavailable references
[13.057s][debug][gc,ref       ] GC(130) Skipped phase2 of Reference Processing due to unavailable references
[13.057s][debug][gc,ref       ] GC(130) Skipped phase3 of Reference Processing due to unavailable references
[13.057s][debug][gc,ref       ] GC(130) Skipped phase4 of Reference Processing due to unavailable references
[13.058s][debug][gc,age       ] GC(130) Desired survivor size 15368192 bytes, new threshold 6 (max threshold 6)
[13.058s][info ][gc,heap      ] GC(130) ParNew: 240683K->445K(270336K)
[13.058s][info ][gc,heap      ] GC(130) CMS: 215114K->215134K(600768K)
[13.058s][info ][gc,metaspace ] GC(130) Metaspace: 47591K->47591K(1093632K)
[13.058s][info ][gc           ] GC(130) Pause Young (Allocation Failure) 445M->210M(850M) 3.043ms
[13.058s][info ][gc,cpu       ] GC(130) User=0.01s Sys=0.00s Real=0.00s
[13.058s][info ][safepoint    ] Leaving safepoint region
[13.058s][info ][safepoint    ] Total time for which application threads were stopped: 0.0064861 seconds, Stopping threads took: 0.0032376 seconds
[13.113s][info ][safepoint    ] Application time: 0.0555973 seconds
[13.114s][info ][safepoint    ] Entering safepoint region: GenCollectForAllocation
[13.114s][info ][gc,start     ] GC(131) Pause Young (Allocation Failure)
[13.114s][info ][gc,task      ] GC(131) Using 4 workers of 4 for evacuation
[13.115s][debug][gc,ref       ] GC(131) Skipped phase1 of Reference Processing due to unavailable references
[13.115s][debug][gc,ref       ] GC(131) Skipped phase2 of Reference Processing due to unavailable references
[13.115s][debug][gc,ref       ] GC(131) Skipped phase3 of Reference Processing due to unavailable references
[13.115s][debug][gc,ref       ] GC(131) Skipped phase4 of Reference Processing due to unavailable references
[13.116s][debug][gc,age       ] GC(131) Desired survivor size 15368192 bytes, new threshold 6 (max threshold 6)
[13.116s][info ][gc,heap      ] GC(131) ParNew: 240765K->493K(270336K)
[13.116s][info ][gc,heap      ] GC(131) CMS: 215134K->215164K(600768K)
[13.116s][info ][gc,metaspace ] GC(131) Metaspace: 47596K->47596K(1093632K)
[13.116s][info ][gc           ] GC(131) Pause Young (Allocation Failure) 445M->210M(850M) 1.961ms
[13.116s][info ][gc,cpu       ] GC(131) User=0.01s Sys=0.00s Real=0.00s
[13.116s][info ][safepoint    ] Leaving safepoint region
[13.116s][info ][safepoint    ] Total time for which application threads were stopped: 0.0023540 seconds, Stopping threads took: 0.0002021 seconds
[13.155s][info ][safepoint    ] Application time: 0.0391325 seconds
[13.155s][info ][safepoint    ] Entering safepoint region: GenCollectForAllocation
[13.155s][info ][gc,start     ] GC(132) Pause Young (Allocation Failure)
[13.155s][info ][gc,task      ] GC(132) Using 4 workers of 4 for evacuation
[13.157s][debug][gc,ref       ] GC(132) Skipped phase1 of Reference Processing due to unavailable references
[13.157s][debug][gc,ref       ] GC(132) Skipped phase2 of Reference Processing due to unavailable references
[13.157s][debug][gc,ref       ] GC(132) Skipped phase3 of Reference Processing due to unavailable references
[13.157s][debug][gc,ref       ] GC(132) Skipped phase4 of Reference Processing due to unavailable references
[13.157s][debug][gc,age       ] GC(132) Desired survivor size 15368192 bytes, new threshold 6 (max threshold 6)
[13.157s][info ][gc,heap      ] GC(132) ParNew: 240813K->308K(270336K)
[13.157s][info ][gc,heap      ] GC(132) CMS: 215164K->215210K(600768K)
[13.157s][info ][gc,metaspace ] GC(132) Metaspace: 47610K->47610K(1093632K)
[13.157s][info ][gc           ] GC(132) Pause Young (Allocation Failure) 445M->210M(850M) 1.827ms
[13.157s][info ][gc,cpu       ] GC(132) User=0.00s Sys=0.00s Real=0.00s
[13.157s][info ][safepoint    ] Leaving safepoint region
[13.157s][info ][safepoint    ] Total time for which application threads were stopped: 0.0021429 seconds, Stopping threads took: 0.0001462 seconds
[13.192s][info ][safepoint    ] Application time: 0.0354325 seconds
[13.193s][info ][safepoint    ] Entering safepoint region: GenCollectForAllocation
[13.193s][info ][gc,start     ] GC(133) Pause Young (Allocation Failure)
[13.193s][info ][gc,task      ] GC(133) Using 4 workers of 4 for evacuation
[13.194s][debug][gc,ref       ] GC(133) Skipped phase1 of Reference Processing due to unavailable references
[13.194s][debug][gc,ref       ] GC(133) Skipped phase2 of Reference Processing due to unavailable references
[13.194s][debug][gc,ref       ] GC(133) Skipped phase3 of Reference Processing due to unavailable references
[13.194s][debug][gc,ref       ] GC(133) Skipped phase4 of Reference Processing due to unavailable references
[13.195s][debug][gc,age       ] GC(133) Desired survivor size 15368192 bytes, new threshold 6 (max threshold 6)
[13.195s][info ][gc,heap      ] GC(133) ParNew: 240628K->406K(270336K)
[13.195s][info ][gc,heap      ] GC(133) CMS: 215210K->215232K(600768K)
[13.195s][info ][gc,metaspace ] GC(133) Metaspace: 47611K->47611K(1093632K)
[13.195s][info ][gc           ] GC(133) Pause Young (Allocation Failure) 445M->210M(850M) 1.805ms
[13.195s][info ][gc,cpu       ] GC(133) User=0.01s Sys=0.00s Real=0.00s
[13.195s][info ][safepoint    ] Leaving safepoint region
[13.195s][info ][safepoint    ] Total time for which application threads were stopped: 0.0021637 seconds, Stopping threads took: 0.0001489 seconds
[13.224s][info ][safepoint    ] Application time: 0.0295728 seconds
[13.224s][info ][safepoint    ] Entering safepoint region: GenCollectForAllocation
[13.224s][info ][gc,start     ] GC(134) Pause Young (Allocation Failure)
[13.224s][info ][gc,task      ] GC(134) Using 4 workers of 4 for evacuation
[13.226s][debug][gc,ref       ] GC(134) Skipped phase1 of Reference Processing due to unavailable references
[13.226s][debug][gc,ref       ] GC(134) Skipped phase2 of Reference Processing due to unavailable references
[13.226s][debug][gc,ref       ] GC(134) Skipped phase3 of Reference Processing due to unavailable references
[13.226s][debug][gc,ref       ] GC(134) Skipped phase4 of Reference Processing due to unavailable references
[13.226s][debug][gc,age       ] GC(134) Desired survivor size 15368192 bytes, new threshold 6 (max threshold 6)
[13.226s][info ][gc,heap      ] GC(134) ParNew: 240726K->458K(270336K)
[13.226s][info ][gc,heap      ] GC(134) CMS: 215232K->215260K(600768K)
[13.226s][info ][gc,metaspace ] GC(134) Metaspace: 47613K->47613K(1093632K)
[13.226s][info ][gc           ] GC(134) Pause Young (Allocation Failure) 445M->210M(850M) 1.723ms
[13.226s][info ][gc,cpu       ] GC(134) User=0.00s Sys=0.00s Real=0.00s
[13.226s][info ][safepoint    ] Leaving safepoint region
[13.226s][info ][safepoint    ] Total time for which application threads were stopped: 0.0019865 seconds, Stopping threads took: 0.0000735 seconds
[13.274s][info ][safepoint    ] Application time: 0.0481435 seconds
[13.276s][info ][safepoint    ] Entering safepoint region: GenCollectForAllocation
[13.276s][info ][gc,start     ] GC(135) Pause Young (Allocation Failure)
[13.276s][info ][gc,task      ] GC(135) Using 4 workers of 4 for evacuation
[13.277s][debug][gc,ref       ] GC(135) Skipped phase1 of Reference Processing due to unavailable references
[13.277s][debug][gc,ref       ] GC(135) Skipped phase2 of Reference Processing due to unavailable references
[13.277s][debug][gc,ref       ] GC(135) Skipped phase3 of Reference Processing due to unavailable references
[13.277s][debug][gc,ref       ] GC(135) Skipped phase4 of Reference Processing due to unavailable references
[13.278s][debug][gc,age       ] GC(135) Desired survivor size 15368192 bytes, new threshold 6 (max threshold 6)
[13.278s][info ][gc,heap      ] GC(135) ParNew: 240778K->409K(270336K)
[13.278s][info ][gc,heap      ] GC(135) CMS: 215260K->215297K(600768K)
[13.278s][info ][gc,metaspace ] GC(135) Metaspace: 47617K->47617K(1093632K)
[13.278s][info ][gc           ] GC(135) Pause Young (Allocation Failure) 445M->210M(850M) 1.939ms
[13.278s][info ][gc,cpu       ] GC(135) User=0.01s Sys=0.00s Real=0.00s
[13.278s][info ][safepoint    ] Leaving safepoint region
[13.278s][info ][safepoint    ] Total time for which application threads were stopped: 0.0033057 seconds, Stopping threads took: 0.0011922 seconds
[13.328s][info ][safepoint    ] Application time: 0.0507006 seconds
[13.330s][info ][safepoint    ] Entering safepoint region: GenCollectForAllocation
[13.331s][info ][gc,start     ] GC(136) Pause Young (Allocation Failure)
[13.331s][info ][gc,task      ] GC(136) Using 4 workers of 4 for evacuation
[13.333s][debug][gc,ref       ] GC(136) Skipped phase1 of Reference Processing due to unavailable references
[13.333s][debug][gc,ref       ] GC(136) Skipped phase2 of Reference Processing due to unavailable references
[13.333s][debug][gc,ref       ] GC(136) Skipped phase3 of Reference Processing due to unavailable references
[13.333s][debug][gc,ref       ] GC(136) Skipped phase4 of Reference Processing due to unavailable references
[13.333s][debug][gc,age       ] GC(136) Desired survivor size 15368192 bytes, new threshold 6 (max threshold 6)
[13.333s][info ][gc,heap      ] GC(136) ParNew: 240729K->403K(270336K)
[13.333s][info ][gc,heap      ] GC(136) CMS: 215297K->215317K(600768K)
[13.333s][info ][gc,metaspace ] GC(136) Metaspace: 47632K->47632K(1093632K)
[13.333s][info ][gc           ] GC(136) Pause Young (Allocation Failure) 445M->210M(850M) 2.128ms
[13.333s][info ][gc,cpu       ] GC(136) User=0.01s Sys=0.00s Real=0.00s
[13.333s][info ][safepoint    ] Leaving safepoint region
[13.333s][info ][safepoint    ] Total time for which application threads were stopped: 0.0043697 seconds, Stopping threads took: 0.0020623 seconds
[13.381s][info ][safepoint    ] Application time: 0.0483671 seconds
[13.382s][info ][safepoint    ] Entering safepoint region: GenCollectForAllocation
[13.383s][info ][gc,start     ] GC(137) Pause Young (Allocation Failure)
[13.383s][info ][gc,task      ] GC(137) Using 4 workers of 4 for evacuation
[13.386s][debug][gc,ref       ] GC(137) Skipped phase1 of Reference Processing due to unavailable references
[13.386s][debug][gc,ref       ] GC(137) Skipped phase2 of Reference Processing due to unavailable references
[13.386s][debug][gc,ref       ] GC(137) Skipped phase3 of Reference Processing due to unavailable references
[13.386s][debug][gc,ref       ] GC(137) Skipped phase4 of Reference Processing due to unavailable references
[13.386s][debug][gc,age       ] GC(137) Desired survivor size 15368192 bytes, new threshold 6 (max threshold 6)
[13.386s][info ][gc,heap      ] GC(137) ParNew: 240723K->466K(270336K)
[13.386s][info ][gc,heap      ] GC(137) CMS: 215317K->215352K(600768K)
[13.386s][info ][gc,metaspace ] GC(137) Metaspace: 47634K->47634K(1093632K)
[13.386s][info ][gc           ] GC(137) Pause Young (Allocation Failure) 445M->210M(850M) 3.592ms
[13.386s][info ][gc,cpu       ] GC(137) User=0.01s Sys=0.00s Real=0.00s
[13.386s][info ][safepoint    ] Leaving safepoint region
[13.386s][info ][safepoint    ] Total time for which application threads were stopped: 0.0049630 seconds, Stopping threads took: 0.0011408 seconds
[13.421s][info ][safepoint    ] Application time: 0.0343983 seconds
[13.421s][info ][safepoint    ] Entering safepoint region: GenCollectForAllocation
[13.421s][info ][gc,start     ] GC(138) Pause Young (Allocation Failure)
[13.421s][info ][gc,task      ] GC(138) Using 4 workers of 4 for evacuation
[13.427s][debug][gc,ref       ] GC(138) Skipped phase1 of Reference Processing due to unavailable references
[13.427s][debug][gc,ref       ] GC(138) Skipped phase2 of Reference Processing due to unavailable references
[13.427s][debug][gc,ref       ] GC(138) Skipped phase3 of Reference Processing due to unavailable references
[13.427s][debug][gc,ref       ] GC(138) Skipped phase4 of Reference Processing due to unavailable references
[13.427s][debug][gc,age       ] GC(138) Desired survivor size 15368192 bytes, new threshold 6 (max threshold 6)
[13.427s][info ][gc,heap      ] GC(138) ParNew: 240786K->383K(270336K)
[13.427s][info ][gc,heap      ] GC(138) CMS: 215352K->215381K(600768K)
[13.427s][info ][gc,metaspace ] GC(138) Metaspace: 47635K->47635K(1093632K)
[13.427s][info ][gc           ] GC(138) Pause Young (Allocation Failure) 445M->210M(850M) 5.876ms
[13.427s][info ][gc,cpu       ] GC(138) User=0.03s Sys=0.00s Real=0.00s
[13.427s][info ][safepoint    ] Leaving safepoint region
[13.427s][info ][safepoint    ] Total time for which application threads were stopped: 0.0062388 seconds, Stopping threads took: 0.0001541 seconds
[13.496s][info ][safepoint    ] Application time: 0.0688743 seconds
[13.503s][info ][safepoint    ] Entering safepoint region: GenCollectForAllocation
[13.503s][info ][gc,start     ] GC(139) Pause Young (Allocation Failure)
[13.503s][info ][gc,task      ] GC(139) Using 4 workers of 4 for evacuation
[13.506s][debug][gc,ref       ] GC(139) Skipped phase1 of Reference Processing due to unavailable references
[13.506s][debug][gc,ref       ] GC(139) Skipped phase2 of Reference Processing due to unavailable references
[13.507s][debug][gc,ref       ] GC(139) Skipped phase3 of Reference Processing due to unavailable references
[13.507s][debug][gc,ref       ] GC(139) Skipped phase4 of Reference Processing due to unavailable references
[13.507s][debug][gc,age       ] GC(139) Desired survivor size 15368192 bytes, new threshold 6 (max threshold 6)
[13.507s][info ][gc,heap      ] GC(139) ParNew: 240703K->392K(270336K)
[13.507s][info ][gc,heap      ] GC(139) CMS: 215381K->215400K(600768K)
[13.507s][info ][gc,metaspace ] GC(139) Metaspace: 47643K->47643K(1093632K)
[13.507s][info ][gc           ] GC(139) Pause Young (Allocation Failure) 445M->210M(850M) 3.936ms
[13.507s][info ][gc,cpu       ] GC(139) User=0.01s Sys=0.00s Real=0.00s
[13.507s][info ][safepoint    ] Leaving safepoint region
[13.507s][info ][safepoint    ] Total time for which application threads were stopped: 0.0109987 seconds, Stopping threads took: 0.0068739 seconds
[13.572s][info ][safepoint    ] Application time: 0.0647874 seconds
[13.578s][info ][safepoint    ] Entering safepoint region: GenCollectForAllocation
[13.579s][info ][gc,start     ] GC(140) Pause Young (Allocation Failure)
[13.579s][info ][gc,task      ] GC(140) Using 4 workers of 4 for evacuation
[13.580s][debug][gc,ref       ] GC(140) Skipped phase1 of Reference Processing due to unavailable references
[13.580s][debug][gc,ref       ] GC(140) Skipped phase2 of Reference Processing due to unavailable references
[13.580s][debug][gc,ref       ] GC(140) Skipped phase3 of Reference Processing due to unavailable references
[13.580s][debug][gc,ref       ] GC(140) Skipped phase4 of Reference Processing due to unavailable references
[13.580s][debug][gc,age       ] GC(140) Desired survivor size 15368192 bytes, new threshold 6 (max threshold 6)
[13.580s][info ][gc,heap      ] GC(140) ParNew: 240712K->497K(270336K)
[13.580s][info ][gc,heap      ] GC(140) CMS: 215400K->215427K(600768K)
[13.580s][info ][gc,metaspace ] GC(140) Metaspace: 47651K->47651K(1093632K)
[13.580s][info ][gc           ] GC(140) Pause Young (Allocation Failure) 445M->210M(850M) 1.840ms
[13.580s][info ][gc,cpu       ] GC(140) User=0.00s Sys=0.00s Real=0.00s
[13.580s][info ][safepoint    ] Leaving safepoint region
[13.580s][info ][safepoint    ] Total time for which application threads were stopped: 0.0089164 seconds, Stopping threads took: 0.0068485 seconds
[13.623s][info ][safepoint    ] Application time: 0.0425583 seconds
[13.625s][info ][safepoint    ] Entering safepoint region: GenCollectForAllocation
[13.625s][info ][gc,start     ] GC(141) Pause Young (Allocation Failure)
[13.625s][info ][gc,task      ] GC(141) Using 4 workers of 4 for evacuation
[13.627s][debug][gc,ref       ] GC(141) Skipped phase1 of Reference Processing due to unavailable references
[13.627s][debug][gc,ref       ] GC(141) Skipped phase2 of Reference Processing due to unavailable references
[13.627s][debug][gc,ref       ] GC(141) Skipped phase3 of Reference Processing due to unavailable references
[13.627s][debug][gc,ref       ] GC(141) Skipped phase4 of Reference Processing due to unavailable references
[13.627s][debug][gc,age       ] GC(141) Desired survivor size 15368192 bytes, new threshold 6 (max threshold 6)
[13.627s][info ][gc,heap      ] GC(141) ParNew: 240817K->391K(270336K)
[13.627s][info ][gc,heap      ] GC(141) CMS: 215427K->215470K(600768K)
[13.627s][info ][gc,metaspace ] GC(141) Metaspace: 47654K->47654K(1093632K)
[13.627s][info ][gc           ] GC(141) Pause Young (Allocation Failure) 445M->210M(850M) 1.940ms
[13.627s][info ][gc,cpu       ] GC(141) User=0.01s Sys=0.00s Real=0.00s
[13.627s][info ][safepoint    ] Leaving safepoint region
[13.627s][info ][safepoint    ] Total time for which application threads were stopped: 0.0040315 seconds, Stopping threads took: 0.0018920 seconds
[13.674s][info ][safepoint    ] Application time: 0.0473625 seconds
[13.675s][info ][safepoint    ] Entering safepoint region: GenCollectForAllocation
[13.676s][info ][gc,start     ] GC(142) Pause Young (Allocation Failure)
[13.676s][info ][gc,task      ] GC(142) Using 4 workers of 4 for evacuation
[13.677s][debug][gc,ref       ] GC(142) Skipped phase1 of Reference Processing due to unavailable references
[13.677s][debug][gc,ref       ] GC(142) Skipped phase2 of Reference Processing due to unavailable references
[13.677s][debug][gc,ref       ] GC(142) Skipped phase3 of Reference Processing due to unavailable references
[13.677s][debug][gc,ref       ] GC(142) Skipped phase4 of Reference Processing due to unavailable references
[13.677s][debug][gc,age       ] GC(142) Desired survivor size 15368192 bytes, new threshold 6 (max threshold 6)
[13.677s][info ][gc,heap      ] GC(142) ParNew: 240711K->537K(270336K)
[13.677s][info ][gc,heap      ] GC(142) CMS: 215470K->215505K(600768K)
[13.677s][info ][gc,metaspace ] GC(142) Metaspace: 47659K->47659K(1093632K)
[13.677s][info ][gc           ] GC(142) Pause Young (Allocation Failure) 445M->210M(850M) 1.887ms
[13.677s][info ][gc,cpu       ] GC(142) User=0.00s Sys=0.00s Real=0.00s
[13.678s][info ][safepoint    ] Leaving safepoint region
[13.678s][info ][safepoint    ] Total time for which application threads were stopped: 0.0030369 seconds, Stopping threads took: 0.0009419 seconds
[13.722s][info ][safepoint    ] Application time: 0.0442378 seconds
[13.723s][info ][safepoint    ] Entering safepoint region: GenCollectForAllocation
[13.723s][info ][gc,start     ] GC(143) Pause Young (Allocation Failure)
[13.723s][info ][gc,task      ] GC(143) Using 4 workers of 4 for evacuation
[13.724s][debug][gc,ref       ] GC(143) Skipped phase1 of Reference Processing due to unavailable references
[13.724s][debug][gc,ref       ] GC(143) Skipped phase2 of Reference Processing due to unavailable references
[13.724s][debug][gc,ref       ] GC(143) Skipped phase3 of Reference Processing due to unavailable references
[13.724s][debug][gc,ref       ] GC(143) Skipped phase4 of Reference Processing due to unavailable references
[13.724s][debug][gc,age       ] GC(143) Desired survivor size 15368192 bytes, new threshold 6 (max threshold 6)
[13.724s][info ][gc,heap      ] GC(143) ParNew: 240857K->383K(270336K)
[13.724s][info ][gc,heap      ] GC(143) CMS: 215505K->215538K(600768K)
[13.724s][info ][gc,metaspace ] GC(143) Metaspace: 47661K->47661K(1093632K)
[13.724s][info ][gc           ] GC(143) Pause Young (Allocation Failure) 445M->210M(850M) 1.723ms
[13.724s][info ][gc,cpu       ] GC(143) User=0.00s Sys=0.00s Real=0.00s
[13.724s][info ][safepoint    ] Leaving safepoint region
[13.724s][info ][safepoint    ] Total time for which application threads were stopped: 0.0026999 seconds, Stopping threads took: 0.0008019 seconds
[13.777s][info ][safepoint    ] Application time: 0.0529455 seconds
[13.780s][info ][safepoint    ] Entering safepoint region: GenCollectForAllocation
[13.780s][info ][gc,start     ] GC(144) Pause Young (Allocation Failure)
[13.780s][info ][gc,task      ] GC(144) Using 4 workers of 4 for evacuation
[13.782s][debug][gc,ref       ] GC(144) Skipped phase1 of Reference Processing due to unavailable references
[13.782s][debug][gc,ref       ] GC(144) Skipped phase2 of Reference Processing due to unavailable references
[13.782s][debug][gc,ref       ] GC(144) Skipped phase3 of Reference Processing due to unavailable references
[13.782s][debug][gc,ref       ] GC(144) Skipped phase4 of Reference Processing due to unavailable references
[13.782s][debug][gc,age       ] GC(144) Desired survivor size 15368192 bytes, new threshold 6 (max threshold 6)
[13.782s][info ][gc,heap      ] GC(144) ParNew: 240703K->451K(270336K)
[13.782s][info ][gc,heap      ] GC(144) CMS: 215538K->215556K(600768K)
[13.782s][info ][gc,metaspace ] GC(144) Metaspace: 47677K->47677K(1093632K)
[13.782s][info ][gc           ] GC(144) Pause Young (Allocation Failure) 445M->210M(850M) 1.760ms
[13.782s][info ][gc,cpu       ] GC(144) User=0.01s Sys=0.00s Real=0.00s
[13.782s][info ][safepoint    ] Leaving safepoint region
[13.782s][info ][safepoint    ] Total time for which application threads were stopped: 0.0043190 seconds, Stopping threads took: 0.0023893 seconds
[13.835s][info ][safepoint    ] Application time: 0.0531508 seconds
[13.840s][info ][safepoint    ] Entering safepoint region: GenCollectForAllocation
[13.840s][info ][gc,start     ] GC(145) Pause Young (Allocation Failure)
[13.840s][info ][gc,task      ] GC(145) Using 4 workers of 4 for evacuation
[13.842s][debug][gc,ref       ] GC(145) Skipped phase1 of Reference Processing due to unavailable references
[13.842s][debug][gc,ref       ] GC(145) Skipped phase2 of Reference Processing due to unavailable references
[13.842s][debug][gc,ref       ] GC(145) Skipped phase3 of Reference Processing due to unavailable references
[13.842s][debug][gc,ref       ] GC(145) Skipped phase4 of Reference Processing due to unavailable references
[13.842s][debug][gc,age       ] GC(145) Desired survivor size 15368192 bytes, new threshold 6 (max threshold 6)
[13.842s][info ][gc,heap      ] GC(145) ParNew: 240771K->447K(270336K)
[13.842s][info ][gc,heap      ] GC(145) CMS: 215556K->215598K(600768K)
[13.842s][info ][gc,metaspace ] GC(145) Metaspace: 47679K->47679K(1093632K)
[13.842s][info ][gc           ] GC(145) Pause Young (Allocation Failure) 445M->210M(850M) 2.172ms
[13.842s][info ][gc,cpu       ] GC(145) User=0.01s Sys=0.00s Real=0.00s
[13.842s][info ][safepoint    ] Leaving safepoint region
[13.842s][info ][safepoint    ] Total time for which application threads were stopped: 0.0070535 seconds, Stopping threads took: 0.0046508 seconds
[13.890s][info ][safepoint    ] Application time: 0.0477959 seconds
[13.890s][info ][safepoint    ] Entering safepoint region: GenCollectForAllocation
[13.890s][info ][gc,start     ] GC(146) Pause Young (Allocation Failure)
[13.890s][info ][gc,task      ] GC(146) Using 4 workers of 4 for evacuation
[13.892s][debug][gc,ref       ] GC(146) Skipped phase1 of Reference Processing due to unavailable references
[13.892s][debug][gc,ref       ] GC(146) Skipped phase2 of Reference Processing due to unavailable references
[13.892s][debug][gc,ref       ] GC(146) Skipped phase3 of Reference Processing due to unavailable references
[13.892s][debug][gc,ref       ] GC(146) Skipped phase4 of Reference Processing due to unavailable references
[13.892s][debug][gc,age       ] GC(146) Desired survivor size 15368192 bytes, new threshold 6 (max threshold 6)
[13.892s][info ][gc,heap      ] GC(146) ParNew: 240767K->488K(270336K)
[13.892s][info ][gc,heap      ] GC(146) CMS: 215598K->215657K(600768K)
[13.892s][info ][gc,metaspace ] GC(146) Metaspace: 47679K->47679K(1093632K)
[13.892s][info ][gc           ] GC(146) Pause Young (Allocation Failure) 445M->211M(850M) 1.964ms
[13.892s][info ][gc,cpu       ] GC(146) User=0.01s Sys=0.00s Real=0.01s
[13.892s][info ][safepoint    ] Leaving safepoint region
[13.892s][info ][safepoint    ] Total time for which application threads were stopped: 0.0022754 seconds, Stopping threads took: 0.0001108 seconds
[13.954s][info ][safepoint    ] Application time: 0.0622562 seconds
[13.958s][info ][safepoint    ] Entering safepoint region: GenCollectForAllocation
[13.959s][info ][gc,start     ] GC(147) Pause Young (Allocation Failure)
[13.959s][info ][gc,task      ] GC(147) Using 4 workers of 4 for evacuation
[13.963s][debug][gc,ref       ] GC(147) Skipped phase1 of Reference Processing due to unavailable references
[13.963s][debug][gc,ref       ] GC(147) Skipped phase2 of Reference Processing due to unavailable references
[13.963s][debug][gc,ref       ] GC(147) Skipped phase3 of Reference Processing due to unavailable references
[13.963s][debug][gc,ref       ] GC(147) Skipped phase4 of Reference Processing due to unavailable references
[13.963s][debug][gc,age       ] GC(147) Desired survivor size 15368192 bytes, new threshold 6 (max threshold 6)
[13.963s][info ][gc,heap      ] GC(147) ParNew: 240808K->380K(270336K)
[13.963s][info ][gc,heap      ] GC(147) CMS: 215657K->215670K(600768K)
[13.963s][info ][gc,metaspace ] GC(147) Metaspace: 47685K->47685K(1093632K)
[13.963s][info ][gc           ] GC(147) Pause Young (Allocation Failure) 445M->210M(850M) 4.453ms
[13.963s][info ][gc,cpu       ] GC(147) User=0.01s Sys=0.00s Real=0.00s
[13.963s][info ][safepoint    ] Leaving safepoint region
[13.963s][info ][safepoint    ] Total time for which application threads were stopped: 0.0086251 seconds, Stopping threads took: 0.0040057 seconds
[14.012s][info ][safepoint    ] Application time: 0.0490485 seconds
[14.012s][info ][safepoint    ] Entering safepoint region: GenCollectForAllocation
[14.012s][info ][gc,start     ] GC(148) Pause Young (Allocation Failure)
[14.012s][info ][gc,task      ] GC(148) Using 4 workers of 4 for evacuation
[14.014s][debug][gc,ref       ] GC(148) Skipped phase1 of Reference Processing due to unavailable references
[14.014s][debug][gc,ref       ] GC(148) Skipped phase2 of Reference Processing due to unavailable references
[14.014s][debug][gc,ref       ] GC(148) Skipped phase3 of Reference Processing due to unavailable references
[14.014s][debug][gc,ref       ] GC(148) Skipped phase4 of Reference Processing due to unavailable references
[14.014s][debug][gc,age       ] GC(148) Desired survivor size 15368192 bytes, new threshold 6 (max threshold 6)
[14.014s][info ][gc,heap      ] GC(148) ParNew: 240700K->485K(270336K)
[14.014s][info ][gc,heap      ] GC(148) CMS: 215670K->215705K(600768K)
[14.014s][info ][gc,metaspace ] GC(148) Metaspace: 47685K->47685K(1093632K)
[14.014s][info ][gc           ] GC(148) Pause Young (Allocation Failure) 445M->211M(850M) 1.799ms
[14.014s][info ][gc,cpu       ] GC(148) User=0.00s Sys=0.00s Real=0.00s
[14.014s][info ][safepoint    ] Leaving safepoint region
[14.014s][info ][safepoint    ] Total time for which application threads were stopped: 0.0021542 seconds, Stopping threads took: 0.0001711 seconds
[14.053s][info ][safepoint    ] Application time: 0.0392103 seconds
[14.054s][info ][safepoint    ] Entering safepoint region: GenCollectForAllocation
[14.054s][info ][gc,start     ] GC(149) Pause Young (Allocation Failure)
[14.054s][info ][gc,task      ] GC(149) Using 4 workers of 4 for evacuation
[14.055s][debug][gc,ref       ] GC(149) Skipped phase1 of Reference Processing due to unavailable references
[14.055s][debug][gc,ref       ] GC(149) Skipped phase2 of Reference Processing due to unavailable references
[14.055s][debug][gc,ref       ] GC(149) Skipped phase3 of Reference Processing due to unavailable references
[14.055s][debug][gc,ref       ] GC(149) Skipped phase4 of Reference Processing due to unavailable references
[14.056s][debug][gc,age       ] GC(149) Desired survivor size 15368192 bytes, new threshold 6 (max threshold 6)
[14.056s][info ][gc,heap      ] GC(149) ParNew: 240805K->449K(270336K)
[14.056s][info ][gc,heap      ] GC(149) CMS: 215705K->215733K(600768K)
[14.056s][info ][gc,metaspace ] GC(149) Metaspace: 47698K->47698K(1093632K)
[14.056s][info ][gc           ] GC(149) Pause Young (Allocation Failure) 445M->211M(850M) 1.852ms
[14.056s][info ][gc,cpu       ] GC(149) User=0.01s Sys=0.00s Real=0.00s
[14.056s][info ][safepoint    ] Leaving safepoint region
[14.056s][info ][safepoint    ] Total time for which application threads were stopped: 0.0021268 seconds, Stopping threads took: 0.0000845 seconds
[14.091s][info ][safepoint    ] Application time: 0.0349905 seconds
[14.102s][info ][safepoint    ] Entering safepoint region: GenCollectForAllocation
[14.103s][info ][gc,start     ] GC(150) Pause Young (Allocation Failure)
[14.103s][info ][gc,task      ] GC(150) Using 4 workers of 4 for evacuation
[14.105s][debug][gc,ref       ] GC(150) Skipped phase1 of Reference Processing due to unavailable references
[14.105s][debug][gc,ref       ] GC(150) Skipped phase2 of Reference Processing due to unavailable references
[14.105s][debug][gc,ref       ] GC(150) Skipped phase3 of Reference Processing due to unavailable references
[14.105s][debug][gc,ref       ] GC(150) Skipped phase4 of Reference Processing due to unavailable references
[14.105s][debug][gc,age       ] GC(150) Desired survivor size 15368192 bytes, new threshold 6 (max threshold 6)
[14.105s][info ][gc,heap      ] GC(150) ParNew: 240769K->468K(270336K)
[14.105s][info ][gc,heap      ] GC(150) CMS: 215733K->215781K(600768K)
[14.105s][info ][gc,metaspace ] GC(150) Metaspace: 47699K->47699K(1093632K)
[14.105s][info ][gc           ] GC(150) Pause Young (Allocation Failure) 445M->211M(850M) 2.658ms
[14.105s][info ][gc,cpu       ] GC(150) User=0.00s Sys=0.00s Real=0.00s
[14.105s][info ][safepoint    ] Leaving safepoint region
[14.105s][info ][safepoint    ] Total time for which application threads were stopped: 0.0146033 seconds, Stopping threads took: 0.0117611 seconds
[14.144s][info ][safepoint    ] Application time: 0.0386678 seconds
[14.145s][info ][safepoint    ] Entering safepoint region: GenCollectForAllocation
[14.145s][info ][gc,start     ] GC(151) Pause Young (Allocation Failure)
[14.145s][info ][gc,task      ] GC(151) Using 4 workers of 4 for evacuation
[14.146s][debug][gc,ref       ] GC(151) Skipped phase1 of Reference Processing due to unavailable references
[14.147s][debug][gc,ref       ] GC(151) Skipped phase2 of Reference Processing due to unavailable references
[14.147s][debug][gc,ref       ] GC(151) Skipped phase3 of Reference Processing due to unavailable references
[14.147s][debug][gc,ref       ] GC(151) Skipped phase4 of Reference Processing due to unavailable references
[14.147s][debug][gc,age       ] GC(151) Desired survivor size 15368192 bytes, new threshold 6 (max threshold 6)
[14.147s][info ][gc,heap      ] GC(151) ParNew: 240788K->446K(270336K)
[14.147s][info ][gc,heap      ] GC(151) CMS: 215781K->215819K(600768K)
[14.147s][info ][gc,metaspace ] GC(151) Metaspace: 47699K->47699K(1093632K)
[14.147s][info ][gc           ] GC(151) Pause Young (Allocation Failure) 445M->211M(850M) 1.815ms
[14.147s][info ][gc,cpu       ] GC(151) User=0.01s Sys=0.00s Real=0.00s
[14.147s][info ][safepoint    ] Leaving safepoint region
[14.147s][info ][safepoint    ] Total time for which application threads were stopped: 0.0027645 seconds, Stopping threads took: 0.0007691 seconds
[14.203s][info ][safepoint    ] Application time: 0.0562383 seconds
[14.203s][info ][safepoint    ] Entering safepoint region: GenCollectForAllocation
[14.203s][info ][gc,start     ] GC(152) Pause Young (Allocation Failure)
[14.203s][info ][gc,task      ] GC(152) Using 4 workers of 4 for evacuation
[14.205s][debug][gc,ref       ] GC(152) Skipped phase1 of Reference Processing due to unavailable references
[14.205s][debug][gc,ref       ] GC(152) Skipped phase2 of Reference Processing due to unavailable references
[14.205s][debug][gc,ref       ] GC(152) Skipped phase3 of Reference Processing due to unavailable references
[14.205s][debug][gc,ref       ] GC(152) Skipped phase4 of Reference Processing due to unavailable references
[14.205s][debug][gc,age       ] GC(152) Desired survivor size 15368192 bytes, new threshold 6 (max threshold 6)
[14.205s][info ][gc,heap      ] GC(152) ParNew: 240766K->426K(270336K)
[14.205s][info ][gc,heap      ] GC(152) CMS: 215819K->215852K(600768K)
[14.205s][info ][gc,metaspace ] GC(152) Metaspace: 47699K->47699K(1093632K)
[14.205s][info ][gc           ] GC(152) Pause Young (Allocation Failure) 445M->211M(850M) 2.041ms
[14.205s][info ][gc,cpu       ] GC(152) User=0.01s Sys=0.00s Real=0.00s
[14.205s][info ][safepoint    ] Leaving safepoint region
[14.205s][info ][safepoint    ] Total time for which application threads were stopped: 0.0023353 seconds, Stopping threads took: 0.0001157 seconds
[14.253s][info ][safepoint    ] Application time: 0.0474254 seconds
[14.253s][info ][safepoint    ] Entering safepoint region: GenCollectForAllocation
[14.253s][info ][gc,start     ] GC(153) Pause Young (Allocation Failure)
[14.253s][info ][gc,task      ] GC(153) Using 4 workers of 4 for evacuation
[14.255s][debug][gc,ref       ] GC(153) Skipped phase1 of Reference Processing due to unavailable references
[14.255s][debug][gc,ref       ] GC(153) Skipped phase2 of Reference Processing due to unavailable references
[14.255s][debug][gc,ref       ] GC(153) Skipped phase3 of Reference Processing due to unavailable references
[14.255s][debug][gc,ref       ] GC(153) Skipped phase4 of Reference Processing due to unavailable references
[14.255s][debug][gc,age       ] GC(153) Desired survivor size 15368192 bytes, new threshold 6 (max threshold 6)
[14.255s][info ][gc,heap      ] GC(153) ParNew: 240746K->427K(270336K)
[14.255s][info ][gc,heap      ] GC(153) CMS: 215852K->215872K(600768K)
[14.255s][info ][gc,metaspace ] GC(153) Metaspace: 47719K->47719K(1093632K)
[14.255s][info ][gc           ] GC(153) Pause Young (Allocation Failure) 445M->211M(850M) 1.878ms
[14.255s][info ][gc,cpu       ] GC(153) User=0.01s Sys=0.00s Real=0.00s
[14.255s][info ][safepoint    ] Leaving safepoint region
[14.255s][info ][safepoint    ] Total time for which application threads were stopped: 0.0021353 seconds, Stopping threads took: 0.0000868 seconds
[14.311s][info ][safepoint    ] Application time: 0.0560417 seconds
[14.311s][info ][safepoint    ] Entering safepoint region: GenCollectForAllocation
[14.311s][info ][gc,start     ] GC(154) Pause Young (Allocation Failure)
[14.311s][info ][gc,task      ] GC(154) Using 4 workers of 4 for evacuation
[14.313s][debug][gc,ref       ] GC(154) Skipped phase1 of Reference Processing due to unavailable references
[14.313s][debug][gc,ref       ] GC(154) Skipped phase2 of Reference Processing due to unavailable references
[14.313s][debug][gc,ref       ] GC(154) Skipped phase3 of Reference Processing due to unavailable references
[14.313s][debug][gc,ref       ] GC(154) Skipped phase4 of Reference Processing due to unavailable references
[14.314s][debug][gc,age       ] GC(154) Desired survivor size 15368192 bytes, new threshold 6 (max threshold 6)
[14.314s][info ][gc,heap      ] GC(154) ParNew: 240747K->365K(270336K)
[14.314s][info ][gc,heap      ] GC(154) CMS: 215872K->215914K(600768K)
[14.314s][info ][gc,metaspace ] GC(154) Metaspace: 47719K->47719K(1093632K)
[14.314s][info ][gc           ] GC(154) Pause Young (Allocation Failure) 445M->211M(850M) 2.415ms
[14.314s][info ][gc,cpu       ] GC(154) User=0.01s Sys=0.00s Real=0.00s
[14.314s][info ][safepoint    ] Leaving safepoint region
[14.314s][info ][safepoint    ] Total time for which application threads were stopped: 0.0026241 seconds, Stopping threads took: 0.0000460 seconds
[14.355s][info ][safepoint    ] Application time: 0.0411956 seconds
[14.355s][info ][safepoint    ] Entering safepoint region: GenCollectForAllocation
[14.355s][info ][gc,start     ] GC(155) Pause Young (Allocation Failure)
[14.355s][info ][gc,task      ] GC(155) Using 4 workers of 4 for evacuation
[14.362s][debug][gc,ref       ] GC(155) Skipped phase1 of Reference Processing due to unavailable references
[14.362s][debug][gc,ref       ] GC(155) Skipped phase2 of Reference Processing due to unavailable references
[14.362s][debug][gc,ref       ] GC(155) Skipped phase3 of Reference Processing due to unavailable references
[14.362s][debug][gc,ref       ] GC(155) Skipped phase4 of Reference Processing due to unavailable references
[14.363s][debug][gc,age       ] GC(155) Desired survivor size 15368192 bytes, new threshold 6 (max threshold 6)
[14.363s][info ][gc,heap      ] GC(155) ParNew: 240685K->468K(270336K)
[14.363s][info ][gc,heap      ] GC(155) CMS: 215914K->215949K(600768K)
[14.363s][info ][gc,metaspace ] GC(155) Metaspace: 47721K->47721K(1093632K)
[14.363s][info ][gc           ] GC(155) Pause Young (Allocation Failure) 445M->211M(850M) 7.578ms
[14.363s][info ][gc,cpu       ] GC(155) User=0.01s Sys=0.00s Real=0.01s
[14.363s][info ][safepoint    ] Leaving safepoint region
[14.363s][info ][safepoint    ] Total time for which application threads were stopped: 0.0078422 seconds, Stopping threads took: 0.0000847 seconds
[14.422s][info ][safepoint    ] Application time: 0.0596797 seconds
[14.423s][info ][safepoint    ] Entering safepoint region: GenCollectForAllocation
[14.423s][info ][gc,start     ] GC(156) Pause Young (Allocation Failure)
[14.423s][info ][gc,task      ] GC(156) Using 4 workers of 4 for evacuation
[14.425s][debug][gc,ref       ] GC(156) Skipped phase1 of Reference Processing due to unavailable references
[14.425s][debug][gc,ref       ] GC(156) Skipped phase2 of Reference Processing due to unavailable references
[14.425s][debug][gc,ref       ] GC(156) Skipped phase3 of Reference Processing due to unavailable references
[14.425s][debug][gc,ref       ] GC(156) Skipped phase4 of Reference Processing due to unavailable references
[14.425s][debug][gc,age       ] GC(156) Desired survivor size 15368192 bytes, new threshold 6 (max threshold 6)
[14.425s][info ][gc,heap      ] GC(156) ParNew: 240788K->378K(270336K)
[14.425s][info ][gc,heap      ] GC(156) CMS: 215949K->215970K(600768K)
[14.425s][info ][gc,metaspace ] GC(156) Metaspace: 47723K->47723K(1093632K)
[14.425s][info ][gc           ] GC(156) Pause Young (Allocation Failure) 446M->211M(850M) 2.310ms
[14.425s][info ][gc,cpu       ] GC(156) User=0.01s Sys=0.00s Real=0.00s
[14.425s][info ][safepoint    ] Leaving safepoint region
[14.425s][info ][safepoint    ] Total time for which application threads were stopped: 0.0027218 seconds, Stopping threads took: 0.0002228 seconds
[14.488s][info ][safepoint    ] Application time: 0.0633536 seconds
[14.489s][info ][safepoint    ] Entering safepoint region: GenCollectForAllocation
[14.489s][info ][gc,start     ] GC(157) Pause Young (Allocation Failure)
[14.489s][info ][gc,task      ] GC(157) Using 4 workers of 4 for evacuation
[14.490s][debug][gc,ref       ] GC(157) Skipped phase1 of Reference Processing due to unavailable references
[14.490s][debug][gc,ref       ] GC(157) Skipped phase2 of Reference Processing due to unavailable references
[14.490s][debug][gc,ref       ] GC(157) Skipped phase3 of Reference Processing due to unavailable references
[14.490s][debug][gc,ref       ] GC(157) Skipped phase4 of Reference Processing due to unavailable references
[14.491s][debug][gc,age       ] GC(157) Desired survivor size 15368192 bytes, new threshold 6 (max threshold 6)
[14.491s][info ][gc,heap      ] GC(157) ParNew: 240698K->452K(270336K)
[14.491s][info ][gc,heap      ] GC(157) CMS: 215970K->215989K(600768K)
[14.491s][info ][gc,metaspace ] GC(157) Metaspace: 47725K->47725K(1093632K)
[14.491s][info ][gc           ] GC(157) Pause Young (Allocation Failure) 445M->211M(850M) 1.870ms
[14.491s][info ][gc,cpu       ] GC(157) User=0.01s Sys=0.00s Real=0.01s
[14.491s][info ][safepoint    ] Leaving safepoint region
[14.491s][info ][safepoint    ] Total time for which application threads were stopped: 0.0021605 seconds, Stopping threads took: 0.0001197 seconds
[14.541s][info ][safepoint    ] Application time: 0.0499332 seconds
[14.541s][info ][safepoint    ] Entering safepoint region: GenCollectForAllocation
[14.541s][info ][gc,start     ] GC(158) Pause Young (Allocation Failure)
[14.541s][info ][gc,task      ] GC(158) Using 4 workers of 4 for evacuation
[14.543s][debug][gc,ref       ] GC(158) Skipped phase1 of Reference Processing due to unavailable references
[14.543s][debug][gc,ref       ] GC(158) Skipped phase2 of Reference Processing due to unavailable references
[14.543s][debug][gc,ref       ] GC(158) Skipped phase3 of Reference Processing due to unavailable references
[14.543s][debug][gc,ref       ] GC(158) Skipped phase4 of Reference Processing due to unavailable references
[14.543s][debug][gc,age       ] GC(158) Desired survivor size 15368192 bytes, new threshold 6 (max threshold 6)
[14.543s][info ][gc,heap      ] GC(158) ParNew: 240772K->432K(270336K)
[14.543s][info ][gc,heap      ] GC(158) CMS: 215989K->216051K(600768K)
[14.543s][info ][gc,metaspace ] GC(158) Metaspace: 47725K->47725K(1093632K)
[14.543s][info ][gc           ] GC(158) Pause Young (Allocation Failure) 446M->211M(850M) 2.027ms
[14.543s][info ][gc,cpu       ] GC(158) User=0.01s Sys=0.00s Real=0.00s
[14.543s][info ][safepoint    ] Leaving safepoint region
[14.543s][info ][safepoint    ] Total time for which application threads were stopped: 0.0022919 seconds, Stopping threads took: 0.0000733 seconds
[14.575s][info ][safepoint    ] Application time: 0.0319731 seconds
[14.578s][info ][safepoint    ] Entering safepoint region: GenCollectForAllocation
[14.578s][info ][gc,start     ] GC(159) Pause Young (Allocation Failure)
[14.578s][info ][gc,task      ] GC(159) Using 4 workers of 4 for evacuation
[14.580s][debug][gc,ref       ] GC(159) Skipped phase1 of Reference Processing due to unavailable references
[14.580s][debug][gc,ref       ] GC(159) Skipped phase2 of Reference Processing due to unavailable references
[14.580s][debug][gc,ref       ] GC(159) Skipped phase3 of Reference Processing due to unavailable references
[14.580s][debug][gc,ref       ] GC(159) Skipped phase4 of Reference Processing due to unavailable references
[14.580s][debug][gc,age       ] GC(159) Desired survivor size 15368192 bytes, new threshold 6 (max threshold 6)
[14.580s][info ][gc,heap      ] GC(159) ParNew: 240752K->441K(270336K)
[14.580s][info ][gc,heap      ] GC(159) CMS: 216051K->216078K(600768K)
[14.580s][info ][gc,metaspace ] GC(159) Metaspace: 47726K->47726K(1093632K)
[14.580s][info ][gc           ] GC(159) Pause Young (Allocation Failure) 446M->211M(850M) 1.838ms
[14.580s][info ][gc,cpu       ] GC(159) User=0.01s Sys=0.00s Real=0.01s
[14.580s][info ][safepoint    ] Leaving safepoint region
[14.580s][info ][safepoint    ] Total time for which application threads were stopped: 0.0048397 seconds, Stopping threads took: 0.0028235 seconds
[14.627s][info ][safepoint    ] Application time: 0.0475872 seconds
[14.627s][info ][safepoint    ] Entering safepoint region: GenCollectForAllocation
[14.628s][info ][gc,start     ] GC(160) Pause Young (Allocation Failure)
[14.628s][info ][gc,task      ] GC(160) Using 4 workers of 4 for evacuation
[14.629s][debug][gc,ref       ] GC(160) Skipped phase1 of Reference Processing due to unavailable references
[14.629s][debug][gc,ref       ] GC(160) Skipped phase2 of Reference Processing due to unavailable references
[14.629s][debug][gc,ref       ] GC(160) Skipped phase3 of Reference Processing due to unavailable references
[14.629s][debug][gc,ref       ] GC(160) Skipped phase4 of Reference Processing due to unavailable references
[14.629s][debug][gc,age       ] GC(160) Desired survivor size 15368192 bytes, new threshold 6 (max threshold 6)
[14.629s][info ][gc,heap      ] GC(160) ParNew: 240761K->428K(270336K)
[14.629s][info ][gc,heap      ] GC(160) CMS: 216078K->216114K(600768K)
[14.629s][info ][gc,metaspace ] GC(160) Metaspace: 47726K->47726K(1093632K)
[14.630s][info ][gc           ] GC(160) Pause Young (Allocation Failure) 446M->211M(850M) 1.908ms
[14.630s][info ][gc,cpu       ] GC(160) User=0.00s Sys=0.00s Real=0.00s
[14.630s][info ][safepoint    ] Leaving safepoint region
[14.630s][info ][safepoint    ] Total time for which application threads were stopped: 0.0021744 seconds, Stopping threads took: 0.0000984 seconds
[14.691s][info ][safepoint    ] Application time: 0.0616497 seconds
[14.691s][info ][safepoint    ] Entering safepoint region: GenCollectForAllocation
[14.691s][info ][gc,start     ] GC(161) Pause Young (Allocation Failure)
[14.691s][info ][gc,task      ] GC(161) Using 4 workers of 4 for evacuation
[14.693s][debug][gc,ref       ] GC(161) Skipped phase1 of Reference Processing due to unavailable references
[14.693s][debug][gc,ref       ] GC(161) Skipped phase2 of Reference Processing due to unavailable references
[14.693s][debug][gc,ref       ] GC(161) Skipped phase3 of Reference Processing due to unavailable references
[14.693s][debug][gc,ref       ] GC(161) Skipped phase4 of Reference Processing due to unavailable references
[14.693s][debug][gc,age       ] GC(161) Desired survivor size 15368192 bytes, new threshold 6 (max threshold 6)
[14.693s][info ][gc,heap      ] GC(161) ParNew: 240748K->487K(270336K)
[14.693s][info ][gc,heap      ] GC(161) CMS: 216114K->216130K(600768K)
[14.693s][info ][gc,metaspace ] GC(161) Metaspace: 47727K->47727K(1093632K)
[14.693s][info ][gc           ] GC(161) Pause Young (Allocation Failure) 446M->211M(850M) 1.939ms
[14.693s][info ][gc,cpu       ] GC(161) User=0.00s Sys=0.00s Real=0.00s
[14.693s][info ][safepoint    ] Leaving safepoint region
[14.693s][info ][safepoint    ] Total time for which application threads were stopped: 0.0021932 seconds, Stopping threads took: 0.0000767 seconds
[14.726s][info ][safepoint    ] Application time: 0.0326046 seconds
[14.726s][info ][safepoint    ] Entering safepoint region: GenCollectForAllocation
[14.726s][info ][gc,start     ] GC(162) Pause Young (Allocation Failure)
[14.726s][info ][gc,task      ] GC(162) Using 4 workers of 4 for evacuation
[14.728s][debug][gc,ref       ] GC(162) Skipped phase1 of Reference Processing due to unavailable references
[14.728s][debug][gc,ref       ] GC(162) Skipped phase2 of Reference Processing due to unavailable references
[14.728s][debug][gc,ref       ] GC(162) Skipped phase3 of Reference Processing due to unavailable references
[14.728s][debug][gc,ref       ] GC(162) Skipped phase4 of Reference Processing due to unavailable references
[14.728s][debug][gc,age       ] GC(162) Desired survivor size 15368192 bytes, new threshold 6 (max threshold 6)
[14.728s][info ][gc,heap      ] GC(162) ParNew: 240807K->528K(270336K)
[14.728s][info ][gc,heap      ] GC(162) CMS: 216130K->216170K(600768K)
[14.728s][info ][gc,metaspace ] GC(162) Metaspace: 47727K->47727K(1093632K)
[14.729s][info ][gc           ] GC(162) Pause Young (Allocation Failure) 446M->211M(850M) 2.205ms
[14.729s][info ][gc,cpu       ] GC(162) User=0.01s Sys=0.01s Real=0.00s
[14.729s][info ][safepoint    ] Leaving safepoint region
[14.729s][info ][safepoint    ] Total time for which application threads were stopped: 0.0024915 seconds, Stopping threads took: 0.0000967 seconds
[14.762s][info ][safepoint    ] Application time: 0.0330803 seconds
[14.762s][info ][safepoint    ] Entering safepoint region: GenCollectForAllocation
[14.762s][info ][gc,start     ] GC(163) Pause Young (Allocation Failure)
[14.762s][info ][gc,task      ] GC(163) Using 4 workers of 4 for evacuation
[14.764s][debug][gc,ref       ] GC(163) Skipped phase1 of Reference Processing due to unavailable references
[14.764s][debug][gc,ref       ] GC(163) Skipped phase2 of Reference Processing due to unavailable references
[14.764s][debug][gc,ref       ] GC(163) Skipped phase3 of Reference Processing due to unavailable references
[14.764s][debug][gc,ref       ] GC(163) Skipped phase4 of Reference Processing due to unavailable references
[14.764s][debug][gc,age       ] GC(163) Desired survivor size 15368192 bytes, new threshold 6 (max threshold 6)
[14.764s][info ][gc,heap      ] GC(163) ParNew: 240848K->561K(270336K)
[14.764s][info ][gc,heap      ] GC(163) CMS: 216170K->216221K(600768K)
[14.764s][info ][gc,metaspace ] GC(163) Metaspace: 47727K->47727K(1093632K)
[14.764s][info ][gc           ] GC(163) Pause Young (Allocation Failure) 446M->211M(850M) 1.982ms
[14.764s][info ][gc,cpu       ] GC(163) User=0.01s Sys=0.00s Real=0.00s
[14.764s][info ][safepoint    ] Leaving safepoint region
[14.764s][info ][safepoint    ] Total time for which application threads were stopped: 0.0022362 seconds, Stopping threads took: 0.0000821 seconds
[14.799s][info ][safepoint    ] Application time: 0.0354988 seconds
[14.800s][info ][safepoint    ] Entering safepoint region: GenCollectForAllocation
[14.800s][info ][gc,start     ] GC(164) Pause Young (Allocation Failure)
[14.800s][info ][gc,task      ] GC(164) Using 4 workers of 4 for evacuation
[14.802s][debug][gc,ref       ] GC(164) Skipped phase1 of Reference Processing due to unavailable references
[14.802s][debug][gc,ref       ] GC(164) Skipped phase2 of Reference Processing due to unavailable references
[14.802s][debug][gc,ref       ] GC(164) Skipped phase3 of Reference Processing due to unavailable references
[14.802s][debug][gc,ref       ] GC(164) Skipped phase4 of Reference Processing due to unavailable references
[14.802s][debug][gc,age       ] GC(164) Desired survivor size 15368192 bytes, new threshold 6 (max threshold 6)
[14.802s][info ][gc,heap      ] GC(164) ParNew: 240881K->405K(270336K)
[14.802s][info ][gc,heap      ] GC(164) CMS: 216221K->216259K(600768K)
[14.802s][info ][gc,metaspace ] GC(164) Metaspace: 47727K->47727K(1093632K)
[14.802s][info ][gc           ] GC(164) Pause Young (Allocation Failure) 446M->211M(850M) 1.919ms
[14.802s][info ][gc,cpu       ] GC(164) User=0.00s Sys=0.00s Real=0.00s
[14.802s][info ][safepoint    ] Leaving safepoint region
[14.802s][info ][safepoint    ] Total time for which application threads were stopped: 0.0026119 seconds, Stopping threads took: 0.0004978 seconds
[14.847s][info ][safepoint    ] Application time: 0.0444818 seconds
[14.849s][info ][safepoint    ] Entering safepoint region: GenCollectForAllocation
[14.849s][info ][gc,start     ] GC(165) Pause Young (Allocation Failure)
[14.849s][info ][gc,task      ] GC(165) Using 4 workers of 4 for evacuation
[14.851s][debug][gc,ref       ] GC(165) Skipped phase1 of Reference Processing due to unavailable references
[14.851s][debug][gc,ref       ] GC(165) Skipped phase2 of Reference Processing due to unavailable references
[14.851s][debug][gc,ref       ] GC(165) Skipped phase3 of Reference Processing due to unavailable references
[14.851s][debug][gc,ref       ] GC(165) Skipped phase4 of Reference Processing due to unavailable references
[14.851s][debug][gc,age       ] GC(165) Desired survivor size 15368192 bytes, new threshold 6 (max threshold 6)
[14.851s][info ][gc,heap      ] GC(165) ParNew: 240725K->413K(270336K)
[14.851s][info ][gc,heap      ] GC(165) CMS: 216259K->216270K(600768K)
[14.851s][info ][gc,metaspace ] GC(165) Metaspace: 47734K->47734K(1093632K)
[14.851s][info ][gc           ] GC(165) Pause Young (Allocation Failure) 446M->211M(850M) 1.828ms
[14.851s][info ][gc,cpu       ] GC(165) User=0.01s Sys=0.00s Real=0.01s
[14.851s][info ][safepoint    ] Leaving safepoint region
[14.851s][info ][safepoint    ] Total time for which application threads were stopped: 0.0043837 seconds, Stopping threads took: 0.0023812 seconds
[14.901s][info ][safepoint    ] Application time: 0.0501643 seconds
[14.903s][info ][safepoint    ] Entering safepoint region: GenCollectForAllocation
[14.903s][info ][gc,start     ] GC(166) Pause Young (Allocation Failure)
[14.903s][info ][gc,task      ] GC(166) Using 4 workers of 4 for evacuation
[14.905s][debug][gc,ref       ] GC(166) Skipped phase1 of Reference Processing due to unavailable references
[14.905s][debug][gc,ref       ] GC(166) Skipped phase2 of Reference Processing due to unavailable references
[14.905s][debug][gc,ref       ] GC(166) Skipped phase3 of Reference Processing due to unavailable references
[14.905s][debug][gc,ref       ] GC(166) Skipped phase4 of Reference Processing due to unavailable references
[14.905s][debug][gc,age       ] GC(166) Desired survivor size 15368192 bytes, new threshold 6 (max threshold 6)
[14.905s][info ][gc,heap      ] GC(166) ParNew: 240733K->704K(270336K)
[14.905s][info ][gc,heap      ] GC(166) CMS: 216270K->216312K(600768K)
[14.905s][info ][gc,metaspace ] GC(166) Metaspace: 47737K->47737K(1093632K)
[14.905s][info ][gc           ] GC(166) Pause Young (Allocation Failure) 446M->211M(850M) 2.267ms
[14.905s][info ][gc,cpu       ] GC(166) User=0.00s Sys=0.00s Real=0.00s
[14.905s][info ][safepoint    ] Leaving safepoint region
[14.905s][info ][safepoint    ] Total time for which application threads were stopped: 0.0039710 seconds, Stopping threads took: 0.0014811 seconds
[14.959s][info ][safepoint    ] Application time: 0.0541485 seconds
[14.961s][info ][safepoint    ] Entering safepoint region: GenCollectForAllocation
[14.962s][info ][gc,start     ] GC(167) Pause Young (Allocation Failure)
[14.962s][info ][gc,task      ] GC(167) Using 4 workers of 4 for evacuation
[14.965s][debug][gc,ref       ] GC(167) Skipped phase1 of Reference Processing due to unavailable references
[14.965s][debug][gc,ref       ] GC(167) Skipped phase2 of Reference Processing due to unavailable references
[14.965s][debug][gc,ref       ] GC(167) Skipped phase3 of Reference Processing due to unavailable references
[14.965s][debug][gc,ref       ] GC(167) Skipped phase4 of Reference Processing due to unavailable references
[14.966s][debug][gc,age       ] GC(167) Desired survivor size 15368192 bytes, new threshold 6 (max threshold 6)
[14.966s][info ][gc,heap      ] GC(167) ParNew: 241024K->884K(270336K)
[14.966s][info ][gc,heap      ] GC(167) CMS: 216312K->216370K(600768K)
[14.966s][info ][gc,metaspace ] GC(167) Metaspace: 47740K->47740K(1093632K)
[14.966s][info ][gc           ] GC(167) Pause Young (Allocation Failure) 446M->212M(850M) 4.061ms
[14.966s][info ][gc,cpu       ] GC(167) User=0.01s Sys=0.00s Real=0.00s
[14.966s][info ][safepoint    ] Leaving safepoint region
[14.966s][info ][safepoint    ] Total time for which application threads were stopped: 0.0063855 seconds, Stopping threads took: 0.0021222 seconds
[15.001s][info ][safepoint    ] Application time: 0.0354870 seconds
[15.001s][info ][safepoint    ] Entering safepoint region: GenCollectForAllocation
[15.002s][info ][gc,start     ] GC(168) Pause Young (Allocation Failure)
[15.002s][info ][gc,task      ] GC(168) Using 4 workers of 4 for evacuation
[15.009s][debug][gc,ref       ] GC(168) Skipped phase1 of Reference Processing due to unavailable references
[15.009s][debug][gc,ref       ] GC(168) Skipped phase2 of Reference Processing due to unavailable references
[15.009s][debug][gc,ref       ] GC(168) Skipped phase3 of Reference Processing due to unavailable references
[15.009s][debug][gc,ref       ] GC(168) Skipped phase4 of Reference Processing due to unavailable references
[15.009s][debug][gc,age       ] GC(168) Desired survivor size 15368192 bytes, new threshold 6 (max threshold 6)
[15.009s][info ][gc,heap      ] GC(168) ParNew: 241204K->851K(270336K)
[15.009s][info ][gc,heap      ] GC(168) CMS: 216370K->216394K(600768K)
[15.009s][info ][gc,metaspace ] GC(168) Metaspace: 47742K->47742K(1093632K)
[15.009s][info ][gc           ] GC(168) Pause Young (Allocation Failure) 446M->212M(850M) 7.252ms
[15.009s][info ][gc,cpu       ] GC(168) User=0.01s Sys=0.00s Real=0.00s
[15.009s][info ][safepoint    ] Leaving safepoint region
[15.009s][info ][safepoint    ] Total time for which application threads were stopped: 0.0076044 seconds, Stopping threads took: 0.0001465 seconds
[15.068s][info ][safepoint    ] Application time: 0.0596317 seconds
[15.069s][info ][safepoint    ] Entering safepoint region: GenCollectForAllocation
[15.069s][info ][gc,start     ] GC(169) Pause Young (Allocation Failure)
[15.069s][info ][gc,task      ] GC(169) Using 4 workers of 4 for evacuation
[15.071s][debug][gc,ref       ] GC(169) Skipped phase1 of Reference Processing due to unavailable references
[15.071s][debug][gc,ref       ] GC(169) Skipped phase2 of Reference Processing due to unavailable references
[15.071s][debug][gc,ref       ] GC(169) Skipped phase3 of Reference Processing due to unavailable references
[15.071s][debug][gc,ref       ] GC(169) Skipped phase4 of Reference Processing due to unavailable references
[15.071s][debug][gc,age       ] GC(169) Desired survivor size 15368192 bytes, new threshold 6 (max threshold 6)
[15.071s][info ][gc,heap      ] GC(169) ParNew: 241171K->993K(270336K)
[15.071s][info ][gc,heap      ] GC(169) CMS: 216394K->216432K(600768K)
[15.071s][info ][gc,metaspace ] GC(169) Metaspace: 47747K->47747K(1093632K)
[15.071s][info ][gc           ] GC(169) Pause Young (Allocation Failure) 446M->212M(850M) 2.163ms
[15.071s][info ][gc,cpu       ] GC(169) User=0.01s Sys=0.00s Real=0.01s
[15.071s][info ][safepoint    ] Leaving safepoint region
[15.071s][info ][safepoint    ] Total time for which application threads were stopped: 0.0027184 seconds, Stopping threads took: 0.0003576 seconds
[15.123s][info ][safepoint    ] Application time: 0.0514483 seconds
[15.129s][info ][safepoint    ] Entering safepoint region: GenCollectForAllocation
[15.129s][info ][gc,start     ] GC(170) Pause Young (Allocation Failure)
[15.129s][info ][gc,task      ] GC(170) Using 4 workers of 4 for evacuation
[15.153s][debug][gc,ref       ] GC(170) Skipped phase1 of Reference Processing due to unavailable references
[15.153s][debug][gc,ref       ] GC(170) Skipped phase2 of Reference Processing due to unavailable references
[15.153s][debug][gc,ref       ] GC(170) Skipped phase3 of Reference Processing due to unavailable references
[15.153s][debug][gc,ref       ] GC(170) Skipped phase4 of Reference Processing due to unavailable references
[15.153s][debug][gc,age       ] GC(170) Desired survivor size 15368192 bytes, new threshold 6 (max threshold 6)
[15.153s][info ][gc,heap      ] GC(170) ParNew: 241313K->1852K(270336K)
[15.153s][info ][gc,heap      ] GC(170) CMS: 216432K->216466K(600768K)
[15.153s][info ][gc,metaspace ] GC(170) Metaspace: 47747K->47747K(1093632K)
[15.153s][info ][gc           ] GC(170) Pause Young (Allocation Failure) 447M->213M(850M) 24.735ms
[15.153s][info ][gc,cpu       ] GC(170) User=0.05s Sys=0.01s Real=0.03s
[15.154s][info ][safepoint    ] Leaving safepoint region
[15.154s][info ][safepoint    ] Total time for which application threads were stopped: 0.0308165 seconds, Stopping threads took: 0.0058935 seconds
[15.194s][info ][safepoint    ] Application time: 0.0408352 seconds
[15.201s][info ][safepoint    ] Entering safepoint region: GenCollectForAllocation
[15.201s][info ][gc,start     ] GC(171) Pause Young (Allocation Failure)
[15.201s][info ][gc,task      ] GC(171) Using 4 workers of 4 for evacuation
[15.208s][debug][gc,ref       ] GC(171) Skipped phase1 of Reference Processing due to unavailable references
[15.208s][debug][gc,ref       ] GC(171) Skipped phase2 of Reference Processing due to unavailable references
[15.208s][debug][gc,ref       ] GC(171) Skipped phase3 of Reference Processing due to unavailable references
[15.208s][debug][gc,ref       ] GC(171) Skipped phase4 of Reference Processing due to unavailable references
[15.208s][debug][gc,age       ] GC(171) Desired survivor size 15368192 bytes, new threshold 6 (max threshold 6)
[15.209s][info ][gc,heap      ] GC(171) ParNew: 242172K->2049K(270336K)
[15.209s][info ][gc,heap      ] GC(171) CMS: 216466K->216504K(600768K)
[15.209s][info ][gc,metaspace ] GC(171) Metaspace: 47747K->47747K(1093632K)
[15.209s][info ][gc           ] GC(171) Pause Young (Allocation Failure) 447M->213M(850M) 7.182ms
[15.209s][info ][gc,cpu       ] GC(171) User=0.01s Sys=0.00s Real=0.00s
[15.209s][info ][safepoint    ] Leaving safepoint region
[15.209s][info ][safepoint    ] Total time for which application threads were stopped: 0.0142072 seconds, Stopping threads took: 0.0068160 seconds
[15.257s][info ][safepoint    ] Application time: 0.0486251 seconds
[15.257s][info ][safepoint    ] Entering safepoint region: GenCollectForAllocation
[15.258s][info ][gc,start     ] GC(172) Pause Young (Allocation Failure)
[15.258s][info ][gc,task      ] GC(172) Using 4 workers of 4 for evacuation
[15.264s][debug][gc,ref       ] GC(172) Skipped phase1 of Reference Processing due to unavailable references
[15.264s][debug][gc,ref       ] GC(172) Skipped phase2 of Reference Processing due to unavailable references
[15.264s][debug][gc,ref       ] GC(172) Skipped phase3 of Reference Processing due to unavailable references
[15.264s][debug][gc,ref       ] GC(172) Skipped phase4 of Reference Processing due to unavailable references
[15.264s][debug][gc,age       ] GC(172) Desired survivor size 15368192 bytes, new threshold 6 (max threshold 6)
[15.264s][info ][gc,heap      ] GC(172) ParNew: 242369K->2438K(270336K)
[15.264s][info ][gc,heap      ] GC(172) CMS: 216504K->216811K(600768K)
[15.264s][info ][gc,metaspace ] GC(172) Metaspace: 47748K->47748K(1093632K)
[15.264s][info ][gc           ] GC(172) Pause Young (Allocation Failure) 448M->214M(850M) 6.632ms
[15.264s][info ][gc,cpu       ] GC(172) User=0.02s Sys=0.00s Real=0.01s
[15.264s][info ][safepoint    ] Leaving safepoint region
[15.264s][info ][safepoint    ] Total time for which application threads were stopped: 0.0070803 seconds, Stopping threads took: 0.0002141 seconds
[15.308s][info ][safepoint    ] Application time: 0.0431605 seconds
[15.308s][info ][safepoint    ] Entering safepoint region: GenCollectForAllocation
[15.308s][info ][gc,start     ] GC(173) Pause Young (Allocation Failure)
[15.308s][info ][gc,task      ] GC(173) Using 4 workers of 4 for evacuation
[15.313s][debug][gc,ref       ] GC(173) Skipped phase1 of Reference Processing due to unavailable references
[15.313s][debug][gc,ref       ] GC(173) Skipped phase2 of Reference Processing due to unavailable references
[15.313s][debug][gc,ref       ] GC(173) Skipped phase3 of Reference Processing due to unavailable references
[15.313s][debug][gc,ref       ] GC(173) Skipped phase4 of Reference Processing due to unavailable references
[15.313s][debug][gc,age       ] GC(173) Desired survivor size 15368192 bytes, new threshold 6 (max threshold 6)
[15.313s][info ][gc,heap      ] GC(173) ParNew: 242758K->1903K(270336K)
[15.313s][info ][gc,heap      ] GC(173) CMS: 216811K->216856K(600768K)
[15.313s][info ][gc,metaspace ] GC(173) Metaspace: 47748K->47748K(1093632K)
[15.313s][info ][gc           ] GC(173) Pause Young (Allocation Failure) 448M->213M(850M) 5.223ms
[15.313s][info ][gc,cpu       ] GC(173) User=0.02s Sys=0.00s Real=0.01s
[15.313s][info ][safepoint    ] Leaving safepoint region
[15.313s][info ][safepoint    ] Total time for which application threads were stopped: 0.0056387 seconds, Stopping threads took: 0.0002241 seconds
[15.370s][info ][safepoint    ] Application time: 0.0568012 seconds
[15.370s][info ][safepoint    ] Entering safepoint region: GenCollectForAllocation
[15.370s][info ][gc,start     ] GC(174) Pause Young (Allocation Failure)
[15.370s][info ][gc,task      ] GC(174) Using 4 workers of 4 for evacuation
[15.375s][debug][gc,ref       ] GC(174) Skipped phase1 of Reference Processing due to unavailable references
[15.375s][debug][gc,ref       ] GC(174) Skipped phase2 of Reference Processing due to unavailable references
[15.375s][debug][gc,ref       ] GC(174) Skipped phase3 of Reference Processing due to unavailable references
[15.375s][debug][gc,ref       ] GC(174) Skipped phase4 of Reference Processing due to unavailable references
[15.375s][debug][gc,age       ] GC(174) Desired survivor size 15368192 bytes, new threshold 6 (max threshold 6)
[15.375s][info ][gc,heap      ] GC(174) ParNew: 242223K->2316K(270336K)
[15.375s][info ][gc,heap      ] GC(174) CMS: 216856K->216879K(600768K)
[15.375s][info ][gc,metaspace ] GC(174) Metaspace: 47750K->47750K(1093632K)
[15.376s][info ][gc           ] GC(174) Pause Young (Allocation Failure) 448M->214M(850M) 5.090ms
[15.376s][info ][gc,cpu       ] GC(174) User=0.01s Sys=0.00s Real=0.00s
[15.376s][info ][safepoint    ] Leaving safepoint region
[15.376s][info ][safepoint    ] Total time for which application threads were stopped: 0.0055415 seconds, Stopping threads took: 0.0002478 seconds
[15.441s][info ][safepoint    ] Application time: 0.0659202 seconds
[15.442s][info ][safepoint    ] Entering safepoint region: GenCollectForAllocation
[15.442s][info ][gc,start     ] GC(175) Pause Young (Allocation Failure)
[15.442s][info ][gc,task      ] GC(175) Using 4 workers of 4 for evacuation
[15.446s][debug][gc,ref       ] GC(175) Skipped phase1 of Reference Processing due to unavailable references
[15.446s][debug][gc,ref       ] GC(175) Skipped phase2 of Reference Processing due to unavailable references
[15.446s][debug][gc,ref       ] GC(175) Skipped phase3 of Reference Processing due to unavailable references
[15.446s][debug][gc,ref       ] GC(175) Skipped phase4 of Reference Processing due to unavailable references
[15.446s][debug][gc,age       ] GC(175) Desired survivor size 15368192 bytes, new threshold 6 (max threshold 6)
[15.447s][info ][gc,heap      ] GC(175) ParNew: 242636K->2128K(270336K)
[15.447s][info ][gc,heap      ] GC(175) CMS: 216879K->216940K(600768K)
[15.447s][info ][gc,metaspace ] GC(175) Metaspace: 47754K->47754K(1093632K)
[15.447s][info ][gc           ] GC(175) Pause Young (Allocation Failure) 448M->213M(850M) 4.946ms
[15.447s][info ][gc,cpu       ] GC(175) User=0.01s Sys=0.01s Real=0.00s
[15.447s][info ][safepoint    ] Leaving safepoint region
[15.447s][info ][safepoint    ] Total time for which application threads were stopped: 0.0053152 seconds, Stopping threads took: 0.0001363 seconds
[15.493s][info ][safepoint    ] Application time: 0.0460909 seconds
[15.493s][info ][safepoint    ] Entering safepoint region: GenCollectForAllocation
[15.493s][info ][gc,start     ] GC(176) Pause Young (Allocation Failure)
[15.493s][info ][gc,task      ] GC(176) Using 4 workers of 4 for evacuation
[15.502s][debug][gc,ref       ] GC(176) Skipped phase1 of Reference Processing due to unavailable references
[15.502s][debug][gc,ref       ] GC(176) Skipped phase2 of Reference Processing due to unavailable references
[15.502s][debug][gc,ref       ] GC(176) Skipped phase3 of Reference Processing due to unavailable references
[15.502s][debug][gc,ref       ] GC(176) Skipped phase4 of Reference Processing due to unavailable references
[15.502s][debug][gc,age       ] GC(176) Desired survivor size 15368192 bytes, new threshold 6 (max threshold 6)
[15.502s][info ][gc,heap      ] GC(176) ParNew: 242448K->1435K(270336K)
[15.502s][info ][gc,heap      ] GC(176) CMS: 216940K->218171K(600768K)
[15.502s][info ][gc,metaspace ] GC(176) Metaspace: 47774K->47774K(1093632K)
[15.502s][info ][gc           ] GC(176) Pause Young (Allocation Failure) 448M->214M(850M) 9.172ms
[15.503s][info ][gc,cpu       ] GC(176) User=0.03s Sys=0.00s Real=0.01s
[15.503s][info ][safepoint    ] Leaving safepoint region
[15.503s][info ][safepoint    ] Total time for which application threads were stopped: 0.0095888 seconds, Stopping threads took: 0.0002147 seconds
[15.549s][info ][safepoint    ] Application time: 0.0461007 seconds
[15.549s][info ][safepoint    ] Entering safepoint region: GenCollectForAllocation
[15.549s][info ][gc,start     ] GC(177) Pause Young (Allocation Failure)
[15.549s][info ][gc,task      ] GC(177) Using 4 workers of 4 for evacuation
[15.551s][debug][gc,ref       ] GC(177) Skipped phase1 of Reference Processing due to unavailable references
[15.551s][debug][gc,ref       ] GC(177) Skipped phase2 of Reference Processing due to unavailable references
[15.551s][debug][gc,ref       ] GC(177) Skipped phase3 of Reference Processing due to unavailable references
[15.551s][debug][gc,ref       ] GC(177) Skipped phase4 of Reference Processing due to unavailable references
[15.551s][debug][gc,age       ] GC(177) Desired survivor size 15368192 bytes, new threshold 6 (max threshold 6)
[15.551s][info ][gc,heap      ] GC(177) ParNew: 241755K->438K(270336K)
[15.551s][info ][gc,heap      ] GC(177) CMS: 218171K->218206K(600768K)
[15.551s][info ][gc,metaspace ] GC(177) Metaspace: 47777K->47777K(1093632K)
[15.551s][info ][gc           ] GC(177) Pause Young (Allocation Failure) 449M->213M(850M) 2.355ms
[15.552s][info ][gc,cpu       ] GC(177) User=0.01s Sys=0.00s Real=0.01s
[15.552s][info ][safepoint    ] Leaving safepoint region
[15.552s][info ][safepoint    ] Total time for which application threads were stopped: 0.0028162 seconds, Stopping threads took: 0.0002755 seconds
[15.598s][info ][safepoint    ] Application time: 0.0462794 seconds
[15.598s][info ][safepoint    ] Entering safepoint region: GenCollectForAllocation
[15.598s][info ][gc,start     ] GC(178) Pause Young (Allocation Failure)
[15.598s][info ][gc,task      ] GC(178) Using 4 workers of 4 for evacuation
[15.602s][debug][gc,ref       ] GC(178) Skipped phase1 of Reference Processing due to unavailable references
[15.602s][debug][gc,ref       ] GC(178) Skipped phase2 of Reference Processing due to unavailable references
[15.602s][debug][gc,ref       ] GC(178) Skipped phase3 of Reference Processing due to unavailable references
[15.602s][debug][gc,ref       ] GC(178) Skipped phase4 of Reference Processing due to unavailable references
[15.602s][debug][gc,age       ] GC(178) Desired survivor size 15368192 bytes, new threshold 6 (max threshold 6)
[15.602s][info ][gc,heap      ] GC(178) ParNew: 240758K->499K(270336K)
[15.602s][info ][gc,heap      ] GC(178) CMS: 218206K->218222K(600768K)
[15.602s][info ][gc,metaspace ] GC(178) Metaspace: 47777K->47777K(1093632K)
[15.602s][info ][gc           ] GC(178) Pause Young (Allocation Failure) 448M->213M(850M) 3.977ms
[15.602s][info ][gc,cpu       ] GC(178) User=0.01s Sys=0.00s Real=0.01s
[15.602s][info ][safepoint    ] Leaving safepoint region
[15.602s][info ][safepoint    ] Total time for which application threads were stopped: 0.0042664 seconds, Stopping threads took: 0.0000991 seconds
[15.657s][info ][safepoint    ] Application time: 0.0543674 seconds
[15.659s][info ][safepoint    ] Entering safepoint region: GenCollectForAllocation
[15.659s][info ][gc,start     ] GC(179) Pause Young (Allocation Failure)
[15.659s][info ][gc,task      ] GC(179) Using 4 workers of 4 for evacuation
[15.661s][debug][gc,ref       ] GC(179) Skipped phase1 of Reference Processing due to unavailable references
[15.661s][debug][gc,ref       ] GC(179) Skipped phase2 of Reference Processing due to unavailable references
[15.661s][debug][gc,ref       ] GC(179) Skipped phase3 of Reference Processing due to unavailable references
[15.661s][debug][gc,ref       ] GC(179) Skipped phase4 of Reference Processing due to unavailable references
[15.661s][debug][gc,age       ] GC(179) Desired survivor size 15368192 bytes, new threshold 6 (max threshold 6)
[15.661s][info ][gc,heap      ] GC(179) ParNew: 240819K->497K(270336K)
[15.661s][info ][gc,heap      ] GC(179) CMS: 218222K->218254K(600768K)
[15.661s][info ][gc,metaspace ] GC(179) Metaspace: 47777K->47777K(1093632K)
[15.661s][info ][gc           ] GC(179) Pause Young (Allocation Failure) 448M->213M(850M) 2.593ms
[15.661s][info ][gc,cpu       ] GC(179) User=0.00s Sys=0.00s Real=0.00s
[15.661s][info ][safepoint    ] Leaving safepoint region
[15.661s][info ][safepoint    ] Total time for which application threads were stopped: 0.0048619 seconds, Stopping threads took: 0.0020675 seconds
[15.712s][info ][safepoint    ] Application time: 0.0506521 seconds
[15.719s][info ][safepoint    ] Entering safepoint region: GenCollectForAllocation
[15.719s][info ][gc,start     ] GC(180) Pause Young (Allocation Failure)
[15.719s][info ][gc,task      ] GC(180) Using 4 workers of 4 for evacuation
[15.722s][debug][gc,ref       ] GC(180) Skipped phase1 of Reference Processing due to unavailable references
[15.722s][debug][gc,ref       ] GC(180) Skipped phase2 of Reference Processing due to unavailable references
[15.722s][debug][gc,ref       ] GC(180) Skipped phase3 of Reference Processing due to unavailable references
[15.722s][debug][gc,ref       ] GC(180) Skipped phase4 of Reference Processing due to unavailable references
[15.722s][debug][gc,age       ] GC(180) Desired survivor size 15368192 bytes, new threshold 6 (max threshold 6)
[15.722s][info ][gc,heap      ] GC(180) ParNew: 240817K->617K(270336K)
[15.722s][info ][gc,heap      ] GC(180) CMS: 218254K->218302K(600768K)
[15.722s][info ][gc,metaspace ] GC(180) Metaspace: 47778K->47778K(1093632K)
[15.722s][info ][gc           ] GC(180) Pause Young (Allocation Failure) 448M->213M(850M) 3.406ms
[15.722s][info ][gc,cpu       ] GC(180) User=0.01s Sys=0.00s Real=0.00s
[15.722s][info ][safepoint    ] Leaving safepoint region
[15.722s][info ][safepoint    ] Total time for which application threads were stopped: 0.0101710 seconds, Stopping threads took: 0.0065728 seconds
[15.773s][info ][safepoint    ] Application time: 0.0505262 seconds
[15.775s][info ][safepoint    ] Entering safepoint region: GenCollectForAllocation
[15.775s][info ][gc,start     ] GC(181) Pause Young (Allocation Failure)
[15.775s][info ][gc,task      ] GC(181) Using 4 workers of 4 for evacuation
[15.776s][debug][gc,ref       ] GC(181) Skipped phase1 of Reference Processing due to unavailable references
[15.776s][debug][gc,ref       ] GC(181) Skipped phase2 of Reference Processing due to unavailable references
[15.776s][debug][gc,ref       ] GC(181) Skipped phase3 of Reference Processing due to unavailable references
[15.776s][debug][gc,ref       ] GC(181) Skipped phase4 of Reference Processing due to unavailable references
[15.777s][debug][gc,age       ] GC(181) Desired survivor size 15368192 bytes, new threshold 6 (max threshold 6)
[15.777s][info ][gc,heap      ] GC(181) ParNew: 240937K->446K(270336K)
[15.777s][info ][gc,heap      ] GC(181) CMS: 218302K->218355K(600768K)
[15.777s][info ][gc,metaspace ] GC(181) Metaspace: 47781K->47781K(1093632K)
[15.777s][info ][gc           ] GC(181) Pause Young (Allocation Failure) 448M->213M(850M) 1.998ms
[15.777s][info ][gc,cpu       ] GC(181) User=0.00s Sys=0.00s Real=0.00s
[15.777s][info ][safepoint    ] Leaving safepoint region
[15.777s][info ][safepoint    ] Total time for which application threads were stopped: 0.0038965 seconds, Stopping threads took: 0.0017249 seconds
[15.833s][info ][safepoint    ] Application time: 0.0565904 seconds
[15.836s][info ][safepoint    ] Entering safepoint region: GenCollectForAllocation
[15.836s][info ][gc,start     ] GC(182) Pause Young (Allocation Failure)
[15.837s][info ][gc,task      ] GC(182) Using 4 workers of 4 for evacuation
[15.841s][debug][gc,ref       ] GC(182) Skipped phase1 of Reference Processing due to unavailable references
[15.841s][debug][gc,ref       ] GC(182) Skipped phase2 of Reference Processing due to unavailable references
[15.841s][debug][gc,ref       ] GC(182) Skipped phase3 of Reference Processing due to unavailable references
[15.841s][debug][gc,ref       ] GC(182) Skipped phase4 of Reference Processing due to unavailable references
[15.842s][debug][gc,age       ] GC(182) Desired survivor size 15368192 bytes, new threshold 6 (max threshold 6)
[15.842s][info ][gc,heap      ] GC(182) ParNew: 240766K->562K(270336K)
[15.842s][info ][gc,heap      ] GC(182) CMS: 218355K->218394K(600768K)
[15.842s][info ][gc,metaspace ] GC(182) Metaspace: 47781K->47781K(1093632K)
[15.842s][info ][gc           ] GC(182) Pause Young (Allocation Failure) 448M->213M(850M) 5.211ms
[15.842s][info ][gc,cpu       ] GC(182) User=0.01s Sys=0.01s Real=0.01s
[15.842s][info ][safepoint    ] Leaving safepoint region
[15.842s][info ][safepoint    ] Total time for which application threads were stopped: 0.0083612 seconds, Stopping threads took: 0.0027424 seconds
[15.895s][info ][safepoint    ] Application time: 0.0529525 seconds
[15.895s][info ][safepoint    ] Entering safepoint region: GenCollectForAllocation
[15.895s][info ][gc,start     ] GC(183) Pause Young (Allocation Failure)
[15.895s][info ][gc,task      ] GC(183) Using 4 workers of 4 for evacuation
[15.897s][debug][gc,ref       ] GC(183) Skipped phase1 of Reference Processing due to unavailable references
[15.897s][debug][gc,ref       ] GC(183) Skipped phase2 of Reference Processing due to unavailable references
[15.897s][debug][gc,ref       ] GC(183) Skipped phase3 of Reference Processing due to unavailable references
[15.897s][debug][gc,ref       ] GC(183) Skipped phase4 of Reference Processing due to unavailable references
[15.897s][debug][gc,age       ] GC(183) Desired survivor size 15368192 bytes, new threshold 6 (max threshold 6)
[15.897s][info ][gc,heap      ] GC(183) ParNew: 240882K->567K(270336K)
[15.897s][info ][gc,heap      ] GC(183) CMS: 218394K->218420K(600768K)
[15.897s][info ][gc,metaspace ] GC(183) Metaspace: 47782K->47782K(1093632K)
[15.897s][info ][gc           ] GC(183) Pause Young (Allocation Failure) 448M->213M(850M) 2.011ms
[15.897s][info ][gc,cpu       ] GC(183) User=0.00s Sys=0.00s Real=0.00s
[15.897s][info ][safepoint    ] Leaving safepoint region
[15.897s][info ][safepoint    ] Total time for which application threads were stopped: 0.0023502 seconds, Stopping threads took: 0.0001340 seconds
[15.937s][info ][safepoint    ] Application time: 0.0401880 seconds
[15.938s][info ][safepoint    ] Entering safepoint region: GenCollectForAllocation
[15.938s][info ][gc,start     ] GC(184) Pause Young (Allocation Failure)
[15.938s][info ][gc,task      ] GC(184) Using 4 workers of 4 for evacuation
[15.941s][debug][gc,ref       ] GC(184) Skipped phase1 of Reference Processing due to unavailable references
[15.941s][debug][gc,ref       ] GC(184) Skipped phase2 of Reference Processing due to unavailable references
[15.941s][debug][gc,ref       ] GC(184) Skipped phase3 of Reference Processing due to unavailable references
[15.941s][debug][gc,ref       ] GC(184) Skipped phase4 of Reference Processing due to unavailable references
[15.941s][debug][gc,age       ] GC(184) Desired survivor size 15368192 bytes, new threshold 6 (max threshold 6)
[15.941s][info ][gc,heap      ] GC(184) ParNew: 240887K->519K(270336K)
[15.941s][info ][gc,heap      ] GC(184) CMS: 218420K->218466K(600768K)
[15.941s][info ][gc,metaspace ] GC(184) Metaspace: 47782K->47782K(1093632K)
[15.941s][info ][gc           ] GC(184) Pause Young (Allocation Failure) 448M->213M(850M) 2.812ms
[15.941s][info ][gc,cpu       ] GC(184) User=0.01s Sys=0.00s Real=0.01s
[15.941s][info ][safepoint    ] Leaving safepoint region
[15.941s][info ][safepoint    ] Total time for which application threads were stopped: 0.0037743 seconds, Stopping threads took: 0.0007943 seconds
[15.980s][info ][safepoint    ] Application time: 0.0388352 seconds
[15.980s][info ][safepoint    ] Entering safepoint region: GenCollectForAllocation
[15.980s][info ][gc,start     ] GC(185) Pause Young (Allocation Failure)
[15.980s][info ][gc,task      ] GC(185) Using 4 workers of 4 for evacuation
[15.982s][debug][gc,ref       ] GC(185) Skipped phase1 of Reference Processing due to unavailable references
[15.982s][debug][gc,ref       ] GC(185) Skipped phase2 of Reference Processing due to unavailable references
[15.982s][debug][gc,ref       ] GC(185) Skipped phase3 of Reference Processing due to unavailable references
[15.982s][debug][gc,ref       ] GC(185) Skipped phase4 of Reference Processing due to unavailable references
[15.982s][debug][gc,age       ] GC(185) Desired survivor size 15368192 bytes, new threshold 6 (max threshold 6)
[15.982s][info ][gc,heap      ] GC(185) ParNew: 240839K->490K(270336K)
[15.983s][info ][gc,heap      ] GC(185) CMS: 218466K->218520K(600768K)
[15.983s][info ][gc,metaspace ] GC(185) Metaspace: 47783K->47783K(1093632K)
[15.983s][info ][gc           ] GC(185) Pause Young (Allocation Failure) 448M->213M(850M) 2.220ms
[15.983s][info ][gc,cpu       ] GC(185) User=0.01s Sys=0.00s Real=0.00s
[15.983s][info ][safepoint    ] Leaving safepoint region
[15.983s][info ][safepoint    ] Total time for which application threads were stopped: 0.0026573 seconds, Stopping threads took: 0.0002489 seconds
[16.033s][info ][safepoint    ] Application time: 0.0509141 seconds
[16.034s][info ][safepoint    ] Entering safepoint region: GenCollectForAllocation
[16.034s][info ][gc,start     ] GC(186) Pause Young (Allocation Failure)
[16.034s][info ][gc,task      ] GC(186) Using 4 workers of 4 for evacuation
[16.036s][debug][gc,ref       ] GC(186) Skipped phase1 of Reference Processing due to unavailable references
[16.036s][debug][gc,ref       ] GC(186) Skipped phase2 of Reference Processing due to unavailable references
[16.036s][debug][gc,ref       ] GC(186) Skipped phase3 of Reference Processing due to unavailable references
[16.036s][debug][gc,ref       ] GC(186) Skipped phase4 of Reference Processing due to unavailable references
[16.036s][debug][gc,age       ] GC(186) Desired survivor size 15368192 bytes, new threshold 6 (max threshold 6)
[16.036s][info ][gc,heap      ] GC(186) ParNew: 240810K->489K(270336K)
[16.036s][info ][gc,heap      ] GC(186) CMS: 218520K->218545K(600768K)
[16.036s][info ][gc,metaspace ] GC(186) Metaspace: 47785K->47785K(1093632K)
[16.036s][info ][gc           ] GC(186) Pause Young (Allocation Failure) 448M->213M(850M) 2.621ms
[16.036s][info ][gc,cpu       ] GC(186) User=0.01s Sys=0.01s Real=0.00s
[16.036s][info ][safepoint    ] Leaving safepoint region
[16.037s][info ][safepoint    ] Total time for which application threads were stopped: 0.0029825 seconds, Stopping threads took: 0.0001837 seconds
[16.094s][info ][safepoint    ] Application time: 0.0578580 seconds
[16.095s][info ][safepoint    ] Entering safepoint region: GenCollectForAllocation
[16.095s][info ][gc,start     ] GC(187) Pause Young (Allocation Failure)
[16.095s][info ][gc,task      ] GC(187) Using 4 workers of 4 for evacuation
[16.096s][debug][gc,ref       ] GC(187) Skipped phase1 of Reference Processing due to unavailable references
[16.096s][debug][gc,ref       ] GC(187) Skipped phase2 of Reference Processing due to unavailable references
[16.096s][debug][gc,ref       ] GC(187) Skipped phase3 of Reference Processing due to unavailable references
[16.096s][debug][gc,ref       ] GC(187) Skipped phase4 of Reference Processing due to unavailable references
[16.097s][debug][gc,age       ] GC(187) Desired survivor size 15368192 bytes, new threshold 6 (max threshold 6)
[16.097s][info ][gc,heap      ] GC(187) ParNew: 240809K->549K(270336K)
[16.097s][info ][gc,heap      ] GC(187) CMS: 218545K->218578K(600768K)
[16.097s][info ][gc,metaspace ] GC(187) Metaspace: 47785K->47785K(1093632K)
[16.097s][info ][gc           ] GC(187) Pause Young (Allocation Failure) 448M->213M(850M) 1.857ms
[16.097s][info ][gc,cpu       ] GC(187) User=0.01s Sys=0.00s Real=0.00s
[16.097s][info ][safepoint    ] Leaving safepoint region
[16.097s][info ][safepoint    ] Total time for which application threads were stopped: 0.0022053 seconds, Stopping threads took: 0.0001685 seconds
[16.136s][info ][safepoint    ] Application time: 0.0394978 seconds
[16.137s][info ][safepoint    ] Entering safepoint region: GenCollectForAllocation
[16.137s][info ][gc,start     ] GC(188) Pause Young (Allocation Failure)
[16.137s][info ][gc,task      ] GC(188) Using 4 workers of 4 for evacuation
[16.141s][debug][gc,ref       ] GC(188) Skipped phase1 of Reference Processing due to unavailable references
[16.141s][debug][gc,ref       ] GC(188) Skipped phase2 of Reference Processing due to unavailable references
[16.141s][debug][gc,ref       ] GC(188) Skipped phase3 of Reference Processing due to unavailable references
[16.141s][debug][gc,ref       ] GC(188) Skipped phase4 of Reference Processing due to unavailable references
[16.141s][debug][gc,age       ] GC(188) Desired survivor size 15368192 bytes, new threshold 6 (max threshold 6)
[16.141s][info ][gc,heap      ] GC(188) ParNew: 240869K->409K(270336K)
[16.141s][info ][gc,heap      ] GC(188) CMS: 218578K->218644K(600768K)
[16.141s][info ][gc,metaspace ] GC(188) Metaspace: 47785K->47785K(1093632K)
[16.141s][info ][gc           ] GC(188) Pause Young (Allocation Failure) 448M->213M(850M) 3.457ms
[16.141s][info ][gc,cpu       ] GC(188) User=0.01s Sys=0.00s Real=0.01s
[16.141s][info ][safepoint    ] Leaving safepoint region
[16.141s][info ][safepoint    ] Total time for which application threads were stopped: 0.0047419 seconds, Stopping threads took: 0.0009746 seconds
[16.188s][info ][safepoint    ] Application time: 0.0475537 seconds
[16.190s][info ][safepoint    ] Entering safepoint region: GenCollectForAllocation
[16.190s][info ][gc,start     ] GC(189) Pause Young (Allocation Failure)
[16.190s][info ][gc,task      ] GC(189) Using 4 workers of 4 for evacuation
[16.192s][debug][gc,ref       ] GC(189) Skipped phase1 of Reference Processing due to unavailable references
[16.192s][debug][gc,ref       ] GC(189) Skipped phase2 of Reference Processing due to unavailable references
[16.192s][debug][gc,ref       ] GC(189) Skipped phase3 of Reference Processing due to unavailable references
[16.192s][debug][gc,ref       ] GC(189) Skipped phase4 of Reference Processing due to unavailable references
[16.192s][debug][gc,age       ] GC(189) Desired survivor size 15368192 bytes, new threshold 6 (max threshold 6)
[16.192s][info ][gc,heap      ] GC(189) ParNew: 240729K->442K(270336K)
[16.192s][info ][gc,heap      ] GC(189) CMS: 218644K->218668K(600768K)
[16.192s][info ][gc,metaspace ] GC(189) Metaspace: 47785K->47785K(1093632K)
[16.192s][info ][gc           ] GC(189) Pause Young (Allocation Failure) 448M->213M(850M) 2.015ms
[16.192s][info ][gc,cpu       ] GC(189) User=0.01s Sys=0.00s Real=0.00s
[16.192s][info ][safepoint    ] Leaving safepoint region
[16.192s][info ][safepoint    ] Total time for which application threads were stopped: 0.0040219 seconds, Stopping threads took: 0.0017776 seconds
[16.246s][info ][safepoint    ] Application time: 0.0538496 seconds
[16.246s][info ][safepoint    ] Entering safepoint region: GenCollectForAllocation
[16.247s][info ][gc,start     ] GC(190) Pause Young (Allocation Failure)
[16.247s][info ][gc,task      ] GC(190) Using 4 workers of 4 for evacuation
[16.248s][debug][gc,ref       ] GC(190) Skipped phase1 of Reference Processing due to unavailable references
[16.248s][debug][gc,ref       ] GC(190) Skipped phase2 of Reference Processing due to unavailable references
[16.248s][debug][gc,ref       ] GC(190) Skipped phase3 of Reference Processing due to unavailable references
[16.248s][debug][gc,ref       ] GC(190) Skipped phase4 of Reference Processing due to unavailable references
[16.249s][debug][gc,age       ] GC(190) Desired survivor size 15368192 bytes, new threshold 6 (max threshold 6)
[16.249s][info ][gc,heap      ] GC(190) ParNew: 240762K->519K(270336K)
[16.249s][info ][gc,heap      ] GC(190) CMS: 218668K->218706K(600768K)
[16.249s][info ][gc,metaspace ] GC(190) Metaspace: 47786K->47786K(1093632K)
[16.249s][info ][gc           ] GC(190) Pause Young (Allocation Failure) 448M->214M(850M) 2.022ms
[16.249s][info ][gc,cpu       ] GC(190) User=0.00s Sys=0.00s Real=0.00s
[16.249s][info ][safepoint    ] Leaving safepoint region
[16.249s][info ][safepoint    ] Total time for which application threads were stopped: 0.0022669 seconds, Stopping threads took: 0.0000744 seconds
[16.328s][info ][safepoint    ] Application time: 0.0790980 seconds
[16.328s][info ][safepoint    ] Entering safepoint region: GenCollectForAllocation
[16.328s][info ][gc,start     ] GC(191) Pause Young (Allocation Failure)
[16.328s][info ][gc,task      ] GC(191) Using 4 workers of 4 for evacuation
[16.330s][debug][gc,ref       ] GC(191) Skipped phase1 of Reference Processing due to unavailable references
[16.330s][debug][gc,ref       ] GC(191) Skipped phase2 of Reference Processing due to unavailable references
[16.330s][debug][gc,ref       ] GC(191) Skipped phase3 of Reference Processing due to unavailable references
[16.330s][debug][gc,ref       ] GC(191) Skipped phase4 of Reference Processing due to unavailable references
[16.330s][debug][gc,age       ] GC(191) Desired survivor size 15368192 bytes, new threshold 6 (max threshold 6)
[16.330s][info ][gc,heap      ] GC(191) ParNew: 240839K->497K(270336K)
[16.330s][info ][gc,heap      ] GC(191) CMS: 218706K->218741K(600768K)
[16.330s][info ][gc,metaspace ] GC(191) Metaspace: 47786K->47786K(1093632K)
[16.330s][info ][gc           ] GC(191) Pause Young (Allocation Failure) 448M->214M(850M) 2.380ms
[16.330s][info ][gc,cpu       ] GC(191) User=0.01s Sys=0.00s Real=0.01s
[16.330s][info ][safepoint    ] Leaving safepoint region
[16.330s][info ][safepoint    ] Total time for which application threads were stopped: 0.0026655 seconds, Stopping threads took: 0.0000901 seconds
[16.379s][info ][safepoint    ] Application time: 0.0489603 seconds
[16.381s][info ][safepoint    ] Entering safepoint region: GenCollectForAllocation
[16.381s][info ][gc,start     ] GC(192) Pause Young (Allocation Failure)
[16.381s][info ][gc,task      ] GC(192) Using 4 workers of 4 for evacuation
[16.384s][debug][gc,ref       ] GC(192) Skipped phase1 of Reference Processing due to unavailable references
[16.385s][debug][gc,ref       ] GC(192) Skipped phase2 of Reference Processing due to unavailable references
[16.385s][debug][gc,ref       ] GC(192) Skipped phase3 of Reference Processing due to unavailable references
[16.385s][debug][gc,ref       ] GC(192) Skipped phase4 of Reference Processing due to unavailable references
[16.385s][debug][gc,age       ] GC(192) Desired survivor size 15368192 bytes, new threshold 6 (max threshold 6)
[16.385s][info ][gc,heap      ] GC(192) ParNew: 240817K->655K(270336K)
[16.385s][info ][gc,heap      ] GC(192) CMS: 218741K->218769K(600768K)
[16.385s][info ][gc,metaspace ] GC(192) Metaspace: 47786K->47786K(1093632K)
[16.385s][info ][gc           ] GC(192) Pause Young (Allocation Failure) 448M->214M(850M) 3.675ms
[16.385s][info ][gc,cpu       ] GC(192) User=0.01s Sys=0.01s Real=0.00s
[16.385s][info ][safepoint    ] Leaving safepoint region
[16.385s][info ][safepoint    ] Total time for which application threads were stopped: 0.0052626 seconds, Stopping threads took: 0.0014160 seconds
[16.450s][info ][safepoint    ] Application time: 0.0656860 seconds
[16.451s][info ][safepoint    ] Entering safepoint region: GenCollectForAllocation
[16.451s][info ][gc,start     ] GC(193) Pause Young (Allocation Failure)
[16.451s][info ][gc,task      ] GC(193) Using 4 workers of 4 for evacuation
[16.453s][debug][gc,ref       ] GC(193) Skipped phase1 of Reference Processing due to unavailable references
[16.453s][debug][gc,ref       ] GC(193) Skipped phase2 of Reference Processing due to unavailable references
[16.453s][debug][gc,ref       ] GC(193) Skipped phase3 of Reference Processing due to unavailable references
[16.453s][debug][gc,ref       ] GC(193) Skipped phase4 of Reference Processing due to unavailable references
[16.453s][debug][gc,age       ] GC(193) Desired survivor size 15368192 bytes, new threshold 6 (max threshold 6)
[16.453s][info ][gc,heap      ] GC(193) ParNew: 240975K->814K(270336K)
[16.453s][info ][gc,heap      ] GC(193) CMS: 218769K->218813K(600768K)
[16.453s][info ][gc,metaspace ] GC(193) Metaspace: 47786K->47786K(1093632K)
[16.453s][info ][gc           ] GC(193) Pause Young (Allocation Failure) 448M->214M(850M) 2.481ms
[16.453s][info ][gc,cpu       ] GC(193) User=0.01s Sys=0.00s Real=0.00s
[16.453s][info ][safepoint    ] Leaving safepoint region
[16.453s][info ][safepoint    ] Total time for which application threads were stopped: 0.0028766 seconds, Stopping threads took: 0.0002288 seconds
[16.484s][info ][safepoint    ] Application time: 0.0307823 seconds
[16.486s][info ][safepoint    ] Entering safepoint region: GenCollectForAllocation
[16.487s][info ][gc,start     ] GC(194) Pause Young (Allocation Failure)
[16.487s][info ][gc,task      ] GC(194) Using 4 workers of 4 for evacuation
[16.489s][debug][gc,ref       ] GC(194) Skipped phase1 of Reference Processing due to unavailable references
[16.489s][debug][gc,ref       ] GC(194) Skipped phase2 of Reference Processing due to unavailable references
[16.489s][debug][gc,ref       ] GC(194) Skipped phase3 of Reference Processing due to unavailable references
[16.489s][debug][gc,ref       ] GC(194) Skipped phase4 of Reference Processing due to unavailable references
[16.490s][debug][gc,age       ] GC(194) Desired survivor size 15368192 bytes, new threshold 6 (max threshold 6)
[16.490s][info ][gc,heap      ] GC(194) ParNew: 241134K->1060K(270336K)
[16.490s][info ][gc,heap      ] GC(194) CMS: 218813K->218830K(600768K)
[16.490s][info ][gc,metaspace ] GC(194) Metaspace: 47786K->47786K(1093632K)
[16.490s][info ][gc           ] GC(194) Pause Young (Allocation Failure) 449M->214M(850M) 3.022ms
[16.490s][info ][gc,cpu       ] GC(194) User=0.02s Sys=0.00s Real=0.00s
[16.490s][info ][safepoint    ] Leaving safepoint region
[16.490s][info ][safepoint    ] Total time for which application threads were stopped: 0.0054686 seconds, Stopping threads took: 0.0022873 seconds
[16.526s][info ][safepoint    ] Application time: 0.0360736 seconds
[16.526s][info ][safepoint    ] Entering safepoint region: GenCollectForAllocation
[16.526s][info ][gc,start     ] GC(195) Pause Young (Allocation Failure)
[16.526s][info ][gc,task      ] GC(195) Using 4 workers of 4 for evacuation
[16.529s][debug][gc,ref       ] GC(195) Skipped phase1 of Reference Processing due to unavailable references
[16.529s][debug][gc,ref       ] GC(195) Skipped phase2 of Reference Processing due to unavailable references
[16.529s][debug][gc,ref       ] GC(195) Skipped phase3 of Reference Processing due to unavailable references
[16.529s][debug][gc,ref       ] GC(195) Skipped phase4 of Reference Processing due to unavailable references
[16.529s][debug][gc,age       ] GC(195) Desired survivor size 15368192 bytes, new threshold 6 (max threshold 6)
[16.529s][info ][gc,heap      ] GC(195) ParNew: 241380K->1025K(270336K)
[16.529s][info ][gc,heap      ] GC(195) CMS: 218830K->218886K(600768K)
[16.529s][info ][gc,metaspace ] GC(195) Metaspace: 47786K->47786K(1093632K)
[16.529s][info ][gc           ] GC(195) Pause Young (Allocation Failure) 449M->214M(850M) 3.034ms
[16.529s][info ][gc,cpu       ] GC(195) User=0.01s Sys=0.00s Real=0.00s
[16.529s][info ][safepoint    ] Leaving safepoint region
[16.529s][info ][safepoint    ] Total time for which application threads were stopped: 0.0034282 seconds, Stopping threads took: 0.0002020 seconds
[16.574s][info ][safepoint    ] Application time: 0.0448748 seconds
[16.574s][info ][safepoint    ] Entering safepoint region: GenCollectForAllocation
[16.575s][info ][gc,start     ] GC(196) Pause Young (Allocation Failure)
[16.575s][info ][gc,task      ] GC(196) Using 4 workers of 4 for evacuation
[16.577s][debug][gc,ref       ] GC(196) Skipped phase1 of Reference Processing due to unavailable references
[16.577s][debug][gc,ref       ] GC(196) Skipped phase2 of Reference Processing due to unavailable references
[16.577s][debug][gc,ref       ] GC(196) Skipped phase3 of Reference Processing due to unavailable references
[16.577s][debug][gc,ref       ] GC(196) Skipped phase4 of Reference Processing due to unavailable references
[16.578s][debug][gc,age       ] GC(196) Desired survivor size 15368192 bytes, new threshold 6 (max threshold 6)
[16.578s][info ][gc,heap      ] GC(196) ParNew: 241345K->1354K(270336K)
[16.578s][info ][gc,heap      ] GC(196) CMS: 218886K->218927K(600768K)
[16.578s][info ][gc,metaspace ] GC(196) Metaspace: 47786K->47786K(1093632K)
[16.578s][info ][gc           ] GC(196) Pause Young (Allocation Failure) 449M->215M(850M) 3.107ms
[16.578s][info ][gc,cpu       ] GC(196) User=0.01s Sys=0.00s Real=0.00s
[16.578s][info ][safepoint    ] Leaving safepoint region
[16.578s][info ][safepoint    ] Total time for which application threads were stopped: 0.0035840 seconds, Stopping threads took: 0.0002567 seconds
[16.611s][info ][safepoint    ] Application time: 0.0333203 seconds
[16.611s][info ][safepoint    ] Entering safepoint region: GenCollectForAllocation
[16.611s][info ][gc,start     ] GC(197) Pause Young (Allocation Failure)
[16.611s][info ][gc,task      ] GC(197) Using 4 workers of 4 for evacuation
[16.615s][debug][gc,ref       ] GC(197) Skipped phase1 of Reference Processing due to unavailable references
[16.615s][debug][gc,ref       ] GC(197) Skipped phase2 of Reference Processing due to unavailable references
[16.615s][debug][gc,ref       ] GC(197) Skipped phase3 of Reference Processing due to unavailable references
[16.615s][debug][gc,ref       ] GC(197) Skipped phase4 of Reference Processing due to unavailable references
[16.615s][debug][gc,age       ] GC(197) Desired survivor size 15368192 bytes, new threshold 6 (max threshold 6)
[16.615s][info ][gc,heap      ] GC(197) ParNew: 241674K->1675K(270336K)
[16.615s][info ][gc,heap      ] GC(197) CMS: 218927K->219093K(600768K)
[16.615s][info ][gc,metaspace ] GC(197) Metaspace: 47786K->47786K(1093632K)
[16.615s][info ][gc           ] GC(197) Pause Young (Allocation Failure) 449M->215M(850M) 3.578ms
[16.615s][info ][gc,cpu       ] GC(197) User=0.02s Sys=0.00s Real=0.00s
[16.615s][info ][safepoint    ] Leaving safepoint region
[16.615s][info ][safepoint    ] Total time for which application threads were stopped: 0.0038960 seconds, Stopping threads took: 0.0001456 seconds
[16.669s][info ][safepoint    ] Application time: 0.0545260 seconds
[16.670s][info ][safepoint    ] Entering safepoint region: GenCollectForAllocation
[16.670s][info ][gc,start     ] GC(198) Pause Young (Allocation Failure)
[16.670s][info ][gc,task      ] GC(198) Using 4 workers of 4 for evacuation
[16.673s][debug][gc,ref       ] GC(198) Skipped phase1 of Reference Processing due to unavailable references
[16.673s][debug][gc,ref       ] GC(198) Skipped phase2 of Reference Processing due to unavailable references
[16.673s][debug][gc,ref       ] GC(198) Skipped phase3 of Reference Processing due to unavailable references
[16.673s][debug][gc,ref       ] GC(198) Skipped phase4 of Reference Processing due to unavailable references
[16.673s][debug][gc,age       ] GC(198) Desired survivor size 15368192 bytes, new threshold 6 (max threshold 6)
[16.673s][info ][gc,heap      ] GC(198) ParNew: 241995K->2063K(270336K)
[16.673s][info ][gc,heap      ] GC(198) CMS: 219093K->219106K(600768K)
[16.673s][info ][gc,metaspace ] GC(198) Metaspace: 47786K->47786K(1093632K)
[16.673s][info ][gc           ] GC(198) Pause Young (Allocation Failure) 450M->215M(850M) 3.166ms
[16.673s][info ][gc,cpu       ] GC(198) User=0.01s Sys=0.00s Real=0.01s
[16.673s][info ][safepoint    ] Leaving safepoint region
[16.673s][info ][safepoint    ] Total time for which application threads were stopped: 0.0035521 seconds, Stopping threads took: 0.0002003 seconds
[16.709s][info ][safepoint    ] Application time: 0.0357070 seconds
[16.709s][info ][safepoint    ] Entering safepoint region: GenCollectForAllocation
[16.709s][info ][gc,start     ] GC(199) Pause Young (Allocation Failure)
[16.709s][info ][gc,task      ] GC(199) Using 4 workers of 4 for evacuation
[16.712s][debug][gc,ref       ] GC(199) Skipped phase1 of Reference Processing due to unavailable references
[16.712s][debug][gc,ref       ] GC(199) Skipped phase2 of Reference Processing due to unavailable references
[16.712s][debug][gc,ref       ] GC(199) Skipped phase3 of Reference Processing due to unavailable references
[16.712s][debug][gc,ref       ] GC(199) Skipped phase4 of Reference Processing due to unavailable references
[16.713s][debug][gc,age       ] GC(199) Desired survivor size 15368192 bytes, new threshold 6 (max threshold 6)
[16.713s][info ][gc,heap      ] GC(199) ParNew: 242383K->1237K(270336K)
[16.713s][info ][gc,heap      ] GC(199) CMS: 219106K->219419K(600768K)
[16.713s][info ][gc,metaspace ] GC(199) Metaspace: 47786K->47786K(1093632K)
[16.713s][info ][gc           ] GC(199) Pause Young (Allocation Failure) 450M->215M(850M) 3.537ms
[16.713s][info ][gc,cpu       ] GC(199) User=0.01s Sys=0.00s Real=0.01s
[16.713s][info ][safepoint    ] Leaving safepoint region
[16.713s][info ][safepoint    ] Total time for which application threads were stopped: 0.0038924 seconds, Stopping threads took: 0.0001482 seconds
[16.748s][info ][safepoint    ] Application time: 0.0355524 seconds
[16.753s][info ][safepoint    ] Entering safepoint region: GenCollectForAllocation
[16.753s][info ][gc,start     ] GC(200) Pause Young (Allocation Failure)
[16.753s][info ][gc,task      ] GC(200) Using 4 workers of 4 for evacuation
[16.755s][debug][gc,ref       ] GC(200) Skipped phase1 of Reference Processing due to unavailable references
[16.755s][debug][gc,ref       ] GC(200) Skipped phase2 of Reference Processing due to unavailable references
[16.755s][debug][gc,ref       ] GC(200) Skipped phase3 of Reference Processing due to unavailable references
[16.755s][debug][gc,ref       ] GC(200) Skipped phase4 of Reference Processing due to unavailable references
[16.755s][debug][gc,age       ] GC(200) Desired survivor size 15368192 bytes, new threshold 6 (max threshold 6)
[16.755s][info ][gc,heap      ] GC(200) ParNew: 241557K->1778K(270336K)
[16.755s][info ][gc,heap      ] GC(200) CMS: 219419K->219458K(600768K)
[16.755s][info ][gc,metaspace ] GC(200) Metaspace: 47786K->47786K(1093632K)
[16.756s][info ][gc           ] GC(200) Pause Young (Allocation Failure) 450M->216M(850M) 2.856ms
[16.756s][info ][gc,cpu       ] GC(200) User=0.01s Sys=0.00s Real=0.00s
[16.756s][info ][safepoint    ] Leaving safepoint region
[16.756s][info ][safepoint    ] Total time for which application threads were stopped: 0.0072974 seconds, Stopping threads took: 0.0042782 seconds
[16.799s][info ][safepoint    ] Application time: 0.0437364 seconds
[16.799s][info ][safepoint    ] Entering safepoint region: GenCollectForAllocation
[16.800s][info ][gc,start     ] GC(201) Pause Young (Allocation Failure)
[16.800s][info ][gc,task      ] GC(201) Using 4 workers of 4 for evacuation
[16.804s][debug][gc,ref       ] GC(201) Skipped phase1 of Reference Processing due to unavailable references
[16.804s][debug][gc,ref       ] GC(201) Skipped phase2 of Reference Processing due to unavailable references
[16.804s][debug][gc,ref       ] GC(201) Skipped phase3 of Reference Processing due to unavailable references
[16.804s][debug][gc,ref       ] GC(201) Skipped phase4 of Reference Processing due to unavailable references
[16.804s][debug][gc,age       ] GC(201) Desired survivor size 15368192 bytes, new threshold 6 (max threshold 6)
[16.804s][info ][gc,heap      ] GC(201) ParNew: 242098K->2004K(270336K)
[16.804s][info ][gc,heap      ] GC(201) CMS: 219458K->219484K(600768K)
[16.804s][info ][gc,metaspace ] GC(201) Metaspace: 47787K->47787K(1093632K)
[16.804s][info ][gc           ] GC(201) Pause Young (Allocation Failure) 450M->216M(850M) 4.551ms
[16.804s][info ][gc,cpu       ] GC(201) User=0.01s Sys=0.00s Real=0.00s
[16.804s][info ][safepoint    ] Leaving safepoint region
[16.804s][info ][safepoint    ] Total time for which application threads were stopped: 0.0048380 seconds, Stopping threads took: 0.0000981 seconds
[16.841s][info ][safepoint    ] Application time: 0.0366134 seconds
[16.841s][info ][safepoint    ] Entering safepoint region: GenCollectForAllocation
[16.841s][info ][gc,start     ] GC(202) Pause Young (Allocation Failure)
[16.841s][info ][gc,task      ] GC(202) Using 4 workers of 4 for evacuation
[16.845s][debug][gc,ref       ] GC(202) Skipped phase1 of Reference Processing due to unavailable references
[16.845s][debug][gc,ref       ] GC(202) Skipped phase2 of Reference Processing due to unavailable references
[16.845s][debug][gc,ref       ] GC(202) Skipped phase3 of Reference Processing due to unavailable references
[16.845s][debug][gc,ref       ] GC(202) Skipped phase4 of Reference Processing due to unavailable references
[16.845s][debug][gc,age       ] GC(202) Desired survivor size 15368192 bytes, new threshold 6 (max threshold 6)
[16.845s][info ][gc,heap      ] GC(202) ParNew: 242324K->1703K(270336K)
[16.845s][info ][gc,heap      ] GC(202) CMS: 219484K->219922K(600768K)
[16.845s][info ][gc,metaspace ] GC(202) Metaspace: 47787K->47787K(1093632K)
[16.845s][info ][gc           ] GC(202) Pause Young (Allocation Failure) 450M->216M(850M) 4.270ms
[16.845s][info ][gc,cpu       ] GC(202) User=0.02s Sys=0.00s Real=0.00s
[16.845s][info ][safepoint    ] Leaving safepoint region
[16.845s][info ][safepoint    ] Total time for which application threads were stopped: 0.0045951 seconds, Stopping threads took: 0.0001334 seconds
[16.879s][info ][safepoint    ] Application time: 0.0335738 seconds
[16.879s][info ][safepoint    ] Entering safepoint region: GenCollectForAllocation
[16.879s][info ][gc,start     ] GC(203) Pause Young (Allocation Failure)
[16.879s][info ][gc,task      ] GC(203) Using 4 workers of 4 for evacuation
[16.883s][debug][gc,ref       ] GC(203) Skipped phase1 of Reference Processing due to unavailable references
[16.883s][debug][gc,ref       ] GC(203) Skipped phase2 of Reference Processing due to unavailable references
[16.883s][debug][gc,ref       ] GC(203) Skipped phase3 of Reference Processing due to unavailable references
[16.883s][debug][gc,ref       ] GC(203) Skipped phase4 of Reference Processing due to unavailable references
[16.883s][debug][gc,age       ] GC(203) Desired survivor size 15368192 bytes, new threshold 6 (max threshold 6)
[16.883s][info ][gc,heap      ] GC(203) ParNew: 242023K->2059K(270336K)
[16.883s][info ][gc,heap      ] GC(203) CMS: 219922K->220082K(600768K)
[16.883s][info ][gc,metaspace ] GC(203) Metaspace: 47787K->47787K(1093632K)
[16.883s][info ][gc           ] GC(203) Pause Young (Allocation Failure) 451M->216M(850M) 4.132ms
[16.883s][info ][gc,cpu       ] GC(203) User=0.01s Sys=0.00s Real=0.00s
[16.884s][info ][safepoint    ] Leaving safepoint region
[16.884s][info ][safepoint    ] Total time for which application threads were stopped: 0.0045006 seconds, Stopping threads took: 0.0001576 seconds
[16.962s][info ][safepoint    ] Application time: 0.0785600 seconds
[16.962s][info ][safepoint    ] Entering safepoint region: GenCollectForAllocation
[16.963s][info ][gc,start     ] GC(204) Pause Young (Allocation Failure)
[16.963s][info ][gc,task      ] GC(204) Using 4 workers of 4 for evacuation
[16.966s][debug][gc,ref       ] GC(204) Skipped phase1 of Reference Processing due to unavailable references
[16.966s][debug][gc,ref       ] GC(204) Skipped phase2 of Reference Processing due to unavailable references
[16.966s][debug][gc,ref       ] GC(204) Skipped phase3 of Reference Processing due to unavailable references
[16.966s][debug][gc,ref       ] GC(204) Skipped phase4 of Reference Processing due to unavailable references
[16.966s][debug][gc,age       ] GC(204) Desired survivor size 15368192 bytes, new threshold 6 (max threshold 6)
[16.966s][info ][gc,heap      ] GC(204) ParNew: 242379K->2057K(270336K)
[16.966s][info ][gc,heap      ] GC(204) CMS: 220082K->220271K(600768K)
[16.966s][info ][gc,metaspace ] GC(204) Metaspace: 47791K->47791K(1093632K)
[16.966s][info ][gc           ] GC(204) Pause Young (Allocation Failure) 451M->217M(850M) 3.571ms
[16.966s][info ][gc,cpu       ] GC(204) User=0.01s Sys=0.00s Real=0.00s
[16.966s][info ][safepoint    ] Leaving safepoint region
[16.966s][info ][safepoint    ] Total time for which application threads were stopped: 0.0040235 seconds, Stopping threads took: 0.0001080 seconds
[17.015s][info ][safepoint    ] Application time: 0.0484551 seconds
[17.015s][info ][safepoint    ] Entering safepoint region: GenCollectForAllocation
[17.015s][info ][gc,start     ] GC(205) Pause Young (Allocation Failure)
[17.015s][info ][gc,task      ] GC(205) Using 4 workers of 4 for evacuation
[17.018s][debug][gc,ref       ] GC(205) Skipped phase1 of Reference Processing due to unavailable references
[17.018s][debug][gc,ref       ] GC(205) Skipped phase2 of Reference Processing due to unavailable references
[17.018s][debug][gc,ref       ] GC(205) Skipped phase3 of Reference Processing due to unavailable references
[17.018s][debug][gc,ref       ] GC(205) Skipped phase4 of Reference Processing due to unavailable references
[17.018s][debug][gc,age       ] GC(205) Desired survivor size 15368192 bytes, new threshold 6 (max threshold 6)
[17.018s][info ][gc,heap      ] GC(205) ParNew: 242377K->2075K(270336K)
[17.018s][info ][gc,heap      ] GC(205) CMS: 220271K->220315K(600768K)
[17.018s][info ][gc,metaspace ] GC(205) Metaspace: 47791K->47791K(1093632K)
[17.018s][info ][gc           ] GC(205) Pause Young (Allocation Failure) 451M->217M(850M) 3.222ms
[17.018s][info ][gc,cpu       ] GC(205) User=0.01s Sys=0.00s Real=0.00s
[17.018s][info ][safepoint    ] Leaving safepoint region
[17.018s][info ][safepoint    ] Total time for which application threads were stopped: 0.0034726 seconds, Stopping threads took: 0.0000759 seconds
[17.065s][info ][safepoint    ] Application time: 0.0466604 seconds
[17.065s][info ][safepoint    ] Entering safepoint region: GenCollectForAllocation
[17.065s][info ][gc,start     ] GC(206) Pause Young (Allocation Failure)
[17.065s][info ][gc,task      ] GC(206) Using 4 workers of 4 for evacuation
[17.068s][debug][gc,ref       ] GC(206) Skipped phase1 of Reference Processing due to unavailable references
[17.068s][debug][gc,ref       ] GC(206) Skipped phase2 of Reference Processing due to unavailable references
[17.068s][debug][gc,ref       ] GC(206) Skipped phase3 of Reference Processing due to unavailable references
[17.068s][debug][gc,ref       ] GC(206) Skipped phase4 of Reference Processing due to unavailable references
[17.068s][debug][gc,age       ] GC(206) Desired survivor size 15368192 bytes, new threshold 6 (max threshold 6)
[17.068s][info ][gc,heap      ] GC(206) ParNew: 242395K->1365K(270336K)
[17.068s][info ][gc,heap      ] GC(206) CMS: 220315K->220461K(600768K)
[17.068s][info ][gc,metaspace ] GC(206) Metaspace: 47791K->47791K(1093632K)
[17.068s][info ][gc           ] GC(206) Pause Young (Allocation Failure) 451M->216M(850M) 3.333ms
[17.068s][info ][gc,cpu       ] GC(206) User=0.01s Sys=0.00s Real=0.00s
[17.068s][info ][safepoint    ] Leaving safepoint region
[17.068s][info ][safepoint    ] Total time for which application threads were stopped: 0.0036018 seconds, Stopping threads took: 0.0000916 seconds
[17.130s][info ][safepoint    ] Application time: 0.0617298 seconds
[17.130s][info ][safepoint    ] Entering safepoint region: GenCollectForAllocation
[17.130s][info ][gc,start     ] GC(207) Pause Young (Allocation Failure)
[17.131s][info ][gc,task      ] GC(207) Using 4 workers of 4 for evacuation
[17.136s][debug][gc,ref       ] GC(207) Skipped phase1 of Reference Processing due to unavailable references
[17.136s][debug][gc,ref       ] GC(207) Skipped phase2 of Reference Processing due to unavailable references
[17.136s][debug][gc,ref       ] GC(207) Skipped phase3 of Reference Processing due to unavailable references
[17.136s][debug][gc,ref       ] GC(207) Skipped phase4 of Reference Processing due to unavailable references
[17.136s][debug][gc,age       ] GC(207) Desired survivor size 15368192 bytes, new threshold 6 (max threshold 6)
[17.136s][info ][gc,heap      ] GC(207) ParNew: 241685K->1605K(270336K)
[17.136s][info ][gc,heap      ] GC(207) CMS: 220461K->221077K(600768K)
[17.136s][info ][gc,metaspace ] GC(207) Metaspace: 47793K->47793K(1093632K)
[17.136s][info ][gc           ] GC(207) Pause Young (Allocation Failure) 451M->217M(850M) 5.722ms
[17.136s][info ][gc,cpu       ] GC(207) User=0.02s Sys=0.00s Real=0.00s
[17.136s][info ][safepoint    ] Leaving safepoint region
[17.136s][info ][safepoint    ] Total time for which application threads were stopped: 0.0060803 seconds, Stopping threads took: 0.0001409 seconds
[17.165s][info ][safepoint    ] Application time: 0.0282854 seconds
[17.165s][info ][safepoint    ] Entering safepoint region: GenCollectForAllocation
[17.165s][info ][gc,start     ] GC(208) Pause Young (Allocation Failure)
[17.165s][info ][gc,task      ] GC(208) Using 4 workers of 4 for evacuation
[17.168s][debug][gc,ref       ] GC(208) Skipped phase1 of Reference Processing due to unavailable references
[17.168s][debug][gc,ref       ] GC(208) Skipped phase2 of Reference Processing due to unavailable references
[17.168s][debug][gc,ref       ] GC(208) Skipped phase3 of Reference Processing due to unavailable references
[17.168s][debug][gc,ref       ] GC(208) Skipped phase4 of Reference Processing due to unavailable references
[17.168s][debug][gc,age       ] GC(208) Desired survivor size 15368192 bytes, new threshold 6 (max threshold 6)
[17.168s][info ][gc,heap      ] GC(208) ParNew: 241925K->1540K(270336K)
[17.168s][info ][gc,heap      ] GC(208) CMS: 221077K->221251K(600768K)
[17.168s][info ][gc,metaspace ] GC(208) Metaspace: 47793K->47793K(1093632K)
[17.168s][info ][gc           ] GC(208) Pause Young (Allocation Failure) 452M->217M(850M) 3.521ms
[17.168s][info ][gc,cpu       ] GC(208) User=0.01s Sys=0.00s Real=0.00s
[17.168s][info ][safepoint    ] Leaving safepoint region
[17.168s][info ][safepoint    ] Total time for which application threads were stopped: 0.0038326 seconds, Stopping threads took: 0.0001211 seconds
[17.214s][info ][safepoint    ] Application time: 0.0452767 seconds
[17.214s][info ][safepoint    ] Entering safepoint region: GenCollectForAllocation
[17.214s][info ][gc,start     ] GC(209) Pause Young (Allocation Failure)
[17.214s][info ][gc,task      ] GC(209) Using 4 workers of 4 for evacuation
[17.217s][debug][gc,ref       ] GC(209) Skipped phase1 of Reference Processing due to unavailable references
[17.217s][debug][gc,ref       ] GC(209) Skipped phase2 of Reference Processing due to unavailable references
[17.217s][debug][gc,ref       ] GC(209) Skipped phase3 of Reference Processing due to unavailable references
[17.217s][debug][gc,ref       ] GC(209) Skipped phase4 of Reference Processing due to unavailable references
[17.217s][debug][gc,age       ] GC(209) Desired survivor size 15368192 bytes, new threshold 6 (max threshold 6)
[17.217s][info ][gc,heap      ] GC(209) ParNew: 241860K->1391K(270336K)
[17.217s][info ][gc,heap      ] GC(209) CMS: 221251K->221416K(600768K)
[17.217s][info ][gc,metaspace ] GC(209) Metaspace: 47793K->47793K(1093632K)
[17.217s][info ][gc           ] GC(209) Pause Young (Allocation Failure) 452M->217M(850M) 3.116ms
[17.217s][info ][gc,cpu       ] GC(209) User=0.01s Sys=0.00s Real=0.00s
[17.217s][info ][safepoint    ] Leaving safepoint region
[17.217s][info ][safepoint    ] Total time for which application threads were stopped: 0.0033833 seconds, Stopping threads took: 0.0000764 seconds
[17.260s][info ][safepoint    ] Application time: 0.0431063 seconds
[17.261s][info ][safepoint    ] Entering safepoint region: GenCollectForAllocation
[17.261s][info ][gc,start     ] GC(210) Pause Young (Allocation Failure)
[17.261s][info ][gc,task      ] GC(210) Using 4 workers of 4 for evacuation
[17.264s][debug][gc,ref       ] GC(210) Skipped phase1 of Reference Processing due to unavailable references
[17.264s][debug][gc,ref       ] GC(210) Skipped phase2 of Reference Processing due to unavailable references
[17.264s][debug][gc,ref       ] GC(210) Skipped phase3 of Reference Processing due to unavailable references
[17.264s][debug][gc,ref       ] GC(210) Skipped phase4 of Reference Processing due to unavailable references
[17.264s][debug][gc,age       ] GC(210) Desired survivor size 15368192 bytes, new threshold 6 (max threshold 6)
[17.264s][info ][gc,heap      ] GC(210) ParNew: 241711K->1005K(270336K)
[17.264s][info ][gc,heap      ] GC(210) CMS: 221416K->221639K(600768K)
[17.264s][info ][gc,metaspace ] GC(210) Metaspace: 47793K->47793K(1093632K)
[17.264s][info ][gc           ] GC(210) Pause Young (Allocation Failure) 452M->217M(850M) 3.323ms
[17.264s][info ][gc,cpu       ] GC(210) User=0.01s Sys=0.00s Real=0.00s
[17.264s][info ][safepoint    ] Leaving safepoint region
[17.264s][info ][safepoint    ] Total time for which application threads were stopped: 0.0039885 seconds, Stopping threads took: 0.0001833 seconds
[17.303s][info ][safepoint    ] Application time: 0.0385611 seconds
[17.303s][info ][safepoint    ] Entering safepoint region: GenCollectForAllocation
[17.303s][info ][gc,start     ] GC(211) Pause Young (Allocation Failure)
[17.303s][info ][gc,task      ] GC(211) Using 4 workers of 4 for evacuation
[17.306s][debug][gc,ref       ] GC(211) Skipped phase1 of Reference Processing due to unavailable references
[17.306s][debug][gc,ref       ] GC(211) Skipped phase2 of Reference Processing due to unavailable references
[17.306s][debug][gc,ref       ] GC(211) Skipped phase3 of Reference Processing due to unavailable references
[17.306s][debug][gc,ref       ] GC(211) Skipped phase4 of Reference Processing due to unavailable references
[17.306s][debug][gc,age       ] GC(211) Desired survivor size 15368192 bytes, new threshold 6 (max threshold 6)
[17.306s][info ][gc,heap      ] GC(211) ParNew: 241325K->1486K(270336K)
[17.306s][info ][gc,heap      ] GC(211) CMS: 221639K->221662K(600768K)
[17.306s][info ][gc,metaspace ] GC(211) Metaspace: 47793K->47793K(1093632K)
[17.306s][info ][gc           ] GC(211) Pause Young (Allocation Failure) 452M->217M(850M) 2.724ms
[17.306s][info ][gc,cpu       ] GC(211) User=0.01s Sys=0.00s Real=0.00s
[17.306s][info ][safepoint    ] Leaving safepoint region
[17.306s][info ][safepoint    ] Total time for which application threads were stopped: 0.0030838 seconds, Stopping threads took: 0.0001218 seconds
[17.388s][info ][safepoint    ] Application time: 0.0822384 seconds
[17.388s][info ][safepoint    ] Entering safepoint region: GenCollectForAllocation
[17.389s][info ][gc,start     ] GC(212) Pause Young (Allocation Failure)
[17.389s][info ][gc,task      ] GC(212) Using 4 workers of 4 for evacuation
[17.397s][debug][gc,ref       ] GC(212) Skipped phase1 of Reference Processing due to unavailable references
[17.397s][debug][gc,ref       ] GC(212) Skipped phase2 of Reference Processing due to unavailable references
[17.397s][debug][gc,ref       ] GC(212) Skipped phase3 of Reference Processing due to unavailable references
[17.397s][debug][gc,ref       ] GC(212) Skipped phase4 of Reference Processing due to unavailable references
[17.397s][debug][gc,age       ] GC(212) Desired survivor size 15368192 bytes, new threshold 6 (max threshold 6)
[17.397s][info ][gc,heap      ] GC(212) ParNew: 241806K->5480K(270336K)
[17.397s][info ][gc,heap      ] GC(212) CMS: 221662K->221700K(600768K)
[17.397s][info ][gc,metaspace ] GC(212) Metaspace: 47804K->47804K(1093632K)
[17.397s][info ][gc           ] GC(212) Pause Young (Allocation Failure) 452M->221M(850M) 8.176ms
[17.397s][info ][gc,cpu       ] GC(212) User=0.03s Sys=0.00s Real=0.01s
[17.397s][info ][safepoint    ] Leaving safepoint region
[17.397s][info ][safepoint    ] Total time for which application threads were stopped: 0.0084808 seconds, Stopping threads took: 0.0001029 seconds
[17.440s][info ][safepoint    ] Application time: 0.0432322 seconds
[17.440s][info ][safepoint    ] Entering safepoint region: GenCollectForAllocation
[17.440s][info ][gc,start     ] GC(213) Pause Young (Allocation Failure)
[17.440s][info ][gc,task      ] GC(213) Using 4 workers of 4 for evacuation
[17.450s][debug][gc,ref       ] GC(213) Skipped phase1 of Reference Processing due to unavailable references
[17.450s][debug][gc,ref       ] GC(213) Skipped phase2 of Reference Processing due to unavailable references
[17.450s][debug][gc,ref       ] GC(213) Skipped phase3 of Reference Processing due to unavailable references
[17.450s][debug][gc,ref       ] GC(213) Skipped phase4 of Reference Processing due to unavailable references
[17.450s][debug][gc,age       ] GC(213) Desired survivor size 15368192 bytes, new threshold 6 (max threshold 6)
[17.450s][info ][gc,heap      ] GC(213) ParNew: 245800K->8118K(270336K)
[17.450s][info ][gc,heap      ] GC(213) CMS: 221700K->222239K(600768K)
[17.450s][info ][gc,metaspace ] GC(213) Metaspace: 47804K->47804K(1093632K)
[17.450s][info ][gc           ] GC(213) Pause Young (Allocation Failure) 456M->224M(850M) 9.916ms
[17.450s][info ][gc,cpu       ] GC(213) User=0.05s Sys=0.00s Real=0.00s
[17.450s][info ][safepoint    ] Leaving safepoint region
[17.450s][info ][safepoint    ] Total time for which application threads were stopped: 0.0102448 seconds, Stopping threads took: 0.0001250 seconds
[17.498s][info ][safepoint    ] Application time: 0.0478358 seconds
[17.498s][info ][safepoint    ] Entering safepoint region: GenCollectForAllocation
[17.498s][info ][gc,start     ] GC(214) Pause Young (Allocation Failure)
[17.498s][info ][gc,task      ] GC(214) Using 4 workers of 4 for evacuation
[17.507s][debug][gc,ref       ] GC(214) Skipped phase1 of Reference Processing due to unavailable references
[17.507s][debug][gc,ref       ] GC(214) Skipped phase2 of Reference Processing due to unavailable references
[17.507s][debug][gc,ref       ] GC(214) Skipped phase3 of Reference Processing due to unavailable references
[17.507s][debug][gc,ref       ] GC(214) Skipped phase4 of Reference Processing due to unavailable references
[17.507s][debug][gc,age       ] GC(214) Desired survivor size 15368192 bytes, new threshold 6 (max threshold 6)
[17.507s][info ][gc,heap      ] GC(214) ParNew: 248438K->11173K(270336K)
[17.507s][info ][gc,heap      ] GC(214) CMS: 222239K->222250K(600768K)
[17.507s][info ][gc,metaspace ] GC(214) Metaspace: 47804K->47804K(1093632K)
[17.507s][info ][gc           ] GC(214) Pause Young (Allocation Failure) 459M->227M(850M) 8.512ms
[17.507s][info ][gc,cpu       ] GC(214) User=0.03s Sys=0.00s Real=0.00s
[17.507s][info ][safepoint    ] Leaving safepoint region
[17.507s][info ][safepoint    ] Total time for which application threads were stopped: 0.0088627 seconds, Stopping threads took: 0.0001538 seconds
[17.557s][info ][safepoint    ] Application time: 0.0500553 seconds
[17.557s][info ][safepoint    ] Entering safepoint region: GenCollectForAllocation
[17.557s][info ][gc,start     ] GC(215) Pause Young (Allocation Failure)
[17.557s][info ][gc,task      ] GC(215) Using 4 workers of 4 for evacuation
[17.566s][debug][gc,ref       ] GC(215) Skipped phase1 of Reference Processing due to unavailable references
[17.566s][debug][gc,ref       ] GC(215) Skipped phase2 of Reference Processing due to unavailable references
[17.566s][debug][gc,ref       ] GC(215) Skipped phase3 of Reference Processing due to unavailable references
[17.566s][debug][gc,ref       ] GC(215) Skipped phase4 of Reference Processing due to unavailable references
[17.566s][debug][gc,age       ] GC(215) Desired survivor size 15368192 bytes, new threshold 6 (max threshold 6)
[17.566s][info ][gc,heap      ] GC(215) ParNew: 251493K->14081K(270336K)
[17.566s][info ][gc,heap      ] GC(215) CMS: 222250K->222332K(600768K)
[17.566s][info ][gc,metaspace ] GC(215) Metaspace: 47808K->47808K(1093632K)
[17.566s][info ][gc           ] GC(215) Pause Young (Allocation Failure) 462M->230M(850M) 8.680ms
[17.566s][info ][gc,cpu       ] GC(215) User=0.03s Sys=0.00s Real=0.01s
[17.566s][info ][safepoint    ] Leaving safepoint region
[17.566s][info ][safepoint    ] Total time for which application threads were stopped: 0.0090366 seconds, Stopping threads took: 0.0001766 seconds
[17.605s][info ][safepoint    ] Application time: 0.0388758 seconds
[17.605s][info ][safepoint    ] Entering safepoint region: GenCollectForAllocation
[17.605s][info ][gc,start     ] GC(216) Pause Young (Allocation Failure)
[17.605s][info ][gc,task      ] GC(216) Using 4 workers of 4 for evacuation
[17.614s][debug][gc,ref       ] GC(216) Skipped phase1 of Reference Processing due to unavailable references
[17.614s][debug][gc,ref       ] GC(216) Skipped phase2 of Reference Processing due to unavailable references
[17.614s][debug][gc,ref       ] GC(216) Skipped phase3 of Reference Processing due to unavailable references
[17.614s][debug][gc,ref       ] GC(216) Skipped phase4 of Reference Processing due to unavailable references
[17.614s][debug][gc,age       ] GC(216) Desired survivor size 15368192 bytes, new threshold 6 (max threshold 6)
[17.614s][info ][gc,heap      ] GC(216) ParNew: 254401K->9511K(270336K)
[17.614s][info ][gc,heap      ] GC(216) CMS: 222332K->222383K(600768K)
[17.614s][info ][gc,metaspace ] GC(216) Metaspace: 47811K->47811K(1093632K)
[17.614s][info ][gc           ] GC(216) Pause Young (Allocation Failure) 465M->226M(850M) 8.672ms
[17.614s][info ][gc,cpu       ] GC(216) User=0.03s Sys=0.00s Real=0.01s
[17.614s][info ][safepoint    ] Leaving safepoint region
[17.614s][info ][safepoint    ] Total time for which application threads were stopped: 0.0090085 seconds, Stopping threads took: 0.0001502 seconds
[17.660s][info ][safepoint    ] Application time: 0.0461634 seconds
[17.660s][info ][safepoint    ] Entering safepoint region: GenCollectForAllocation
[17.661s][info ][gc,start     ] GC(217) Pause Young (Allocation Failure)
[17.661s][info ][gc,task      ] GC(217) Using 4 workers of 4 for evacuation
[17.669s][debug][gc,ref       ] GC(217) Skipped phase1 of Reference Processing due to unavailable references
[17.669s][debug][gc,ref       ] GC(217) Skipped phase2 of Reference Processing due to unavailable references
[17.669s][debug][gc,ref       ] GC(217) Skipped phase3 of Reference Processing due to unavailable references
[17.669s][debug][gc,ref       ] GC(217) Skipped phase4 of Reference Processing due to unavailable references
[17.669s][debug][gc,age       ] GC(217) Desired survivor size 15368192 bytes, new threshold 6 (max threshold 6)
[17.669s][info ][gc,heap      ] GC(217) ParNew: 249831K->14795K(270336K)
[17.669s][info ][gc,heap      ] GC(217) CMS: 222383K->222426K(600768K)
[17.669s][info ][gc,metaspace ] GC(217) Metaspace: 47811K->47811K(1093632K)
[17.670s][info ][gc           ] GC(217) Pause Young (Allocation Failure) 461M->231M(850M) 8.948ms
[17.670s][info ][gc,cpu       ] GC(217) User=0.03s Sys=0.00s Real=0.00s
[17.670s][info ][safepoint    ] Leaving safepoint region
[17.670s][info ][safepoint    ] Total time for which application threads were stopped: 0.0092776 seconds, Stopping threads took: 0.0001408 seconds
[17.711s][info ][safepoint    ] Application time: 0.0415025 seconds
[17.711s][info ][safepoint    ] Entering safepoint region: GenCollectForAllocation
[17.711s][info ][gc,start     ] GC(218) Pause Young (Allocation Failure)
[17.711s][info ][gc,task      ] GC(218) Using 4 workers of 4 for evacuation
[17.730s][debug][gc,ref       ] GC(218) Skipped phase1 of Reference Processing due to unavailable references
[17.730s][debug][gc,ref       ] GC(218) Skipped phase2 of Reference Processing due to unavailable references
[17.730s][debug][gc,ref       ] GC(218) Skipped phase3 of Reference Processing due to unavailable references
[17.730s][debug][gc,ref       ] GC(218) Skipped phase4 of Reference Processing due to unavailable references
[17.730s][debug][gc,age       ] GC(218) Desired survivor size 15368192 bytes, new threshold 6 (max threshold 6)
[17.730s][info ][gc,heap      ] GC(218) ParNew: 255115K->6268K(270336K)
[17.730s][info ][gc,heap      ] GC(218) CMS: 222426K->227056K(600768K)
[17.730s][info ][gc,metaspace ] GC(218) Metaspace: 47811K->47811K(1093632K)
[17.730s][info ][gc           ] GC(218) Pause Young (Allocation Failure) 466M->227M(850M) 19.013ms
[17.730s][info ][gc,cpu       ] GC(218) User=0.07s Sys=0.00s Real=0.02s
[17.730s][info ][safepoint    ] Leaving safepoint region
[17.730s][info ][safepoint    ] Total time for which application threads were stopped: 0.0193750 seconds, Stopping threads took: 0.0001750 seconds
[17.781s][info ][safepoint    ] Application time: 0.0509460 seconds
[17.782s][info ][safepoint    ] Entering safepoint region: GenCollectForAllocation
[17.782s][info ][gc,start     ] GC(219) Pause Young (Allocation Failure)
[17.782s][info ][gc,task      ] GC(219) Using 4 workers of 4 for evacuation
[17.788s][debug][gc,ref       ] GC(219) Skipped phase1 of Reference Processing due to unavailable references
[17.788s][debug][gc,ref       ] GC(219) Skipped phase2 of Reference Processing due to unavailable references
[17.788s][debug][gc,ref       ] GC(219) Skipped phase3 of Reference Processing due to unavailable references
[17.788s][debug][gc,ref       ] GC(219) Skipped phase4 of Reference Processing due to unavailable references
[17.788s][debug][gc,age       ] GC(219) Desired survivor size 15368192 bytes, new threshold 6 (max threshold 6)
[17.788s][info ][gc,heap      ] GC(219) ParNew: 246588K->4245K(270336K)
[17.788s][info ][gc,heap      ] GC(219) CMS: 227056K->228466K(600768K)
[17.788s][info ][gc,metaspace ] GC(219) Metaspace: 47812K->47812K(1093632K)
[17.788s][info ][gc           ] GC(219) Pause Young (Allocation Failure) 462M->227M(850M) 6.689ms
[17.788s][info ][gc,cpu       ] GC(219) User=0.03s Sys=0.00s Real=0.00s
[17.788s][info ][safepoint    ] Leaving safepoint region
[17.788s][info ][safepoint    ] Total time for which application threads were stopped: 0.0069780 seconds, Stopping threads took: 0.0001183 seconds
[17.824s][info ][safepoint    ] Application time: 0.0356659 seconds
[17.824s][info ][safepoint    ] Entering safepoint region: GenCollectForAllocation
[17.825s][info ][gc,start     ] GC(220) Pause Young (Allocation Failure)
[17.825s][info ][gc,task      ] GC(220) Using 4 workers of 4 for evacuation
[17.829s][debug][gc,ref       ] GC(220) Skipped phase1 of Reference Processing due to unavailable references
[17.829s][debug][gc,ref       ] GC(220) Skipped phase2 of Reference Processing due to unavailable references
[17.829s][debug][gc,ref       ] GC(220) Skipped phase3 of Reference Processing due to unavailable references
[17.829s][debug][gc,ref       ] GC(220) Skipped phase4 of Reference Processing due to unavailable references
[17.830s][debug][gc,age       ] GC(220) Desired survivor size 15368192 bytes, new threshold 6 (max threshold 6)
[17.830s][info ][gc,heap      ] GC(220) ParNew: 244565K->3073K(270336K)
[17.830s][info ][gc,heap      ] GC(220) CMS: 228466K->229949K(600768K)
[17.830s][info ][gc,metaspace ] GC(220) Metaspace: 47812K->47812K(1093632K)
[17.830s][info ][gc           ] GC(220) Pause Young (Allocation Failure) 461M->227M(850M) 5.058ms
[17.830s][info ][gc,cpu       ] GC(220) User=0.02s Sys=0.00s Real=0.00s
[17.830s][info ][safepoint    ] Leaving safepoint region
[17.830s][info ][safepoint    ] Total time for which application threads were stopped: 0.0055947 seconds, Stopping threads took: 0.0003327 seconds
[17.882s][info ][safepoint    ] Application time: 0.0517877 seconds
[17.882s][info ][safepoint    ] Entering safepoint region: GenCollectForAllocation
[17.882s][info ][gc,start     ] GC(221) Pause Young (Allocation Failure)
[17.882s][info ][gc,task      ] GC(221) Using 4 workers of 4 for evacuation
[17.886s][debug][gc,ref       ] GC(221) Skipped phase1 of Reference Processing due to unavailable references
[17.886s][debug][gc,ref       ] GC(221) Skipped phase2 of Reference Processing due to unavailable references
[17.886s][debug][gc,ref       ] GC(221) Skipped phase3 of Reference Processing due to unavailable references
[17.886s][debug][gc,ref       ] GC(221) Skipped phase4 of Reference Processing due to unavailable references
[17.887s][debug][gc,age       ] GC(221) Desired survivor size 15368192 bytes, new threshold 6 (max threshold 6)
[17.887s][info ][gc,heap      ] GC(221) ParNew: 243393K->1571K(270336K)
[17.887s][info ][gc,heap      ] GC(221) CMS: 229949K->230498K(600768K)
[17.887s][info ][gc,metaspace ] GC(221) Metaspace: 47812K->47812K(1093632K)
[17.887s][info ][gc           ] GC(221) Pause Young (Allocation Failure) 462M->226M(850M) 5.032ms
[17.887s][info ][gc,cpu       ] GC(221) User=0.01s Sys=0.00s Real=0.00s
[17.887s][info ][safepoint    ] Leaving safepoint region
[17.887s][info ][safepoint    ] Total time for which application threads were stopped: 0.0053242 seconds, Stopping threads took: 0.0000954 seconds
[17.927s][info ][safepoint    ] Application time: 0.0399531 seconds
[17.927s][info ][safepoint    ] Entering safepoint region: GenCollectForAllocation
[17.927s][info ][gc,start     ] GC(222) Pause Young (Allocation Failure)
[17.927s][info ][gc,task      ] GC(222) Using 4 workers of 4 for evacuation
[17.930s][debug][gc,ref       ] GC(222) Skipped phase1 of Reference Processing due to unavailable references
[17.930s][debug][gc,ref       ] GC(222) Skipped phase2 of Reference Processing due to unavailable references
[17.930s][debug][gc,ref       ] GC(222) Skipped phase3 of Reference Processing due to unavailable references
[17.930s][debug][gc,ref       ] GC(222) Skipped phase4 of Reference Processing due to unavailable references
[17.930s][debug][gc,age       ] GC(222) Desired survivor size 15368192 bytes, new threshold 6 (max threshold 6)
[17.930s][info ][gc,heap      ] GC(222) ParNew: 241891K->771K(270336K)
[17.930s][info ][gc,heap      ] GC(222) CMS: 230498K->230862K(600768K)
[17.930s][info ][gc,metaspace ] GC(222) Metaspace: 47812K->47812K(1093632K)
[17.930s][info ][gc           ] GC(222) Pause Young (Allocation Failure) 461M->226M(850M) 2.667ms
[17.930s][info ][gc,cpu       ] GC(222) User=0.01s Sys=0.00s Real=0.00s
[17.930s][info ][safepoint    ] Leaving safepoint region
[17.930s][info ][safepoint    ] Total time for which application threads were stopped: 0.0030839 seconds, Stopping threads took: 0.0002547 seconds
[17.973s][info ][safepoint    ] Application time: 0.0426247 seconds
[17.973s][info ][safepoint    ] Entering safepoint region: GenCollectForAllocation
[17.973s][info ][gc,start     ] GC(223) Pause Young (Allocation Failure)
[17.973s][info ][gc,task      ] GC(223) Using 4 workers of 4 for evacuation
[17.975s][debug][gc,ref       ] GC(223) Skipped phase1 of Reference Processing due to unavailable references
[17.975s][debug][gc,ref       ] GC(223) Skipped phase2 of Reference Processing due to unavailable references
[17.975s][debug][gc,ref       ] GC(223) Skipped phase3 of Reference Processing due to unavailable references
[17.975s][debug][gc,ref       ] GC(223) Skipped phase4 of Reference Processing due to unavailable references
[17.975s][debug][gc,age       ] GC(223) Desired survivor size 15368192 bytes, new threshold 6 (max threshold 6)
[17.975s][info ][gc,heap      ] GC(223) ParNew: 241091K->532K(270336K)
[17.975s][info ][gc,heap      ] GC(223) CMS: 230862K->231054K(600768K)
[17.975s][info ][gc,metaspace ] GC(223) Metaspace: 47812K->47812K(1093632K)
[17.975s][info ][gc           ] GC(223) Pause Young (Allocation Failure) 460M->226M(850M) 2.101ms
[17.975s][info ][gc,cpu       ] GC(223) User=0.01s Sys=0.00s Real=0.00s
[17.975s][info ][safepoint    ] Leaving safepoint region
[17.975s][info ][safepoint    ] Total time for which application threads were stopped: 0.0025431 seconds, Stopping threads took: 0.0002648 seconds
[18.027s][info ][safepoint    ] Application time: 0.0514273 seconds
[18.027s][info ][safepoint    ] Entering safepoint region: GenCollectForAllocation
[18.027s][info ][gc,start     ] GC(224) Pause Young (Allocation Failure)
[18.027s][info ][gc,task      ] GC(224) Using 4 workers of 4 for evacuation
[18.029s][debug][gc,ref       ] GC(224) Skipped phase1 of Reference Processing due to unavailable references
[18.029s][debug][gc,ref       ] GC(224) Skipped phase2 of Reference Processing due to unavailable references
[18.029s][debug][gc,ref       ] GC(224) Skipped phase3 of Reference Processing due to unavailable references
[18.029s][debug][gc,ref       ] GC(224) Skipped phase4 of Reference Processing due to unavailable references
[18.029s][debug][gc,age       ] GC(224) Desired survivor size 15368192 bytes, new threshold 6 (max threshold 6)
[18.029s][info ][gc,heap      ] GC(224) ParNew: 240852K->618K(270336K)
[18.029s][info ][gc,heap      ] GC(224) CMS: 231054K->231086K(600768K)
[18.029s][info ][gc,metaspace ] GC(224) Metaspace: 47812K->47812K(1093632K)
[18.029s][info ][gc           ] GC(224) Pause Young (Allocation Failure) 460M->226M(850M) 1.881ms
[18.029s][info ][gc,cpu       ] GC(224) User=0.01s Sys=0.00s Real=0.00s
[18.029s][info ][safepoint    ] Leaving safepoint region
[18.029s][info ][safepoint    ] Total time for which application threads were stopped: 0.0021677 seconds, Stopping threads took: 0.0001167 seconds
[18.061s][info ][safepoint    ] Application time: 0.0326006 seconds
[18.062s][info ][safepoint    ] Entering safepoint region: GenCollectForAllocation
[18.062s][info ][gc,start     ] GC(225) Pause Young (Allocation Failure)
[18.062s][info ][gc,task      ] GC(225) Using 4 workers of 4 for evacuation
[18.063s][debug][gc,ref       ] GC(225) Skipped phase1 of Reference Processing due to unavailable references
[18.063s][debug][gc,ref       ] GC(225) Skipped phase2 of Reference Processing due to unavailable references
[18.063s][debug][gc,ref       ] GC(225) Skipped phase3 of Reference Processing due to unavailable references
[18.063s][debug][gc,ref       ] GC(225) Skipped phase4 of Reference Processing due to unavailable references
[18.064s][debug][gc,age       ] GC(225) Desired survivor size 15368192 bytes, new threshold 6 (max threshold 6)
[18.064s][info ][gc,heap      ] GC(225) ParNew: 240938K->588K(270336K)
[18.064s][info ][gc,heap      ] GC(225) CMS: 231086K->231152K(600768K)
[18.064s][info ][gc,metaspace ] GC(225) Metaspace: 47812K->47812K(1093632K)
[18.064s][info ][gc           ] GC(225) Pause Young (Allocation Failure) 460M->226M(850M) 1.818ms
[18.064s][info ][gc,cpu       ] GC(225) User=0.01s Sys=0.00s Real=0.00s
[18.064s][info ][safepoint    ] Leaving safepoint region
[18.064s][info ][safepoint    ] Total time for which application threads were stopped: 0.0021679 seconds, Stopping threads took: 0.0001586 seconds
[18.123s][info ][safepoint    ] Application time: 0.0594589 seconds
[18.123s][info ][safepoint    ] Entering safepoint region: GenCollectForAllocation
[18.123s][info ][gc,start     ] GC(226) Pause Young (Allocation Failure)
[18.123s][info ][gc,task      ] GC(226) Using 4 workers of 4 for evacuation
[18.125s][debug][gc,ref       ] GC(226) Skipped phase1 of Reference Processing due to unavailable references
[18.125s][debug][gc,ref       ] GC(226) Skipped phase2 of Reference Processing due to unavailable references
[18.125s][debug][gc,ref       ] GC(226) Skipped phase3 of Reference Processing due to unavailable references
[18.125s][debug][gc,ref       ] GC(226) Skipped phase4 of Reference Processing due to unavailable references
[18.125s][debug][gc,age       ] GC(226) Desired survivor size 15368192 bytes, new threshold 6 (max threshold 6)
[18.125s][info ][gc,heap      ] GC(226) ParNew: 240732K->674K(270336K)
[18.125s][info ][gc,heap      ] GC(226) CMS: 231152K->231192K(600768K)
[18.125s][info ][gc,metaspace ] GC(226) Metaspace: 47812K->47812K(1093632K)
[18.125s][info ][gc           ] GC(226) Pause Young (Allocation Failure) 460M->226M(850M) 1.830ms
[18.125s][info ][gc,cpu       ] GC(226) User=0.00s Sys=0.00s Real=0.00s
[18.125s][info ][safepoint    ] Leaving safepoint region
[18.125s][info ][safepoint    ] Total time for which application threads were stopped: 0.0021396 seconds, Stopping threads took: 0.0001408 seconds
[18.158s][info ][safepoint    ] Application time: 0.0330204 seconds
[18.158s][info ][safepoint    ] Entering safepoint region: GenCollectForAllocation
[18.159s][info ][gc,start     ] GC(227) Pause Young (Allocation Failure)
[18.159s][info ][gc,task      ] GC(227) Using 4 workers of 4 for evacuation
[18.160s][debug][gc,ref       ] GC(227) Skipped phase1 of Reference Processing due to unavailable references
[18.160s][debug][gc,ref       ] GC(227) Skipped phase2 of Reference Processing due to unavailable references
[18.160s][debug][gc,ref       ] GC(227) Skipped phase3 of Reference Processing due to unavailable references
[18.160s][debug][gc,ref       ] GC(227) Skipped phase4 of Reference Processing due to unavailable references
[18.160s][debug][gc,age       ] GC(227) Desired survivor size 15368192 bytes, new threshold 6 (max threshold 6)
[18.160s][info ][gc,heap      ] GC(227) ParNew: 240994K->612K(270336K)
[18.160s][info ][gc,heap      ] GC(227) CMS: 231192K->231240K(600768K)
[18.160s][info ][gc,metaspace ] GC(227) Metaspace: 47812K->47812K(1093632K)
[18.160s][info ][gc           ] GC(227) Pause Young (Allocation Failure) 461M->226M(850M) 1.819ms
[18.160s][info ][gc,cpu       ] GC(227) User=0.00s Sys=0.00s Real=0.00s
[18.160s][info ][safepoint    ] Leaving safepoint region
[18.160s][info ][safepoint    ] Total time for which application threads were stopped: 0.0021363 seconds, Stopping threads took: 0.0001436 seconds
[18.217s][info ][safepoint    ] Application time: 0.0561153 seconds
[18.217s][info ][safepoint    ] Entering safepoint region: GenCollectForAllocation
[18.217s][info ][gc,start     ] GC(228) Pause Young (Allocation Failure)
[18.217s][info ][gc,task      ] GC(228) Using 4 workers of 4 for evacuation
[18.219s][debug][gc,ref       ] GC(228) Skipped phase1 of Reference Processing due to unavailable references
[18.219s][debug][gc,ref       ] GC(228) Skipped phase2 of Reference Processing due to unavailable references
[18.219s][debug][gc,ref       ] GC(228) Skipped phase3 of Reference Processing due to unavailable references
[18.219s][debug][gc,ref       ] GC(228) Skipped phase4 of Reference Processing due to unavailable references
[18.219s][debug][gc,age       ] GC(228) Desired survivor size 15368192 bytes, new threshold 6 (max threshold 6)
[18.219s][info ][gc,heap      ] GC(228) ParNew: 240932K->638K(270336K)
[18.219s][info ][gc,heap      ] GC(228) CMS: 231240K->231296K(600768K)
[18.219s][info ][gc,metaspace ] GC(228) Metaspace: 47813K->47813K(1093632K)
[18.219s][info ][gc           ] GC(228) Pause Young (Allocation Failure) 461M->226M(850M) 1.863ms
[18.219s][info ][gc,cpu       ] GC(228) User=0.01s Sys=0.00s Real=0.01s
[18.219s][info ][safepoint    ] Leaving safepoint region
[18.219s][info ][safepoint    ] Total time for which application threads were stopped: 0.0022050 seconds, Stopping threads took: 0.0001710 seconds
[18.252s][info ][safepoint    ] Application time: 0.0331679 seconds
[18.252s][info ][safepoint    ] Entering safepoint region: GenCollectForAllocation
[18.252s][info ][gc,start     ] GC(229) Pause Young (Allocation Failure)
[18.252s][info ][gc,task      ] GC(229) Using 4 workers of 4 for evacuation
[18.254s][debug][gc,ref       ] GC(229) Skipped phase1 of Reference Processing due to unavailable references
[18.254s][debug][gc,ref       ] GC(229) Skipped phase2 of Reference Processing due to unavailable references
[18.254s][debug][gc,ref       ] GC(229) Skipped phase3 of Reference Processing due to unavailable references
[18.254s][debug][gc,ref       ] GC(229) Skipped phase4 of Reference Processing due to unavailable references
[18.254s][debug][gc,age       ] GC(229) Desired survivor size 15368192 bytes, new threshold 6 (max threshold 6)
[18.254s][info ][gc,heap      ] GC(229) ParNew: 240958K->583K(270336K)
[18.254s][info ][gc,heap      ] GC(229) CMS: 231296K->231344K(600768K)
[18.254s][info ][gc,metaspace ] GC(229) Metaspace: 47813K->47813K(1093632K)
[18.254s][info ][gc           ] GC(229) Pause Young (Allocation Failure) 461M->226M(850M) 1.920ms
[18.254s][info ][gc,cpu       ] GC(229) User=0.01s Sys=0.00s Real=0.00s
[18.254s][info ][safepoint    ] Leaving safepoint region
[18.254s][info ][safepoint    ] Total time for which application threads were stopped: 0.0022398 seconds, Stopping threads took: 0.0001427 seconds
[18.308s][info ][safepoint    ] Application time: 0.0538667 seconds
[18.308s][info ][safepoint    ] Entering safepoint region: GenCollectForAllocation
[18.308s][info ][gc,start     ] GC(230) Pause Young (Allocation Failure)
[18.308s][info ][gc,task      ] GC(230) Using 4 workers of 4 for evacuation
[18.310s][debug][gc,ref       ] GC(230) Skipped phase1 of Reference Processing due to unavailable references
[18.310s][debug][gc,ref       ] GC(230) Skipped phase2 of Reference Processing due to unavailable references
[18.310s][debug][gc,ref       ] GC(230) Skipped phase3 of Reference Processing due to unavailable references
[18.310s][debug][gc,ref       ] GC(230) Skipped phase4 of Reference Processing due to unavailable references
[18.310s][debug][gc,age       ] GC(230) Desired survivor size 15368192 bytes, new threshold 6 (max threshold 6)
[18.310s][info ][gc,heap      ] GC(230) ParNew: 240903K->700K(270336K)
[18.310s][info ][gc,heap      ] GC(230) CMS: 231344K->231400K(600768K)
[18.310s][info ][gc,metaspace ] GC(230) Metaspace: 47813K->47813K(1093632K)
[18.310s][info ][gc           ] GC(230) Pause Young (Allocation Failure) 461M->226M(850M) 1.926ms
[18.310s][info ][gc,cpu       ] GC(230) User=0.00s Sys=0.00s Real=0.00s
[18.310s][info ][safepoint    ] Leaving safepoint region
[18.310s][info ][safepoint    ] Total time for which application threads were stopped: 0.0022008 seconds, Stopping threads took: 0.0001103 seconds
[18.347s][info ][safepoint    ] Application time: 0.0366112 seconds
[18.347s][info ][safepoint    ] Entering safepoint region: GenCollectForAllocation
[18.347s][info ][gc,start     ] GC(231) Pause Young (Allocation Failure)
[18.347s][info ][gc,task      ] GC(231) Using 4 workers of 4 for evacuation
[18.349s][debug][gc,ref       ] GC(231) Skipped phase1 of Reference Processing due to unavailable references
[18.349s][debug][gc,ref       ] GC(231) Skipped phase2 of Reference Processing due to unavailable references
[18.349s][debug][gc,ref       ] GC(231) Skipped phase3 of Reference Processing due to unavailable references
[18.349s][debug][gc,ref       ] GC(231) Skipped phase4 of Reference Processing due to unavailable references
[18.349s][debug][gc,age       ] GC(231) Desired survivor size 15368192 bytes, new threshold 6 (max threshold 6)
[18.349s][info ][gc,heap      ] GC(231) ParNew: 241020K->500K(270336K)
[18.349s][info ][gc,heap      ] GC(231) CMS: 231400K->231443K(600768K)
[18.349s][info ][gc,metaspace ] GC(231) Metaspace: 47813K->47813K(1093632K)
[18.349s][info ][gc           ] GC(231) Pause Young (Allocation Failure) 461M->226M(850M) 1.916ms
[18.349s][info ][gc,cpu       ] GC(231) User=0.00s Sys=0.00s Real=0.00s
[18.349s][info ][safepoint    ] Leaving safepoint region
[18.349s][info ][safepoint    ] Total time for which application threads were stopped: 0.0022072 seconds, Stopping threads took: 0.0001129 seconds
[18.400s][info ][safepoint    ] Application time: 0.0510828 seconds
[18.400s][info ][safepoint    ] Entering safepoint region: GenCollectForAllocation
[18.401s][info ][gc,start     ] GC(232) Pause Young (Allocation Failure)
[18.401s][info ][gc,task      ] GC(232) Using 4 workers of 4 for evacuation
[18.402s][debug][gc,ref       ] GC(232) Skipped phase1 of Reference Processing due to unavailable references
[18.402s][debug][gc,ref       ] GC(232) Skipped phase2 of Reference Processing due to unavailable references
[18.402s][debug][gc,ref       ] GC(232) Skipped phase3 of Reference Processing due to unavailable references
[18.402s][debug][gc,ref       ] GC(232) Skipped phase4 of Reference Processing due to unavailable references
[18.402s][debug][gc,age       ] GC(232) Desired survivor size 15368192 bytes, new threshold 6 (max threshold 6)
[18.402s][info ][gc,heap      ] GC(232) ParNew: 240820K->560K(270336K)
[18.402s][info ][gc,heap      ] GC(232) CMS: 231443K->231512K(600768K)
[18.402s][info ][gc,metaspace ] GC(232) Metaspace: 47813K->47813K(1093632K)
[18.402s][info ][gc           ] GC(232) Pause Young (Allocation Failure) 461M->226M(850M) 1.944ms
[18.403s][info ][gc,cpu       ] GC(232) User=0.00s Sys=0.00s Real=0.00s
[18.403s][info ][safepoint    ] Leaving safepoint region
[18.403s][info ][safepoint    ] Total time for which application threads were stopped: 0.0022261 seconds, Stopping threads took: 0.0001216 seconds
[18.442s][info ][safepoint    ] Application time: 0.0399521 seconds
[18.443s][info ][safepoint    ] Entering safepoint region: GenCollectForAllocation
[18.443s][info ][gc,start     ] GC(233) Pause Young (Allocation Failure)
[18.443s][info ][gc,task      ] GC(233) Using 4 workers of 4 for evacuation
[18.444s][debug][gc,ref       ] GC(233) Skipped phase1 of Reference Processing due to unavailable references
[18.444s][debug][gc,ref       ] GC(233) Skipped phase2 of Reference Processing due to unavailable references
[18.444s][debug][gc,ref       ] GC(233) Skipped phase3 of Reference Processing due to unavailable references
[18.444s][debug][gc,ref       ] GC(233) Skipped phase4 of Reference Processing due to unavailable references
[18.444s][debug][gc,age       ] GC(233) Desired survivor size 15368192 bytes, new threshold 6 (max threshold 6)
[18.445s][info ][gc,heap      ] GC(233) ParNew: 240880K->677K(270336K)
[18.445s][info ][gc,heap      ] GC(233) CMS: 231512K->231550K(600768K)
[18.445s][info ][gc,metaspace ] GC(233) Metaspace: 47813K->47813K(1093632K)
[18.445s][info ][gc           ] GC(233) Pause Young (Allocation Failure) 461M->226M(850M) 1.774ms
[18.445s][info ][gc,cpu       ] GC(233) User=0.00s Sys=0.00s Real=0.00s
[18.445s][info ][safepoint    ] Leaving safepoint region
[18.445s][info ][safepoint    ] Total time for which application threads were stopped: 0.0020531 seconds, Stopping threads took: 0.0001241 seconds
[18.494s][info ][safepoint    ] Application time: 0.0489423 seconds
[18.494s][info ][safepoint    ] Entering safepoint region: GenCollectForAllocation
[18.494s][info ][gc,start     ] GC(234) Pause Young (Allocation Failure)
[18.494s][info ][gc,task      ] GC(234) Using 4 workers of 4 for evacuation
[18.496s][debug][gc,ref       ] GC(234) Skipped phase1 of Reference Processing due to unavailable references
[18.496s][debug][gc,ref       ] GC(234) Skipped phase2 of Reference Processing due to unavailable references
[18.496s][debug][gc,ref       ] GC(234) Skipped phase3 of Reference Processing due to unavailable references
[18.496s][debug][gc,ref       ] GC(234) Skipped phase4 of Reference Processing due to unavailable references
[18.496s][debug][gc,age       ] GC(234) Desired survivor size 15368192 bytes, new threshold 6 (max threshold 6)
[18.496s][info ][gc,heap      ] GC(234) ParNew: 240997K->714K(270336K)
[18.496s][info ][gc,heap      ] GC(234) CMS: 231550K->231621K(600768K)
[18.496s][info ][gc,metaspace ] GC(234) Metaspace: 47813K->47813K(1093632K)
[18.496s][info ][gc           ] GC(234) Pause Young (Allocation Failure) 461M->226M(850M) 2.371ms
[18.496s][info ][gc,cpu       ] GC(234) User=0.01s Sys=0.00s Real=0.00s
[18.496s][info ][safepoint    ] Leaving safepoint region
[18.496s][info ][safepoint    ] Total time for which application threads were stopped: 0.0028497 seconds, Stopping threads took: 0.0001767 seconds
[18.547s][info ][safepoint    ] Application time: 0.0506314 seconds
[18.547s][info ][safepoint    ] Entering safepoint region: GenCollectForAllocation
[18.547s][info ][gc,start     ] GC(235) Pause Young (Allocation Failure)
[18.547s][info ][gc,task      ] GC(235) Using 4 workers of 4 for evacuation
[18.549s][debug][gc,ref       ] GC(235) Skipped phase1 of Reference Processing due to unavailable references
[18.549s][debug][gc,ref       ] GC(235) Skipped phase2 of Reference Processing due to unavailable references
[18.549s][debug][gc,ref       ] GC(235) Skipped phase3 of Reference Processing due to unavailable references
[18.549s][debug][gc,ref       ] GC(235) Skipped phase4 of Reference Processing due to unavailable references
[18.549s][debug][gc,age       ] GC(235) Desired survivor size 15368192 bytes, new threshold 6 (max threshold 6)
[18.549s][info ][gc,heap      ] GC(235) ParNew: 241034K->567K(270336K)
[18.549s][info ][gc,heap      ] GC(235) CMS: 231621K->231660K(600768K)
[18.549s][info ][gc,metaspace ] GC(235) Metaspace: 47813K->47813K(1093632K)
[18.549s][info ][gc           ] GC(235) Pause Young (Allocation Failure) 461M->226M(850M) 1.983ms
[18.549s][info ][gc,cpu       ] GC(235) User=0.01s Sys=0.00s Real=0.00s
[18.549s][info ][safepoint    ] Leaving safepoint region
[18.549s][info ][safepoint    ] Total time for which application threads were stopped: 0.0023472 seconds, Stopping threads took: 0.0001883 seconds
[18.589s][info ][safepoint    ] Application time: 0.0390741 seconds
[18.589s][info ][safepoint    ] Entering safepoint region: GenCollectForAllocation
[18.589s][info ][gc,start     ] GC(236) Pause Young (Allocation Failure)
[18.589s][info ][gc,task      ] GC(236) Using 4 workers of 4 for evacuation
[18.591s][debug][gc,ref       ] GC(236) Skipped phase1 of Reference Processing due to unavailable references
[18.591s][debug][gc,ref       ] GC(236) Skipped phase2 of Reference Processing due to unavailable references
[18.591s][debug][gc,ref       ] GC(236) Skipped phase3 of Reference Processing due to unavailable references
[18.591s][debug][gc,ref       ] GC(236) Skipped phase4 of Reference Processing due to unavailable references
[18.591s][debug][gc,age       ] GC(236) Desired survivor size 15368192 bytes, new threshold 6 (max threshold 6)
[18.591s][info ][gc,heap      ] GC(236) ParNew: 240887K->580K(270336K)
[18.591s][info ][gc,heap      ] GC(236) CMS: 231660K->231726K(600768K)
[18.591s][info ][gc,metaspace ] GC(236) Metaspace: 47813K->47813K(1093632K)
[18.591s][info ][gc           ] GC(236) Pause Young (Allocation Failure) 461M->226M(850M) 2.039ms
[18.591s][info ][gc,cpu       ] GC(236) User=0.01s Sys=0.00s Real=0.01s
[18.591s][info ][safepoint    ] Leaving safepoint region
[18.591s][info ][safepoint    ] Total time for which application threads were stopped: 0.0023908 seconds, Stopping threads took: 0.0001839 seconds
[18.643s][info ][safepoint    ] Application time: 0.0519891 seconds
[18.643s][info ][safepoint    ] Entering safepoint region: GenCollectForAllocation
[18.643s][info ][gc,start     ] GC(237) Pause Young (Allocation Failure)
[18.643s][info ][gc,task      ] GC(237) Using 4 workers of 4 for evacuation
[18.645s][debug][gc,ref       ] GC(237) Skipped phase1 of Reference Processing due to unavailable references
[18.645s][debug][gc,ref       ] GC(237) Skipped phase2 of Reference Processing due to unavailable references
[18.645s][debug][gc,ref       ] GC(237) Skipped phase3 of Reference Processing due to unavailable references
[18.645s][debug][gc,ref       ] GC(237) Skipped phase4 of Reference Processing due to unavailable references
[18.645s][debug][gc,age       ] GC(237) Desired survivor size 15368192 bytes, new threshold 6 (max threshold 6)
[18.645s][info ][gc,heap      ] GC(237) ParNew: 240900K->759K(270336K)
[18.645s][info ][gc,heap      ] GC(237) CMS: 231726K->231769K(600768K)
[18.645s][info ][gc,metaspace ] GC(237) Metaspace: 47813K->47813K(1093632K)
[18.645s][info ][gc           ] GC(237) Pause Young (Allocation Failure) 461M->227M(850M) 1.958ms
[18.645s][info ][gc,cpu       ] GC(237) User=0.00s Sys=0.00s Real=0.00s
[18.645s][info ][safepoint    ] Leaving safepoint region
[18.645s][info ][safepoint    ] Total time for which application threads were stopped: 0.0022133 seconds, Stopping threads took: 0.0000891 seconds
[18.697s][info ][safepoint    ] Application time: 0.0519713 seconds
[18.697s][info ][safepoint    ] Entering safepoint region: GenCollectForAllocation
[18.697s][info ][gc,start     ] GC(238) Pause Young (Allocation Failure)
[18.697s][info ][gc,task      ] GC(238) Using 4 workers of 4 for evacuation
[18.699s][debug][gc,ref       ] GC(238) Skipped phase1 of Reference Processing due to unavailable references
[18.699s][debug][gc,ref       ] GC(238) Skipped phase2 of Reference Processing due to unavailable references
[18.699s][debug][gc,ref       ] GC(238) Skipped phase3 of Reference Processing due to unavailable references
[18.699s][debug][gc,ref       ] GC(238) Skipped phase4 of Reference Processing due to unavailable references
[18.699s][debug][gc,age       ] GC(238) Desired survivor size 15368192 bytes, new threshold 6 (max threshold 6)
[18.699s][info ][gc,heap      ] GC(238) ParNew: 241079K->818K(270336K)
[18.699s][info ][gc,heap      ] GC(238) CMS: 231769K->231832K(600768K)
[18.699s][info ][gc,metaspace ] GC(238) Metaspace: 47813K->47813K(1093632K)
[18.699s][info ][gc           ] GC(238) Pause Young (Allocation Failure) 461M->227M(850M) 1.930ms
[18.699s][info ][gc,cpu       ] GC(238) User=0.01s Sys=0.00s Real=0.01s
[18.699s][info ][safepoint    ] Leaving safepoint region
[18.699s][info ][safepoint    ] Total time for which application threads were stopped: 0.0022336 seconds, Stopping threads took: 0.0001494 seconds
[18.748s][info ][safepoint    ] Application time: 0.0485094 seconds
[18.748s][info ][safepoint    ] Entering safepoint region: GenCollectForAllocation
[18.748s][info ][gc,start     ] GC(239) Pause Young (Allocation Failure)
[18.748s][info ][gc,task      ] GC(239) Using 4 workers of 4 for evacuation
[18.750s][debug][gc,ref       ] GC(239) Skipped phase1 of Reference Processing due to unavailable references
[18.750s][debug][gc,ref       ] GC(239) Skipped phase2 of Reference Processing due to unavailable references
[18.750s][debug][gc,ref       ] GC(239) Skipped phase3 of Reference Processing due to unavailable references
[18.750s][debug][gc,ref       ] GC(239) Skipped phase4 of Reference Processing due to unavailable references
[18.751s][debug][gc,age       ] GC(239) Desired survivor size 15368192 bytes, new threshold 6 (max threshold 6)
[18.751s][info ][gc,heap      ] GC(239) ParNew: 241138K->608K(270336K)
[18.751s][info ][gc,heap      ] GC(239) CMS: 231832K->231889K(600768K)
[18.751s][info ][gc,metaspace ] GC(239) Metaspace: 47816K->47816K(1093632K)
[18.751s][info ][gc           ] GC(239) Pause Young (Allocation Failure) 461M->227M(850M) 2.351ms
[18.751s][info ][gc,cpu       ] GC(239) User=0.01s Sys=0.00s Real=0.01s
[18.751s][info ][safepoint    ] Leaving safepoint region
[18.751s][info ][safepoint    ] Total time for which application threads were stopped: 0.0026525 seconds, Stopping threads took: 0.0001374 seconds
[18.795s][info ][safepoint    ] Application time: 0.0443344 seconds
[18.795s][info ][safepoint    ] Entering safepoint region: GenCollectForAllocation
[18.795s][info ][gc,start     ] GC(240) Pause Young (Allocation Failure)
[18.795s][info ][gc,task      ] GC(240) Using 4 workers of 4 for evacuation
[18.797s][debug][gc,ref       ] GC(240) Skipped phase1 of Reference Processing due to unavailable references
[18.797s][debug][gc,ref       ] GC(240) Skipped phase2 of Reference Processing due to unavailable references
[18.797s][debug][gc,ref       ] GC(240) Skipped phase3 of Reference Processing due to unavailable references
[18.797s][debug][gc,ref       ] GC(240) Skipped phase4 of Reference Processing due to unavailable references
[18.797s][debug][gc,age       ] GC(240) Desired survivor size 15368192 bytes, new threshold 6 (max threshold 6)
[18.797s][info ][gc,heap      ] GC(240) ParNew: 240928K->753K(270336K)
[18.797s][info ][gc,heap      ] GC(240) CMS: 231889K->231948K(600768K)
[18.797s][info ][gc,metaspace ] GC(240) Metaspace: 47816K->47816K(1093632K)
[18.797s][info ][gc           ] GC(240) Pause Young (Allocation Failure) 461M->227M(850M) 2.015ms
[18.797s][info ][gc,cpu       ] GC(240) User=0.00s Sys=0.00s Real=0.00s
[18.797s][info ][safepoint    ] Leaving safepoint region
[18.797s][info ][safepoint    ] Total time for which application threads were stopped: 0.0023191 seconds, Stopping threads took: 0.0001123 seconds
[18.846s][info ][safepoint    ] Application time: 0.0488625 seconds
[18.846s][info ][safepoint    ] Entering safepoint region: GenCollectForAllocation
[18.847s][info ][gc,start     ] GC(241) Pause Young (Allocation Failure)
[18.847s][info ][gc,task      ] GC(241) Using 4 workers of 4 for evacuation
[18.849s][debug][gc,ref       ] GC(241) Skipped phase1 of Reference Processing due to unavailable references
[18.849s][debug][gc,ref       ] GC(241) Skipped phase2 of Reference Processing due to unavailable references
[18.849s][debug][gc,ref       ] GC(241) Skipped phase3 of Reference Processing due to unavailable references
[18.849s][debug][gc,ref       ] GC(241) Skipped phase4 of Reference Processing due to unavailable references
[18.849s][debug][gc,age       ] GC(241) Desired survivor size 15368192 bytes, new threshold 6 (max threshold 6)
[18.849s][info ][gc,heap      ] GC(241) ParNew: 241073K->773K(270336K)
[18.849s][info ][gc,heap      ] GC(241) CMS: 231948K->232028K(600768K)
[18.849s][info ][gc,metaspace ] GC(241) Metaspace: 47816K->47816K(1093632K)
[18.849s][info ][gc           ] GC(241) Pause Young (Allocation Failure) 461M->227M(850M) 2.755ms
[18.849s][info ][gc,cpu       ] GC(241) User=0.01s Sys=0.00s Real=0.00s
[18.849s][info ][safepoint    ] Leaving safepoint region
[18.849s][info ][safepoint    ] Total time for which application threads were stopped: 0.0031180 seconds, Stopping threads took: 0.0001951 seconds
[18.893s][info ][safepoint    ] Application time: 0.0433245 seconds
[18.893s][info ][safepoint    ] Entering safepoint region: GenCollectForAllocation
[18.893s][info ][gc,start     ] GC(242) Pause Young (Allocation Failure)
[18.893s][info ][gc,task      ] GC(242) Using 4 workers of 4 for evacuation
[18.895s][debug][gc,ref       ] GC(242) Skipped phase1 of Reference Processing due to unavailable references
[18.895s][debug][gc,ref       ] GC(242) Skipped phase2 of Reference Processing due to unavailable references
[18.895s][debug][gc,ref       ] GC(242) Skipped phase3 of Reference Processing due to unavailable references
[18.895s][debug][gc,ref       ] GC(242) Skipped phase4 of Reference Processing due to unavailable references
[18.895s][debug][gc,age       ] GC(242) Desired survivor size 15368192 bytes, new threshold 6 (max threshold 6)
[18.895s][info ][gc,heap      ] GC(242) ParNew: 241093K->891K(270336K)
[18.895s][info ][gc,heap      ] GC(242) CMS: 232028K->232091K(600768K)
[18.895s][info ][gc,metaspace ] GC(242) Metaspace: 47816K->47816K(1093632K)
[18.895s][info ][gc           ] GC(242) Pause Young (Allocation Failure) 462M->227M(850M) 2.113ms
[18.895s][info ][gc,cpu       ] GC(242) User=0.01s Sys=0.00s Real=0.00s
[18.895s][info ][safepoint    ] Leaving safepoint region
[18.895s][info ][safepoint    ] Total time for which application threads were stopped: 0.0024731 seconds, Stopping threads took: 0.0001657 seconds
[18.945s][info ][safepoint    ] Application time: 0.0500098 seconds
[18.945s][info ][safepoint    ] Entering safepoint region: GenCollectForAllocation
[18.945s][info ][gc,start     ] GC(243) Pause Young (Allocation Failure)
[18.945s][info ][gc,task      ] GC(243) Using 4 workers of 4 for evacuation
[18.947s][debug][gc,ref       ] GC(243) Skipped phase1 of Reference Processing due to unavailable references
[18.947s][debug][gc,ref       ] GC(243) Skipped phase2 of Reference Processing due to unavailable references
[18.947s][debug][gc,ref       ] GC(243) Skipped phase3 of Reference Processing due to unavailable references
[18.947s][debug][gc,ref       ] GC(243) Skipped phase4 of Reference Processing due to unavailable references
[18.947s][debug][gc,age       ] GC(243) Desired survivor size 15368192 bytes, new threshold 6 (max threshold 6)
[18.948s][info ][gc,heap      ] GC(243) ParNew: 241211K->654K(270336K)
[18.948s][info ][gc,heap      ] GC(243) CMS: 232091K->232170K(600768K)
[18.948s][info ][gc,metaspace ] GC(243) Metaspace: 47816K->47816K(1093632K)
[18.948s][info ][gc           ] GC(243) Pause Young (Allocation Failure) 462M->227M(850M) 2.084ms
[18.948s][info ][gc,cpu       ] GC(243) User=0.00s Sys=0.00s Real=0.00s
[18.948s][info ][safepoint    ] Leaving safepoint region
[18.948s][info ][safepoint    ] Total time for which application threads were stopped: 0.0023766 seconds, Stopping threads took: 0.0001098 seconds
[18.998s][info ][safepoint    ] Application time: 0.0499308 seconds
[18.998s][info ][safepoint    ] Entering safepoint region: GenCollectForAllocation
[18.998s][info ][gc,start     ] GC(244) Pause Young (Allocation Failure)
[18.998s][info ][gc,task      ] GC(244) Using 4 workers of 4 for evacuation
[19.000s][debug][gc,ref       ] GC(244) Skipped phase1 of Reference Processing due to unavailable references
[19.000s][debug][gc,ref       ] GC(244) Skipped phase2 of Reference Processing due to unavailable references
[19.000s][debug][gc,ref       ] GC(244) Skipped phase3 of Reference Processing due to unavailable references
[19.000s][debug][gc,ref       ] GC(244) Skipped phase4 of Reference Processing due to unavailable references
[19.000s][debug][gc,age       ] GC(244) Desired survivor size 15368192 bytes, new threshold 6 (max threshold 6)
[19.000s][info ][gc,heap      ] GC(244) ParNew: 240974K->828K(270336K)
[19.000s][info ][gc,heap      ] GC(244) CMS: 232170K->232257K(600768K)
[19.000s][info ][gc,metaspace ] GC(244) Metaspace: 47816K->47816K(1093632K)
[19.000s][info ][gc           ] GC(244) Pause Young (Allocation Failure) 462M->227M(850M) 2.256ms
[19.000s][info ][gc,cpu       ] GC(244) User=0.01s Sys=0.00s Real=0.01s
[19.000s][info ][safepoint    ] Leaving safepoint region
[19.000s][info ][safepoint    ] Total time for which application threads were stopped: 0.0025883 seconds, Stopping threads took: 0.0001148 seconds
[19.052s][info ][safepoint    ] Application time: 0.0513703 seconds
[19.052s][info ][safepoint    ] Entering safepoint region: GenCollectForAllocation
[19.052s][info ][gc,start     ] GC(245) Pause Young (Allocation Failure)
[19.052s][info ][gc,task      ] GC(245) Using 4 workers of 4 for evacuation
[19.055s][debug][gc,ref       ] GC(245) Skipped phase1 of Reference Processing due to unavailable references
[19.055s][debug][gc,ref       ] GC(245) Skipped phase2 of Reference Processing due to unavailable references
[19.055s][debug][gc,ref       ] GC(245) Skipped phase3 of Reference Processing due to unavailable references
[19.055s][debug][gc,ref       ] GC(245) Skipped phase4 of Reference Processing due to unavailable references
[19.055s][debug][gc,age       ] GC(245) Desired survivor size 15368192 bytes, new threshold 6 (max threshold 6)
[19.055s][info ][gc,heap      ] GC(245) ParNew: 241148K->771K(270336K)
[19.055s][info ][gc,heap      ] GC(245) CMS: 232257K->232338K(600768K)
[19.055s][info ][gc,metaspace ] GC(245) Metaspace: 47816K->47816K(1093632K)
[19.055s][info ][gc           ] GC(245) Pause Young (Allocation Failure) 462M->227M(850M) 2.995ms
[19.055s][info ][gc,cpu       ] GC(245) User=0.01s Sys=0.00s Real=0.00s
[19.055s][info ][safepoint    ] Leaving safepoint region
[19.055s][info ][safepoint    ] Total time for which application threads were stopped: 0.0033644 seconds, Stopping threads took: 0.0001893 seconds
[19.105s][info ][safepoint    ] Application time: 0.0496592 seconds
[19.105s][info ][safepoint    ] Entering safepoint region: GenCollectForAllocation
[19.105s][info ][gc,start     ] GC(246) Pause Young (Allocation Failure)
[19.105s][info ][gc,task      ] GC(246) Using 4 workers of 4 for evacuation
[19.107s][debug][gc,ref       ] GC(246) Skipped phase1 of Reference Processing due to unavailable references
[19.107s][debug][gc,ref       ] GC(246) Skipped phase2 of Reference Processing due to unavailable references
[19.107s][debug][gc,ref       ] GC(246) Skipped phase3 of Reference Processing due to unavailable references
[19.107s][debug][gc,ref       ] GC(246) Skipped phase4 of Reference Processing due to unavailable references
[19.107s][debug][gc,age       ] GC(246) Desired survivor size 15368192 bytes, new threshold 6 (max threshold 6)
[19.107s][info ][gc,heap      ] GC(246) ParNew: 241091K->809K(270336K)
[19.107s][info ][gc,heap      ] GC(246) CMS: 232338K->232402K(600768K)
[19.107s][info ][gc,metaspace ] GC(246) Metaspace: 47816K->47816K(1093632K)
[19.107s][info ][gc           ] GC(246) Pause Young (Allocation Failure) 462M->227M(850M) 2.357ms
[19.107s][info ][gc,cpu       ] GC(246) User=0.01s Sys=0.00s Real=0.00s
[19.107s][info ][safepoint    ] Leaving safepoint region
[19.107s][info ][safepoint    ] Total time for which application threads were stopped: 0.0026949 seconds, Stopping threads took: 0.0001621 seconds
[19.157s][info ][safepoint    ] Application time: 0.0493687 seconds
[19.157s][info ][safepoint    ] Entering safepoint region: GenCollectForAllocation
[19.157s][info ][gc,start     ] GC(247) Pause Young (Allocation Failure)
[19.157s][info ][gc,task      ] GC(247) Using 4 workers of 4 for evacuation
[19.159s][debug][gc,ref       ] GC(247) Skipped phase1 of Reference Processing due to unavailable references
[19.159s][debug][gc,ref       ] GC(247) Skipped phase2 of Reference Processing due to unavailable references
[19.159s][debug][gc,ref       ] GC(247) Skipped phase3 of Reference Processing due to unavailable references
[19.159s][debug][gc,ref       ] GC(247) Skipped phase4 of Reference Processing due to unavailable references
[19.159s][debug][gc,age       ] GC(247) Desired survivor size 15368192 bytes, new threshold 6 (max threshold 6)
[19.159s][info ][gc,heap      ] GC(247) ParNew: 241129K->806K(270336K)
[19.159s][info ][gc,heap      ] GC(247) CMS: 232402K->232477K(600768K)
[19.159s][info ][gc,metaspace ] GC(247) Metaspace: 47820K->47820K(1093632K)
[19.159s][info ][gc           ] GC(247) Pause Young (Allocation Failure) 462M->227M(850M) 2.085ms
[19.159s][info ][gc,cpu       ] GC(247) User=0.01s Sys=0.00s Real=0.01s
[19.159s][info ][safepoint    ] Leaving safepoint region
[19.159s][info ][safepoint    ] Total time for which application threads were stopped: 0.0023516 seconds, Stopping threads took: 0.0001182 seconds
[19.209s][info ][safepoint    ] Application time: 0.0495909 seconds
[19.209s][info ][safepoint    ] Entering safepoint region: GenCollectForAllocation
[19.209s][info ][gc,start     ] GC(248) Pause Young (Allocation Failure)
[19.209s][info ][gc,task      ] GC(248) Using 4 workers of 4 for evacuation
[19.211s][debug][gc,ref       ] GC(248) Skipped phase1 of Reference Processing due to unavailable references
[19.211s][debug][gc,ref       ] GC(248) Skipped phase2 of Reference Processing due to unavailable references
[19.211s][debug][gc,ref       ] GC(248) Skipped phase3 of Reference Processing due to unavailable references
[19.211s][debug][gc,ref       ] GC(248) Skipped phase4 of Reference Processing due to unavailable references
[19.211s][debug][gc,age       ] GC(248) Desired survivor size 15368192 bytes, new threshold 6 (max threshold 6)
[19.211s][info ][gc,heap      ] GC(248) ParNew: 241126K->815K(270336K)
[19.211s][info ][gc,heap      ] GC(248) CMS: 232477K->232538K(600768K)
[19.211s][info ][gc,metaspace ] GC(248) Metaspace: 47820K->47820K(1093632K)
[19.211s][info ][gc           ] GC(248) Pause Young (Allocation Failure) 462M->227M(850M) 2.281ms
[19.211s][info ][gc,cpu       ] GC(248) User=0.01s Sys=0.00s Real=0.01s
[19.211s][info ][safepoint    ] Leaving safepoint region
[19.211s][info ][safepoint    ] Total time for which application threads were stopped: 0.0025983 seconds, Stopping threads took: 0.0001189 seconds
[19.259s][info ][safepoint    ] Application time: 0.0477954 seconds
[19.259s][info ][safepoint    ] Entering safepoint region: GenCollectForAllocation
[19.259s][info ][gc,start     ] GC(249) Pause Young (Allocation Failure)
[19.259s][info ][gc,task      ] GC(249) Using 4 workers of 4 for evacuation
[19.262s][debug][gc,ref       ] GC(249) Skipped phase1 of Reference Processing due to unavailable references
[19.262s][debug][gc,ref       ] GC(249) Skipped phase2 of Reference Processing due to unavailable references
[19.262s][debug][gc,ref       ] GC(249) Skipped phase3 of Reference Processing due to unavailable references
[19.262s][debug][gc,ref       ] GC(249) Skipped phase4 of Reference Processing due to unavailable references
[19.262s][debug][gc,age       ] GC(249) Desired survivor size 15368192 bytes, new threshold 6 (max threshold 6)
[19.262s][info ][gc,heap      ] GC(249) ParNew: 241135K->967K(270336K)
[19.262s][info ][gc,heap      ] GC(249) CMS: 232538K->232625K(600768K)
[19.262s][info ][gc,metaspace ] GC(249) Metaspace: 47820K->47820K(1093632K)
[19.262s][info ][gc           ] GC(249) Pause Young (Allocation Failure) 462M->228M(850M) 2.292ms
[19.262s][info ][gc,cpu       ] GC(249) User=0.00s Sys=0.00s Real=0.00s
[19.262s][info ][safepoint    ] Leaving safepoint region
[19.262s][info ][safepoint    ] Total time for which application threads were stopped: 0.0026912 seconds, Stopping threads took: 0.0001532 seconds
[19.314s][info ][safepoint    ] Application time: 0.0521154 seconds
[19.314s][info ][safepoint    ] Entering safepoint region: GenCollectForAllocation
[19.314s][info ][gc,start     ] GC(250) Pause Young (Allocation Failure)
[19.314s][info ][gc,task      ] GC(250) Using 4 workers of 4 for evacuation
[19.316s][debug][gc,ref       ] GC(250) Skipped phase1 of Reference Processing due to unavailable references
[19.316s][debug][gc,ref       ] GC(250) Skipped phase2 of Reference Processing due to unavailable references
[19.316s][debug][gc,ref       ] GC(250) Skipped phase3 of Reference Processing due to unavailable references
[19.316s][debug][gc,ref       ] GC(250) Skipped phase4 of Reference Processing due to unavailable references
[19.316s][debug][gc,age       ] GC(250) Desired survivor size 15368192 bytes, new threshold 6 (max threshold 6)
[19.316s][info ][gc,heap      ] GC(250) ParNew: 241287K->605K(270336K)
[19.316s][info ][gc,heap      ] GC(250) CMS: 232625K->232713K(600768K)
[19.316s][info ][gc,metaspace ] GC(250) Metaspace: 47820K->47820K(1093632K)
[19.316s][info ][gc           ] GC(250) Pause Young (Allocation Failure) 462M->227M(850M) 2.252ms
[19.316s][info ][gc,cpu       ] GC(250) User=0.00s Sys=0.00s Real=0.00s
[19.316s][info ][safepoint    ] Leaving safepoint region
[19.316s][info ][safepoint    ] Total time for which application threads were stopped: 0.0025198 seconds, Stopping threads took: 0.0001095 seconds
[19.366s][info ][safepoint    ] Application time: 0.0492661 seconds
[19.366s][info ][safepoint    ] Entering safepoint region: GenCollectForAllocation
[19.366s][info ][gc,start     ] GC(251) Pause Young (Allocation Failure)
[19.366s][info ][gc,task      ] GC(251) Using 4 workers of 4 for evacuation
[19.368s][debug][gc,ref       ] GC(251) Skipped phase1 of Reference Processing due to unavailable references
[19.368s][debug][gc,ref       ] GC(251) Skipped phase2 of Reference Processing due to unavailable references
[19.368s][debug][gc,ref       ] GC(251) Skipped phase3 of Reference Processing due to unavailable references
[19.368s][debug][gc,ref       ] GC(251) Skipped phase4 of Reference Processing due to unavailable references
[19.368s][debug][gc,age       ] GC(251) Desired survivor size 15368192 bytes, new threshold 6 (max threshold 6)
[19.368s][info ][gc,heap      ] GC(251) ParNew: 240925K->876K(270336K)
[19.368s][info ][gc,heap      ] GC(251) CMS: 232713K->232801K(600768K)
[19.368s][info ][gc,metaspace ] GC(251) Metaspace: 47820K->47820K(1093632K)
[19.368s][info ][gc           ] GC(251) Pause Young (Allocation Failure) 462M->228M(850M) 2.106ms
[19.368s][info ][gc,cpu       ] GC(251) User=0.01s Sys=0.00s Real=0.00s
[19.368s][info ][safepoint    ] Leaving safepoint region
[19.368s][info ][safepoint    ] Total time for which application threads were stopped: 0.0024334 seconds, Stopping threads took: 0.0001585 seconds
[19.420s][info ][safepoint    ] Application time: 0.0518748 seconds
[19.420s][info ][safepoint    ] Entering safepoint region: GenCollectForAllocation
[19.420s][info ][gc,start     ] GC(252) Pause Young (Allocation Failure)
[19.420s][info ][gc,task      ] GC(252) Using 4 workers of 4 for evacuation
[19.423s][debug][gc,ref       ] GC(252) Skipped phase1 of Reference Processing due to unavailable references
[19.423s][debug][gc,ref       ] GC(252) Skipped phase2 of Reference Processing due to unavailable references
[19.423s][debug][gc,ref       ] GC(252) Skipped phase3 of Reference Processing due to unavailable references
[19.423s][debug][gc,ref       ] GC(252) Skipped phase4 of Reference Processing due to unavailable references
[19.423s][debug][gc,age       ] GC(252) Desired survivor size 15368192 bytes, new threshold 6 (max threshold 6)
[19.423s][info ][gc,heap      ] GC(252) ParNew: 241196K->804K(270336K)
[19.423s][info ][gc,heap      ] GC(252) CMS: 232801K->232878K(600768K)
[19.423s][info ][gc,metaspace ] GC(252) Metaspace: 47820K->47820K(1093632K)
[19.423s][info ][gc           ] GC(252) Pause Young (Allocation Failure) 462M->228M(850M) 2.435ms
[19.423s][info ][gc,cpu       ] GC(252) User=0.00s Sys=0.00s Real=0.00s
[19.423s][info ][safepoint    ] Leaving safepoint region
[19.423s][info ][safepoint    ] Total time for which application threads were stopped: 0.0026656 seconds, Stopping threads took: 0.0000730 seconds
[19.479s][info ][safepoint    ] Application time: 0.0560268 seconds
[19.479s][info ][safepoint    ] Entering safepoint region: GenCollectForAllocation
[19.480s][info ][gc,start     ] GC(253) Pause Young (Allocation Failure)
[19.480s][info ][gc,task      ] GC(253) Using 4 workers of 4 for evacuation
[19.482s][debug][gc,ref       ] GC(253) Skipped phase1 of Reference Processing due to unavailable references
[19.482s][debug][gc,ref       ] GC(253) Skipped phase2 of Reference Processing due to unavailable references
[19.482s][debug][gc,ref       ] GC(253) Skipped phase3 of Reference Processing due to unavailable references
[19.482s][debug][gc,ref       ] GC(253) Skipped phase4 of Reference Processing due to unavailable references
[19.483s][debug][gc,age       ] GC(253) Desired survivor size 15368192 bytes, new threshold 6 (max threshold 6)
[19.483s][info ][gc,heap      ] GC(253) ParNew: 241124K->999K(270336K)
[19.483s][info ][gc,heap      ] GC(253) CMS: 232878K->232959K(600768K)
[19.483s][info ][gc,metaspace ] GC(253) Metaspace: 47820K->47820K(1093632K)
[19.483s][info ][gc           ] GC(253) Pause Young (Allocation Failure) 462M->228M(850M) 3.087ms
[19.483s][info ][gc,cpu       ] GC(253) User=0.01s Sys=0.00s Real=0.00s
[19.483s][info ][safepoint    ] Leaving safepoint region
[19.483s][info ][safepoint    ] Total time for which application threads were stopped: 0.0038218 seconds, Stopping threads took: 0.0001432 seconds
[19.534s][info ][safepoint    ] Application time: 0.0511481 seconds
[19.534s][info ][safepoint    ] Entering safepoint region: GenCollectForAllocation
[19.534s][info ][gc,start     ] GC(254) Pause Young (Allocation Failure)
[19.534s][info ][gc,task      ] GC(254) Using 4 workers of 4 for evacuation
[19.536s][debug][gc,ref       ] GC(254) Skipped phase1 of Reference Processing due to unavailable references
[19.536s][debug][gc,ref       ] GC(254) Skipped phase2 of Reference Processing due to unavailable references
[19.536s][debug][gc,ref       ] GC(254) Skipped phase3 of Reference Processing due to unavailable references
[19.536s][debug][gc,ref       ] GC(254) Skipped phase4 of Reference Processing due to unavailable references
[19.536s][debug][gc,age       ] GC(254) Desired survivor size 15368192 bytes, new threshold 6 (max threshold 6)
[19.536s][info ][gc,heap      ] GC(254) ParNew: 241319K->820K(270336K)
[19.536s][info ][gc,heap      ] GC(254) CMS: 232959K->233042K(600768K)
[19.536s][info ][gc,metaspace ] GC(254) Metaspace: 47820K->47820K(1093632K)
[19.536s][info ][gc           ] GC(254) Pause Young (Allocation Failure) 463M->228M(850M) 2.265ms
[19.536s][info ][gc,cpu       ] GC(254) User=0.01s Sys=0.00s Real=0.00s
[19.536s][info ][safepoint    ] Leaving safepoint region
[19.536s][info ][safepoint    ] Total time for which application threads were stopped: 0.0026383 seconds, Stopping threads took: 0.0002021 seconds
[19.592s][info ][safepoint    ] Application time: 0.0554431 seconds
[19.592s][info ][safepoint    ] Entering safepoint region: GenCollectForAllocation
[19.592s][info ][gc,start     ] GC(255) Pause Young (Allocation Failure)
[19.592s][info ][gc,task      ] GC(255) Using 4 workers of 4 for evacuation
[19.594s][debug][gc,ref       ] GC(255) Skipped phase1 of Reference Processing due to unavailable references
[19.594s][debug][gc,ref       ] GC(255) Skipped phase2 of Reference Processing due to unavailable references
[19.594s][debug][gc,ref       ] GC(255) Skipped phase3 of Reference Processing due to unavailable references
[19.594s][debug][gc,ref       ] GC(255) Skipped phase4 of Reference Processing due to unavailable references
[19.594s][debug][gc,age       ] GC(255) Desired survivor size 15368192 bytes, new threshold 6 (max threshold 6)
[19.594s][info ][gc,heap      ] GC(255) ParNew: 241140K->976K(270336K)
[19.594s][info ][gc,heap      ] GC(255) CMS: 233042K->233124K(600768K)
[19.594s][info ][gc,metaspace ] GC(255) Metaspace: 47820K->47820K(1093632K)
[19.595s][info ][gc           ] GC(255) Pause Young (Allocation Failure) 463M->228M(850M) 2.272ms
[19.595s][info ][gc,cpu       ] GC(255) User=0.01s Sys=0.00s Real=0.00s
[19.595s][info ][safepoint    ] Leaving safepoint region
[19.595s][info ][safepoint    ] Total time for which application threads were stopped: 0.0025550 seconds, Stopping threads took: 0.0001336 seconds
[19.648s][info ][safepoint    ] Application time: 0.0536551 seconds
[19.648s][info ][safepoint    ] Entering safepoint region: GenCollectForAllocation
[19.649s][info ][gc,start     ] GC(256) Pause Young (Allocation Failure)
[19.649s][info ][gc,task      ] GC(256) Using 4 workers of 4 for evacuation
[19.651s][debug][gc,ref       ] GC(256) Skipped phase1 of Reference Processing due to unavailable references
[19.651s][debug][gc,ref       ] GC(256) Skipped phase2 of Reference Processing due to unavailable references
[19.651s][debug][gc,ref       ] GC(256) Skipped phase3 of Reference Processing due to unavailable references
[19.651s][debug][gc,ref       ] GC(256) Skipped phase4 of Reference Processing due to unavailable references
[19.651s][debug][gc,age       ] GC(256) Desired survivor size 15368192 bytes, new threshold 6 (max threshold 6)
[19.651s][info ][gc,heap      ] GC(256) ParNew: 241296K->1090K(270336K)
[19.651s][info ][gc,heap      ] GC(256) CMS: 233124K->233220K(600768K)
[19.651s][info ][gc,metaspace ] GC(256) Metaspace: 47820K->47820K(1093632K)
[19.651s][info ][gc           ] GC(256) Pause Young (Allocation Failure) 463M->228M(850M) 2.587ms
[19.651s][info ][gc,cpu       ] GC(256) User=0.00s Sys=0.00s Real=0.01s
[19.651s][info ][safepoint    ] Leaving safepoint region
[19.651s][info ][safepoint    ] Total time for which application threads were stopped: 0.0029421 seconds, Stopping threads took: 0.0001696 seconds
[19.707s][info ][safepoint    ] Application time: 0.0557626 seconds
[19.707s][info ][safepoint    ] Entering safepoint region: GenCollectForAllocation
[19.707s][info ][gc,start     ] GC(257) Pause Young (Allocation Failure)
[19.707s][info ][gc,task      ] GC(257) Using 4 workers of 4 for evacuation
[19.709s][debug][gc,ref       ] GC(257) Skipped phase1 of Reference Processing due to unavailable references
[19.709s][debug][gc,ref       ] GC(257) Skipped phase2 of Reference Processing due to unavailable references
[19.709s][debug][gc,ref       ] GC(257) Skipped phase3 of Reference Processing due to unavailable references
[19.709s][debug][gc,ref       ] GC(257) Skipped phase4 of Reference Processing due to unavailable references
[19.709s][debug][gc,age       ] GC(257) Desired survivor size 15368192 bytes, new threshold 6 (max threshold 6)
[19.709s][info ][gc,heap      ] GC(257) ParNew: 241410K->1147K(270336K)
[19.709s][info ][gc,heap      ] GC(257) CMS: 233220K->233299K(600768K)
[19.709s][info ][gc,metaspace ] GC(257) Metaspace: 47822K->47822K(1093632K)
[19.710s][info ][gc           ] GC(257) Pause Young (Allocation Failure) 463M->228M(850M) 2.288ms
[19.710s][info ][gc,cpu       ] GC(257) User=0.01s Sys=0.00s Real=0.00s
[19.710s][info ][safepoint    ] Leaving safepoint region
[19.710s][info ][safepoint    ] Total time for which application threads were stopped: 0.0025766 seconds, Stopping threads took: 0.0001262 seconds
[19.766s][info ][safepoint    ] Application time: 0.0561201 seconds
[19.766s][info ][safepoint    ] Entering safepoint region: GenCollectForAllocation
[19.766s][info ][gc,start     ] GC(258) Pause Young (Allocation Failure)
[19.766s][info ][gc,task      ] GC(258) Using 4 workers of 4 for evacuation
[19.768s][debug][gc,ref       ] GC(258) Skipped phase1 of Reference Processing due to unavailable references
[19.768s][debug][gc,ref       ] GC(258) Skipped phase2 of Reference Processing due to unavailable references
[19.768s][debug][gc,ref       ] GC(258) Skipped phase3 of Reference Processing due to unavailable references
[19.768s][debug][gc,ref       ] GC(258) Skipped phase4 of Reference Processing due to unavailable references
[19.768s][debug][gc,age       ] GC(258) Desired survivor size 15368192 bytes, new threshold 6 (max threshold 6)
[19.768s][info ][gc,heap      ] GC(258) ParNew: 241467K->1221K(270336K)
[19.768s][info ][gc,heap      ] GC(258) CMS: 233299K->233403K(600768K)
[19.768s][info ][gc,metaspace ] GC(258) Metaspace: 47880K->47880K(1093632K)
[19.768s][info ][gc           ] GC(258) Pause Young (Allocation Failure) 463M->229M(850M) 2.388ms
[19.768s][info ][gc,cpu       ] GC(258) User=0.01s Sys=0.00s Real=0.00s
[19.768s][info ][safepoint    ] Leaving safepoint region
[19.768s][info ][safepoint    ] Total time for which application threads were stopped: 0.0027004 seconds, Stopping threads took: 0.0001265 seconds
[19.824s][info ][safepoint    ] Application time: 0.0554256 seconds
[19.824s][info ][safepoint    ] Entering safepoint region: GenCollectForAllocation
[19.824s][info ][gc,start     ] GC(259) Pause Young (Allocation Failure)
[19.824s][info ][gc,task      ] GC(259) Using 4 workers of 4 for evacuation
[19.826s][debug][gc,ref       ] GC(259) Skipped phase1 of Reference Processing due to unavailable references
[19.826s][debug][gc,ref       ] GC(259) Skipped phase2 of Reference Processing due to unavailable references
[19.826s][debug][gc,ref       ] GC(259) Skipped phase3 of Reference Processing due to unavailable references
[19.826s][debug][gc,ref       ] GC(259) Skipped phase4 of Reference Processing due to unavailable references
[19.826s][debug][gc,age       ] GC(259) Desired survivor size 15368192 bytes, new threshold 6 (max threshold 6)
[19.827s][info ][gc,heap      ] GC(259) ParNew: 241541K->1283K(270336K)
[19.827s][info ][gc,heap      ] GC(259) CMS: 233403K->233504K(600768K)
[19.827s][info ][gc,metaspace ] GC(259) Metaspace: 47881K->47881K(1093632K)
[19.827s][info ][gc           ] GC(259) Pause Young (Allocation Failure) 463M->229M(850M) 2.361ms
[19.827s][info ][gc,cpu       ] GC(259) User=0.01s Sys=0.00s Real=0.00s
[19.827s][info ][safepoint    ] Leaving safepoint region
[19.827s][info ][safepoint    ] Total time for which application threads were stopped: 0.0027036 seconds, Stopping threads took: 0.0001846 seconds
[19.885s][info ][safepoint    ] Application time: 0.0585863 seconds
[19.885s][info ][safepoint    ] Entering safepoint region: GenCollectForAllocation
[19.885s][info ][gc,start     ] GC(260) Pause Young (Allocation Failure)
[19.886s][info ][gc,task      ] GC(260) Using 4 workers of 4 for evacuation
[19.888s][debug][gc,ref       ] GC(260) Skipped phase1 of Reference Processing due to unavailable references
[19.888s][debug][gc,ref       ] GC(260) Skipped phase2 of Reference Processing due to unavailable references
[19.888s][debug][gc,ref       ] GC(260) Skipped phase3 of Reference Processing due to unavailable references
[19.888s][debug][gc,ref       ] GC(260) Skipped phase4 of Reference Processing due to unavailable references
[19.888s][debug][gc,age       ] GC(260) Desired survivor size 15368192 bytes, new threshold 6 (max threshold 6)
[19.888s][info ][gc,heap      ] GC(260) ParNew: 241603K->1354K(270336K)
[19.888s][info ][gc,heap      ] GC(260) CMS: 233504K->233606K(600768K)
[19.888s][info ][gc,metaspace ] GC(260) Metaspace: 47881K->47881K(1093632K)
[19.888s][info ][gc           ] GC(260) Pause Young (Allocation Failure) 463M->229M(850M) 2.378ms
[19.888s][info ][gc,cpu       ] GC(260) User=0.01s Sys=0.00s Real=0.00s
[19.888s][info ][safepoint    ] Leaving safepoint region
[19.888s][info ][safepoint    ] Total time for which application threads were stopped: 0.0027110 seconds, Stopping threads took: 0.0001579 seconds
[19.945s][info ][safepoint    ] Application time: 0.0570253 seconds
[19.945s][info ][safepoint    ] Entering safepoint region: GenCollectForAllocation
[19.945s][info ][gc,start     ] GC(261) Pause Young (Allocation Failure)
[19.945s][info ][gc,task      ] GC(261) Using 4 workers of 4 for evacuation
[19.948s][debug][gc,ref       ] GC(261) Skipped phase1 of Reference Processing due to unavailable references
[19.948s][debug][gc,ref       ] GC(261) Skipped phase2 of Reference Processing due to unavailable references
[19.948s][debug][gc,ref       ] GC(261) Skipped phase3 of Reference Processing due to unavailable references
[19.948s][debug][gc,ref       ] GC(261) Skipped phase4 of Reference Processing due to unavailable references
[19.948s][debug][gc,age       ] GC(261) Desired survivor size 15368192 bytes, new threshold 6 (max threshold 6)
[19.948s][info ][gc,heap      ] GC(261) ParNew: 241674K->1261K(270336K)
[19.948s][info ][gc,heap      ] GC(261) CMS: 233606K->233722K(600768K)
[19.948s][info ][gc,metaspace ] GC(261) Metaspace: 47881K->47881K(1093632K)
[19.948s][info ][gc           ] GC(261) Pause Young (Allocation Failure) 464M->229M(850M) 3.274ms
[19.949s][info ][gc,cpu       ] GC(261) User=0.02s Sys=0.00s Real=0.00s
[19.949s][info ][safepoint    ] Leaving safepoint region
[19.949s][info ][safepoint    ] Total time for which application threads were stopped: 0.0035744 seconds, Stopping threads took: 0.0001312 seconds
[20.008s][info ][safepoint    ] Application time: 0.0589949 seconds
[20.008s][info ][safepoint    ] Entering safepoint region: GenCollectForAllocation
[20.008s][info ][gc,start     ] GC(262) Pause Young (Allocation Failure)
[20.008s][info ][gc,task      ] GC(262) Using 4 workers of 4 for evacuation
[20.011s][debug][gc,ref       ] GC(262) Skipped phase1 of Reference Processing due to unavailable references
[20.011s][debug][gc,ref       ] GC(262) Skipped phase2 of Reference Processing due to unavailable references
[20.011s][debug][gc,ref       ] GC(262) Skipped phase3 of Reference Processing due to unavailable references
[20.011s][debug][gc,ref       ] GC(262) Skipped phase4 of Reference Processing due to unavailable references
[20.011s][debug][gc,age       ] GC(262) Desired survivor size 15368192 bytes, new threshold 6 (max threshold 6)
[20.011s][info ][gc,heap      ] GC(262) ParNew: 241581K->1589K(270336K)
[20.011s][info ][gc,heap      ] GC(262) CMS: 233722K->233840K(600768K)
[20.011s][info ][gc,metaspace ] GC(262) Metaspace: 47881K->47881K(1093632K)
[20.011s][info ][gc           ] GC(262) Pause Young (Allocation Failure) 464M->229M(850M) 3.137ms
[20.011s][info ][gc,cpu       ] GC(262) User=0.02s Sys=0.00s Real=0.01s
[20.011s][info ][safepoint    ] Leaving safepoint region
[20.011s][info ][safepoint    ] Total time for which application threads were stopped: 0.0035050 seconds, Stopping threads took: 0.0001853 seconds
[20.072s][info ][safepoint    ] Application time: 0.0610322 seconds
[20.072s][info ][safepoint    ] Entering safepoint region: GenCollectForAllocation
[20.072s][info ][gc,start     ] GC(263) Pause Young (Allocation Failure)
[20.072s][info ][gc,task      ] GC(263) Using 4 workers of 4 for evacuation
[20.075s][debug][gc,ref       ] GC(263) Skipped phase1 of Reference Processing due to unavailable references
[20.075s][debug][gc,ref       ] GC(263) Skipped phase2 of Reference Processing due to unavailable references
[20.075s][debug][gc,ref       ] GC(263) Skipped phase3 of Reference Processing due to unavailable references
[20.075s][debug][gc,ref       ] GC(263) Skipped phase4 of Reference Processing due to unavailable references
[20.075s][debug][gc,age       ] GC(263) Desired survivor size 15368192 bytes, new threshold 6 (max threshold 6)
[20.075s][info ][gc,heap      ] GC(263) ParNew: 241909K->1717K(270336K)
[20.075s][info ][gc,heap      ] GC(263) CMS: 233840K->233971K(600768K)
[20.075s][info ][gc,metaspace ] GC(263) Metaspace: 47881K->47881K(1093632K)
[20.075s][info ][gc           ] GC(263) Pause Young (Allocation Failure) 464M->230M(850M) 3.026ms
[20.075s][info ][gc,cpu       ] GC(263) User=0.01s Sys=0.00s Real=0.00s
[20.075s][info ][safepoint    ] Leaving safepoint region
[20.075s][info ][safepoint    ] Total time for which application threads were stopped: 0.0033390 seconds, Stopping threads took: 0.0001495 seconds
[21.076s][info ][safepoint    ] Application time: 1.0000971 seconds
[21.076s][info ][safepoint    ] Entering safepoint region: Cleanup
[21.076s][info ][safepoint    ] Leaving safepoint region
[21.076s][info ][safepoint    ] Total time for which application threads were stopped: 0.0000900 seconds, Stopping threads took: 0.0000156 seconds
[21.245s][info ][safepoint    ] Application time: 0.1695590 seconds
[21.245s][info ][safepoint    ] Entering safepoint region: RevokeBias
[21.245s][info ][safepoint    ] Leaving safepoint region
[21.245s][info ][safepoint    ] Total time for which application threads were stopped: 0.0000802 seconds, Stopping threads took: 0.0000127 seconds
[22.247s][info ][safepoint    ] Application time: 1.0016691 seconds
[22.247s][info ][safepoint    ] Entering safepoint region: Cleanup
[22.247s][info ][safepoint    ] Leaving safepoint region
[22.247s][info ][safepoint    ] Total time for which application threads were stopped: 0.0000950 seconds, Stopping threads took: 0.0000172 seconds
[23.247s][info ][safepoint    ] Application time: 1.0001819 seconds
[23.247s][info ][safepoint    ] Entering safepoint region: Cleanup
[23.247s][info ][safepoint    ] Leaving safepoint region
[23.247s][info ][safepoint    ] Total time for which application threads were stopped: 0.0000941 seconds, Stopping threads took: 0.0000173 seconds
[24.248s][info ][safepoint    ] Application time: 1.0000916 seconds
[24.248s][info ][safepoint    ] Entering safepoint region: Cleanup
[24.248s][info ][safepoint    ] Leaving safepoint region
[24.248s][info ][safepoint    ] Total time for which application threads were stopped: 0.0000987 seconds, Stopping threads took: 0.0000164 seconds
[24.371s][info ][safepoint    ] Application time: 0.1230202 seconds
[24.371s][info ][safepoint    ] Entering safepoint region: ICBufferFull
[24.371s][info ][safepoint    ] Leaving safepoint region
[24.371s][info ][safepoint    ] Total time for which application threads were stopped: 0.0002450 seconds, Stopping threads took: 0.0000141 seconds
[24.435s][info ][safepoint    ] Application time: 0.0642607 seconds
[24.435s][info ][safepoint    ] Entering safepoint region: RevokeBias
[24.436s][info ][safepoint    ] Leaving safepoint region
[24.436s][info ][safepoint    ] Total time for which application threads were stopped: 0.0002629 seconds, Stopping threads took: 0.0000501 seconds
[24.443s][info ][safepoint    ] Application time: 0.0076535 seconds
[24.443s][info ][safepoint    ] Entering safepoint region: RevokeBias
[24.443s][info ][safepoint    ] Leaving safepoint region
[24.443s][info ][safepoint    ] Total time for which application threads were stopped: 0.0001330 seconds, Stopping threads took: 0.0000544 seconds
[24.444s][info ][safepoint    ] Application time: 0.0004205 seconds
[24.444s][info ][safepoint    ] Entering safepoint region: RevokeBias
[24.444s][info ][safepoint    ] Leaving safepoint region
[24.444s][info ][safepoint    ] Total time for which application threads were stopped: 0.0000586 seconds, Stopping threads took: 0.0000322 seconds
[24.479s][info ][safepoint    ] Application time: 0.0350276 seconds
[24.479s][info ][safepoint    ] Entering safepoint region: RevokeBias
[24.479s][info ][safepoint    ] Leaving safepoint region
[24.479s][info ][safepoint    ] Total time for which application threads were stopped: 0.0000862 seconds, Stopping threads took: 0.0000139 seconds
[24.501s][info ][safepoint    ] Application time: 0.0224421 seconds
[24.501s][info ][safepoint    ] Entering safepoint region: RevokeBias
[24.502s][info ][safepoint    ] Leaving safepoint region
[24.502s][info ][safepoint    ] Total time for which application threads were stopped: 0.0000866 seconds, Stopping threads took: 0.0000149 seconds
[24.519s][info ][safepoint    ] Application time: 0.0174403 seconds
[24.519s][info ][safepoint    ] Entering safepoint region: RevokeBias
[24.519s][info ][safepoint    ] Leaving safepoint region
[24.519s][info ][safepoint    ] Total time for which application threads were stopped: 0.0001489 seconds, Stopping threads took: 0.0000685 seconds
[24.521s][info ][safepoint    ] Application time: 0.0017969 seconds
[24.521s][info ][safepoint    ] Entering safepoint region: RevokeBias
[24.521s][info ][safepoint    ] Leaving safepoint region
[24.521s][info ][safepoint    ] Total time for which application threads were stopped: 0.0000735 seconds, Stopping threads took: 0.0000137 seconds
[25.521s][info ][safepoint    ] Application time: 1.0001644 seconds
[25.521s][info ][safepoint    ] Entering safepoint region: Cleanup
[25.521s][info ][safepoint    ] Leaving safepoint region
[25.521s][info ][safepoint    ] Total time for which application threads were stopped: 0.0000839 seconds, Stopping threads took: 0.0000170 seconds
[25.774s][info ][safepoint    ] Application time: 0.2526269 seconds
[25.774s][info ][safepoint    ] Entering safepoint region: RevokeBias
[25.774s][info ][safepoint    ] Leaving safepoint region
[25.774s][info ][safepoint    ] Total time for which application threads were stopped: 0.0000739 seconds, Stopping threads took: 0.0000158 seconds
[25.787s][info ][safepoint    ] Application time: 0.0130107 seconds
[25.787s][info ][safepoint    ] Entering safepoint region: RevokeBias
[25.787s][info ][safepoint    ] Leaving safepoint region
[25.787s][info ][safepoint    ] Total time for which application threads were stopped: 0.0001243 seconds, Stopping threads took: 0.0000143 seconds
[25.788s][info ][safepoint    ] Application time: 0.0008798 seconds
[25.788s][info ][safepoint    ] Entering safepoint region: RevokeBias
[25.788s][info ][safepoint    ] Leaving safepoint region
[25.788s][info ][safepoint    ] Total time for which application threads were stopped: 0.0001402 seconds, Stopping threads took: 0.0000111 seconds
[25.807s][info ][safepoint    ] Application time: 0.0187209 seconds
[25.807s][info ][safepoint    ] Entering safepoint region: RevokeBias
[25.807s][info ][safepoint    ] Leaving safepoint region
[25.807s][info ][safepoint    ] Total time for which application threads were stopped: 0.0000834 seconds, Stopping threads took: 0.0000136 seconds
[25.807s][info ][safepoint    ] Application time: 0.0000713 seconds
[25.807s][info ][safepoint    ] Entering safepoint region: RevokeBias
[25.807s][info ][safepoint    ] Leaving safepoint region
[25.807s][info ][safepoint    ] Total time for which application threads were stopped: 0.0000376 seconds, Stopping threads took: 0.0000064 seconds
[25.807s][info ][safepoint    ] Application time: 0.0000421 seconds
[25.807s][info ][safepoint    ] Entering safepoint region: RevokeBias
[25.807s][info ][safepoint    ] Leaving safepoint region
[25.807s][info ][safepoint    ] Total time for which application threads were stopped: 0.0000287 seconds, Stopping threads took: 0.0000052 seconds
[25.813s][info ][safepoint    ] Application time: 0.0054477 seconds
[25.813s][info ][safepoint    ] Entering safepoint region: RevokeBias
[25.813s][info ][safepoint    ] Leaving safepoint region
[25.813s][info ][safepoint    ] Total time for which application threads were stopped: 0.0001342 seconds, Stopping threads took: 0.0000900 seconds
[25.813s][info ][safepoint    ] Application time: 0.0000486 seconds
[25.813s][info ][safepoint    ] Entering safepoint region: RevokeBias
[25.813s][info ][safepoint    ] Leaving safepoint region
[25.813s][info ][safepoint    ] Total time for which application threads were stopped: 0.0000993 seconds, Stopping threads took: 0.0000726 seconds
[25.818s][info ][safepoint    ] Application time: 0.0050963 seconds
[25.818s][info ][safepoint    ] Entering safepoint region: RevokeBias
[25.818s][info ][safepoint    ] Leaving safepoint region
[25.818s][info ][safepoint    ] Total time for which application threads were stopped: 0.0001083 seconds, Stopping threads took: 0.0000518 seconds
[25.842s][info ][safepoint    ] Application time: 0.0233273 seconds
[25.842s][info ][safepoint    ] Entering safepoint region: RevokeBias
[25.842s][info ][safepoint    ] Leaving safepoint region
[25.842s][info ][safepoint    ] Total time for which application threads were stopped: 0.0000982 seconds, Stopping threads took: 0.0000168 seconds
[25.842s][info ][safepoint    ] Application time: 0.0000856 seconds
[25.842s][info ][safepoint    ] Entering safepoint region: RevokeBias
[25.842s][info ][safepoint    ] Leaving safepoint region
[25.842s][info ][safepoint    ] Total time for which application threads were stopped: 0.0000421 seconds, Stopping threads took: 0.0000081 seconds
[25.876s][info ][safepoint    ] Application time: 0.0337669 seconds
[25.876s][info ][safepoint    ] Entering safepoint region: Deoptimize
[25.877s][info ][safepoint    ] Leaving safepoint region
[25.877s][info ][safepoint    ] Total time for which application threads were stopped: 0.0013595 seconds, Stopping threads took: 0.0000151 seconds
[25.908s][info ][safepoint    ] Application time: 0.0313327 seconds
[25.908s][info ][safepoint    ] Entering safepoint region: Deoptimize
[25.910s][info ][safepoint    ] Leaving safepoint region
[25.910s][info ][safepoint    ] Total time for which application threads were stopped: 0.0011381 seconds, Stopping threads took: 0.0000138 seconds
[25.928s][info ][safepoint    ] Application time: 0.0183784 seconds
[25.928s][info ][safepoint    ] Entering safepoint region: RevokeBias
[25.928s][info ][safepoint    ] Leaving safepoint region
[25.928s][info ][safepoint    ] Total time for which application threads were stopped: 0.0001080 seconds, Stopping threads took: 0.0000141 seconds
[26.001s][info ][safepoint    ] Application time: 0.0730249 seconds
[26.001s][info ][safepoint    ] Entering safepoint region: RevokeBias
[26.001s][info ][safepoint    ] Leaving safepoint region
[26.001s][info ][safepoint    ] Total time for which application threads were stopped: 0.0001600 seconds, Stopping threads took: 0.0000340 seconds
[26.202s][info ][safepoint    ] Application time: 0.2011287 seconds
[26.203s][info ][safepoint    ] Entering safepoint region: Deoptimize
[26.204s][info ][safepoint    ] Leaving safepoint region
[26.204s][info ][safepoint    ] Total time for which application threads were stopped: 0.0011488 seconds, Stopping threads took: 0.0000153 seconds
[26.204s][info ][safepoint    ] Application time: 0.0004079 seconds
[26.204s][info ][safepoint    ] Entering safepoint region: Deoptimize
[26.205s][info ][safepoint    ] Leaving safepoint region
[26.205s][info ][safepoint    ] Total time for which application threads were stopped: 0.0008102 seconds, Stopping threads took: 0.0000076 seconds
[26.206s][info ][safepoint    ] Application time: 0.0009012 seconds
[26.206s][info ][safepoint    ] Entering safepoint region: RevokeBias
[26.206s][info ][safepoint    ] Leaving safepoint region
[26.206s][info ][safepoint    ] Total time for which application threads were stopped: 0.0000453 seconds, Stopping threads took: 0.0000071 seconds
[26.206s][info ][safepoint    ] Application time: 0.0003719 seconds
[26.206s][info ][safepoint    ] Entering safepoint region: Deoptimize
[26.207s][info ][safepoint    ] Leaving safepoint region
[26.207s][info ][safepoint    ] Total time for which application threads were stopped: 0.0004704 seconds, Stopping threads took: 0.0000075 seconds
[26.211s][info ][safepoint    ] Application time: 0.0042478 seconds
[26.211s][info ][safepoint    ] Entering safepoint region: RevokeBias
[26.211s][info ][safepoint    ] Leaving safepoint region
[26.211s][info ][safepoint    ] Total time for which application threads were stopped: 0.0000710 seconds, Stopping threads took: 0.0000105 seconds
[26.213s][info ][safepoint    ] Application time: 0.0020571 seconds
[26.213s][info ][safepoint    ] Entering safepoint region: RevokeBias
[26.213s][info ][safepoint    ] Leaving safepoint region
[26.213s][info ][safepoint    ] Total time for which application threads were stopped: 0.0000500 seconds, Stopping threads took: 0.0000106 seconds
[26.417s][info ][safepoint    ] Application time: 0.2039021 seconds
[26.417s][info ][safepoint    ] Entering safepoint region: ICBufferFull
[26.417s][info ][safepoint    ] Leaving safepoint region
[26.417s][info ][safepoint    ] Total time for which application threads were stopped: 0.0002819 seconds, Stopping threads took: 0.0000831 seconds
[26.419s][info ][safepoint    ] Application time: 0.0013235 seconds
[26.419s][info ][safepoint    ] Entering safepoint region: BulkRevokeBias
[26.419s][info ][safepoint    ] Leaving safepoint region
[26.419s][info ][safepoint    ] Total time for which application threads were stopped: 0.0003252 seconds, Stopping threads took: 0.0000533 seconds
[26.505s][info ][safepoint    ] Application time: 0.0859426 seconds
[26.505s][info ][safepoint    ] Entering safepoint region: RevokeBias
[26.505s][info ][safepoint    ] Leaving safepoint region
[26.505s][info ][safepoint    ] Total time for which application threads were stopped: 0.0002341 seconds, Stopping threads took: 0.0000475 seconds
[26.557s][info ][safepoint    ] Application time: 0.0516664 seconds
[26.557s][info ][safepoint    ] Entering safepoint region: ICBufferFull
[26.557s][info ][safepoint    ] Leaving safepoint region
[26.557s][info ][safepoint    ] Total time for which application threads were stopped: 0.0002469 seconds, Stopping threads took: 0.0000608 seconds
[26.601s][info ][safepoint    ] Application time: 0.0433250 seconds
[26.601s][info ][safepoint    ] Entering safepoint region: GenCollectForAllocation
[26.601s][info ][safepoint    ] Leaving safepoint region
[26.601s][info ][safepoint    ] Total time for which application threads were stopped: 0.0001152 seconds, Stopping threads took: 0.0000142 seconds
[26.601s][info ][safepoint    ] Application time: 0.0000567 seconds
[26.601s][info ][safepoint    ] Entering safepoint region: GenCollectForAllocation
[26.601s][info ][gc,start     ] GC(264) Pause Young (Allocation Failure)
[26.601s][info ][gc,task      ] GC(264) Using 4 workers of 4 for evacuation
[26.609s][debug][gc,ref       ] GC(264) Skipped phase1 of Reference Processing due to unavailable references
[26.609s][debug][gc,ref       ] GC(264) Skipped phase3 of Reference Processing due to unavailable references
[26.609s][debug][gc,age       ] GC(264) Desired survivor size 15368192 bytes, new threshold 6 (max threshold 6)
[26.609s][info ][gc,heap      ] GC(264) ParNew: 242037K->10095K(270336K)
[26.609s][info ][gc,heap      ] GC(264) CMS: 233971K->234108K(600768K)
[26.609s][info ][gc,metaspace ] GC(264) Metaspace: 56450K->56450K(1101824K)
[26.609s][info ][gc           ] GC(264) Pause Young (Allocation Failure) 464M->238M(850M) 8.106ms
[26.609s][info ][gc,cpu       ] GC(264) User=0.04s Sys=0.00s Real=0.00s
[26.609s][info ][safepoint    ] Leaving safepoint region
[26.609s][info ][safepoint    ] Total time for which application threads were stopped: 0.0082111 seconds, Stopping threads took: 0.0000053 seconds
[27.609s][info ][safepoint    ] Application time: 1.0001130 seconds
[27.609s][info ][safepoint    ] Entering safepoint region: Cleanup
[27.609s][info ][safepoint    ] Leaving safepoint region
[27.609s][info ][safepoint    ] Total time for which application threads were stopped: 0.0002236 seconds, Stopping threads took: 0.0000196 seconds
[27.993s][info ][safepoint    ] Application time: 0.3832088 seconds
[27.993s][info ][safepoint    ] Entering safepoint region: ICBufferFull
[27.993s][info ][safepoint    ] Leaving safepoint region
[27.993s][info ][safepoint    ] Total time for which application threads were stopped: 0.0002068 seconds, Stopping threads took: 0.0000143 seconds
[28.726s][info ][safepoint    ] Application time: 0.7332623 seconds
[28.726s][info ][safepoint    ] Entering safepoint region: ICBufferFull
[28.726s][info ][safepoint    ] Leaving safepoint region
[28.726s][info ][safepoint    ] Total time for which application threads were stopped: 0.0002720 seconds, Stopping threads took: 0.0000441 seconds
[29.727s][info ][safepoint    ] Application time: 1.0005564 seconds
[29.727s][info ][safepoint    ] Entering safepoint region: Cleanup
[29.727s][info ][safepoint    ] Leaving safepoint region
[29.727s][info ][safepoint    ] Total time for which application threads were stopped: 0.0002342 seconds, Stopping threads took: 0.0000484 seconds
[30.727s][info ][safepoint    ] Application time: 1.0000961 seconds
[30.727s][info ][safepoint    ] Entering safepoint region: Cleanup
[30.727s][info ][safepoint    ] Leaving safepoint region
[30.727s][info ][safepoint    ] Total time for which application threads were stopped: 0.0001226 seconds, Stopping threads took: 0.0000249 seconds
[31.206s][info ][safepoint    ] Application time: 0.4789785 seconds
[31.206s][info ][safepoint    ] Entering safepoint region: RevokeBias
[31.207s][info ][safepoint    ] Leaving safepoint region
[31.207s][info ][safepoint    ] Total time for which application threads were stopped: 0.0001258 seconds, Stopping threads took: 0.0000172 seconds
[31.207s][info ][safepoint    ] Application time: 0.0001147 seconds
[31.207s][info ][safepoint    ] Entering safepoint region: RevokeBias
[31.207s][info ][safepoint    ] Leaving safepoint region
[31.207s][info ][safepoint    ] Total time for which application threads were stopped: 0.0000333 seconds, Stopping threads took: 0.0000075 seconds
[32.207s][info ][safepoint    ] Application time: 1.0001033 seconds
[32.207s][info ][safepoint    ] Entering safepoint region: Cleanup
[32.207s][info ][safepoint    ] Leaving safepoint region
[32.207s][info ][safepoint    ] Total time for which application threads were stopped: 0.0001148 seconds, Stopping threads took: 0.0000171 seconds
[33.207s][info ][safepoint    ] Application time: 1.0001416 seconds
[33.207s][info ][safepoint    ] Entering safepoint region: Cleanup
[33.207s][info ][safepoint    ] Leaving safepoint region
[33.207s][info ][safepoint    ] Total time for which application threads were stopped: 0.0001450 seconds, Stopping threads took: 0.0000164 seconds
[34.207s][info ][safepoint    ] Application time: 1.0001337 seconds
[34.208s][info ][safepoint    ] Entering safepoint region: Cleanup
[34.208s][info ][safepoint    ] Leaving safepoint region
[34.208s][info ][safepoint    ] Total time for which application threads were stopped: 0.0001616 seconds, Stopping threads took: 0.0000551 seconds
[35.208s][info ][safepoint    ] Application time: 1.0001621 seconds
[35.208s][info ][safepoint    ] Entering safepoint region: Cleanup
[35.208s][info ][safepoint    ] Leaving safepoint region
[35.208s][info ][safepoint    ] Total time for which application threads were stopped: 0.0000979 seconds, Stopping threads took: 0.0000261 seconds
[36.207s][info ][safepoint    ] Application time: 0.9989991 seconds
[36.207s][info ][safepoint    ] Entering safepoint region: RevokeBias
[36.207s][info ][safepoint    ] Leaving safepoint region
[36.207s][info ][safepoint    ] Total time for which application threads were stopped: 0.0001260 seconds, Stopping threads took: 0.0000181 seconds
[36.208s][info ][safepoint    ] Application time: 0.0008080 seconds
[36.208s][info ][safepoint    ] Entering safepoint region: RevokeBias
[36.208s][info ][safepoint    ] Leaving safepoint region
[36.208s][info ][safepoint    ] Total time for which application threads were stopped: 0.0000365 seconds, Stopping threads took: 0.0000076 seconds
[36.208s][info ][safepoint    ] Application time: 0.0001941 seconds
[36.208s][info ][safepoint    ] Entering safepoint region: RevokeBias
[36.208s][info ][safepoint    ] Leaving safepoint region
[36.208s][info ][safepoint    ] Total time for which application threads were stopped: 0.0000268 seconds, Stopping threads took: 0.0000063 seconds
[36.208s][info ][safepoint    ] Application time: 0.0000511 seconds
[36.208s][info ][safepoint    ] Entering safepoint region: RevokeBias
[36.208s][info ][safepoint    ] Leaving safepoint region
[36.208s][info ][safepoint    ] Total time for which application threads were stopped: 0.0000228 seconds, Stopping threads took: 0.0000057 seconds
[36.208s][info ][safepoint    ] Application time: 0.0000833 seconds
[36.208s][info ][safepoint    ] Entering safepoint region: RevokeBias
[36.208s][info ][safepoint    ] Leaving safepoint region
[36.208s][info ][safepoint    ] Total time for which application threads were stopped: 0.0000262 seconds, Stopping threads took: 0.0000062 seconds
[36.209s][info ][safepoint    ] Application time: 0.0001324 seconds
[36.209s][info ][safepoint    ] Entering safepoint region: RevokeBias
[36.209s][info ][safepoint    ] Leaving safepoint region
[36.209s][info ][safepoint    ] Total time for which application threads were stopped: 0.0000287 seconds, Stopping threads took: 0.0000069 seconds
[37.209s][info ][safepoint    ] Application time: 1.0000856 seconds
[37.209s][info ][safepoint    ] Entering safepoint region: Cleanup
[37.209s][info ][safepoint    ] Leaving safepoint region
[37.209s][info ][safepoint    ] Total time for which application threads were stopped: 0.0000880 seconds, Stopping threads took: 0.0000171 seconds
[38.209s][info ][safepoint    ] Application time: 1.0000715 seconds
[38.209s][info ][safepoint    ] Entering safepoint region: Cleanup
[38.209s][info ][safepoint    ] Leaving safepoint region
[38.209s][info ][safepoint    ] Total time for which application threads were stopped: 0.0000931 seconds, Stopping threads took: 0.0000158 seconds
[39.209s][info ][safepoint    ] Application time: 1.0000945 seconds
[39.209s][info ][safepoint    ] Entering safepoint region: Cleanup
[39.209s][info ][safepoint    ] Leaving safepoint region
[39.209s][info ][safepoint    ] Total time for which application threads were stopped: 0.0001206 seconds, Stopping threads took: 0.0000196 seconds
[40.209s][info ][safepoint    ] Application time: 1.0000971 seconds
[40.209s][info ][safepoint    ] Entering safepoint region: Cleanup
[40.209s][info ][safepoint    ] Leaving safepoint region
[40.209s][info ][safepoint    ] Total time for which application threads were stopped: 0.0000850 seconds, Stopping threads took: 0.0000159 seconds
[41.210s][info ][safepoint    ] Application time: 1.0000987 seconds
[41.210s][info ][safepoint    ] Entering safepoint region: Cleanup
[41.210s][info ][safepoint    ] Leaving safepoint region
[41.210s][info ][safepoint    ] Total time for which application threads were stopped: 0.0001287 seconds, Stopping threads took: 0.0000211 seconds
[42.210s][info ][safepoint    ] Application time: 1.0001632 seconds
[42.210s][info ][safepoint    ] Entering safepoint region: Cleanup
[42.210s][info ][safepoint    ] Leaving safepoint region
[42.210s][info ][safepoint    ] Total time for which application threads were stopped: 0.0001205 seconds, Stopping threads took: 0.0000197 seconds
[43.210s][info ][safepoint    ] Application time: 1.0001603 seconds
[43.210s][info ][safepoint    ] Entering safepoint region: Cleanup
[43.210s][info ][safepoint    ] Leaving safepoint region
[43.210s][info ][safepoint    ] Total time for which application threads were stopped: 0.0001171 seconds, Stopping threads took: 0.0000178 seconds
[44.211s][info ][safepoint    ] Application time: 1.0000981 seconds
[44.211s][info ][safepoint    ] Entering safepoint region: Cleanup
[44.211s][info ][safepoint    ] Leaving safepoint region
[44.211s][info ][safepoint    ] Total time for which application threads were stopped: 0.0000970 seconds, Stopping threads took: 0.0000160 seconds
[45.211s][info ][safepoint    ] Application time: 1.0001639 seconds
[45.211s][info ][safepoint    ] Entering safepoint region: Cleanup
[45.211s][info ][safepoint    ] Leaving safepoint region
[45.211s][info ][safepoint    ] Total time for which application threads were stopped: 0.0000878 seconds, Stopping threads took: 0.0000179 seconds
[46.211s][info ][safepoint    ] Application time: 1.0001597 seconds
[46.211s][info ][safepoint    ] Entering safepoint region: Cleanup
[46.211s][info ][safepoint    ] Leaving safepoint region
[46.211s][info ][safepoint    ] Total time for which application threads were stopped: 0.0001066 seconds, Stopping threads took: 0.0000174 seconds
[47.211s][info ][safepoint    ] Application time: 1.0001643 seconds
[47.211s][info ][safepoint    ] Entering safepoint region: Cleanup
[47.212s][info ][safepoint    ] Leaving safepoint region
[47.212s][info ][safepoint    ] Total time for which application threads were stopped: 0.0000884 seconds, Stopping threads took: 0.0000189 seconds
[48.212s][info ][safepoint    ] Application time: 1.0000883 seconds
[48.212s][info ][safepoint    ] Entering safepoint region: Cleanup
[48.212s][info ][safepoint    ] Leaving safepoint region
[48.212s][info ][safepoint    ] Total time for which application threads were stopped: 0.0001259 seconds, Stopping threads took: 0.0000419 seconds
[49.212s][info ][safepoint    ] Application time: 1.0000940 seconds
[49.212s][info ][safepoint    ] Entering safepoint region: Cleanup
[49.212s][info ][safepoint    ] Leaving safepoint region
[49.212s][info ][safepoint    ] Total time for which application threads were stopped: 0.0002026 seconds, Stopping threads took: 0.0000471 seconds
[50.212s][info ][safepoint    ] Application time: 1.0001068 seconds
[50.212s][info ][safepoint    ] Entering safepoint region: Cleanup
[50.212s][info ][safepoint    ] Leaving safepoint region
[50.212s][info ][safepoint    ] Total time for which application threads were stopped: 0.0001329 seconds, Stopping threads took: 0.0000457 seconds
[51.213s][info ][safepoint    ] Application time: 1.0002200 seconds
[51.213s][info ][safepoint    ] Entering safepoint region: Cleanup
[51.213s][info ][safepoint    ] Leaving safepoint region
[51.213s][info ][safepoint    ] Total time for which application threads were stopped: 0.0001346 seconds, Stopping threads took: 0.0000548 seconds
[52.213s][info ][safepoint    ] Application time: 1.0000955 seconds
[52.213s][info ][safepoint    ] Entering safepoint region: Cleanup
[52.213s][info ][safepoint    ] Leaving safepoint region
[52.213s][info ][safepoint    ] Total time for which application threads were stopped: 0.0001696 seconds, Stopping threads took: 0.0000710 seconds
[53.213s][info ][safepoint    ] Application time: 1.0001727 seconds
[53.213s][info ][safepoint    ] Entering safepoint region: Cleanup
[53.213s][info ][safepoint    ] Leaving safepoint region
[53.213s][info ][safepoint    ] Total time for which application threads were stopped: 0.0001536 seconds, Stopping threads took: 0.0000440 seconds
[54.214s][info ][safepoint    ] Application time: 1.0000939 seconds
[54.214s][info ][safepoint    ] Entering safepoint region: Cleanup
[54.214s][info ][safepoint    ] Leaving safepoint region
[54.214s][info ][safepoint    ] Total time for which application threads were stopped: 0.0001160 seconds, Stopping threads took: 0.0000350 seconds
[55.214s][info ][safepoint    ] Application time: 1.0001024 seconds
[55.214s][info ][safepoint    ] Entering safepoint region: Cleanup
[55.214s][info ][safepoint    ] Leaving safepoint region
[55.214s][info ][safepoint    ] Total time for which application threads were stopped: 0.0001073 seconds, Stopping threads took: 0.0000216 seconds
[56.214s][info ][safepoint    ] Application time: 1.0000922 seconds
[56.214s][info ][safepoint    ] Entering safepoint region: Cleanup
[56.214s][info ][safepoint    ] Leaving safepoint region
[56.214s][info ][safepoint    ] Total time for which application threads were stopped: 0.0000820 seconds, Stopping threads took: 0.0000150 seconds
[57.214s][info ][safepoint    ] Application time: 1.0001877 seconds
[57.214s][info ][safepoint    ] Entering safepoint region: Cleanup
[57.214s][info ][safepoint    ] Leaving safepoint region
[57.214s][info ][safepoint    ] Total time for which application threads were stopped: 0.0000830 seconds, Stopping threads took: 0.0000160 seconds
[57.763s][info ][safepoint    ] Application time: 0.5484279 seconds
[57.763s][info ][safepoint    ] Entering safepoint region: GenCollectForAllocation
[57.763s][info ][gc,start     ] GC(265) Pause Young (Allocation Failure)
[57.763s][info ][gc,task      ] GC(265) Using 4 workers of 4 for evacuation
[57.771s][debug][gc,ref       ] GC(265) Skipped phase1 of Reference Processing due to unavailable references
[57.772s][debug][gc,age       ] GC(265) Desired survivor size 15368192 bytes, new threshold 1 (max threshold 6)
[57.772s][info ][gc,heap      ] GC(265) ParNew: 250415K->28398K(270336K)
[57.772s][info ][gc,heap      ] GC(265) CMS: 234108K->234255K(600768K)
[57.772s][info ][gc,metaspace ] GC(265) Metaspace: 57257K->57257K(1101824K)
[57.772s][info ][gc           ] GC(265) Pause Young (Allocation Failure) 473M->256M(850M) 8.453ms
[57.772s][info ][gc,cpu       ] GC(265) User=0.03s Sys=0.00s Real=0.01s
[57.772s][info ][safepoint    ] Leaving safepoint region
[57.772s][info ][safepoint    ] Total time for which application threads were stopped: 0.0086451 seconds, Stopping threads took: 0.0000215 seconds
[58.772s][info ][safepoint    ] Application time: 1.0000844 seconds
[58.772s][info ][safepoint    ] Entering safepoint region: Cleanup
[58.772s][info ][safepoint    ] Leaving safepoint region
[58.772s][info ][safepoint    ] Total time for which application threads were stopped: 0.0000835 seconds, Stopping threads took: 0.0000156 seconds
[59.772s][info ][safepoint    ] Application time: 1.0000929 seconds
[59.772s][info ][safepoint    ] Entering safepoint region: Cleanup
[59.772s][info ][safepoint    ] Leaving safepoint region
[59.772s][info ][safepoint    ] Total time for which application threads were stopped: 0.0000862 seconds, Stopping threads took: 0.0000157 seconds
[60.772s][info ][safepoint    ] Application time: 1.0000942 seconds
[60.772s][info ][safepoint    ] Entering safepoint region: Cleanup
[60.772s][info ][safepoint    ] Leaving safepoint region
[60.772s][info ][safepoint    ] Total time for which application threads were stopped: 0.0000990 seconds, Stopping threads took: 0.0000185 seconds
[61.772s][info ][safepoint    ] Application time: 1.0001031 seconds
[61.772s][info ][safepoint    ] Entering safepoint region: Cleanup
[61.773s][info ][safepoint    ] Leaving safepoint region
[61.773s][info ][safepoint    ] Total time for which application threads were stopped: 0.0001716 seconds, Stopping threads took: 0.0000896 seconds
[62.773s][info ][safepoint    ] Application time: 1.0001056 seconds
[62.773s][info ][safepoint    ] Entering safepoint region: Cleanup
[62.773s][info ][safepoint    ] Leaving safepoint region
[62.773s][info ][safepoint    ] Total time for which application threads were stopped: 0.0002367 seconds, Stopping threads took: 0.0001470 seconds
[63.773s][info ][safepoint    ] Application time: 1.0001093 seconds
[63.773s][info ][safepoint    ] Entering safepoint region: Cleanup
[63.773s][info ][safepoint    ] Leaving safepoint region
[63.773s][info ][safepoint    ] Total time for which application threads were stopped: 0.0002145 seconds, Stopping threads took: 0.0001386 seconds
[64.774s][info ][safepoint    ] Application time: 1.0001349 seconds
[64.774s][info ][safepoint    ] Entering safepoint region: Cleanup
[64.774s][info ][safepoint    ] Leaving safepoint region
[64.774s][info ][safepoint    ] Total time for which application threads were stopped: 0.0000937 seconds, Stopping threads took: 0.0000171 seconds
[65.774s][info ][safepoint    ] Application time: 1.0001036 seconds
[65.774s][info ][safepoint    ] Entering safepoint region: Cleanup
[65.774s][info ][safepoint    ] Leaving safepoint region
[65.774s][info ][safepoint    ] Total time for which application threads were stopped: 0.0000988 seconds, Stopping threads took: 0.0000206 seconds
[66.774s][info ][safepoint    ] Application time: 1.0001753 seconds
[66.774s][info ][safepoint    ] Entering safepoint region: Cleanup
[66.774s][info ][safepoint    ] Leaving safepoint region
[66.774s][info ][safepoint    ] Total time for which application threads were stopped: 0.0001261 seconds, Stopping threads took: 0.0000393 seconds
[67.774s][info ][safepoint    ] Application time: 1.0001183 seconds
[67.774s][info ][safepoint    ] Entering safepoint region: Cleanup
[67.775s][info ][safepoint    ] Leaving safepoint region
[67.775s][info ][safepoint    ] Total time for which application threads were stopped: 0.0000835 seconds, Stopping threads took: 0.0000155 seconds
[68.775s][info ][safepoint    ] Application time: 1.0001338 seconds
[68.775s][info ][safepoint    ] Entering safepoint region: Cleanup
[68.775s][info ][safepoint    ] Leaving safepoint region
[68.775s][info ][safepoint    ] Total time for which application threads were stopped: 0.0000802 seconds, Stopping threads took: 0.0000160 seconds
[69.775s][info ][safepoint    ] Application time: 1.0001589 seconds
[69.775s][info ][safepoint    ] Entering safepoint region: Cleanup
[69.775s][info ][safepoint    ] Leaving safepoint region
[69.775s][info ][safepoint    ] Total time for which application threads were stopped: 0.0000806 seconds, Stopping threads took: 0.0000158 seconds
[70.775s][info ][safepoint    ] Application time: 1.0000971 seconds
[70.775s][info ][safepoint    ] Entering safepoint region: Cleanup
[70.775s][info ][safepoint    ] Leaving safepoint region
[70.775s][info ][safepoint    ] Total time for which application threads were stopped: 0.0000933 seconds, Stopping threads took: 0.0000148 seconds
[71.575s][info ][safepoint    ] Application time: 0.7992574 seconds
[71.575s][info ][safepoint    ] Entering safepoint region: ICBufferFull
[71.575s][info ][safepoint    ] Leaving safepoint region
[71.575s][info ][safepoint    ] Total time for which application threads were stopped: 0.0002357 seconds, Stopping threads took: 0.0000145 seconds
[72.575s][info ][safepoint    ] Application time: 1.0001696 seconds
[72.575s][info ][safepoint    ] Entering safepoint region: Cleanup
[72.575s][info ][safepoint    ] Leaving safepoint region
[72.575s][info ][safepoint    ] Total time for which application threads were stopped: 0.0001477 seconds, Stopping threads took: 0.0000197 seconds
[73.575s][info ][safepoint    ] Application time: 1.0000913 seconds
[73.575s][info ][safepoint    ] Entering safepoint region: Cleanup
[73.575s][info ][safepoint    ] Leaving safepoint region
[73.575s][info ][safepoint    ] Total time for which application threads were stopped: 0.0000962 seconds, Stopping threads took: 0.0000178 seconds
[74.576s][info ][safepoint    ] Application time: 1.0001533 seconds
[74.576s][info ][safepoint    ] Entering safepoint region: Cleanup
[74.576s][info ][safepoint    ] Leaving safepoint region
[74.576s][info ][safepoint    ] Total time for which application threads were stopped: 0.0000858 seconds, Stopping threads took: 0.0000167 seconds
[75.576s][info ][safepoint    ] Application time: 1.0000970 seconds
[75.576s][info ][safepoint    ] Entering safepoint region: Cleanup
[75.576s][info ][safepoint    ] Leaving safepoint region
[75.576s][info ][safepoint    ] Total time for which application threads were stopped: 0.0000942 seconds, Stopping threads took: 0.0000192 seconds
[76.576s][info ][safepoint    ] Application time: 1.0002217 seconds
[76.576s][info ][safepoint    ] Entering safepoint region: Cleanup
[76.576s][info ][safepoint    ] Leaving safepoint region
[76.576s][info ][safepoint    ] Total time for which application threads were stopped: 0.0000956 seconds, Stopping threads took: 0.0000225 seconds
[77.577s][info ][safepoint    ] Application time: 1.0000867 seconds
[77.577s][info ][safepoint    ] Entering safepoint region: Cleanup
[77.577s][info ][safepoint    ] Leaving safepoint region
[77.577s][info ][safepoint    ] Total time for which application threads were stopped: 0.0001013 seconds, Stopping threads took: 0.0000159 seconds
[78.581s][info ][safepoint    ] Application time: 1.0044302 seconds
[78.581s][info ][safepoint    ] Entering safepoint region: Cleanup
[78.581s][info ][safepoint    ] Leaving safepoint region
[78.581s][info ][safepoint    ] Total time for which application threads were stopped: 0.0000868 seconds, Stopping threads took: 0.0000190 seconds
[79.581s][info ][safepoint    ] Application time: 1.0001507 seconds
[79.581s][info ][safepoint    ] Entering safepoint region: Cleanup
[79.582s][info ][safepoint    ] Leaving safepoint region
[79.582s][info ][safepoint    ] Total time for which application threads were stopped: 0.0001329 seconds, Stopping threads took: 0.0000573 seconds
[80.165s][info ][safepoint    ] Application time: 0.5837038 seconds
[80.165s][info ][safepoint    ] Entering safepoint region: RevokeBias
[80.165s][info ][safepoint    ] Leaving safepoint region
[80.165s][info ][safepoint    ] Total time for which application threads were stopped: 0.0000864 seconds, Stopping threads took: 0.0000162 seconds
[81.165s][info ][safepoint    ] Application time: 1.0001089 seconds
[81.166s][info ][safepoint    ] Entering safepoint region: Cleanup
[81.166s][info ][safepoint    ] Leaving safepoint region
[81.166s][info ][safepoint    ] Total time for which application threads were stopped: 0.0000738 seconds, Stopping threads took: 0.0000152 seconds
[82.166s][info ][safepoint    ] Application time: 1.0001028 seconds
[82.166s][info ][safepoint    ] Entering safepoint region: Cleanup
[82.166s][info ][safepoint    ] Leaving safepoint region
[82.166s][info ][safepoint    ] Total time for which application threads were stopped: 0.0000957 seconds, Stopping threads took: 0.0000192 seconds
[83.166s][info ][safepoint    ] Application time: 1.0001652 seconds
[83.166s][info ][safepoint    ] Entering safepoint region: Cleanup
[83.166s][info ][safepoint    ] Leaving safepoint region
[83.166s][info ][safepoint    ] Total time for which application threads were stopped: 0.0001151 seconds, Stopping threads took: 0.0000234 seconds
[84.166s][info ][safepoint    ] Application time: 1.0001058 seconds
[84.166s][info ][safepoint    ] Entering safepoint region: Cleanup
[84.166s][info ][safepoint    ] Leaving safepoint region
[84.166s][info ][safepoint    ] Total time for which application threads were stopped: 0.0000860 seconds, Stopping threads took: 0.0000151 seconds
[85.167s][info ][safepoint    ] Application time: 1.0000912 seconds
[85.167s][info ][safepoint    ] Entering safepoint region: Cleanup
[85.167s][info ][safepoint    ] Leaving safepoint region
[85.167s][info ][safepoint    ] Total time for which application threads were stopped: 0.0000848 seconds, Stopping threads took: 0.0000156 seconds
[86.167s][info ][safepoint    ] Application time: 1.0000821 seconds
[86.167s][info ][safepoint    ] Entering safepoint region: Cleanup
[86.167s][info ][safepoint    ] Leaving safepoint region
[86.167s][info ][safepoint    ] Total time for which application threads were stopped: 0.0000900 seconds, Stopping threads took: 0.0000253 seconds
[87.167s][info ][safepoint    ] Application time: 1.0001642 seconds
[87.167s][info ][safepoint    ] Entering safepoint region: Cleanup
[87.167s][info ][safepoint    ] Leaving safepoint region
[87.167s][info ][safepoint    ] Total time for which application threads were stopped: 0.0001103 seconds, Stopping threads took: 0.0000241 seconds
[88.013s][info ][safepoint    ] Application time: 0.8459902 seconds
[88.013s][info ][safepoint    ] Entering safepoint region: GenCollectForAllocation
[88.013s][info ][gc,start     ] GC(266) Pause Young (Allocation Failure)
[88.013s][info ][gc,task      ] GC(266) Using 4 workers of 4 for evacuation
[88.037s][debug][gc,ref       ] GC(266) Skipped phase1 of Reference Processing due to unavailable references
[88.037s][debug][gc,ref       ] GC(266) Skipped phase3 of Reference Processing due to unavailable references
[88.037s][debug][gc,age       ] GC(266) Desired survivor size 15368192 bytes, new threshold 6 (max threshold 6)
[88.037s][info ][gc,heap      ] GC(266) ParNew: 268718K->8268K(270336K)
[88.037s][info ][gc,heap      ] GC(266) CMS: 234255K->259506K(600768K)
[88.037s][info ][gc,metaspace ] GC(266) Metaspace: 57620K->57620K(1101824K)
[88.037s][info ][gc           ] GC(266) Pause Young (Allocation Failure) 491M->261M(850M) 23.561ms
[88.037s][info ][gc,cpu       ] GC(266) User=0.05s Sys=0.02s Real=0.02s
[88.037s][info ][safepoint    ] Leaving safepoint region
[88.037s][info ][safepoint    ] Total time for which application threads were stopped: 0.0237826 seconds, Stopping threads took: 0.0000756 seconds
[88.042s][info ][safepoint    ] Application time: 0.0051554 seconds
[88.042s][info ][safepoint    ] Entering safepoint region: RevokeBias
[88.042s][info ][safepoint    ] Leaving safepoint region
[88.042s][info ][safepoint    ] Total time for which application threads were stopped: 0.0000911 seconds, Stopping threads took: 0.0000318 seconds
[89.042s][info ][safepoint    ] Application time: 1.0001140 seconds
[89.042s][info ][safepoint    ] Entering safepoint region: Cleanup
[89.042s][info ][safepoint    ] Leaving safepoint region
[89.042s][info ][safepoint    ] Total time for which application threads were stopped: 0.0000840 seconds, Stopping threads took: 0.0000164 seconds
[90.043s][info ][safepoint    ] Application time: 1.0001365 seconds
[90.043s][info ][safepoint    ] Entering safepoint region: Cleanup
[90.043s][info ][safepoint    ] Leaving safepoint region
[90.043s][info ][safepoint    ] Total time for which application threads were stopped: 0.0000815 seconds, Stopping threads took: 0.0000162 seconds
[91.043s][info ][safepoint    ] Application time: 1.0000646 seconds
[91.043s][info ][safepoint    ] Entering safepoint region: Cleanup
[91.043s][info ][safepoint    ] Leaving safepoint region
[91.043s][info ][safepoint    ] Total time for which application threads were stopped: 0.0000864 seconds, Stopping threads took: 0.0000164 seconds
[92.043s][info ][safepoint    ] Application time: 1.0000812 seconds
[92.043s][info ][safepoint    ] Entering safepoint region: Cleanup
[92.043s][info ][safepoint    ] Leaving safepoint region
[92.043s][info ][safepoint    ] Total time for which application threads were stopped: 0.0000979 seconds, Stopping threads took: 0.0000297 seconds
[93.043s][info ][safepoint    ] Application time: 1.0000592 seconds
[93.043s][info ][safepoint    ] Entering safepoint region: Cleanup
[93.043s][info ][safepoint    ] Leaving safepoint region
[93.043s][info ][safepoint    ] Total time for which application threads were stopped: 0.0000761 seconds, Stopping threads took: 0.0000161 seconds
[94.043s][info ][safepoint    ] Application time: 1.0000864 seconds
[94.043s][info ][safepoint    ] Entering safepoint region: Cleanup
[94.044s][info ][safepoint    ] Leaving safepoint region
[94.044s][info ][safepoint    ] Total time for which application threads were stopped: 0.0000786 seconds, Stopping threads took: 0.0000153 seconds
[97.044s][info ][safepoint    ] Application time: 3.0003914 seconds
[97.044s][info ][safepoint    ] Entering safepoint region: Cleanup
[97.044s][info ][safepoint    ] Leaving safepoint region
[97.044s][info ][safepoint    ] Total time for which application threads were stopped: 0.0000977 seconds, Stopping threads took: 0.0000183 seconds
[100.044s][info ][safepoint    ] Application time: 3.0003098 seconds
[100.044s][info ][safepoint    ] Entering safepoint region: Cleanup
[100.044s][info ][safepoint    ] Leaving safepoint region
[100.045s][info ][safepoint    ] Total time for which application threads were stopped: 0.0000958 seconds, Stopping threads took: 0.0000169 seconds
[101.045s][info ][safepoint    ] Application time: 1.0000683 seconds
[101.045s][info ][safepoint    ] Entering safepoint region: Cleanup
[101.045s][info ][safepoint    ] Leaving safepoint region
[101.045s][info ][safepoint    ] Total time for which application threads were stopped: 0.0001061 seconds, Stopping threads took: 0.0000222 seconds
[103.045s][info ][safepoint    ] Application time: 2.0002350 seconds
[103.045s][info ][safepoint    ] Entering safepoint region: Cleanup
[103.045s][info ][safepoint    ] Leaving safepoint region
[103.045s][info ][safepoint    ] Total time for which application threads were stopped: 0.0001408 seconds, Stopping threads took: 0.0000211 seconds
[104.045s][info ][safepoint    ] Application time: 1.0001849 seconds
[104.045s][info ][safepoint    ] Entering safepoint region: Cleanup
[104.045s][info ][safepoint    ] Leaving safepoint region
[104.045s][info ][safepoint    ] Total time for which application threads were stopped: 0.0001209 seconds, Stopping threads took: 0.0000165 seconds
[105.046s][info ][safepoint    ] Application time: 1.0002319 seconds
[105.046s][info ][safepoint    ] Entering safepoint region: Cleanup
[105.046s][info ][safepoint    ] Leaving safepoint region
[105.046s][info ][safepoint    ] Total time for which application threads were stopped: 0.0000923 seconds, Stopping threads took: 0.0000176 seconds
[106.046s][info ][safepoint    ] Application time: 1.0000907 seconds
[106.046s][info ][safepoint    ] Entering safepoint region: Cleanup
[106.046s][info ][safepoint    ] Leaving safepoint region
[106.046s][info ][safepoint    ] Total time for which application threads were stopped: 0.0000791 seconds, Stopping threads took: 0.0000172 seconds
[107.046s][info ][safepoint    ] Application time: 1.0000822 seconds
[107.046s][info ][safepoint    ] Entering safepoint region: Cleanup
[107.046s][info ][safepoint    ] Leaving safepoint region
[107.046s][info ][safepoint    ] Total time for which application threads were stopped: 0.0000962 seconds, Stopping threads took: 0.0000192 seconds
[108.046s][info ][safepoint    ] Application time: 1.0001434 seconds
[108.046s][info ][safepoint    ] Entering safepoint region: Cleanup
[108.047s][info ][safepoint    ] Leaving safepoint region
[108.047s][info ][safepoint    ] Total time for which application threads were stopped: 0.0001062 seconds, Stopping threads took: 0.0000237 seconds
[109.047s][info ][safepoint    ] Application time: 1.0000984 seconds
[109.047s][info ][safepoint    ] Entering safepoint region: Cleanup
[109.047s][info ][safepoint    ] Leaving safepoint region
[109.047s][info ][safepoint    ] Total time for which application threads were stopped: 0.0000804 seconds, Stopping threads took: 0.0000173 seconds
[110.047s][info ][safepoint    ] Application time: 1.0000831 seconds
[110.047s][info ][safepoint    ] Entering safepoint region: Cleanup
[110.047s][info ][safepoint    ] Leaving safepoint region
[110.047s][info ][safepoint    ] Total time for which application threads were stopped: 0.0000794 seconds, Stopping threads took: 0.0000161 seconds
[111.047s][info ][safepoint    ] Application time: 1.0001605 seconds
[111.047s][info ][safepoint    ] Entering safepoint region: Cleanup
[111.047s][info ][safepoint    ] Leaving safepoint region
[111.047s][info ][safepoint    ] Total time for which application threads were stopped: 0.0000866 seconds, Stopping threads took: 0.0000177 seconds
[112.047s][info ][safepoint    ] Application time: 1.0000844 seconds
[112.047s][info ][safepoint    ] Entering safepoint region: Cleanup
[112.047s][info ][safepoint    ] Leaving safepoint region
[112.047s][info ][safepoint    ] Total time for which application threads were stopped: 0.0000919 seconds, Stopping threads took: 0.0000183 seconds
[113.048s][info ][safepoint    ] Application time: 1.0001535 seconds
[113.048s][info ][safepoint    ] Entering safepoint region: Cleanup
[113.048s][info ][safepoint    ] Leaving safepoint region
[113.048s][info ][safepoint    ] Total time for which application threads were stopped: 0.0001228 seconds, Stopping threads took: 0.0000279 seconds
[113.615s][info ][safepoint    ] Application time: 0.5676193 seconds
[113.616s][info ][safepoint    ] Entering safepoint region: ICBufferFull
[113.616s][info ][safepoint    ] Leaving safepoint region
[113.616s][info ][safepoint    ] Total time for which application threads were stopped: 0.0003029 seconds, Stopping threads took: 0.0000869 seconds
[114.489s][info ][safepoint    ] Application time: 0.8735524 seconds
[114.489s][info ][safepoint    ] Entering safepoint region: ICBufferFull
[114.490s][info ][safepoint    ] Leaving safepoint region
[114.490s][info ][safepoint    ] Total time for which application threads were stopped: 0.0002878 seconds, Stopping threads took: 0.0000724 seconds
[115.490s][info ][safepoint    ] Application time: 1.0001876 seconds
[115.490s][info ][safepoint    ] Entering safepoint region: Cleanup
[115.490s][info ][safepoint    ] Leaving safepoint region
[115.490s][info ][safepoint    ] Total time for which application threads were stopped: 0.0002257 seconds, Stopping threads took: 0.0000177 seconds
[116.490s][info ][safepoint    ] Application time: 1.0001012 seconds
[116.490s][info ][safepoint    ] Entering safepoint region: Cleanup
[116.490s][info ][safepoint    ] Leaving safepoint region
[116.490s][info ][safepoint    ] Total time for which application threads were stopped: 0.0001221 seconds, Stopping threads took: 0.0000235 seconds
[117.491s][info ][safepoint    ] Application time: 1.0001783 seconds
[117.491s][info ][safepoint    ] Entering safepoint region: Cleanup
[117.491s][info ][safepoint    ] Leaving safepoint region
[117.491s][info ][safepoint    ] Total time for which application threads were stopped: 0.0001001 seconds, Stopping threads took: 0.0000182 seconds
[118.491s][info ][safepoint    ] Application time: 1.0001651 seconds
[118.491s][info ][safepoint    ] Entering safepoint region: Cleanup
[118.491s][info ][safepoint    ] Leaving safepoint region
[118.491s][info ][safepoint    ] Total time for which application threads were stopped: 0.0000924 seconds, Stopping threads took: 0.0000169 seconds
[118.812s][info ][safepoint    ] Application time: 0.3208271 seconds
[118.812s][info ][safepoint    ] Entering safepoint region: GenCollectForAllocation
[118.812s][info ][gc,start     ] GC(267) Pause Young (Allocation Failure)
[118.812s][info ][gc,task      ] GC(267) Using 4 workers of 4 for evacuation
[118.816s][debug][gc,ref       ] GC(267) Skipped phase1 of Reference Processing due to unavailable references
[118.816s][debug][gc,ref       ] GC(267) Skipped phase3 of Reference Processing due to unavailable references
[118.816s][debug][gc,age       ] GC(267) Desired survivor size 15368192 bytes, new threshold 6 (max threshold 6)
[118.816s][info ][gc,heap      ] GC(267) ParNew: 248588K->4171K(270336K)
[118.816s][info ][gc,heap      ] GC(267) CMS: 259506K->259506K(600768K)
[118.816s][info ][gc,metaspace ] GC(267) Metaspace: 57880K->57880K(1101824K)
[118.816s][info ][gc           ] GC(267) Pause Young (Allocation Failure) 496M->257M(850M) 4.235ms
[118.816s][info ][gc,cpu       ] GC(267) User=0.01s Sys=0.00s Real=0.00s
[118.816s][info ][safepoint    ] Leaving safepoint region
[118.816s][info ][safepoint    ] Total time for which application threads were stopped: 0.0044282 seconds, Stopping threads took: 0.0000202 seconds
[119.816s][info ][safepoint    ] Application time: 1.0001057 seconds
[119.816s][info ][safepoint    ] Entering safepoint region: Cleanup
[119.816s][info ][safepoint    ] Leaving safepoint region
[119.816s][info ][safepoint    ] Total time for which application threads were stopped: 0.0001127 seconds, Stopping threads took: 0.0000163 seconds
[120.817s][info ][safepoint    ] Application time: 1.0000944 seconds
[120.817s][info ][safepoint    ] Entering safepoint region: Cleanup
[120.817s][info ][safepoint    ] Leaving safepoint region
[120.817s][info ][safepoint    ] Total time for which application threads were stopped: 0.0001139 seconds, Stopping threads took: 0.0000162 seconds
[121.817s][info ][safepoint    ] Application time: 1.0001525 seconds
[121.817s][info ][safepoint    ] Entering safepoint region: Cleanup
[121.817s][info ][safepoint    ] Leaving safepoint region
[121.817s][info ][safepoint    ] Total time for which application threads were stopped: 0.0001435 seconds, Stopping threads took: 0.0000162 seconds
[122.817s][info ][safepoint    ] Application time: 1.0001739 seconds
[122.817s][info ][safepoint    ] Entering safepoint region: Cleanup
[122.817s][info ][safepoint    ] Leaving safepoint region
[122.817s][info ][safepoint    ] Total time for which application threads were stopped: 0.0001045 seconds, Stopping threads took: 0.0000331 seconds
[123.818s][info ][safepoint    ] Application time: 1.0002237 seconds
[123.818s][info ][safepoint    ] Entering safepoint region: Cleanup
[123.818s][info ][safepoint    ] Leaving safepoint region
[123.818s][info ][safepoint    ] Total time for which application threads were stopped: 0.0000937 seconds, Stopping threads took: 0.0000175 seconds
[124.818s][info ][safepoint    ] Application time: 1.0001717 seconds
[124.818s][info ][safepoint    ] Entering safepoint region: Cleanup
[124.818s][info ][safepoint    ] Leaving safepoint region
[124.818s][info ][safepoint    ] Total time for which application threads were stopped: 0.0001624 seconds, Stopping threads took: 0.0000231 seconds
[125.818s][info ][safepoint    ] Application time: 1.0001052 seconds
[125.818s][info ][safepoint    ] Entering safepoint region: Cleanup
[125.818s][info ][safepoint    ] Leaving safepoint region
[125.818s][info ][safepoint    ] Total time for which application threads were stopped: 0.0001063 seconds, Stopping threads took: 0.0000170 seconds
[126.819s][info ][safepoint    ] Application time: 1.0001572 seconds
[126.819s][info ][safepoint    ] Entering safepoint region: Cleanup
[126.819s][info ][safepoint    ] Leaving safepoint region
[126.819s][info ][safepoint    ] Total time for which application threads were stopped: 0.0000971 seconds, Stopping threads took: 0.0000181 seconds
[127.819s][info ][safepoint    ] Application time: 1.0000933 seconds
[127.819s][info ][safepoint    ] Entering safepoint region: Cleanup
[127.819s][info ][safepoint    ] Leaving safepoint region
[127.819s][info ][safepoint    ] Total time for which application threads were stopped: 0.0000962 seconds, Stopping threads took: 0.0000161 seconds
[128.819s][info ][safepoint    ] Application time: 1.0000919 seconds
[128.819s][info ][safepoint    ] Entering safepoint region: Cleanup
[128.819s][info ][safepoint    ] Leaving safepoint region
[128.819s][info ][safepoint    ] Total time for which application threads were stopped: 0.0000805 seconds, Stopping threads took: 0.0000182 seconds
[129.819s][info ][safepoint    ] Application time: 1.0001325 seconds
[129.819s][info ][safepoint    ] Entering safepoint region: Cleanup
[129.819s][info ][safepoint    ] Leaving safepoint region
[129.819s][info ][safepoint    ] Total time for which application threads were stopped: 0.0001073 seconds, Stopping threads took: 0.0000233 seconds
[130.820s][info ][safepoint    ] Application time: 1.0001759 seconds
[130.820s][info ][safepoint    ] Entering safepoint region: Cleanup
[130.820s][info ][safepoint    ] Leaving safepoint region
[130.820s][info ][safepoint    ] Total time for which application threads were stopped: 0.0000893 seconds, Stopping threads took: 0.0000169 seconds
[131.820s][info ][safepoint    ] Application time: 1.0000997 seconds
[131.820s][info ][safepoint    ] Entering safepoint region: Cleanup
[131.820s][info ][safepoint    ] Leaving safepoint region
[131.820s][info ][safepoint    ] Total time for which application threads were stopped: 0.0000944 seconds, Stopping threads took: 0.0000199 seconds
[131.887s][info ][safepoint    ] Application time: 0.0672559 seconds
[131.887s][info ][safepoint    ] Entering safepoint region: RevokeBias
[131.887s][info ][safepoint    ] Leaving safepoint region
[131.887s][info ][safepoint    ] Total time for which application threads were stopped: 0.0000947 seconds, Stopping threads took: 0.0000158 seconds
[132.887s][info ][safepoint    ] Application time: 1.0000996 seconds
[132.888s][info ][safepoint    ] Entering safepoint region: Cleanup
[132.888s][info ][safepoint    ] Leaving safepoint region
[132.888s][info ][safepoint    ] Total time for which application threads were stopped: 0.0000837 seconds, Stopping threads took: 0.0000157 seconds
[133.888s][info ][safepoint    ] Application time: 1.0000922 seconds
[133.888s][info ][safepoint    ] Entering safepoint region: Cleanup
[133.888s][info ][safepoint    ] Leaving safepoint region
[133.888s][info ][safepoint    ] Total time for which application threads were stopped: 0.0001015 seconds, Stopping threads took: 0.0000178 seconds
[134.888s][info ][safepoint    ] Application time: 1.0000841 seconds
[134.888s][info ][safepoint    ] Entering safepoint region: Cleanup
[134.888s][info ][safepoint    ] Leaving safepoint region
[134.888s][info ][safepoint    ] Total time for which application threads were stopped: 0.0000942 seconds, Stopping threads took: 0.0000268 seconds
[136.888s][info ][safepoint    ] Application time: 2.0002506 seconds
[136.888s][info ][safepoint    ] Entering safepoint region: Cleanup
[136.888s][info ][safepoint    ] Leaving safepoint region
[136.888s][info ][safepoint    ] Total time for which application threads were stopped: 0.0000911 seconds, Stopping threads took: 0.0000162 seconds
[137.889s][info ][safepoint    ] Application time: 1.0001843 seconds
[137.889s][info ][safepoint    ] Entering safepoint region: Cleanup
[137.889s][info ][safepoint    ] Leaving safepoint region
[137.889s][info ][safepoint    ] Total time for which application threads were stopped: 0.0000879 seconds, Stopping threads took: 0.0000181 seconds
[139.889s][info ][safepoint    ] Application time: 2.0003100 seconds
[139.889s][info ][safepoint    ] Entering safepoint region: Cleanup
[139.889s][info ][safepoint    ] Leaving safepoint region
[139.889s][info ][safepoint    ] Total time for which application threads were stopped: 0.0000903 seconds, Stopping threads took: 0.0000172 seconds
[140.165s][info ][safepoint    ] Application time: 0.2758655 seconds
[140.165s][info ][safepoint    ] Entering safepoint region: RevokeBias
[140.165s][info ][safepoint    ] Leaving safepoint region
[140.165s][info ][safepoint    ] Total time for which application threads were stopped: 0.0000871 seconds, Stopping threads took: 0.0000147 seconds
[143.165s][info ][safepoint    ] Application time: 3.0002739 seconds
[143.166s][info ][safepoint    ] Entering safepoint region: Cleanup
[143.166s][info ][safepoint    ] Leaving safepoint region
[143.166s][info ][safepoint    ] Total time for which application threads were stopped: 0.0001430 seconds, Stopping threads took: 0.0000654 seconds
[144.863s][info ][safepoint    ] Application time: 1.6971322 seconds
[144.863s][info ][safepoint    ] Entering safepoint region: GenCollectForAllocation
[144.863s][info ][gc,start     ] GC(268) Pause Young (Allocation Failure)
[144.863s][info ][gc,task      ] GC(268) Using 4 workers of 4 for evacuation
[144.868s][debug][gc,ref       ] GC(268) Skipped phase1 of Reference Processing due to unavailable references
[144.868s][debug][gc,ref       ] GC(268) Skipped phase3 of Reference Processing due to unavailable references
[144.868s][debug][gc,age       ] GC(268) Desired survivor size 15368192 bytes, new threshold 6 (max threshold 6)
[144.868s][info ][gc,heap      ] GC(268) ParNew: 244491K->7707K(270336K)
[144.868s][info ][gc,heap      ] GC(268) CMS: 259506K->259506K(600768K)
[144.868s][info ][gc,metaspace ] GC(268) Metaspace: 57995K->57995K(1101824K)
[144.868s][info ][gc           ] GC(268) Pause Young (Allocation Failure) 492M->260M(850M) 5.532ms
[144.868s][info ][gc,cpu       ] GC(268) User=0.02s Sys=0.00s Real=0.00s
[144.868s][info ][safepoint    ] Leaving safepoint region
[144.868s][info ][safepoint    ] Total time for which application threads were stopped: 0.0057101 seconds, Stopping threads took: 0.0000181 seconds
[146.869s][info ][safepoint    ] Application time: 2.0003275 seconds
[146.869s][info ][safepoint    ] Entering safepoint region: Cleanup
[146.869s][info ][safepoint    ] Leaving safepoint region
[146.869s][info ][safepoint    ] Total time for which application threads were stopped: 0.0000864 seconds, Stopping threads took: 0.0000172 seconds
[148.869s][info ][safepoint    ] Application time: 2.0002479 seconds
[148.869s][info ][safepoint    ] Entering safepoint region: Cleanup
[148.869s][info ][safepoint    ] Leaving safepoint region
[148.869s][info ][safepoint    ] Total time for which application threads were stopped: 0.0000828 seconds, Stopping threads took: 0.0000159 seconds
[149.869s][info ][safepoint    ] Application time: 1.0000961 seconds
[149.869s][info ][safepoint    ] Entering safepoint region: Cleanup
[149.870s][info ][safepoint    ] Leaving safepoint region
[149.870s][info ][safepoint    ] Total time for which application threads were stopped: 0.0000846 seconds, Stopping threads took: 0.0000166 seconds
[153.870s][info ][safepoint    ] Application time: 4.0003016 seconds
[153.870s][info ][safepoint    ] Entering safepoint region: Cleanup
[153.870s][info ][safepoint    ] Leaving safepoint region
[153.870s][info ][safepoint    ] Total time for which application threads were stopped: 0.0001434 seconds, Stopping threads took: 0.0000765 seconds
[154.870s][info ][safepoint    ] Application time: 1.0000850 seconds
[154.870s][info ][safepoint    ] Entering safepoint region: Cleanup
[154.870s][info ][safepoint    ] Leaving safepoint region
[154.870s][info ][safepoint    ] Total time for which application threads were stopped: 0.0000916 seconds, Stopping threads took: 0.0000155 seconds
[156.870s][info ][safepoint    ] Application time: 2.0002141 seconds
[156.871s][info ][safepoint    ] Entering safepoint region: Cleanup
[156.871s][info ][safepoint    ] Leaving safepoint region
[156.871s][info ][safepoint    ] Total time for which application threads were stopped: 0.0000961 seconds, Stopping threads took: 0.0000191 seconds
[160.871s][info ][safepoint    ] Application time: 4.0003799 seconds
[160.871s][info ][safepoint    ] Entering safepoint region: Cleanup
[160.871s][info ][safepoint    ] Leaving safepoint region
[160.871s][info ][safepoint    ] Total time for which application threads were stopped: 0.0000918 seconds, Stopping threads took: 0.0000174 seconds
[161.871s][info ][safepoint    ] Application time: 1.0000618 seconds
[161.871s][info ][safepoint    ] Entering safepoint region: Cleanup
[161.871s][info ][safepoint    ] Leaving safepoint region
[161.871s][info ][safepoint    ] Total time for which application threads were stopped: 0.0000819 seconds, Stopping threads took: 0.0000157 seconds
[162.871s][info ][safepoint    ] Application time: 1.0000958 seconds
[162.871s][info ][safepoint    ] Entering safepoint region: Cleanup
[162.872s][info ][safepoint    ] Leaving safepoint region
[162.872s][info ][safepoint    ] Total time for which application threads were stopped: 0.0000813 seconds, Stopping threads took: 0.0000150 seconds
[163.872s][info ][safepoint    ] Application time: 1.0001053 seconds
[163.872s][info ][safepoint    ] Entering safepoint region: Cleanup
[163.872s][info ][safepoint    ] Leaving safepoint region
[163.872s][info ][safepoint    ] Total time for which application threads were stopped: 0.0000852 seconds, Stopping threads took: 0.0000174 seconds
[165.872s][info ][safepoint    ] Application time: 2.0001821 seconds
[165.872s][info ][safepoint    ] Entering safepoint region: Cleanup
[165.872s][info ][safepoint    ] Leaving safepoint region
[165.872s][info ][safepoint    ] Total time for which application threads were stopped: 0.0000962 seconds, Stopping threads took: 0.0000167 seconds
[166.872s][info ][safepoint    ] Application time: 1.0000897 seconds
[166.872s][info ][safepoint    ] Entering safepoint region: Cleanup
[166.872s][info ][safepoint    ] Leaving safepoint region
[166.872s][info ][safepoint    ] Total time for which application threads were stopped: 0.0000848 seconds, Stopping threads took: 0.0000170 seconds
[170.873s][info ][safepoint    ] Application time: 4.0003881 seconds
[170.873s][info ][safepoint    ] Entering safepoint region: Cleanup
[170.873s][info ][safepoint    ] Leaving safepoint region
[170.873s][info ][safepoint    ] Total time for which application threads were stopped: 0.0000969 seconds, Stopping threads took: 0.0000295 seconds
[171.873s][info ][safepoint    ] Application time: 1.0000724 seconds
[171.873s][info ][safepoint    ] Entering safepoint region: Cleanup
[171.873s][info ][safepoint    ] Leaving safepoint region
[171.873s][info ][safepoint    ] Total time for which application threads were stopped: 0.0000836 seconds, Stopping threads took: 0.0000160 seconds
[173.873s][info ][safepoint    ] Application time: 2.0001819 seconds
[173.873s][info ][safepoint    ] Entering safepoint region: Cleanup
[173.873s][info ][safepoint    ] Leaving safepoint region
[173.873s][info ][safepoint    ] Total time for which application threads were stopped: 0.0001725 seconds, Stopping threads took: 0.0000147 seconds
[181.042s][info ][safepoint    ] Application time: 7.1684787 seconds
[181.042s][info ][safepoint    ] Entering safepoint region: RevokeBias
[181.042s][info ][safepoint    ] Leaving safepoint region
[181.042s][info ][safepoint    ] Total time for which application threads were stopped: 0.0000901 seconds, Stopping threads took: 0.0000173 seconds
[182.691s][info ][safepoint    ] Application time: 1.6487991 seconds
[182.691s][info ][safepoint    ] Entering safepoint region: RevokeBias
[182.691s][info ][safepoint    ] Leaving safepoint region
[182.691s][info ][safepoint    ] Total time for which application threads were stopped: 0.0000952 seconds, Stopping threads took: 0.0000149 seconds
[182.963s][info ][safepoint    ] Application time: 0.2717820 seconds
[182.963s][info ][safepoint    ] Entering safepoint region: GenCollectForAllocation
[182.963s][info ][gc,start     ] GC(269) Pause Young (Allocation Failure)
[182.963s][info ][gc,task      ] GC(269) Using 4 workers of 4 for evacuation
[182.967s][debug][gc,ref       ] GC(269) Skipped phase1 of Reference Processing due to unavailable references
[182.967s][debug][gc,ref       ] GC(269) Skipped phase3 of Reference Processing due to unavailable references
[182.967s][debug][gc,ref       ] GC(269) Skipped phase4 of Reference Processing due to unavailable references
[182.967s][debug][gc,age       ] GC(269) Desired survivor size 15368192 bytes, new threshold 6 (max threshold 6)
[182.967s][info ][gc,heap      ] GC(269) ParNew: 248027K->7980K(270336K)
[182.967s][info ][gc,heap      ] GC(269) CMS: 259506K->259506K(600768K)
[182.967s][info ][gc,metaspace ] GC(269) Metaspace: 57999K->57999K(1101824K)
[182.967s][info ][gc           ] GC(269) Pause Young (Allocation Failure) 495M->261M(850M) 4.401ms
[182.967s][info ][gc,cpu       ] GC(269) User=0.02s Sys=0.00s Real=0.00s
[182.967s][info ][safepoint    ] Leaving safepoint region
[182.967s][info ][safepoint    ] Total time for which application threads were stopped: 0.0045421 seconds, Stopping threads took: 0.0000141 seconds
[184.990s][info ][safepoint    ] Application time: 2.0227180 seconds
[184.990s][info ][safepoint    ] Entering safepoint region: RevokeBias
[184.990s][info ][safepoint    ] Leaving safepoint region
[184.990s][info ][safepoint    ] Total time for which application threads were stopped: 0.0000983 seconds, Stopping threads took: 0.0000293 seconds
[186.990s][info ][safepoint    ] Application time: 2.0002839 seconds
[186.991s][info ][safepoint    ] Entering safepoint region: Cleanup
[186.991s][info ][safepoint    ] Leaving safepoint region
[186.991s][info ][safepoint    ] Total time for which application threads were stopped: 0.0000881 seconds, Stopping threads took: 0.0000289 seconds
[187.991s][info ][safepoint    ] Application time: 1.0000631 seconds
[187.991s][info ][safepoint    ] Entering safepoint region: Cleanup
[187.991s][info ][safepoint    ] Leaving safepoint region
[187.991s][info ][safepoint    ] Total time for which application threads were stopped: 0.0000857 seconds, Stopping threads took: 0.0000169 seconds
[189.991s][info ][safepoint    ] Application time: 2.0002395 seconds
[189.991s][info ][safepoint    ] Entering safepoint region: Cleanup
[189.991s][info ][safepoint    ] Leaving safepoint region
[189.991s][info ][safepoint    ] Total time for which application threads were stopped: 0.0000770 seconds, Stopping threads took: 0.0000165 seconds
[192.991s][info ][safepoint    ] Application time: 3.0002793 seconds
[192.992s][info ][safepoint    ] Entering safepoint region: Cleanup
[192.992s][info ][safepoint    ] Leaving safepoint region
[192.992s][info ][safepoint    ] Total time for which application threads were stopped: 0.0000912 seconds, Stopping threads took: 0.0000194 seconds
[196.992s][info ][safepoint    ] Application time: 4.0003244 seconds
[196.992s][info ][safepoint    ] Entering safepoint region: Cleanup
[196.992s][info ][safepoint    ] Leaving safepoint region
[196.992s][info ][safepoint    ] Total time for which application threads were stopped: 0.0001012 seconds, Stopping threads took: 0.0000174 seconds
[198.992s][info ][safepoint    ] Application time: 2.0001875 seconds
[198.992s][info ][safepoint    ] Entering safepoint region: Cleanup
[198.992s][info ][safepoint    ] Leaving safepoint region
[198.992s][info ][safepoint    ] Total time for which application threads were stopped: 0.0001503 seconds, Stopping threads took: 0.0000156 seconds
[200.165s][info ][safepoint    ] Application time: 1.1727410 seconds
[200.165s][info ][safepoint    ] Entering safepoint region: RevokeBias
[200.165s][info ][safepoint    ] Leaving safepoint region
[200.165s][info ][safepoint    ] Total time for which application threads were stopped: 0.0000794 seconds, Stopping threads took: 0.0000164 seconds
[201.165s][info ][safepoint    ] Application time: 1.0001018 seconds
[201.165s][info ][safepoint    ] Entering safepoint region: Cleanup
[201.166s][info ][safepoint    ] Leaving safepoint region
[201.166s][info ][safepoint    ] Total time for which application threads were stopped: 0.0000795 seconds, Stopping threads took: 0.0000152 seconds
[202.166s][info ][safepoint    ] Application time: 1.0001718 seconds
[202.166s][info ][safepoint    ] Entering safepoint region: Cleanup
[202.166s][info ][safepoint    ] Leaving safepoint region
[202.166s][info ][safepoint    ] Total time for which application threads were stopped: 0.0001226 seconds, Stopping threads took: 0.0000183 seconds
[203.166s][info ][safepoint    ] Application time: 1.0002192 seconds
[203.166s][info ][safepoint    ] Entering safepoint region: Cleanup
[203.166s][info ][safepoint    ] Leaving safepoint region
[203.166s][info ][safepoint    ] Total time for which application threads were stopped: 0.0001078 seconds, Stopping threads took: 0.0000150 seconds
[204.166s][info ][safepoint    ] Application time: 1.0000823 seconds
[204.166s][info ][safepoint    ] Entering safepoint region: Cleanup
[204.166s][info ][safepoint    ] Leaving safepoint region
[204.166s][info ][safepoint    ] Total time for which application threads were stopped: 0.0000964 seconds, Stopping threads took: 0.0000151 seconds
[205.167s][info ][safepoint    ] Application time: 1.0001635 seconds
[205.167s][info ][safepoint    ] Entering safepoint region: Cleanup
[205.167s][info ][safepoint    ] Leaving safepoint region
[205.167s][info ][safepoint    ] Total time for which application threads were stopped: 0.0000854 seconds, Stopping threads took: 0.0000150 seconds
[206.167s][info ][safepoint    ] Application time: 1.0001098 seconds
[206.167s][info ][safepoint    ] Entering safepoint region: Cleanup
[206.167s][info ][safepoint    ] Leaving safepoint region
[206.167s][info ][safepoint    ] Total time for which application threads were stopped: 0.0000739 seconds, Stopping threads took: 0.0000147 seconds
[208.167s][info ][safepoint    ] Application time: 2.0001259 seconds
[208.167s][info ][safepoint    ] Entering safepoint region: Cleanup
[208.167s][info ][safepoint    ] Leaving safepoint region
[208.167s][info ][safepoint    ] Total time for which application threads were stopped: 0.0000709 seconds, Stopping threads took: 0.0000145 seconds
[209.167s][info ][safepoint    ] Application time: 1.0000567 seconds
[209.167s][info ][safepoint    ] Entering safepoint region: Cleanup
[209.167s][info ][safepoint    ] Leaving safepoint region
[209.167s][info ][safepoint    ] Total time for which application threads were stopped: 0.0000712 seconds, Stopping threads took: 0.0000145 seconds
[210.167s][info ][safepoint    ] Application time: 1.0001045 seconds
[210.168s][info ][safepoint    ] Entering safepoint region: Cleanup
[210.168s][info ][safepoint    ] Leaving safepoint region
[210.168s][info ][safepoint    ] Total time for which application threads were stopped: 0.0001027 seconds, Stopping threads took: 0.0000195 seconds
[211.327s][info ][safepoint    ] Application time: 1.1595325 seconds
[211.327s][info ][safepoint    ] Entering safepoint region: RevokeBias
[211.327s][info ][safepoint    ] Leaving safepoint region
[211.327s][info ][safepoint    ] Total time for which application threads were stopped: 0.0001156 seconds, Stopping threads took: 0.0000156 seconds
[212.327s][info ][safepoint    ] Application time: 1.0000875 seconds
[212.327s][info ][safepoint    ] Entering safepoint region: Cleanup
[212.328s][info ][safepoint    ] Leaving safepoint region
[212.328s][info ][safepoint    ] Total time for which application threads were stopped: 0.0000826 seconds, Stopping threads took: 0.0000139 seconds
[213.328s][info ][safepoint    ] Application time: 1.0000917 seconds
[213.328s][info ][safepoint    ] Entering safepoint region: Cleanup
[213.328s][info ][safepoint    ] Leaving safepoint region
[213.328s][info ][safepoint    ] Total time for which application threads were stopped: 0.0000694 seconds, Stopping threads took: 0.0000132 seconds
[214.328s][info ][safepoint    ] Application time: 1.0000957 seconds
[214.328s][info ][safepoint    ] Entering safepoint region: Cleanup
[214.328s][info ][safepoint    ] Leaving safepoint region
[214.328s][info ][safepoint    ] Total time for which application threads were stopped: 0.0000683 seconds, Stopping threads took: 0.0000139 seconds
[216.463s][info ][safepoint    ] Application time: 2.1348746 seconds
[216.463s][info ][safepoint    ] Entering safepoint region: GenCollectForAllocation
[216.463s][info ][gc,start     ] GC(270) Pause Young (Allocation Failure)
[216.463s][info ][gc,task      ] GC(270) Using 4 workers of 4 for evacuation
[216.467s][debug][gc,ref       ] GC(270) Skipped phase1 of Reference Processing due to unavailable references
[216.467s][debug][gc,ref       ] GC(270) Skipped phase3 of Reference Processing due to unavailable references
[216.467s][debug][gc,age       ] GC(270) Desired survivor size 15368192 bytes, new threshold 6 (max threshold 6)
[216.467s][info ][gc,heap      ] GC(270) ParNew: 248300K->8619K(270336K)
[216.467s][info ][gc,heap      ] GC(270) CMS: 259506K->259506K(600768K)
[216.467s][info ][gc,metaspace ] GC(270) Metaspace: 58073K->58073K(1101824K)
[216.467s][info ][gc           ] GC(270) Pause Young (Allocation Failure) 495M->261M(850M) 4.503ms
[216.467s][info ][gc,cpu       ] GC(270) User=0.01s Sys=0.00s Real=0.00s
[216.467s][info ][safepoint    ] Leaving safepoint region
[216.468s][info ][safepoint    ] Total time for which application threads were stopped: 0.0046550 seconds, Stopping threads took: 0.0000286 seconds
[223.468s][info ][safepoint    ] Application time: 7.0006816 seconds
[223.468s][info ][safepoint    ] Entering safepoint region: Cleanup
[223.468s][info ][safepoint    ] Leaving safepoint region
[223.468s][info ][safepoint    ] Total time for which application threads were stopped: 0.0000930 seconds, Stopping threads took: 0.0000201 seconds
[230.469s][info ][safepoint    ] Application time: 7.0008739 seconds
[230.469s][info ][safepoint    ] Entering safepoint region: Cleanup
[230.469s][info ][safepoint    ] Leaving safepoint region
[230.469s][info ][safepoint    ] Total time for which application threads were stopped: 0.0000761 seconds, Stopping threads took: 0.0000143 seconds
[231.470s][info ][safepoint    ] Application time: 1.0001956 seconds
[231.470s][info ][safepoint    ] Entering safepoint region: Cleanup
[231.470s][info ][safepoint    ] Leaving safepoint region
[231.470s][info ][safepoint    ] Total time for which application threads were stopped: 0.0000932 seconds, Stopping threads took: 0.0000288 seconds
[232.470s][info ][safepoint    ] Application time: 1.0001687 seconds
[232.470s][info ][safepoint    ] Entering safepoint region: Cleanup
[232.470s][info ][safepoint    ] Leaving safepoint region
[232.470s][info ][safepoint    ] Total time for which application threads were stopped: 0.0001465 seconds, Stopping threads took: 0.0000228 seconds
[233.470s][info ][safepoint    ] Application time: 1.0001799 seconds
[233.470s][info ][safepoint    ] Entering safepoint region: Cleanup
[233.470s][info ][safepoint    ] Leaving safepoint region
[233.470s][info ][safepoint    ] Total time for which application threads were stopped: 0.0001069 seconds, Stopping threads took: 0.0000177 seconds
[234.471s][info ][safepoint    ] Application time: 1.0001692 seconds
[234.471s][info ][safepoint    ] Entering safepoint region: Cleanup
[234.471s][info ][safepoint    ] Leaving safepoint region
[234.471s][info ][safepoint    ] Total time for which application threads were stopped: 0.0001008 seconds, Stopping threads took: 0.0000184 seconds
[235.471s][info ][safepoint    ] Application time: 1.0001239 seconds
[235.471s][info ][safepoint    ] Entering safepoint region: Cleanup
[235.471s][info ][safepoint    ] Leaving safepoint region
[235.471s][info ][safepoint    ] Total time for which application threads were stopped: 0.0001277 seconds, Stopping threads took: 0.0000218 seconds
[235.495s][info ][safepoint    ] Application time: 0.0239641 seconds
[235.495s][info ][safepoint    ] Entering safepoint region: Deoptimize
[235.496s][info ][safepoint    ] Leaving safepoint region
[235.496s][info ][safepoint    ] Total time for which application threads were stopped: 0.0013754 seconds, Stopping threads took: 0.0000153 seconds
[236.496s][info ][safepoint    ] Application time: 1.0000974 seconds
[236.496s][info ][safepoint    ] Entering safepoint region: Cleanup
[236.497s][info ][safepoint    ] Leaving safepoint region
[236.497s][info ][safepoint    ] Total time for which application threads were stopped: 0.0001867 seconds, Stopping threads took: 0.0000159 seconds
[236.762s][info ][safepoint    ] Application time: 0.2656428 seconds
[236.762s][info ][safepoint    ] Entering safepoint region: GenCollectForAllocation
[236.762s][info ][gc,start     ] GC(271) Pause Young (Allocation Failure)
[236.762s][info ][gc,task      ] GC(271) Using 4 workers of 4 for evacuation
[236.769s][debug][gc,ref       ] GC(271) Skipped phase1 of Reference Processing due to unavailable references
[236.769s][debug][gc,ref       ] GC(271) Skipped phase3 of Reference Processing due to unavailable references
[236.769s][debug][gc,age       ] GC(271) Desired survivor size 15368192 bytes, new threshold 6 (max threshold 6)
[236.769s][info ][gc,heap      ] GC(271) ParNew: 248939K->15958K(270336K)
[236.769s][info ][gc,heap      ] GC(271) CMS: 259506K->259506K(600768K)
[236.769s][info ][gc,metaspace ] GC(271) Metaspace: 58241K->58241K(1101824K)
[236.769s][info ][gc           ] GC(271) Pause Young (Allocation Failure) 496M->269M(850M) 6.912ms
[236.769s][info ][gc,cpu       ] GC(271) User=0.03s Sys=0.00s Real=0.00s
[236.769s][info ][safepoint    ] Leaving safepoint region
[236.769s][info ][safepoint    ] Total time for which application threads were stopped: 0.0070747 seconds, Stopping threads took: 0.0000301 seconds
[237.770s][info ][safepoint    ] Application time: 1.0001075 seconds
[237.770s][info ][safepoint    ] Entering safepoint region: Cleanup
[237.770s][info ][safepoint    ] Leaving safepoint region
[237.770s][info ][safepoint    ] Total time for which application threads were stopped: 0.0000915 seconds, Stopping threads took: 0.0000154 seconds
[238.770s][info ][safepoint    ] Application time: 1.0001702 seconds
[238.770s][info ][safepoint    ] Entering safepoint region: Cleanup
[238.770s][info ][safepoint    ] Leaving safepoint region
[238.770s][info ][safepoint    ] Total time for which application threads were stopped: 0.0001054 seconds, Stopping threads took: 0.0000166 seconds
[239.770s][info ][safepoint    ] Application time: 1.0000980 seconds
[239.770s][info ][safepoint    ] Entering safepoint region: Cleanup
[239.770s][info ][safepoint    ] Leaving safepoint region
[239.770s][info ][safepoint    ] Total time for which application threads were stopped: 0.0000938 seconds, Stopping threads took: 0.0000128 seconds
[240.770s][info ][safepoint    ] Application time: 1.0000938 seconds
[240.770s][info ][safepoint    ] Entering safepoint region: Cleanup
[240.770s][info ][safepoint    ] Leaving safepoint region
[240.770s][info ][safepoint    ] Total time for which application threads were stopped: 0.0000954 seconds, Stopping threads took: 0.0000150 seconds
[241.771s][info ][safepoint    ] Application time: 1.0001666 seconds
[241.771s][info ][safepoint    ] Entering safepoint region: Cleanup
[241.771s][info ][safepoint    ] Leaving safepoint region
[241.771s][info ][safepoint    ] Total time for which application threads were stopped: 0.0001023 seconds, Stopping threads took: 0.0000160 seconds
[242.771s][info ][safepoint    ] Application time: 1.0001168 seconds
[242.771s][info ][safepoint    ] Entering safepoint region: Cleanup
[242.771s][info ][safepoint    ] Leaving safepoint region
[242.771s][info ][safepoint    ] Total time for which application threads were stopped: 0.0000881 seconds, Stopping threads took: 0.0000155 seconds
[243.646s][info ][safepoint    ] Application time: 0.8748548 seconds
[243.646s][info ][safepoint    ] Entering safepoint region: GenCollectForAllocation
[243.646s][info ][gc,start     ] GC(272) Pause Young (Allocation Failure)
[243.646s][info ][gc,task      ] GC(272) Using 4 workers of 4 for evacuation
[243.655s][debug][gc,ref       ] GC(272) Skipped phase1 of Reference Processing due to unavailable references
[243.655s][debug][gc,ref       ] GC(272) Skipped phase3 of Reference Processing due to unavailable references
[243.656s][debug][gc,age       ] GC(272) Desired survivor size 15368192 bytes, new threshold 2 (max threshold 6)
[243.656s][info ][gc,heap      ] GC(272) ParNew: 256230K->28146K(270336K)
[243.656s][info ][gc,heap      ] GC(272) CMS: 259506K->259612K(600768K)
[243.656s][info ][gc,metaspace ] GC(272) Metaspace: 58262K->58262K(1101824K)
[243.656s][info ][gc           ] GC(272) Pause Young (Allocation Failure) 503M->281M(850M) 9.700ms
[243.656s][info ][gc,cpu       ] GC(272) User=0.04s Sys=0.00s Real=0.01s
[243.656s][info ][safepoint    ] Leaving safepoint region
[243.656s][info ][safepoint    ] Total time for which application threads were stopped: 0.0098536 seconds, Stopping threads took: 0.0000127 seconds
[243.657s][info ][safepoint    ] Application time: 0.0014054 seconds
[243.657s][info ][safepoint    ] Entering safepoint region: RevokeBias
[243.657s][info ][safepoint    ] Leaving safepoint region
[243.657s][info ][safepoint    ] Total time for which application threads were stopped: 0.0001152 seconds, Stopping threads took: 0.0000383 seconds
[243.657s][info ][safepoint    ] Application time: 0.0001554 seconds
[243.657s][info ][safepoint    ] Entering safepoint region: RevokeBias
[243.657s][info ][safepoint    ] Leaving safepoint region
[243.657s][info ][safepoint    ] Total time for which application threads were stopped: 0.0000606 seconds, Stopping threads took: 0.0000294 seconds
[243.658s][info ][safepoint    ] Application time: 0.0000490 seconds
[243.658s][info ][safepoint    ] Entering safepoint region: RevokeBias
[243.658s][info ][safepoint    ] Leaving safepoint region
[243.658s][info ][safepoint    ] Total time for which application threads were stopped: 0.0000598 seconds, Stopping threads took: 0.0000328 seconds
[243.664s][info ][safepoint    ] Application time: 0.0068459 seconds
[243.665s][info ][safepoint    ] Entering safepoint region: RevokeBias
[243.665s][info ][safepoint    ] Leaving safepoint region
[243.665s][info ][safepoint    ] Total time for which application threads were stopped: 0.0001135 seconds, Stopping threads took: 0.0000443 seconds
[243.665s][info ][safepoint    ] Application time: 0.0000534 seconds
[243.665s][info ][safepoint    ] Entering safepoint region: RevokeBias
[243.665s][info ][safepoint    ] Leaving safepoint region
[243.665s][info ][safepoint    ] Total time for which application threads were stopped: 0.0000316 seconds, Stopping threads took: 0.0000052 seconds
[243.665s][info ][safepoint    ] Application time: 0.0003909 seconds
[243.665s][info ][safepoint    ] Entering safepoint region: RevokeBias
[243.665s][info ][safepoint    ] Leaving safepoint region
[243.665s][info ][safepoint    ] Total time for which application threads were stopped: 0.0000297 seconds, Stopping threads took: 0.0000053 seconds
[244.665s][info ][safepoint    ] Application time: 1.0000911 seconds
[244.665s][info ][safepoint    ] Entering safepoint region: Cleanup
[244.665s][info ][safepoint    ] Leaving safepoint region
[244.665s][info ][safepoint    ] Total time for which application threads were stopped: 0.0001110 seconds, Stopping threads took: 0.0000535 seconds
[245.665s][info ][safepoint    ] Application time: 1.0000937 seconds
[245.666s][info ][safepoint    ] Entering safepoint region: Cleanup
[245.666s][info ][safepoint    ] Leaving safepoint region
[245.666s][info ][safepoint    ] Total time for which application threads were stopped: 0.0000992 seconds, Stopping threads took: 0.0000183 seconds
[246.666s][info ][safepoint    ] Application time: 1.0001635 seconds
[246.666s][info ][safepoint    ] Entering safepoint region: Cleanup
[246.666s][info ][safepoint    ] Leaving safepoint region
[246.666s][info ][safepoint    ] Total time for which application threads were stopped: 0.0000814 seconds, Stopping threads took: 0.0000159 seconds
[246.746s][info ][safepoint    ] Application time: 0.0804804 seconds
[246.746s][info ][safepoint    ] Entering safepoint region: RevokeBias
[246.747s][info ][safepoint    ] Leaving safepoint region
[246.747s][info ][safepoint    ] Total time for which application threads were stopped: 0.0000926 seconds, Stopping threads took: 0.0000139 seconds
[247.747s][info ][safepoint    ] Application time: 1.0000863 seconds
[247.747s][info ][safepoint    ] Entering safepoint region: Cleanup
[247.747s][info ][safepoint    ] Leaving safepoint region
[247.747s][info ][safepoint    ] Total time for which application threads were stopped: 0.0001085 seconds, Stopping threads took: 0.0000461 seconds
[248.745s][info ][safepoint    ] Application time: 0.9978274 seconds
[248.745s][info ][safepoint    ] Entering safepoint region: GenCollectForAllocation
[248.745s][info ][gc,start     ] GC(273) Pause Young (Allocation Failure)
[248.745s][info ][gc,task      ] GC(273) Using 4 workers of 4 for evacuation
[248.760s][debug][gc,ref       ] GC(273) Skipped phase1 of Reference Processing due to unavailable references
[248.760s][debug][gc,ref       ] GC(273) Skipped phase3 of Reference Processing due to unavailable references
[248.760s][debug][gc,age       ] GC(273) Desired survivor size 15368192 bytes, new threshold 2 (max threshold 6)
[248.760s][info ][gc,heap      ] GC(273) ParNew: 268466K->27024K(270336K)
[248.760s][info ][gc,heap      ] GC(273) CMS: 259612K->269785K(600768K)
[248.760s][info ][gc,metaspace ] GC(273) Metaspace: 58272K->58272K(1101824K)
[248.760s][info ][gc           ] GC(273) Pause Young (Allocation Failure) 515M->289M(850M) 15.429ms
[248.760s][info ][gc,cpu       ] GC(273) User=0.05s Sys=0.00s Real=0.02s
[248.760s][info ][safepoint    ] Leaving safepoint region
[248.760s][info ][safepoint    ] Total time for which application threads were stopped: 0.0155857 seconds, Stopping threads took: 0.0000125 seconds
[248.782s][info ][safepoint    ] Application time: 0.0215301 seconds
[248.782s][info ][safepoint    ] Entering safepoint region: ICBufferFull
[248.782s][info ][safepoint    ] Leaving safepoint region
[248.782s][info ][safepoint    ] Total time for which application threads were stopped: 0.0002571 seconds, Stopping threads took: 0.0000130 seconds
[249.782s][info ][safepoint    ] Application time: 1.0001043 seconds
[249.782s][info ][safepoint    ] Entering safepoint region: Cleanup
[249.782s][info ][safepoint    ] Leaving safepoint region
[249.782s][info ][safepoint    ] Total time for which application threads were stopped: 0.0001285 seconds, Stopping threads took: 0.0000416 seconds
[250.782s][info ][safepoint    ] Application time: 1.0001758 seconds
[250.783s][info ][safepoint    ] Entering safepoint region: Cleanup
[250.783s][info ][safepoint    ] Leaving safepoint region
[250.783s][info ][safepoint    ] Total time for which application threads were stopped: 0.0000995 seconds, Stopping threads took: 0.0000166 seconds
[251.783s][info ][safepoint    ] Application time: 1.0001745 seconds
[251.783s][info ][safepoint    ] Entering safepoint region: Cleanup
[251.783s][info ][safepoint    ] Leaving safepoint region
[251.783s][info ][safepoint    ] Total time for which application threads were stopped: 0.0000842 seconds, Stopping threads took: 0.0000163 seconds
[252.783s][info ][safepoint    ] Application time: 1.0001065 seconds
[252.783s][info ][safepoint    ] Entering safepoint region: Cleanup
[252.783s][info ][safepoint    ] Leaving safepoint region
[252.783s][info ][safepoint    ] Total time for which application threads were stopped: 0.0000945 seconds, Stopping threads took: 0.0000173 seconds
[253.783s][info ][safepoint    ] Application time: 1.0000857 seconds
[253.783s][info ][safepoint    ] Entering safepoint region: Cleanup
[253.783s][info ][safepoint    ] Leaving safepoint region
[253.783s][info ][safepoint    ] Total time for which application threads were stopped: 0.0000964 seconds, Stopping threads took: 0.0000172 seconds
[254.035s][info ][safepoint    ] Application time: 0.2514343 seconds
[254.035s][info ][safepoint    ] Entering safepoint region: RevokeBias
[254.035s][info ][safepoint    ] Leaving safepoint region
[254.035s][info ][safepoint    ] Total time for which application threads were stopped: 0.0001633 seconds, Stopping threads took: 0.0000151 seconds
[255.035s][info ][safepoint    ] Application time: 1.0001089 seconds
[255.035s][info ][safepoint    ] Entering safepoint region: Cleanup
[255.035s][info ][safepoint    ] Leaving safepoint region
[255.035s][info ][safepoint    ] Total time for which application threads were stopped: 0.0001413 seconds, Stopping threads took: 0.0000163 seconds
[255.298s][info ][safepoint    ] Application time: 0.2622378 seconds
[255.298s][info ][safepoint    ] Entering safepoint region: GenCollectForAllocation
[255.298s][info ][gc,start     ] GC(274) Pause Young (Allocation Failure)
[255.298s][info ][gc,task      ] GC(274) Using 4 workers of 4 for evacuation
[255.311s][debug][gc,ref       ] GC(274) Skipped phase1 of Reference Processing due to unavailable references
[255.311s][debug][gc,ref       ] GC(274) Skipped phase3 of Reference Processing due to unavailable references
[255.311s][debug][gc,age       ] GC(274) Desired survivor size 15368192 bytes, new threshold 2 (max threshold 6)
[255.311s][info ][gc,heap      ] GC(274) ParNew: 267315K->25899K(270336K)
[255.311s][info ][gc,heap      ] GC(274) CMS: 269785K->278095K(600768K)
[255.311s][info ][gc,metaspace ] GC(274) Metaspace: 58706K->58706K(1103872K)
[255.311s][info ][gc           ] GC(274) Pause Young (Allocation Failure) 524M->296M(850M) 13.612ms
[255.311s][info ][gc,cpu       ] GC(274) User=0.05s Sys=0.00s Real=0.02s
[255.311s][info ][safepoint    ] Leaving safepoint region
[255.311s][info ][safepoint    ] Total time for which application threads were stopped: 0.0137639 seconds, Stopping threads took: 0.0000128 seconds
[256.311s][info ][safepoint    ] Application time: 1.0000993 seconds
[256.312s][info ][safepoint    ] Entering safepoint region: Cleanup
[256.312s][info ][safepoint    ] Leaving safepoint region
[256.312s][info ][safepoint    ] Total time for which application threads were stopped: 0.0001526 seconds, Stopping threads took: 0.0000708 seconds
[257.312s][info ][safepoint    ] Application time: 1.0000928 seconds
[257.312s][info ][safepoint    ] Entering safepoint region: Cleanup
[257.312s][info ][safepoint    ] Leaving safepoint region
[257.312s][info ][safepoint    ] Total time for which application threads were stopped: 0.0001306 seconds, Stopping threads took: 0.0000379 seconds
[258.312s][info ][safepoint    ] Application time: 1.0001976 seconds
[258.312s][info ][safepoint    ] Entering safepoint region: Cleanup
[258.312s][info ][safepoint    ] Leaving safepoint region
[258.312s][info ][safepoint    ] Total time for which application threads were stopped: 0.0001568 seconds, Stopping threads took: 0.0000605 seconds
[259.312s][info ][safepoint    ] Application time: 1.0001780 seconds
[259.313s][info ][safepoint    ] Entering safepoint region: Cleanup
[259.313s][info ][safepoint    ] Leaving safepoint region
[259.313s][info ][safepoint    ] Total time for which application threads were stopped: 0.0001030 seconds, Stopping threads took: 0.0000381 seconds
[260.165s][info ][safepoint    ] Application time: 0.8525257 seconds
[260.165s][info ][safepoint    ] Entering safepoint region: RevokeBias
[260.165s][info ][safepoint    ] Leaving safepoint region
[260.165s][info ][safepoint    ] Total time for which application threads were stopped: 0.0001163 seconds, Stopping threads took: 0.0000144 seconds
[261.163s][info ][safepoint    ] Application time: 0.9980431 seconds
[261.163s][info ][safepoint    ] Entering safepoint region: CollectForMetadataAllocation
[261.164s][info ][safepoint    ] Leaving safepoint region
[261.164s][info ][safepoint    ] Total time for which application threads were stopped: 0.0003731 seconds, Stopping threads took: 0.0001159 seconds
[261.310s][info ][safepoint    ] Application time: 0.1461596 seconds
[261.310s][info ][safepoint    ] Entering safepoint region: CMS_Initial_Mark
[261.310s][info ][gc,start     ] GC(275) Pause Initial Mark
[261.351s][info ][gc           ] GC(275) Pause Initial Mark 499M->499M(850M) 41.003ms
[261.351s][info ][gc,cpu       ] GC(275) User=0.16s Sys=0.00s Real=0.05s
[261.351s][info ][safepoint    ] Leaving safepoint region
[261.351s][info ][safepoint    ] Total time for which application threads were stopped: 0.0413028 seconds, Stopping threads took: 0.0000165 seconds
[261.351s][info ][gc           ] GC(275) Concurrent Mark
[261.686s][info ][gc           ] GC(275) Concurrent Mark 335.188ms
[261.687s][info ][gc,cpu       ] GC(275) User=0.62s Sys=0.04s Real=0.33s
[261.687s][info ][gc           ] GC(275) Concurrent Preclean
[261.687s][debug][gc,ref       ] GC(275) Preclean SoftReferences 0.001ms
[261.687s][debug][gc,ref       ] GC(275) Preclean WeakReferences 0.065ms
[261.687s][debug][gc,ref       ] GC(275) Preclean FinalReferences 0.000ms
[261.687s][debug][gc,ref       ] GC(275) Preclean PhantomReferences 0.004ms
[261.690s][info ][gc           ] GC(275) Concurrent Preclean 3.141ms
[261.690s][info ][gc,cpu       ] GC(275) User=0.00s Sys=0.00s Real=0.00s
[261.690s][info ][gc           ] GC(275) Concurrent Abortable Preclean
[262.039s][info ][safepoint    ] Application time: 0.6873348 seconds
[262.039s][info ][safepoint    ] Entering safepoint region: GenCollectForAllocation
[262.039s][info ][gc,start     ] GC(276) Pause Young (Allocation Failure)
[262.039s][info ][gc,task      ] GC(276) Using 4 workers of 4 for evacuation
[262.052s][debug][gc,ref       ] GC(276) Skipped phase1 of Reference Processing due to unavailable references
[262.052s][debug][gc,ref       ] GC(276) Skipped phase3 of Reference Processing due to unavailable references
[262.052s][debug][gc,age       ] GC(276) Desired survivor size 15368192 bytes, new threshold 2 (max threshold 6)
[262.052s][info ][gc,heap      ] GC(276) ParNew: 266201K->24563K(270336K)
[262.052s][info ][gc,heap      ] GC(276) CMS: 278095K->285654K(600768K)
[262.052s][info ][gc,metaspace ] GC(276) Metaspace: 59026K->59026K(1103872K)
[262.052s][info ][gc           ] GC(276) Pause Young (Allocation Failure) 531M->302M(850M) 13.665ms
[262.052s][info ][gc,cpu       ] GC(276) User=0.06s Sys=0.01s Real=0.01s
[262.052s][info ][safepoint    ] Leaving safepoint region
[262.052s][info ][safepoint    ] Total time for which application threads were stopped: 0.0138552 seconds, Stopping threads took: 0.0000152 seconds
[263.053s][info ][safepoint    ] Application time: 1.0001883 seconds
[263.053s][info ][safepoint    ] Entering safepoint region: Cleanup
[263.053s][info ][safepoint    ] Leaving safepoint region
[263.053s][info ][safepoint    ] Total time for which application threads were stopped: 0.0000923 seconds, Stopping threads took: 0.0000168 seconds
[264.053s][info ][safepoint    ] Application time: 1.0001955 seconds
[264.053s][info ][safepoint    ] Entering safepoint region: Cleanup
[264.053s][info ][safepoint    ] Leaving safepoint region
[264.053s][info ][safepoint    ] Total time for which application threads were stopped: 0.0001456 seconds, Stopping threads took: 0.0000186 seconds
[266.053s][info ][safepoint    ] Application time: 2.0001850 seconds
[266.053s][info ][safepoint    ] Entering safepoint region: Cleanup
[266.053s][info ][safepoint    ] Leaving safepoint region
[266.053s][info ][safepoint    ] Total time for which application threads were stopped: 0.0000788 seconds, Stopping threads took: 0.0000149 seconds
[266.690s][info ][gc           ] GC(275) Concurrent Abortable Preclean 5000.333ms
[266.690s][info ][gc,cpu       ] GC(275) User=4.23s Sys=0.31s Real=5.00s
[266.690s][info ][safepoint    ] Application time: 0.6367002 seconds
[266.690s][info ][safepoint    ] Entering safepoint region: CMS_Final_Remark
[266.690s][info ][gc,start     ] GC(275) Pause Remark
[266.712s][debug][gc,phases    ] GC(275) Rescan (parallel) 21.888ms
[266.712s][debug][gc,ref       ] GC(275) Skipped phase1 of Reference Processing due to unavailable references
[266.712s][debug][gc,ref       ] GC(275) Skipped phase2 of Reference Processing due to unavailable references
[266.712s][debug][gc,ref       ] GC(275) Skipped phase3 of Reference Processing due to unavailable references
[266.712s][debug][gc,ref       ] GC(275) Skipped phase4 of Reference Processing due to unavailable references
[266.712s][debug][gc,phases    ] GC(275) Reference Processing 0.035ms
[266.712s][debug][gc,phases    ] GC(275) Weak Processing 0.189ms
[266.714s][debug][gc,phases    ] GC(275) ClassLoaderData 1.082ms
[266.714s][debug][gc,phases    ] GC(275) Dictionary 0.020ms
[266.714s][debug][gc,phases    ] GC(275) ProtectionDomainCacheTable 0.004ms
[266.714s][debug][gc,phases    ] GC(275) ResolvedMethodTable 0.223ms
[266.742s][debug][gc,phases    ] GC(275) Class Unloading 29.293ms
[266.746s][debug][gc,phases    ] GC(275) Scrub Symbol Table 3.944ms
[266.746s][debug][gc,phases    ] GC(275) Scrub String Table 0.438ms
[266.746s][info ][gc           ] GC(275) Pause Remark 413M->413M(850M) 56.025ms
[266.746s][info ][gc,cpu       ] GC(275) User=0.12s Sys=0.01s Real=0.06s
[266.746s][info ][safepoint    ] Leaving safepoint region
[266.746s][info ][safepoint    ] Total time for which application threads were stopped: 0.0561759 seconds, Stopping threads took: 0.0000168 seconds
[266.746s][info ][gc           ] GC(275) Concurrent Sweep
[266.873s][info ][gc           ] GC(275) Concurrent Sweep 126.326ms
[266.873s][info ][gc,cpu       ] GC(275) User=0.13s Sys=0.01s Real=0.13s
[266.873s][info ][gc           ] GC(275) Concurrent Reset
[266.887s][info ][gc           ] GC(275) Concurrent Reset 14.292ms
[266.887s][info ][gc,cpu       ] GC(275) User=0.02s Sys=0.00s Real=0.01s
[266.887s][info ][gc,heap      ] GC(275) Old: 278095K->254974K(600768K)
[267.747s][info ][safepoint    ] Application time: 1.0000996 seconds
[267.747s][info ][safepoint    ] Entering safepoint region: Cleanup
[267.747s][info ][safepoint    ] Leaving safepoint region
[267.747s][info ][safepoint    ] Total time for which application threads were stopped: 0.0003006 seconds, Stopping threads took: 0.0000183 seconds
[268.747s][info ][safepoint    ] Application time: 1.0001030 seconds
[268.747s][info ][safepoint    ] Entering safepoint region: Cleanup
[268.747s][info ][safepoint    ] Leaving safepoint region
[268.747s][info ][safepoint    ] Total time for which application threads were stopped: 0.0001227 seconds, Stopping threads took: 0.0000170 seconds
[269.747s][info ][safepoint    ] Application time: 1.0000949 seconds
[269.747s][info ][safepoint    ] Entering safepoint region: Cleanup
[269.747s][info ][safepoint    ] Leaving safepoint region
[269.747s][info ][safepoint    ] Total time for which application threads were stopped: 0.0001878 seconds, Stopping threads took: 0.0000614 seconds
[270.746s][info ][safepoint    ] Application time: 0.9981034 seconds
[270.746s][info ][safepoint    ] Entering safepoint region: GenCollectForAllocation
[270.746s][info ][gc,start     ] GC(277) Pause Young (Allocation Failure)
[270.746s][info ][gc,task      ] GC(277) Using 4 workers of 4 for evacuation
[270.756s][debug][gc,ref       ] GC(277) Skipped phase1 of Reference Processing due to unavailable references
[270.756s][debug][gc,ref       ] GC(277) Skipped phase3 of Reference Processing due to unavailable references
[270.756s][debug][gc,ref       ] GC(277) Skipped phase4 of Reference Processing due to unavailable references
[270.756s][debug][gc,age       ] GC(277) Desired survivor size 15368192 bytes, new threshold 6 (max threshold 6)
[270.756s][info ][gc,heap      ] GC(277) ParNew: 264881K->19389K(270336K)
[270.756s][info ][gc,heap      ] GC(277) CMS: 254974K->261282K(600768K)
[270.756s][info ][gc,metaspace ] GC(277) Metaspace: 58999K->58999K(1103872K)
[270.756s][info ][gc           ] GC(277) Pause Young (Allocation Failure) 507M->274M(850M) 10.441ms
[270.756s][info ][gc,cpu       ] GC(277) User=0.04s Sys=0.00s Real=0.01s
[270.756s][info ][safepoint    ] Leaving safepoint region
[270.756s][info ][safepoint    ] Total time for which application threads were stopped: 0.0106746 seconds, Stopping threads took: 0.0000671 seconds
[271.757s][info ][safepoint    ] Application time: 1.0002501 seconds
[271.757s][info ][safepoint    ] Entering safepoint region: Cleanup
[271.757s][info ][safepoint    ] Leaving safepoint region
[271.757s][info ][safepoint    ] Total time for which application threads were stopped: 0.0001041 seconds, Stopping threads took: 0.0000178 seconds
[272.757s][info ][safepoint    ] Application time: 1.0001519 seconds
[272.757s][info ][safepoint    ] Entering safepoint region: Cleanup
[272.757s][info ][safepoint    ] Leaving safepoint region
[272.757s][info ][safepoint    ] Total time for which application threads were stopped: 0.0000906 seconds, Stopping threads took: 0.0000180 seconds
[273.757s][info ][safepoint    ] Application time: 1.0001124 seconds
[273.757s][info ][safepoint    ] Entering safepoint region: Cleanup
[273.757s][info ][safepoint    ] Leaving safepoint region
[273.757s][info ][safepoint    ] Total time for which application threads were stopped: 0.0000746 seconds, Stopping threads took: 0.0000156 seconds
[274.757s][info ][safepoint    ] Application time: 1.0000891 seconds
[274.757s][info ][safepoint    ] Entering safepoint region: Cleanup
[274.757s][info ][safepoint    ] Leaving safepoint region
[274.757s][info ][safepoint    ] Total time for which application threads were stopped: 0.0000771 seconds, Stopping threads took: 0.0000162 seconds
[275.757s][info ][safepoint    ] Application time: 1.0000827 seconds
[275.757s][info ][safepoint    ] Entering safepoint region: Cleanup
[275.758s][info ][safepoint    ] Leaving safepoint region
[275.758s][info ][safepoint    ] Total time for which application threads were stopped: 0.0000778 seconds, Stopping threads took: 0.0000174 seconds
[276.758s][info ][safepoint    ] Application time: 1.0001137 seconds
[276.758s][info ][safepoint    ] Entering safepoint region: Cleanup
[276.758s][info ][safepoint    ] Leaving safepoint region
[276.758s][info ][safepoint    ] Total time for which application threads were stopped: 0.0000810 seconds, Stopping threads took: 0.0000162 seconds
[277.758s][info ][safepoint    ] Application time: 1.0000937 seconds
[277.758s][info ][safepoint    ] Entering safepoint region: Cleanup
[277.758s][info ][safepoint    ] Leaving safepoint region
[277.758s][info ][safepoint    ] Total time for which application threads were stopped: 0.0000770 seconds, Stopping threads took: 0.0000169 seconds
[279.758s][info ][safepoint    ] Application time: 2.0002071 seconds
[279.758s][info ][safepoint    ] Entering safepoint region: Cleanup
[279.758s][info ][safepoint    ] Leaving safepoint region
[279.758s][info ][safepoint    ] Total time for which application threads were stopped: 0.0001155 seconds, Stopping threads took: 0.0000272 seconds
[282.759s][info ][safepoint    ] Application time: 3.0003486 seconds
[282.759s][info ][safepoint    ] Entering safepoint region: Cleanup
[282.759s][info ][safepoint    ] Leaving safepoint region
[282.759s][info ][safepoint    ] Total time for which application threads were stopped: 0.0000821 seconds, Stopping threads took: 0.0000178 seconds
[283.759s][info ][safepoint    ] Application time: 1.0000951 seconds
[283.759s][info ][safepoint    ] Entering safepoint region: Cleanup
[283.759s][info ][safepoint    ] Leaving safepoint region
[283.759s][info ][safepoint    ] Total time for which application threads were stopped: 0.0000907 seconds, Stopping threads took: 0.0000176 seconds
[284.759s][info ][safepoint    ] Application time: 1.0000795 seconds
[284.759s][info ][safepoint    ] Entering safepoint region: Cleanup
[284.759s][info ][safepoint    ] Leaving safepoint region
[284.759s][info ][safepoint    ] Total time for which application threads were stopped: 0.0000891 seconds, Stopping threads took: 0.0000162 seconds
[286.759s][info ][safepoint    ] Application time: 2.0001635 seconds
[286.759s][info ][safepoint    ] Entering safepoint region: Cleanup
[286.760s][info ][safepoint    ] Leaving safepoint region
[286.760s][info ][safepoint    ] Total time for which application threads were stopped: 0.0000780 seconds, Stopping threads took: 0.0000167 seconds
[289.713s][info ][safepoint    ] Application time: 2.9539260 seconds
[289.714s][info ][safepoint    ] Entering safepoint region: GenCollectForAllocation
[289.714s][info ][gc,start     ] GC(278) Pause Young (Allocation Failure)
[289.714s][info ][gc,task      ] GC(278) Using 4 workers of 4 for evacuation
[289.721s][debug][gc,ref       ] GC(278) Skipped phase1 of Reference Processing due to unavailable references
[289.721s][debug][gc,ref       ] GC(278) Skipped phase3 of Reference Processing due to unavailable references
[289.721s][debug][gc,ref       ] GC(278) Skipped phase4 of Reference Processing due to unavailable references
[289.721s][debug][gc,age       ] GC(278) Desired survivor size 15368192 bytes, new threshold 6 (max threshold 6)
[289.721s][info ][gc,heap      ] GC(278) ParNew: 259709K->17562K(270336K)
[289.721s][info ][gc,heap      ] GC(278) CMS: 261282K->261282K(600768K)
[289.721s][info ][gc,metaspace ] GC(278) Metaspace: 58999K->58999K(1103872K)
[289.721s][info ][gc           ] GC(278) Pause Young (Allocation Failure) 508M->272M(850M) 7.757ms
[289.721s][info ][gc,cpu       ] GC(278) User=0.03s Sys=0.00s Real=0.01s
[289.721s][info ][safepoint    ] Leaving safepoint region
[289.721s][info ][safepoint    ] Total time for which application threads were stopped: 0.0079176 seconds, Stopping threads took: 0.0000277 seconds
[292.722s][info ][safepoint    ] Application time: 3.0004056 seconds
[292.722s][info ][safepoint    ] Entering safepoint region: Cleanup
[292.722s][info ][safepoint    ] Leaving safepoint region
[292.722s][info ][safepoint    ] Total time for which application threads were stopped: 0.0000864 seconds, Stopping threads took: 0.0000184 seconds
[293.722s][info ][safepoint    ] Application time: 1.0000901 seconds
[293.722s][info ][safepoint    ] Entering safepoint region: Cleanup
[293.722s][info ][safepoint    ] Leaving safepoint region
[293.722s][info ][safepoint    ] Total time for which application threads were stopped: 0.0000835 seconds, Stopping threads took: 0.0000148 seconds
[294.722s][info ][safepoint    ] Application time: 1.0001073 seconds
[294.722s][info ][safepoint    ] Entering safepoint region: Cleanup
[294.722s][info ][safepoint    ] Leaving safepoint region
[294.722s][info ][safepoint    ] Total time for which application threads were stopped: 0.0001124 seconds, Stopping threads took: 0.0000362 seconds
[300.723s][info ][safepoint    ] Application time: 6.0004594 seconds
[300.723s][info ][safepoint    ] Entering safepoint region: Cleanup
[300.723s][info ][safepoint    ] Leaving safepoint region
[300.723s][info ][safepoint    ] Total time for which application threads were stopped: 0.0000773 seconds, Stopping threads took: 0.0000173 seconds
[301.723s][info ][safepoint    ] Application time: 1.0001079 seconds
[301.723s][info ][safepoint    ] Entering safepoint region: Cleanup
[301.723s][info ][safepoint    ] Leaving safepoint region
[301.723s][info ][safepoint    ] Total time for which application threads were stopped: 0.0000754 seconds, Stopping threads took: 0.0000166 seconds
[307.724s][info ][safepoint    ] Application time: 6.0006432 seconds
[307.724s][info ][safepoint    ] Entering safepoint region: Cleanup
[307.724s][info ][safepoint    ] Leaving safepoint region
[307.724s][info ][safepoint    ] Total time for which application threads were stopped: 0.0001207 seconds, Stopping threads took: 0.0000287 seconds
[310.724s][info ][safepoint    ] Application time: 3.0002416 seconds
[310.724s][info ][safepoint    ] Entering safepoint region: Cleanup
[310.724s][info ][safepoint    ] Leaving safepoint region
[310.724s][info ][safepoint    ] Total time for which application threads were stopped: 0.0000950 seconds, Stopping threads took: 0.0000164 seconds
[311.725s][info ][safepoint    ] Application time: 1.0000864 seconds
[311.725s][info ][safepoint    ] Entering safepoint region: Cleanup
[311.725s][info ][safepoint    ] Leaving safepoint region
[311.725s][info ][safepoint    ] Total time for which application threads were stopped: 0.0002101 seconds, Stopping threads took: 0.0000325 seconds
[312.042s][info ][safepoint    ] Application time: 0.3168229 seconds
[312.042s][info ][safepoint    ] Entering safepoint region: GenCollectForAllocation
[312.042s][info ][gc,start     ] GC(279) Pause Young (Allocation Failure)
[312.042s][info ][gc,task      ] GC(279) Using 4 workers of 4 for evacuation
[312.065s][debug][gc,ref       ] GC(279) Skipped phase1 of Reference Processing due to unavailable references
[312.065s][debug][gc,ref       ] GC(279) Skipped phase3 of Reference Processing due to unavailable references
[312.065s][debug][gc,age       ] GC(279) Desired survivor size 15368192 bytes, new threshold 4 (max threshold 6)
[312.065s][info ][gc,heap      ] GC(279) ParNew: 257876K->20354K(270336K)
[312.065s][info ][gc,heap      ] GC(279) CMS: 261282K->261282K(600768K)
[312.065s][info ][gc,metaspace ] GC(279) Metaspace: 59013K->59013K(1103872K)
[312.066s][info ][gc           ] GC(279) Pause Young (Allocation Failure) 506M->275M(850M) 23.807ms
[312.066s][info ][gc,cpu       ] GC(279) User=0.04s Sys=0.01s Real=0.02s
[312.066s][info ][safepoint    ] Leaving safepoint region
[312.066s][info ][safepoint    ] Total time for which application threads were stopped: 0.0239462 seconds, Stopping threads took: 0.0000136 seconds
[313.066s][info ][safepoint    ] Application time: 1.0001853 seconds
[313.066s][info ][safepoint    ] Entering safepoint region: Cleanup
[313.066s][info ][safepoint    ] Leaving safepoint region
[313.066s][info ][safepoint    ] Total time for which application threads were stopped: 0.0000799 seconds, Stopping threads took: 0.0000178 seconds
[314.066s][info ][safepoint    ] Application time: 1.0001646 seconds
[314.066s][info ][safepoint    ] Entering safepoint region: Cleanup
[314.066s][info ][safepoint    ] Leaving safepoint region
[314.066s][info ][safepoint    ] Total time for which application threads were stopped: 0.0001007 seconds, Stopping threads took: 0.0000199 seconds
[315.066s][info ][safepoint    ] Application time: 1.0000963 seconds
[315.066s][info ][safepoint    ] Entering safepoint region: Cleanup
[315.066s][info ][safepoint    ] Leaving safepoint region
[315.066s][info ][safepoint    ] Total time for which application threads were stopped: 0.0001352 seconds, Stopping threads took: 0.0000269 seconds
[318.067s][info ][safepoint    ] Application time: 3.0002949 seconds
[318.067s][info ][safepoint    ] Entering safepoint region: Cleanup
[318.067s][info ][safepoint    ] Leaving safepoint region
[318.067s][info ][safepoint    ] Total time for which application threads were stopped: 0.0001364 seconds, Stopping threads took: 0.0000380 seconds
[320.165s][info ][safepoint    ] Application time: 2.0981001 seconds
[320.165s][info ][safepoint    ] Entering safepoint region: RevokeBias
[320.165s][info ][safepoint    ] Leaving safepoint region
[320.165s][info ][safepoint    ] Total time for which application threads were stopped: 0.0001330 seconds, Stopping threads took: 0.0000755 seconds
[321.165s][info ][safepoint    ] Application time: 1.0000976 seconds
[321.165s][info ][safepoint    ] Entering safepoint region: Cleanup
[321.165s][info ][safepoint    ] Leaving safepoint region
[321.165s][info ][safepoint    ] Total time for which application threads were stopped: 0.0000723 seconds, Stopping threads took: 0.0000155 seconds
[325.166s][info ][safepoint    ] Application time: 4.0004562 seconds
[325.166s][info ][safepoint    ] Entering safepoint region: Cleanup
[325.166s][info ][safepoint    ] Leaving safepoint region
[325.166s][info ][safepoint    ] Total time for which application threads were stopped: 0.0000789 seconds, Stopping threads took: 0.0000161 seconds
[326.166s][info ][safepoint    ] Application time: 1.0000956 seconds
[326.166s][info ][safepoint    ] Entering safepoint region: Cleanup
[326.166s][info ][safepoint    ] Leaving safepoint region
[326.166s][info ][safepoint    ] Total time for which application threads were stopped: 0.0000698 seconds, Stopping threads took: 0.0000137 seconds
[327.166s][info ][safepoint    ] Application time: 1.0000880 seconds
[327.166s][info ][safepoint    ] Entering safepoint region: Cleanup
[327.166s][info ][safepoint    ] Leaving safepoint region
[327.166s][info ][safepoint    ] Total time for which application threads were stopped: 0.0001058 seconds, Stopping threads took: 0.0000149 seconds
[328.167s][info ][safepoint    ] Application time: 1.0000916 seconds
[328.167s][info ][safepoint    ] Entering safepoint region: Cleanup
[328.167s][info ][safepoint    ] Leaving safepoint region
[328.167s][info ][safepoint    ] Total time for which application threads were stopped: 0.0005181 seconds, Stopping threads took: 0.0004491 seconds
[343.064s][info ][safepoint    ] Application time: 14.8967652 seconds
[343.064s][info ][safepoint    ] Entering safepoint region: GenCollectForAllocation
[343.064s][info ][gc,start     ] GC(280) Pause Young (Allocation Failure)
[343.064s][info ][gc,task      ] GC(280) Using 4 workers of 4 for evacuation
[343.079s][debug][gc,ref       ] GC(280) Skipped phase1 of Reference Processing due to unavailable references
[343.079s][debug][gc,ref       ] GC(280) Skipped phase2 of Reference Processing due to unavailable references
[343.079s][debug][gc,ref       ] GC(280) Skipped phase3 of Reference Processing due to unavailable references
[343.079s][debug][gc,age       ] GC(280) Desired survivor size 15368192 bytes, new threshold 6 (max threshold 6)
[343.079s][info ][gc,heap      ] GC(280) ParNew: 260674K->16491K(270336K)
[343.079s][info ][gc,heap      ] GC(280) CMS: 261282K->266970K(600768K)
[343.079s][info ][gc,metaspace ] GC(280) Metaspace: 59014K->59014K(1103872K)
[343.079s][info ][gc           ] GC(280) Pause Young (Allocation Failure) 509M->276M(850M) 15.255ms
[343.079s][info ][gc,cpu       ] GC(280) User=0.04s Sys=0.00s Real=0.02s
[343.079s][info ][safepoint    ] Leaving safepoint region
[343.079s][info ][safepoint    ] Total time for which application threads were stopped: 0.0154046 seconds, Stopping threads took: 0.0000165 seconds
[350.080s][info ][safepoint    ] Application time: 7.0005412 seconds
[350.082s][info ][safepoint    ] Entering safepoint region: Cleanup
[350.083s][info ][safepoint    ] Leaving safepoint region
[350.083s][info ][safepoint    ] Total time for which application threads were stopped: 0.0026613 seconds, Stopping threads took: 0.0025850 seconds
[360.083s][info ][safepoint    ] Application time: 10.0008739 seconds
[360.083s][info ][safepoint    ] Entering safepoint region: Cleanup
[360.083s][info ][safepoint    ] Leaving safepoint region
[360.084s][info ][safepoint    ] Total time for which application threads were stopped: 0.0000837 seconds, Stopping threads took: 0.0000170 seconds
[362.434s][info ][safepoint    ] Application time: 2.3504296 seconds
[362.434s][info ][safepoint    ] Entering safepoint region: Deoptimize
[362.436s][info ][safepoint    ] Leaving safepoint region
[362.436s][info ][safepoint    ] Total time for which application threads were stopped: 0.0016025 seconds, Stopping threads took: 0.0000143 seconds
[362.436s][info ][safepoint    ] Application time: 0.0004059 seconds
[362.436s][info ][safepoint    ] Entering safepoint region: Deoptimize
[362.437s][info ][safepoint    ] Leaving safepoint region
[362.437s][info ][safepoint    ] Total time for which application threads were stopped: 0.0012142 seconds, Stopping threads took: 0.0000074 seconds
[362.438s][info ][safepoint    ] Application time: 0.0012124 seconds
[362.438s][info ][safepoint    ] Entering safepoint region: Deoptimize
[362.439s][info ][safepoint    ] Leaving safepoint region
[362.439s][info ][safepoint    ] Total time for which application threads were stopped: 0.0007030 seconds, Stopping threads took: 0.0000121 seconds
[362.481s][info ][safepoint    ] Application time: 0.0417807 seconds
[362.481s][info ][safepoint    ] Entering safepoint region: RevokeBias
[362.481s][info ][safepoint    ] Leaving safepoint region
[362.481s][info ][safepoint    ] Total time for which application threads were stopped: 0.0000925 seconds, Stopping threads took: 0.0000154 seconds
[362.487s][info ][safepoint    ] Application time: 0.0063630 seconds
[362.487s][info ][safepoint    ] Entering safepoint region: RevokeBias
[362.488s][info ][safepoint    ] Leaving safepoint region
[362.488s][info ][safepoint    ] Total time for which application threads were stopped: 0.0000790 seconds, Stopping threads took: 0.0000140 seconds
[362.488s][info ][safepoint    ] Application time: 0.0003553 seconds
[362.488s][info ][safepoint    ] Entering safepoint region: RevokeBias
[362.488s][info ][safepoint    ] Leaving safepoint region
[362.488s][info ][safepoint    ] Total time for which application threads were stopped: 0.0004286 seconds, Stopping threads took: 0.0003974 seconds
[362.488s][info ][safepoint    ] Application time: 0.0001184 seconds
[362.488s][info ][safepoint    ] Entering safepoint region: RevokeBias
[362.489s][info ][safepoint    ] Leaving safepoint region
[362.489s][info ][safepoint    ] Total time for which application threads were stopped: 0.0000849 seconds, Stopping threads took: 0.0000608 seconds
[362.489s][info ][safepoint    ] Application time: 0.0002286 seconds
[362.489s][info ][safepoint    ] Entering safepoint region: RevokeBias
[362.489s][info ][safepoint    ] Leaving safepoint region
[362.489s][info ][safepoint    ] Total time for which application threads were stopped: 0.0000363 seconds, Stopping threads took: 0.0000076 seconds
[362.489s][info ][safepoint    ] Application time: 0.0000755 seconds
[362.489s][info ][safepoint    ] Entering safepoint region: RevokeBias
[362.489s][info ][safepoint    ] Leaving safepoint region
[362.489s][info ][safepoint    ] Total time for which application threads were stopped: 0.0000248 seconds, Stopping threads took: 0.0000053 seconds
[362.489s][info ][safepoint    ] Application time: 0.0000847 seconds
[362.489s][info ][safepoint    ] Entering safepoint region: RevokeBias
[362.489s][info ][safepoint    ] Leaving safepoint region
[362.489s][info ][safepoint    ] Total time for which application threads were stopped: 0.0000248 seconds, Stopping threads took: 0.0000054 seconds
[362.489s][info ][safepoint    ] Application time: 0.0000470 seconds
[362.489s][info ][safepoint    ] Entering safepoint region: RevokeBias
[362.489s][info ][safepoint    ] Leaving safepoint region
[362.489s][info ][safepoint    ] Total time for which application threads were stopped: 0.0000245 seconds, Stopping threads took: 0.0000053 seconds
[362.489s][info ][safepoint    ] Application time: 0.0001214 seconds
[362.489s][info ][safepoint    ] Entering safepoint region: RevokeBias
[362.489s][info ][safepoint    ] Leaving safepoint region
[362.489s][info ][safepoint    ] Total time for which application threads were stopped: 0.0000404 seconds, Stopping threads took: 0.0000182 seconds
[362.489s][info ][safepoint    ] Application time: 0.0000465 seconds
[362.489s][info ][safepoint    ] Entering safepoint region: RevokeBias
[362.489s][info ][safepoint    ] Leaving safepoint region
[362.489s][info ][safepoint    ] Total time for which application threads were stopped: 0.0000248 seconds, Stopping threads took: 0.0000054 seconds
[362.489s][info ][safepoint    ] Application time: 0.0000432 seconds
[362.489s][info ][safepoint    ] Entering safepoint region: RevokeBias
[362.489s][info ][safepoint    ] Leaving safepoint region
[362.489s][info ][safepoint    ] Total time for which application threads were stopped: 0.0000245 seconds, Stopping threads took: 0.0000053 seconds
[362.489s][info ][safepoint    ] Application time: 0.0000423 seconds
[362.489s][info ][safepoint    ] Entering safepoint region: RevokeBias
[362.490s][info ][safepoint    ] Leaving safepoint region
[362.490s][info ][safepoint    ] Total time for which application threads were stopped: 0.0000247 seconds, Stopping threads took: 0.0000053 seconds
[362.490s][info ][safepoint    ] Application time: 0.0000425 seconds
[362.490s][info ][safepoint    ] Entering safepoint region: RevokeBias
[362.490s][info ][safepoint    ] Leaving safepoint region
[362.490s][info ][safepoint    ] Total time for which application threads were stopped: 0.0000245 seconds, Stopping threads took: 0.0000052 seconds
[362.490s][info ][safepoint    ] Application time: 0.0000870 seconds
[362.490s][info ][safepoint    ] Entering safepoint region: RevokeBias
[362.490s][info ][safepoint    ] Leaving safepoint region
[362.490s][info ][safepoint    ] Total time for which application threads were stopped: 0.0000360 seconds, Stopping threads took: 0.0000053 seconds
[362.490s][info ][safepoint    ] Application time: 0.0000444 seconds
[362.490s][info ][safepoint    ] Entering safepoint region: RevokeBias
[362.490s][info ][safepoint    ] Leaving safepoint region
[362.490s][info ][safepoint    ] Total time for which application threads were stopped: 0.0000216 seconds, Stopping threads took: 0.0000046 seconds
[362.490s][info ][safepoint    ] Application time: 0.0000411 seconds
[362.490s][info ][safepoint    ] Entering safepoint region: RevokeBias
[362.490s][info ][safepoint    ] Leaving safepoint region
[362.490s][info ][safepoint    ] Total time for which application threads were stopped: 0.0000218 seconds, Stopping threads took: 0.0000047 seconds
[362.490s][info ][safepoint    ] Application time: 0.0000395 seconds
[362.490s][info ][safepoint    ] Entering safepoint region: RevokeBias
[362.490s][info ][safepoint    ] Leaving safepoint region
[362.490s][info ][safepoint    ] Total time for which application threads were stopped: 0.0000224 seconds, Stopping threads took: 0.0000047 seconds
[362.490s][info ][safepoint    ] Application time: 0.0000552 seconds
[362.490s][info ][safepoint    ] Entering safepoint region: RevokeBias
[362.490s][info ][safepoint    ] Leaving safepoint region
[362.490s][info ][safepoint    ] Total time for which application threads were stopped: 0.0000615 seconds, Stopping threads took: 0.0000123 seconds
[362.490s][info ][safepoint    ] Application time: 0.0000470 seconds
[362.490s][info ][safepoint    ] Entering safepoint region: RevokeBias
[362.490s][info ][safepoint    ] Leaving safepoint region
[362.490s][info ][safepoint    ] Total time for which application threads were stopped: 0.0000239 seconds, Stopping threads took: 0.0000051 seconds
[362.490s][info ][safepoint    ] Application time: 0.0000393 seconds
[362.490s][info ][safepoint    ] Entering safepoint region: RevokeBias
[362.490s][info ][safepoint    ] Leaving safepoint region
[362.490s][info ][safepoint    ] Total time for which application threads were stopped: 0.0000226 seconds, Stopping threads took: 0.0000051 seconds
[362.490s][info ][safepoint    ] Application time: 0.0000404 seconds
[362.490s][info ][safepoint    ] Entering safepoint region: BulkRevokeBias
[362.490s][info ][safepoint    ] Leaving safepoint region
[362.490s][info ][safepoint    ] Total time for which application threads were stopped: 0.0001620 seconds, Stopping threads took: 0.0000050 seconds
[362.492s][info ][safepoint    ] Application time: 0.0011624 seconds
[362.492s][info ][safepoint    ] Entering safepoint region: RevokeBias
[362.492s][info ][safepoint    ] Leaving safepoint region
[362.492s][info ][safepoint    ] Total time for which application threads were stopped: 0.0001588 seconds, Stopping threads took: 0.0000634 seconds
[362.492s][info ][safepoint    ] Application time: 0.0003463 seconds
[362.492s][info ][safepoint    ] Entering safepoint region: RevokeBias
[362.492s][info ][safepoint    ] Leaving safepoint region
[362.492s][info ][safepoint    ] Total time for which application threads were stopped: 0.0000798 seconds, Stopping threads took: 0.0000426 seconds
[362.493s][info ][safepoint    ] Application time: 0.0008414 seconds
[362.493s][info ][safepoint    ] Entering safepoint region: RevokeBias
[362.493s][info ][safepoint    ] Leaving safepoint region
[362.493s][info ][safepoint    ] Total time for which application threads were stopped: 0.0000638 seconds, Stopping threads took: 0.0000299 seconds
[362.505s][info ][safepoint    ] Application time: 0.0119429 seconds
[362.505s][info ][safepoint    ] Entering safepoint region: RevokeBias
[362.505s][info ][safepoint    ] Leaving safepoint region
[362.505s][info ][safepoint    ] Total time for which application threads were stopped: 0.0001902 seconds, Stopping threads took: 0.0000282 seconds
[362.506s][info ][safepoint    ] Application time: 0.0004408 seconds
[362.506s][info ][safepoint    ] Entering safepoint region: RevokeBias
[362.506s][info ][safepoint    ] Leaving safepoint region
[362.506s][info ][safepoint    ] Total time for which application threads were stopped: 0.0000746 seconds, Stopping threads took: 0.0000166 seconds
[362.506s][info ][safepoint    ] Application time: 0.0001146 seconds
[362.506s][info ][safepoint    ] Entering safepoint region: RevokeBias
[362.506s][info ][safepoint    ] Leaving safepoint region
[362.506s][info ][safepoint    ] Total time for which application threads were stopped: 0.0000408 seconds, Stopping threads took: 0.0000195 seconds
[362.849s][info ][safepoint    ] Application time: 0.3425257 seconds
[362.849s][info ][safepoint    ] Entering safepoint region: RevokeBias
[362.849s][info ][safepoint    ] Leaving safepoint region
[362.849s][info ][safepoint    ] Total time for which application threads were stopped: 0.0001490 seconds, Stopping threads took: 0.0000143 seconds
[362.867s][info ][safepoint    ] Application time: 0.0178143 seconds
[362.867s][info ][safepoint    ] Entering safepoint region: RevokeBias
[362.867s][info ][safepoint    ] Leaving safepoint region
[362.867s][info ][safepoint    ] Total time for which application threads were stopped: 0.0001590 seconds, Stopping threads took: 0.0000541 seconds
[363.867s][info ][safepoint    ] Application time: 1.0000973 seconds
[363.867s][info ][safepoint    ] Entering safepoint region: Cleanup
[363.867s][info ][safepoint    ] Leaving safepoint region
[363.867s][info ][safepoint    ] Total time for which application threads were stopped: 0.0000830 seconds, Stopping threads took: 0.0000170 seconds
[366.867s][info ][safepoint    ] Application time: 3.0005043 seconds
[366.867s][info ][safepoint    ] Entering safepoint region: Cleanup
[366.868s][info ][safepoint    ] Leaving safepoint region
[366.868s][info ][safepoint    ] Total time for which application threads were stopped: 0.0000862 seconds, Stopping threads took: 0.0000178 seconds
[367.702s][info ][safepoint    ] Application time: 0.8343293 seconds
[367.702s][info ][safepoint    ] Entering safepoint region: RevokeBias
[367.702s][info ][safepoint    ] Leaving safepoint region
[367.702s][info ][safepoint    ] Total time for which application threads were stopped: 0.0000863 seconds, Stopping threads took: 0.0000165 seconds
[367.702s][info ][safepoint    ] Application time: 0.0001459 seconds
[367.702s][info ][safepoint    ] Entering safepoint region: RevokeBias
[367.702s][info ][safepoint    ] Leaving safepoint region
[367.702s][info ][safepoint    ] Total time for which application threads were stopped: 0.0000296 seconds, Stopping threads took: 0.0000054 seconds
[368.702s][info ][safepoint    ] Application time: 1.0000964 seconds
[368.702s][info ][safepoint    ] Entering safepoint region: Cleanup
[368.702s][info ][safepoint    ] Leaving safepoint region
[368.702s][info ][safepoint    ] Total time for which application threads were stopped: 0.0000973 seconds, Stopping threads took: 0.0000331 seconds
[371.983s][info ][safepoint    ] Application time: 3.2800590 seconds
[371.983s][info ][safepoint    ] Entering safepoint region: GenCollectForAllocation
[371.983s][info ][gc,start     ] GC(281) Pause Young (Allocation Failure)
[371.983s][info ][gc,task      ] GC(281) Using 4 workers of 4 for evacuation
[371.988s][debug][gc,ref       ] GC(281) Skipped phase1 of Reference Processing due to unavailable references
[371.988s][debug][gc,ref       ] GC(281) Skipped phase3 of Reference Processing due to unavailable references
[371.988s][debug][gc,age       ] GC(281) Desired survivor size 15368192 bytes, new threshold 6 (max threshold 6)
[371.988s][info ][gc,heap      ] GC(281) ParNew: 256811K->12342K(270336K)
[371.988s][info ][gc,heap      ] GC(281) CMS: 266970K->266970K(600768K)
[371.988s][info ][gc,metaspace ] GC(281) Metaspace: 59284K->59284K(1103872K)
[371.988s][info ][gc           ] GC(281) Pause Young (Allocation Failure) 511M->272M(850M) 5.558ms
[371.988s][info ][gc,cpu       ] GC(281) User=0.02s Sys=0.00s Real=0.00s
[371.988s][info ][safepoint    ] Leaving safepoint region
[371.988s][info ][safepoint    ] Total time for which application threads were stopped: 0.0056954 seconds, Stopping threads took: 0.0000125 seconds
[372.421s][info ][safepoint    ] Application time: 0.4330658 seconds
[372.421s][info ][safepoint    ] Entering safepoint region: RevokeBias
[372.421s][info ][safepoint    ] Leaving safepoint region
[372.421s][info ][safepoint    ] Total time for which application threads were stopped: 0.0001190 seconds, Stopping threads took: 0.0000182 seconds
[372.702s][info ][safepoint    ] Application time: 0.2809824 seconds
[372.703s][info ][safepoint    ] Entering safepoint region: RevokeBias
[372.703s][info ][safepoint    ] Leaving safepoint region
[372.703s][info ][safepoint    ] Total time for which application threads were stopped: 0.0000961 seconds, Stopping threads took: 0.0000156 seconds
[372.703s][info ][safepoint    ] Application time: 0.0002329 seconds
[372.703s][info ][safepoint    ] Entering safepoint region: RevokeBias
[372.703s][info ][safepoint    ] Leaving safepoint region
[372.703s][info ][safepoint    ] Total time for which application threads were stopped: 0.0000346 seconds, Stopping threads took: 0.0000057 seconds
[372.703s][info ][safepoint    ] Application time: 0.0001227 seconds
[372.703s][info ][safepoint    ] Entering safepoint region: RevokeBias
[372.703s][info ][safepoint    ] Leaving safepoint region
[372.703s][info ][safepoint    ] Total time for which application threads were stopped: 0.0000235 seconds, Stopping threads took: 0.0000050 seconds
[372.703s][info ][safepoint    ] Application time: 0.0000383 seconds
[372.703s][info ][safepoint    ] Entering safepoint region: RevokeBias
[372.703s][info ][safepoint    ] Leaving safepoint region
[372.703s][info ][safepoint    ] Total time for which application threads were stopped: 0.0000226 seconds, Stopping threads took: 0.0000047 seconds
[372.703s][info ][safepoint    ] Application time: 0.0001340 seconds
[372.703s][info ][safepoint    ] Entering safepoint region: RevokeBias
[372.703s][info ][safepoint    ] Leaving safepoint region
[372.703s][info ][safepoint    ] Total time for which application threads were stopped: 0.0000691 seconds, Stopping threads took: 0.0000139 seconds
[372.703s][info ][safepoint    ] Application time: 0.0000894 seconds
[372.703s][info ][safepoint    ] Entering safepoint region: RevokeBias
[372.703s][info ][safepoint    ] Leaving safepoint region
[372.703s][info ][safepoint    ] Total time for which application threads were stopped: 0.0000432 seconds, Stopping threads took: 0.0000178 seconds
[372.704s][info ][safepoint    ] Application time: 0.0001042 seconds
[372.704s][info ][safepoint    ] Entering safepoint region: RevokeBias
[372.704s][info ][safepoint    ] Leaving safepoint region
[372.704s][info ][safepoint    ] Total time for which application threads were stopped: 0.0000245 seconds, Stopping threads took: 0.0000051 seconds
[372.704s][info ][safepoint    ] Application time: 0.0000793 seconds
[372.704s][info ][safepoint    ] Entering safepoint region: RevokeBias
[372.704s][info ][safepoint    ] Leaving safepoint region
[372.704s][info ][safepoint    ] Total time for which application threads were stopped: 0.0000229 seconds, Stopping threads took: 0.0000049 seconds
[372.704s][info ][safepoint    ] Application time: 0.0000370 seconds
[372.704s][info ][safepoint    ] Entering safepoint region: RevokeBias
[372.704s][info ][safepoint    ] Leaving safepoint region
[372.704s][info ][safepoint    ] Total time for which application threads were stopped: 0.0000229 seconds, Stopping threads took: 0.0000048 seconds
[372.704s][info ][safepoint    ] Application time: 0.0000844 seconds
[372.704s][info ][safepoint    ] Entering safepoint region: RevokeBias
[372.704s][info ][safepoint    ] Leaving safepoint region
[372.704s][info ][safepoint    ] Total time for which application threads were stopped: 0.0000274 seconds, Stopping threads took: 0.0000055 seconds
[372.704s][info ][safepoint    ] Application time: 0.0000818 seconds
[372.704s][info ][safepoint    ] Entering safepoint region: RevokeBias
[372.704s][info ][safepoint    ] Leaving safepoint region
[372.704s][info ][safepoint    ] Total time for which application threads were stopped: 0.0000263 seconds, Stopping threads took: 0.0000048 seconds
[373.704s][info ][safepoint    ] Application time: 1.0000878 seconds
[373.704s][info ][safepoint    ] Entering safepoint region: Cleanup
[373.704s][info ][safepoint    ] Leaving safepoint region
[373.704s][info ][safepoint    ] Total time for which application threads were stopped: 0.0000809 seconds, Stopping threads took: 0.0000178 seconds
[375.705s][info ][safepoint    ] Application time: 2.0002726 seconds
[375.705s][info ][safepoint    ] Entering safepoint region: Cleanup
[375.705s][info ][safepoint    ] Leaving safepoint region
[375.705s][info ][safepoint    ] Total time for which application threads were stopped: 0.0000779 seconds, Stopping threads took: 0.0000177 seconds
[378.705s][info ][safepoint    ] Application time: 3.0002414 seconds
[378.705s][info ][safepoint    ] Entering safepoint region: Cleanup
[378.705s][info ][safepoint    ] Leaving safepoint region
[378.705s][info ][safepoint    ] Total time for which application threads were stopped: 0.0001150 seconds, Stopping threads took: 0.0000290 seconds
[380.165s][info ][safepoint    ] Application time: 1.4601727 seconds
[380.165s][info ][safepoint    ] Entering safepoint region: RevokeBias
[380.165s][info ][safepoint    ] Leaving safepoint region
[380.165s][info ][safepoint    ] Total time for which application threads were stopped: 0.0000693 seconds, Stopping threads took: 0.0000158 seconds
[383.166s][info ][safepoint    ] Application time: 3.0004227 seconds
[383.166s][info ][safepoint    ] Entering safepoint region: Cleanup
[383.166s][info ][safepoint    ] Leaving safepoint region
[383.166s][info ][safepoint    ] Total time for which application threads were stopped: 0.0000785 seconds, Stopping threads took: 0.0000162 seconds
[384.166s][info ][safepoint    ] Application time: 1.0001774 seconds
[384.166s][info ][safepoint    ] Entering safepoint region: Cleanup
[384.166s][info ][safepoint    ] Leaving safepoint region
[384.166s][info ][safepoint    ] Total time for which application threads were stopped: 0.0001125 seconds, Stopping threads took: 0.0000233 seconds
[393.167s][info ][safepoint    ] Application time: 9.0009595 seconds
[393.167s][info ][safepoint    ] Entering safepoint region: Cleanup
[393.167s][info ][safepoint    ] Leaving safepoint region
[393.167s][info ][safepoint    ] Total time for which application threads were stopped: 0.0000726 seconds, Stopping threads took: 0.0000158 seconds
[395.168s][info ][safepoint    ] Application time: 2.0002538 seconds
[395.168s][info ][safepoint    ] Entering safepoint region: Cleanup
[395.168s][info ][safepoint    ] Leaving safepoint region
[395.168s][info ][safepoint    ] Total time for which application threads were stopped: 0.0000977 seconds, Stopping threads took: 0.0000222 seconds
[399.012s][info ][safepoint    ] Application time: 3.8445194 seconds
[399.012s][info ][safepoint    ] Entering safepoint region: GenCollectForAllocation
[399.012s][info ][gc,start     ] GC(282) Pause Young (Allocation Failure)
[399.012s][info ][gc,task      ] GC(282) Using 4 workers of 4 for evacuation
[399.017s][debug][gc,ref       ] GC(282) Skipped phase1 of Reference Processing due to unavailable references
[399.018s][debug][gc,age       ] GC(282) Desired survivor size 15368192 bytes, new threshold 6 (max threshold 6)
[399.018s][info ][gc,heap      ] GC(282) ParNew: 252662K->12284K(270336K)
[399.018s][info ][gc,heap      ] GC(282) CMS: 266970K->266970K(600768K)
[399.018s][info ][gc,metaspace ] GC(282) Metaspace: 59286K->59286K(1103872K)
[399.018s][info ][gc           ] GC(282) Pause Young (Allocation Failure) 507M->272M(850M) 5.389ms
[399.018s][info ][gc,cpu       ] GC(282) User=0.01s Sys=0.01s Real=0.00s
[399.018s][info ][safepoint    ] Leaving safepoint region
[399.018s][info ][safepoint    ] Total time for which application threads were stopped: 0.0055456 seconds, Stopping threads took: 0.0000176 seconds
[406.019s][info ][safepoint    ] Application time: 7.0007128 seconds
[406.019s][info ][safepoint    ] Entering safepoint region: Cleanup
[406.019s][info ][safepoint    ] Leaving safepoint region
[406.019s][info ][safepoint    ] Total time for which application threads were stopped: 0.0000763 seconds, Stopping threads took: 0.0000174 seconds
[428.588s][info ][safepoint    ] Application time: 22.5698263 seconds
[428.589s][info ][safepoint    ] Entering safepoint region: RevokeBias
[428.589s][info ][safepoint    ] Leaving safepoint region
[428.589s][info ][safepoint    ] Total time for which application threads were stopped: 0.0000921 seconds, Stopping threads took: 0.0000413 seconds
[430.589s][info ][safepoint    ] Application time: 2.0001706 seconds
[430.589s][info ][safepoint    ] Entering safepoint region: Cleanup
[430.589s][info ][safepoint    ] Leaving safepoint region
[430.589s][info ][safepoint    ] Total time for which application threads were stopped: 0.0001118 seconds, Stopping threads took: 0.0000154 seconds
[432.613s][info ][safepoint    ] Application time: 2.0242666 seconds
[432.613s][info ][safepoint    ] Entering safepoint region: GenCollectForAllocation
[432.613s][info ][gc,start     ] GC(283) Pause Young (Allocation Failure)
[432.613s][info ][gc,task      ] GC(283) Using 4 workers of 4 for evacuation
[432.620s][debug][gc,ref       ] GC(283) Skipped phase1 of Reference Processing due to unavailable references
[432.620s][debug][gc,ref       ] GC(283) Skipped phase2 of Reference Processing due to unavailable references
[432.620s][debug][gc,ref       ] GC(283) Skipped phase3 of Reference Processing due to unavailable references
[432.620s][debug][gc,ref       ] GC(283) Skipped phase4 of Reference Processing due to unavailable references
[432.621s][debug][gc,age       ] GC(283) Desired survivor size 15368192 bytes, new threshold 6 (max threshold 6)
[432.621s][info ][gc,heap      ] GC(283) ParNew: 252604K->7848K(270336K)
[432.621s][info ][gc,heap      ] GC(283) CMS: 266970K->269987K(600768K)
[432.621s][info ][gc,metaspace ] GC(283) Metaspace: 59286K->59286K(1103872K)
[432.621s][info ][gc           ] GC(283) Pause Young (Allocation Failure) 507M->271M(850M) 7.296ms
[432.621s][info ][gc,cpu       ] GC(283) User=0.02s Sys=0.00s Real=0.01s
[432.621s][info ][safepoint    ] Leaving safepoint region
[432.621s][info ][safepoint    ] Total time for which application threads were stopped: 0.0074562 seconds, Stopping threads took: 0.0000138 seconds
[433.621s][info ][safepoint    ] Application time: 1.0001705 seconds
[433.621s][info ][safepoint    ] Entering safepoint region: Cleanup
[433.621s][info ][safepoint    ] Leaving safepoint region
[433.621s][info ][safepoint    ] Total time for which application threads were stopped: 0.0000708 seconds, Stopping threads took: 0.0000162 seconds
[437.621s][info ][safepoint    ] Application time: 4.0003502 seconds
[437.621s][info ][safepoint    ] Entering safepoint region: Cleanup
[437.621s][info ][safepoint    ] Leaving safepoint region
[437.621s][info ][safepoint    ] Total time for which application threads were stopped: 0.0001006 seconds, Stopping threads took: 0.0000156 seconds
[439.959s][info ][safepoint    ] Application time: 2.3376070 seconds
[439.959s][info ][safepoint    ] Entering safepoint region: RevokeBias
[439.959s][info ][safepoint    ] Leaving safepoint region
[439.959s][info ][safepoint    ] Total time for which application threads were stopped: 0.0002351 seconds, Stopping threads took: 0.0000483 seconds
[440.278s][info ][safepoint    ] Application time: 0.3191645 seconds
[440.278s][info ][safepoint    ] Entering safepoint region: RevokeBias
[440.279s][info ][safepoint    ] Leaving safepoint region
[440.279s][info ][safepoint    ] Total time for which application threads were stopped: 0.0001965 seconds, Stopping threads took: 0.0000144 seconds
[441.279s][info ][safepoint    ] Application time: 1.0001041 seconds
[441.279s][info ][safepoint    ] Entering safepoint region: Cleanup
[441.279s][info ][safepoint    ] Leaving safepoint region
[441.279s][info ][safepoint    ] Total time for which application threads were stopped: 0.0001122 seconds, Stopping threads took: 0.0000471 seconds
[445.154s][info ][safepoint    ] Application time: 3.8752011 seconds
[445.154s][info ][safepoint    ] Entering safepoint region: RevokeBias
[445.154s][info ][safepoint    ] Leaving safepoint region
[445.154s][info ][safepoint    ] Total time for which application threads were stopped: 0.0000822 seconds, Stopping threads took: 0.0000171 seconds
[445.154s][info ][safepoint    ] Application time: 0.0001091 seconds
[445.154s][info ][safepoint    ] Entering safepoint region: RevokeBias
[445.154s][info ][safepoint    ] Leaving safepoint region
[445.154s][info ][safepoint    ] Total time for which application threads were stopped: 0.0000386 seconds, Stopping threads took: 0.0000086 seconds
[449.200s][info ][safepoint    ] Application time: 4.0450931 seconds
[449.200s][info ][safepoint    ] Entering safepoint region: RevokeBias
[449.200s][info ][safepoint    ] Leaving safepoint region
[449.200s][info ][safepoint    ] Total time for which application threads were stopped: 0.0001798 seconds, Stopping threads took: 0.0000665 seconds
[449.524s][info ][safepoint    ] Application time: 0.3240033 seconds
[449.524s][info ][safepoint    ] Entering safepoint region: RevokeBias
[449.524s][info ][safepoint    ] Leaving safepoint region
[449.524s][info ][safepoint    ] Total time for which application threads were stopped: 0.0001161 seconds, Stopping threads took: 0.0000157 seconds
[450.524s][info ][safepoint    ] Application time: 1.0001126 seconds
[450.524s][info ][safepoint    ] Entering safepoint region: Cleanup
[450.524s][info ][safepoint    ] Leaving safepoint region
[450.524s][info ][safepoint    ] Total time for which application threads were stopped: 0.0000787 seconds, Stopping threads took: 0.0000161 seconds
[452.524s][info ][safepoint    ] Application time: 2.0002328 seconds
[452.524s][info ][safepoint    ] Entering safepoint region: Cleanup
[452.524s][info ][safepoint    ] Leaving safepoint region
[452.524s][info ][safepoint    ] Total time for which application threads were stopped: 0.0000697 seconds, Stopping threads took: 0.0000175 seconds
[455.155s][info ][safepoint    ] Application time: 2.6305236 seconds
[455.155s][info ][safepoint    ] Entering safepoint region: RevokeBias
[455.155s][info ][safepoint    ] Leaving safepoint region
[455.155s][info ][safepoint    ] Total time for which application threads were stopped: 0.0000926 seconds, Stopping threads took: 0.0000156 seconds
[455.155s][info ][safepoint    ] Application time: 0.0002194 seconds
[455.155s][info ][safepoint    ] Entering safepoint region: RevokeBias
[455.155s][info ][safepoint    ] Leaving safepoint region
[455.155s][info ][safepoint    ] Total time for which application threads were stopped: 0.0000572 seconds, Stopping threads took: 0.0000308 seconds
[455.156s][info ][safepoint    ] Application time: 0.0002040 seconds
[455.156s][info ][safepoint    ] Entering safepoint region: RevokeBias
[455.156s][info ][safepoint    ] Leaving safepoint region
[455.156s][info ][safepoint    ] Total time for which application threads were stopped: 0.0000272 seconds, Stopping threads took: 0.0000049 seconds
[455.156s][info ][safepoint    ] Application time: 0.0000400 seconds
[455.156s][info ][safepoint    ] Entering safepoint region: RevokeBias
[455.156s][info ][safepoint    ] Leaving safepoint region
[455.156s][info ][safepoint    ] Total time for which application threads were stopped: 0.0000883 seconds, Stopping threads took: 0.0000689 seconds
[455.156s][info ][safepoint    ] Application time: 0.0000540 seconds
[455.156s][info ][safepoint    ] Entering safepoint region: RevokeBias
[455.156s][info ][safepoint    ] Leaving safepoint region
[455.156s][info ][safepoint    ] Total time for which application threads were stopped: 0.0001212 seconds, Stopping threads took: 0.0001011 seconds
[455.156s][info ][safepoint    ] Application time: 0.0000869 seconds
[455.156s][info ][safepoint    ] Entering safepoint region: RevokeBias
[455.156s][info ][safepoint    ] Leaving safepoint region
[455.156s][info ][safepoint    ] Total time for which application threads were stopped: 0.0000285 seconds, Stopping threads took: 0.0000069 seconds
[455.156s][info ][safepoint    ] Application time: 0.0001087 seconds
[455.156s][info ][safepoint    ] Entering safepoint region: RevokeBias
[455.156s][info ][safepoint    ] Leaving safepoint region
[455.156s][info ][safepoint    ] Total time for which application threads were stopped: 0.0000715 seconds, Stopping threads took: 0.0000114 seconds
[455.156s][info ][safepoint    ] Application time: 0.0000801 seconds
[455.156s][info ][safepoint    ] Entering safepoint region: RevokeBias
[455.156s][info ][safepoint    ] Leaving safepoint region
[455.156s][info ][safepoint    ] Total time for which application threads were stopped: 0.0000263 seconds, Stopping threads took: 0.0000053 seconds
[455.156s][info ][safepoint    ] Application time: 0.0000385 seconds
[455.156s][info ][safepoint    ] Entering safepoint region: RevokeBias
[455.157s][info ][safepoint    ] Leaving safepoint region
[455.157s][info ][safepoint    ] Total time for which application threads were stopped: 0.0000218 seconds, Stopping threads took: 0.0000050 seconds
[455.157s][info ][safepoint    ] Application time: 0.0000418 seconds
[455.157s][info ][safepoint    ] Entering safepoint region: RevokeBias
[455.157s][info ][safepoint    ] Leaving safepoint region
[455.157s][info ][safepoint    ] Total time for which application threads were stopped: 0.0000221 seconds, Stopping threads took: 0.0000050 seconds
[455.157s][info ][safepoint    ] Application time: 0.0000702 seconds
[455.157s][info ][safepoint    ] Entering safepoint region: RevokeBias
[455.157s][info ][safepoint    ] Leaving safepoint region
[455.157s][info ][safepoint    ] Total time for which application threads were stopped: 0.0000209 seconds, Stopping threads took: 0.0000048 seconds
[457.834s][info ][safepoint    ] Application time: 2.6773880 seconds
[457.834s][info ][safepoint    ] Entering safepoint region: RevokeBias
[457.834s][info ][safepoint    ] Leaving safepoint region
[457.834s][info ][safepoint    ] Total time for which application threads were stopped: 0.0000719 seconds, Stopping threads took: 0.0000139 seconds
[463.835s][info ][safepoint    ] Application time: 6.0005391 seconds
[463.835s][info ][safepoint    ] Entering safepoint region: Cleanup
[463.835s][info ][safepoint    ] Leaving safepoint region
[463.835s][info ][safepoint    ] Total time for which application threads were stopped: 0.0000831 seconds, Stopping threads took: 0.0000294 seconds
[466.613s][info ][safepoint    ] Application time: 2.7780380 seconds
[466.613s][info ][safepoint    ] Entering safepoint region: GenCollectForAllocation
[466.613s][info ][gc,start     ] GC(284) Pause Young (Allocation Failure)
[466.613s][info ][gc,task      ] GC(284) Using 4 workers of 4 for evacuation
[466.618s][debug][gc,ref       ] GC(284) Skipped phase1 of Reference Processing due to unavailable references
[466.619s][debug][gc,ref       ] GC(284) Skipped phase4 of Reference Processing due to unavailable references
[466.619s][debug][gc,age       ] GC(284) Desired survivor size 15368192 bytes, new threshold 6 (max threshold 6)
[466.619s][info ][gc,heap      ] GC(284) ParNew: 248168K->5732K(270336K)
[466.619s][info ][gc,heap      ] GC(284) CMS: 269987K->273004K(600768K)
[466.619s][info ][gc,metaspace ] GC(284) Metaspace: 59329K->59329K(1103872K)
[466.619s][info ][gc           ] GC(284) Pause Young (Allocation Failure) 506M->272M(850M) 5.720ms
[466.619s][info ][gc,cpu       ] GC(284) User=0.02s Sys=0.00s Real=0.01s
[466.619s][info ][safepoint    ] Leaving safepoint region
[466.619s][info ][safepoint    ] Total time for which application threads were stopped: 0.0058547 seconds, Stopping threads took: 0.0000165 seconds
[501.962s][info ][safepoint    ] Application time: 35.3437165 seconds
[501.963s][info ][safepoint    ] Entering safepoint region: GenCollectForAllocation
[501.963s][info ][gc,start     ] GC(285) Pause Young (Allocation Failure)
[501.963s][info ][gc,task      ] GC(285) Using 4 workers of 4 for evacuation
[501.966s][debug][gc,ref       ] GC(285) Skipped phase1 of Reference Processing due to unavailable references
[501.966s][debug][gc,ref       ] GC(285) Skipped phase2 of Reference Processing due to unavailable references
[501.966s][debug][gc,ref       ] GC(285) Skipped phase3 of Reference Processing due to unavailable references
[501.966s][debug][gc,ref       ] GC(285) Skipped phase4 of Reference Processing due to unavailable references
[501.966s][debug][gc,age       ] GC(285) Desired survivor size 15368192 bytes, new threshold 6 (max threshold 6)
[501.966s][info ][gc,heap      ] GC(285) ParNew: 246052K->2819K(270336K)
[501.966s][info ][gc,heap      ] GC(285) CMS: 273004K->273120K(600768K)
[501.966s][info ][gc,metaspace ] GC(285) Metaspace: 59329K->59329K(1103872K)
[501.966s][info ][gc           ] GC(285) Pause Young (Allocation Failure) 506M->269M(850M) 3.232ms
[501.966s][info ][gc,cpu       ] GC(285) User=0.01s Sys=0.00s Real=0.00s
[501.966s][info ][safepoint    ] Leaving safepoint region
[501.966s][info ][safepoint    ] Total time for which application threads were stopped: 0.0034131 seconds, Stopping threads took: 0.0000416 seconds
[517.834s][info ][safepoint    ] Application time: 15.8681992 seconds
[517.834s][info ][safepoint    ] Entering safepoint region: RevokeBias
[517.834s][info ][safepoint    ] Leaving safepoint region
[517.834s][info ][safepoint    ] Total time for which application threads were stopped: 0.0000652 seconds, Stopping threads took: 0.0000150 seconds
[537.279s][info ][safepoint    ] Application time: 19.4449139 seconds
[537.279s][info ][safepoint    ] Entering safepoint region: GenCollectForAllocation
[537.279s][info ][gc,start     ] GC(286) Pause Young (Allocation Failure)
[537.279s][info ][gc,task      ] GC(286) Using 4 workers of 4 for evacuation
[537.282s][debug][gc,ref       ] GC(286) Skipped phase1 of Reference Processing due to unavailable references
[537.282s][debug][gc,ref       ] GC(286) Skipped phase2 of Reference Processing due to unavailable references
[537.282s][debug][gc,ref       ] GC(286) Skipped phase3 of Reference Processing due to unavailable references
[537.282s][debug][gc,ref       ] GC(286) Skipped phase4 of Reference Processing due to unavailable references
[537.282s][debug][gc,age       ] GC(286) Desired survivor size 15368192 bytes, new threshold 6 (max threshold 6)
[537.282s][info ][gc,heap      ] GC(286) ParNew: 243139K->2633K(270336K)
[537.282s][info ][gc,heap      ] GC(286) CMS: 273120K->273636K(600768K)
[537.282s][info ][gc,metaspace ] GC(286) Metaspace: 59332K->59332K(1103872K)
[537.282s][info ][gc           ] GC(286) Pause Young (Allocation Failure) 504M->269M(850M) 2.809ms
[537.282s][info ][gc,cpu       ] GC(286) User=0.01s Sys=0.00s Real=0.00s
[537.282s][info ][safepoint    ] Leaving safepoint region
[537.282s][info ][safepoint    ] Total time for which application threads were stopped: 0.0029579 seconds, Stopping threads took: 0.0000284 seconds
[553.284s][info ][safepoint    ] Application time: 16.0015796 seconds
[553.284s][info ][safepoint    ] Entering safepoint region: Cleanup
[553.284s][info ][safepoint    ] Leaving safepoint region
[553.284s][info ][safepoint    ] Total time for which application threads were stopped: 0.0000750 seconds, Stopping threads took: 0.0000167 seconds
[572.563s][info ][safepoint    ] Application time: 19.2790573 seconds
[572.563s][info ][safepoint    ] Entering safepoint region: GenCollectForAllocation
[572.563s][info ][gc,start     ] GC(287) Pause Young (Allocation Failure)
[572.563s][info ][gc,task      ] GC(287) Using 4 workers of 4 for evacuation
[572.565s][debug][gc,ref       ] GC(287) Skipped phase1 of Reference Processing due to unavailable references
[572.565s][debug][gc,ref       ] GC(287) Skipped phase2 of Reference Processing due to unavailable references
[572.565s][debug][gc,ref       ] GC(287) Skipped phase3 of Reference Processing due to unavailable references
[572.565s][debug][gc,ref       ] GC(287) Skipped phase4 of Reference Processing due to unavailable references
[572.566s][debug][gc,age       ] GC(287) Desired survivor size 15368192 bytes, new threshold 6 (max threshold 6)
[572.566s][info ][gc,heap      ] GC(287) ParNew: 242953K->1072K(270336K)
[572.566s][info ][gc,heap      ] GC(287) CMS: 273636K->274432K(600768K)
[572.566s][info ][gc,metaspace ] GC(287) Metaspace: 59332K->59332K(1103872K)
[572.566s][info ][gc           ] GC(287) Pause Young (Allocation Failure) 504M->269M(850M) 2.547ms
[572.566s][info ][gc,cpu       ] GC(287) User=0.01s Sys=0.01s Real=0.00s
[572.566s][info ][safepoint    ] Leaving safepoint region
[572.566s][info ][safepoint    ] Total time for which application threads were stopped: 0.0027651 seconds, Stopping threads took: 0.0000685 seconds
[574.566s][info ][safepoint    ] Application time: 2.0004620 seconds
[574.566s][info ][safepoint    ] Entering safepoint region: Cleanup
[574.566s][info ][safepoint    ] Leaving safepoint region
[574.566s][info ][safepoint    ] Total time for which application threads were stopped: 0.0000638 seconds, Stopping threads took: 0.0000148 seconds
[577.834s][info ][safepoint    ] Application time: 3.2677182 seconds
[577.834s][info ][safepoint    ] Entering safepoint region: RevokeBias
[577.834s][info ][safepoint    ] Leaving safepoint region
[577.834s][info ][safepoint    ] Total time for which application threads were stopped: 0.0000650 seconds, Stopping threads took: 0.0000187 seconds
[607.813s][info ][safepoint    ] Application time: 29.9787311 seconds
[607.813s][info ][safepoint    ] Entering safepoint region: GenCollectForAllocation
[607.813s][info ][gc,start     ] GC(288) Pause Young (Allocation Failure)
[607.813s][info ][gc,task      ] GC(288) Using 4 workers of 4 for evacuation
[607.815s][debug][gc,ref       ] GC(288) Skipped phase1 of Reference Processing due to unavailable references
[607.815s][debug][gc,ref       ] GC(288) Skipped phase2 of Reference Processing due to unavailable references
[607.815s][debug][gc,ref       ] GC(288) Skipped phase3 of Reference Processing due to unavailable references
[607.815s][debug][gc,ref       ] GC(288) Skipped phase4 of Reference Processing due to unavailable references
[607.816s][debug][gc,age       ] GC(288) Desired survivor size 15368192 bytes, new threshold 6 (max threshold 6)
[607.816s][info ][gc,heap      ] GC(288) ParNew: 241392K->319K(270336K)
[607.816s][info ][gc,heap      ] GC(288) CMS: 274432K->274841K(600768K)
[607.816s][info ][gc,metaspace ] GC(288) Metaspace: 59334K->59334K(1103872K)
[607.816s][info ][gc           ] GC(288) Pause Young (Allocation Failure) 503M->268M(850M) 2.593ms
[607.816s][info ][gc,cpu       ] GC(288) User=0.01s Sys=0.00s Real=0.00s
[607.816s][info ][safepoint    ] Leaving safepoint region
[607.816s][info ][safepoint    ] Total time for which application threads were stopped: 0.0028226 seconds, Stopping threads took: 0.0000578 seconds
[611.825s][info ][safepoint    ] Application time: 4.0091198 seconds
[611.825s][info ][safepoint    ] Entering safepoint region: Cleanup
[611.825s][info ][safepoint    ] Leaving safepoint region
[611.825s][info ][safepoint    ] Total time for which application threads were stopped: 0.0001087 seconds, Stopping threads took: 0.0000171 seconds
[637.834s][info ][safepoint    ] Application time: 26.0090200 seconds
[637.834s][info ][safepoint    ] Entering safepoint region: RevokeBias
[637.834s][info ][safepoint    ] Leaving safepoint region
[637.834s][info ][safepoint    ] Total time for which application threads were stopped: 0.0001088 seconds, Stopping threads took: 0.0000347 seconds
[639.265s][info ][safepoint    ] Application time: 1.4303466 seconds
[639.265s][info ][safepoint    ] Entering safepoint region: GenCollectForAllocation
[639.265s][info ][gc,start     ] GC(289) Pause Young (Allocation Failure)
[639.265s][info ][gc,task      ] GC(289) Using 4 workers of 4 for evacuation
[639.266s][debug][gc,ref       ] GC(289) Skipped phase1 of Reference Processing due to unavailable references
[639.266s][debug][gc,ref       ] GC(289) Skipped phase3 of Reference Processing due to unavailable references
[639.267s][debug][gc,age       ] GC(289) Desired survivor size 15368192 bytes, new threshold 6 (max threshold 6)
[639.267s][info ][gc,heap      ] GC(289) ParNew: 240639K->84K(270336K)
[639.267s][info ][gc,heap      ] GC(289) CMS: 274841K->274842K(600768K)
[639.267s][info ][gc,metaspace ] GC(289) Metaspace: 59336K->59336K(1103872K)
[639.267s][info ][gc           ] GC(289) Pause Young (Allocation Failure) 503M->268M(850M) 1.955ms
[639.267s][info ][gc,cpu       ] GC(289) User=0.01s Sys=0.00s Real=0.00s
[639.267s][info ][safepoint    ] Leaving safepoint region
[639.267s][info ][safepoint    ] Total time for which application threads were stopped: 0.0020873 seconds, Stopping threads took: 0.0000144 seconds
[671.417s][info ][safepoint    ] Application time: 32.1507459 seconds
[671.418s][info ][safepoint    ] Entering safepoint region: RevokeBias
[671.418s][info ][safepoint    ] Leaving safepoint region
[671.418s][info ][safepoint    ] Total time for which application threads were stopped: 0.0001170 seconds, Stopping threads took: 0.0000352 seconds
[674.413s][info ][safepoint    ] Application time: 2.9953947 seconds
[674.413s][info ][safepoint    ] Entering safepoint region: GenCollectForAllocation
[674.413s][info ][gc,start     ] GC(290) Pause Young (Allocation Failure)
[674.413s][info ][gc,task      ] GC(290) Using 4 workers of 4 for evacuation
[674.415s][debug][gc,ref       ] GC(290) Skipped phase1 of Reference Processing due to unavailable references
[674.415s][debug][gc,ref       ] GC(290) Skipped phase2 of Reference Processing due to unavailable references
[674.415s][debug][gc,ref       ] GC(290) Skipped phase3 of Reference Processing due to unavailable references
[674.415s][debug][gc,ref       ] GC(290) Skipped phase4 of Reference Processing due to unavailable references
[674.415s][debug][gc,age       ] GC(290) Desired survivor size 15368192 bytes, new threshold 6 (max threshold 6)
[674.415s][info ][gc,heap      ] GC(290) ParNew: 240404K->38K(270336K)
[674.415s][info ][gc,heap      ] GC(290) CMS: 274842K->274854K(600768K)
[674.415s][info ][gc,metaspace ] GC(290) Metaspace: 59337K->59337K(1103872K)
[674.415s][info ][gc           ] GC(290) Pause Young (Allocation Failure) 503M->268M(850M) 1.805ms
[674.415s][info ][gc,cpu       ] GC(290) User=0.01s Sys=0.00s Real=0.00s
[674.415s][info ][safepoint    ] Leaving safepoint region
[674.415s][info ][safepoint    ] Total time for which application threads were stopped: 0.0019538 seconds, Stopping threads took: 0.0000140 seconds
[684.416s][info ][safepoint    ] Application time: 10.0010551 seconds
[684.416s][info ][safepoint    ] Entering safepoint region: Cleanup
[684.416s][info ][safepoint    ] Leaving safepoint region
[684.416s][info ][safepoint    ] Total time for which application threads were stopped: 0.0000678 seconds, Stopping threads took: 0.0000149 seconds
[697.834s][info ][safepoint    ] Application time: 13.4179222 seconds
[697.834s][info ][safepoint    ] Entering safepoint region: RevokeBias
[697.834s][info ][safepoint    ] Leaving safepoint region
[697.834s][info ][safepoint    ] Total time for which application threads were stopped: 0.0001641 seconds, Stopping threads took: 0.0000546 seconds
[709.763s][info ][safepoint    ] Application time: 11.9283814 seconds
[709.763s][info ][safepoint    ] Entering safepoint region: GenCollectForAllocation
[709.763s][info ][gc,start     ] GC(291) Pause Young (Allocation Failure)
[709.763s][info ][gc,task      ] GC(291) Using 4 workers of 4 for evacuation
[709.764s][debug][gc,ref       ] GC(291) Skipped phase1 of Reference Processing due to unavailable references
[709.764s][debug][gc,ref       ] GC(291) Skipped phase2 of Reference Processing due to unavailable references
[709.764s][debug][gc,ref       ] GC(291) Skipped phase3 of Reference Processing due to unavailable references
[709.764s][debug][gc,ref       ] GC(291) Skipped phase4 of Reference Processing due to unavailable references
[709.765s][debug][gc,age       ] GC(291) Desired survivor size 15368192 bytes, new threshold 6 (max threshold 6)
[709.765s][info ][gc,heap      ] GC(291) ParNew: 240358K->46K(270336K)
[709.765s][info ][gc,heap      ] GC(291) CMS: 274854K->274854K(600768K)
[709.765s][info ][gc,metaspace ] GC(291) Metaspace: 59337K->59337K(1103872K)
[709.765s][info ][gc           ] GC(291) Pause Young (Allocation Failure) 503M->268M(850M) 1.883ms
[709.765s][info ][gc,cpu       ] GC(291) User=0.00s Sys=0.00s Real=0.00s
[709.765s][info ][safepoint    ] Leaving safepoint region
[709.765s][info ][safepoint    ] Total time for which application threads were stopped: 0.0020214 seconds, Stopping threads took: 0.0000142 seconds
[745.113s][info ][safepoint    ] Application time: 35.3483307 seconds
[745.113s][info ][safepoint    ] Entering safepoint region: GenCollectForAllocation
[745.113s][info ][gc,start     ] GC(292) Pause Young (Allocation Failure)
[745.113s][info ][gc,task      ] GC(292) Using 4 workers of 4 for evacuation
[745.115s][debug][gc,ref       ] GC(292) Skipped phase1 of Reference Processing due to unavailable references
[745.115s][debug][gc,ref       ] GC(292) Skipped phase2 of Reference Processing due to unavailable references
[745.115s][debug][gc,ref       ] GC(292) Skipped phase3 of Reference Processing due to unavailable references
[745.115s][debug][gc,ref       ] GC(292) Skipped phase4 of Reference Processing due to unavailable references
[745.116s][debug][gc,age       ] GC(292) Desired survivor size 15368192 bytes, new threshold 6 (max threshold 6)
[745.116s][info ][gc,heap      ] GC(292) ParNew: 240366K->48K(270336K)
[745.116s][info ][gc,heap      ] GC(292) CMS: 274854K->274854K(600768K)
[745.116s][info ][gc,metaspace ] GC(292) Metaspace: 59337K->59337K(1103872K)
[745.116s][info ][gc           ] GC(292) Pause Young (Allocation Failure) 503M->268M(850M) 2.387ms
[745.116s][info ][gc,cpu       ] GC(292) User=0.01s Sys=0.00s Real=0.00s
[745.116s][info ][safepoint    ] Leaving safepoint region
[745.116s][info ][safepoint    ] Total time for which application threads were stopped: 0.0025280 seconds, Stopping threads took: 0.0000294 seconds
[757.834s][info ][safepoint    ] Application time: 12.7184682 seconds
[757.834s][info ][safepoint    ] Entering safepoint region: RevokeBias
[757.834s][info ][safepoint    ] Leaving safepoint region
[757.834s][info ][safepoint    ] Total time for which application threads were stopped: 0.0000753 seconds, Stopping threads took: 0.0000282 seconds
[780.462s][info ][safepoint    ] Application time: 22.6278050 seconds
[780.462s][info ][safepoint    ] Entering safepoint region: GenCollectForAllocation
[780.462s][info ][gc,start     ] GC(293) Pause Young (Allocation Failure)
[780.462s][info ][gc,task      ] GC(293) Using 4 workers of 4 for evacuation
[780.464s][debug][gc,ref       ] GC(293) Skipped phase1 of Reference Processing due to unavailable references
[780.464s][debug][gc,ref       ] GC(293) Skipped phase2 of Reference Processing due to unavailable references
[780.464s][debug][gc,ref       ] GC(293) Skipped phase3 of Reference Processing due to unavailable references
[780.464s][debug][gc,ref       ] GC(293) Skipped phase4 of Reference Processing due to unavailable references
[780.464s][debug][gc,age       ] GC(293) Desired survivor size 15368192 bytes, new threshold 6 (max threshold 6)
[780.464s][info ][gc,heap      ] GC(293) ParNew: 240368K->36K(270336K)
[780.464s][info ][gc,heap      ] GC(293) CMS: 274854K->274855K(600768K)
[780.464s][info ][gc,metaspace ] GC(293) Metaspace: 59337K->59337K(1103872K)
[780.464s][info ][gc           ] GC(293) Pause Young (Allocation Failure) 503M->268M(850M) 1.730ms
[780.464s][info ][gc,cpu       ] GC(293) User=0.01s Sys=0.00s Real=0.00s
[780.464s][info ][safepoint    ] Leaving safepoint region
[780.464s][info ][safepoint    ] Total time for which application threads were stopped: 0.0018643 seconds, Stopping threads took: 0.0000263 seconds
[815.812s][info ][safepoint    ] Application time: 35.3478930 seconds
[815.812s][info ][safepoint    ] Entering safepoint region: GenCollectForAllocation
[815.812s][info ][gc,start     ] GC(294) Pause Young (Allocation Failure)
[815.812s][info ][gc,task      ] GC(294) Using 4 workers of 4 for evacuation
[815.814s][debug][gc,ref       ] GC(294) Skipped phase1 of Reference Processing due to unavailable references
[815.814s][debug][gc,ref       ] GC(294) Skipped phase2 of Reference Processing due to unavailable references
[815.814s][debug][gc,ref       ] GC(294) Skipped phase3 of Reference Processing due to unavailable references
[815.814s][debug][gc,ref       ] GC(294) Skipped phase4 of Reference Processing due to unavailable references
[815.814s][debug][gc,age       ] GC(294) Desired survivor size 15368192 bytes, new threshold 6 (max threshold 6)
[815.814s][info ][gc,heap      ] GC(294) ParNew: 240356K->34K(270336K)
[815.814s][info ][gc,heap      ] GC(294) CMS: 274855K->274855K(600768K)
[815.814s][info ][gc,metaspace ] GC(294) Metaspace: 59337K->59337K(1103872K)
[815.814s][info ][gc           ] GC(294) Pause Young (Allocation Failure) 503M->268M(850M) 2.037ms
[815.814s][info ][gc,cpu       ] GC(294) User=0.01s Sys=0.00s Real=0.00s
[815.814s][info ][safepoint    ] Leaving safepoint region
[815.814s][info ][safepoint    ] Total time for which application threads were stopped: 0.0021943 seconds, Stopping threads took: 0.0000395 seconds
[824.815s][info ][safepoint    ] Application time: 9.0007890 seconds
[824.815s][info ][safepoint    ] Entering safepoint region: Cleanup
[824.815s][info ][safepoint    ] Leaving safepoint region
[824.815s][info ][safepoint    ] Total time for which application threads were stopped: 0.0000652 seconds, Stopping threads took: 0.0000143 seconds
[851.162s][info ][safepoint    ] Application time: 26.3467531 seconds
[851.162s][info ][safepoint    ] Entering safepoint region: GenCollectForAllocation
[851.162s][info ][gc,start     ] GC(295) Pause Young (Allocation Failure)
[851.162s][info ][gc,task      ] GC(295) Using 4 workers of 4 for evacuation
[851.163s][debug][gc,ref       ] GC(295) Skipped phase1 of Reference Processing due to unavailable references
[851.163s][debug][gc,ref       ] GC(295) Skipped phase2 of Reference Processing due to unavailable references
[851.163s][debug][gc,ref       ] GC(295) Skipped phase3 of Reference Processing due to unavailable references
[851.163s][debug][gc,ref       ] GC(295) Skipped phase4 of Reference Processing due to unavailable references
[851.164s][debug][gc,age       ] GC(295) Desired survivor size 15368192 bytes, new threshold 6 (max threshold 6)
[851.164s][info ][gc,heap      ] GC(295) ParNew: 240354K->16K(270336K)
[851.164s][info ][gc,heap      ] GC(295) CMS: 274855K->274863K(600768K)
[851.164s][info ][gc,metaspace ] GC(295) Metaspace: 59338K->59338K(1103872K)
[851.164s][info ][gc           ] GC(295) Pause Young (Allocation Failure) 503M->268M(850M) 1.730ms
[851.164s][info ][gc,cpu       ] GC(295) User=0.01s Sys=0.00s Real=0.00s
[851.164s][info ][safepoint    ] Leaving safepoint region
[851.164s][info ][safepoint    ] Total time for which application threads were stopped: 0.0018650 seconds, Stopping threads took: 0.0000261 seconds
[886.463s][info ][safepoint    ] Application time: 35.2995165 seconds
[886.463s][info ][safepoint    ] Entering safepoint region: GenCollectForAllocation
[886.463s][info ][gc,start     ] GC(296) Pause Young (Allocation Failure)
[886.463s][info ][gc,task      ] GC(296) Using 4 workers of 4 for evacuation
[886.465s][debug][gc,ref       ] GC(296) Skipped phase1 of Reference Processing due to unavailable references
[886.465s][debug][gc,ref       ] GC(296) Skipped phase2 of Reference Processing due to unavailable references
[886.465s][debug][gc,ref       ] GC(296) Skipped phase3 of Reference Processing due to unavailable references
[886.465s][debug][gc,ref       ] GC(296) Skipped phase4 of Reference Processing due to unavailable references
[886.465s][debug][gc,age       ] GC(296) Desired survivor size 15368192 bytes, new threshold 6 (max threshold 6)
[886.465s][info ][gc,heap      ] GC(296) ParNew: 240336K->21K(270336K)
[886.465s][info ][gc,heap      ] GC(296) CMS: 274863K->274863K(600768K)
[886.465s][info ][gc,metaspace ] GC(296) Metaspace: 59348K->59348K(1103872K)
[886.465s][info ][gc           ] GC(296) Pause Young (Allocation Failure) 503M->268M(850M) 1.780ms
[886.465s][info ][gc,cpu       ] GC(296) User=0.01s Sys=0.00s Real=0.00s
[886.465s][info ][safepoint    ] Leaving safepoint region
[886.465s][info ][safepoint    ] Total time for which application threads were stopped: 0.0019166 seconds, Stopping threads took: 0.0000255 seconds
[911.468s][info ][safepoint    ] Application time: 25.0024871 seconds
[911.468s][info ][safepoint    ] Entering safepoint region: Cleanup
[911.468s][info ][safepoint    ] Leaving safepoint region
[911.468s][info ][safepoint    ] Total time for which application threads were stopped: 0.0000712 seconds, Stopping threads took: 0.0000128 seconds
[912.468s][info ][safepoint    ] Application time: 1.0001667 seconds
[912.468s][info ][safepoint    ] Entering safepoint region: Cleanup
[912.468s][info ][safepoint    ] Leaving safepoint region
[912.468s][info ][safepoint    ] Total time for which application threads were stopped: 0.0000857 seconds, Stopping threads took: 0.0000215 seconds
[920.963s][info ][safepoint    ] Application time: 8.4944451 seconds
[920.963s][info ][safepoint    ] Entering safepoint region: GenCollectForAllocation
[920.963s][info ][gc,start     ] GC(297) Pause Young (Allocation Failure)
[920.963s][info ][gc,task      ] GC(297) Using 4 workers of 4 for evacuation
[920.964s][debug][gc,ref       ] GC(297) Skipped phase1 of Reference Processing due to unavailable references
[920.964s][debug][gc,ref       ] GC(297) Skipped phase3 of Reference Processing due to unavailable references
[920.964s][debug][gc,ref       ] GC(297) Skipped phase4 of Reference Processing due to unavailable references
[920.965s][debug][gc,age       ] GC(297) Desired survivor size 15368192 bytes, new threshold 6 (max threshold 6)
[920.965s][info ][gc,heap      ] GC(297) ParNew: 240341K->43K(270336K)
[920.965s][info ][gc,heap      ] GC(297) CMS: 274863K->274864K(600768K)
[920.965s][info ][gc,metaspace ] GC(297) Metaspace: 59352K->59352K(1103872K)
[920.965s][info ][gc           ] GC(297) Pause Young (Allocation Failure) 503M->268M(850M) 2.000ms
[920.965s][info ][gc,cpu       ] GC(297) User=0.01s Sys=0.00s Real=0.00s
[920.965s][info ][safepoint    ] Leaving safepoint region
[920.965s][info ][safepoint    ] Total time for which application threads were stopped: 0.0021557 seconds, Stopping threads took: 0.0000214 seconds
[924.965s][info ][safepoint    ] Application time: 4.0004200 seconds
[924.965s][info ][safepoint    ] Entering safepoint region: Cleanup
[924.965s][info ][safepoint    ] Leaving safepoint region
[924.965s][info ][safepoint    ] Total time for which application threads were stopped: 0.0000803 seconds, Stopping threads took: 0.0000179 seconds
[956.163s][info ][safepoint    ] Application time: 31.1974773 seconds
[956.163s][info ][safepoint    ] Entering safepoint region: GenCollectForAllocation
[956.163s][info ][gc,start     ] GC(298) Pause Young (Allocation Failure)
[956.163s][info ][gc,task      ] GC(298) Using 4 workers of 4 for evacuation
[956.165s][debug][gc,ref       ] GC(298) Skipped phase1 of Reference Processing due to unavailable references
[956.165s][debug][gc,ref       ] GC(298) Skipped phase3 of Reference Processing due to unavailable references
[956.165s][debug][gc,ref       ] GC(298) Skipped phase4 of Reference Processing due to unavailable references
[956.165s][debug][gc,age       ] GC(298) Desired survivor size 15368192 bytes, new threshold 6 (max threshold 6)
[956.165s][info ][gc,heap      ] GC(298) ParNew: 240363K->37K(270336K)
[956.165s][info ][gc,heap      ] GC(298) CMS: 274864K->274864K(600768K)
[956.165s][info ][gc,metaspace ] GC(298) Metaspace: 59352K->59352K(1103872K)
[956.165s][info ][gc           ] GC(298) Pause Young (Allocation Failure) 503M->268M(850M) 1.948ms
[956.165s][info ][gc,cpu       ] GC(298) User=0.01s Sys=0.00s Real=0.00s
[956.165s][info ][safepoint    ] Leaving safepoint region
[956.165s][info ][safepoint    ] Total time for which application threads were stopped: 0.0021058 seconds, Stopping threads took: 0.0000378 seconds
[971.174s][info ][safepoint    ] Application time: 15.0091266 seconds
[971.174s][info ][safepoint    ] Entering safepoint region: RevokeBias
[971.174s][info ][safepoint    ] Leaving safepoint region
[971.174s][info ][safepoint    ] Total time for which application threads were stopped: 0.0001088 seconds, Stopping threads took: 0.0000303 seconds
[991.412s][info ][safepoint    ] Application time: 20.2378081 seconds
[991.412s][info ][safepoint    ] Entering safepoint region: GenCollectForAllocation
[991.412s][info ][gc,start     ] GC(299) Pause Young (Allocation Failure)
[991.412s][info ][gc,task      ] GC(299) Using 4 workers of 4 for evacuation
[991.414s][debug][gc,ref       ] GC(299) Skipped phase1 of Reference Processing due to unavailable references
[991.414s][debug][gc,ref       ] GC(299) Skipped phase2 of Reference Processing due to unavailable references
[991.414s][debug][gc,ref       ] GC(299) Skipped phase3 of Reference Processing due to unavailable references
[991.414s][debug][gc,ref       ] GC(299) Skipped phase4 of Reference Processing due to unavailable references
[991.414s][debug][gc,age       ] GC(299) Desired survivor size 15368192 bytes, new threshold 6 (max threshold 6)
[991.414s][info ][gc,heap      ] GC(299) ParNew: 240357K->46K(270336K)
[991.414s][info ][gc,heap      ] GC(299) CMS: 274864K->274864K(600768K)
[991.414s][info ][gc,metaspace ] GC(299) Metaspace: 59352K->59352K(1103872K)
[991.414s][info ][gc           ] GC(299) Pause Young (Allocation Failure) 503M->268M(850M) 1.873ms
[991.414s][info ][gc,cpu       ] GC(299) User=0.00s Sys=0.00s Real=0.00s
[991.414s][info ][safepoint    ] Leaving safepoint region
[991.414s][info ][safepoint    ] Total time for which application threads were stopped: 0.0020176 seconds, Stopping threads took: 0.0000175 seconds
[1025.417s][info ][safepoint    ] Application time: 34.0032804 seconds
[1025.417s][info ][safepoint    ] Entering safepoint region: Cleanup
[1025.417s][info ][safepoint    ] Leaving safepoint region
[1025.417s][info ][safepoint    ] Total time for which application threads were stopped: 0.0001035 seconds, Stopping threads took: 0.0000380 seconds
[1026.663s][info ][safepoint    ] Application time: 1.2453517 seconds
[1026.663s][info ][safepoint    ] Entering safepoint region: GenCollectForAllocation
[1026.663s][info ][gc,start     ] GC(300) Pause Young (Allocation Failure)
[1026.663s][info ][gc,task      ] GC(300) Using 4 workers of 4 for evacuation
[1026.665s][debug][gc,ref       ] GC(300) Skipped phase1 of Reference Processing due to unavailable references
[1026.665s][debug][gc,ref       ] GC(300) Skipped phase2 of Reference Processing due to unavailable references
[1026.665s][debug][gc,ref       ] GC(300) Skipped phase3 of Reference Processing due to unavailable references
[1026.665s][debug][gc,ref       ] GC(300) Skipped phase4 of Reference Processing due to unavailable references
[1026.665s][debug][gc,age       ] GC(300) Desired survivor size 15368192 bytes, new threshold 6 (max threshold 6)
[1026.665s][info ][gc,heap      ] GC(300) ParNew: 240366K->26K(270336K)
[1026.665s][info ][gc,heap      ] GC(300) CMS: 274864K->274865K(600768K)
[1026.665s][info ][gc,metaspace ] GC(300) Metaspace: 59353K->59353K(1103872K)
[1026.665s][info ][gc           ] GC(300) Pause Young (Allocation Failure) 503M->268M(850M) 1.759ms
[1026.665s][info ][gc,cpu       ] GC(300) User=0.00s Sys=0.00s Real=0.00s
[1026.665s][info ][safepoint    ] Leaving safepoint region
[1026.665s][info ][safepoint    ] Total time for which application threads were stopped: 0.0018908 seconds, Stopping threads took: 0.0000165 seconds
[1061.963s][info ][safepoint    ] Application time: 35.2980527 seconds
[1061.963s][info ][safepoint    ] Entering safepoint region: GenCollectForAllocation
[1061.963s][info ][gc,start     ] GC(301) Pause Young (Allocation Failure)
[1061.963s][info ][gc,task      ] GC(301) Using 4 workers of 4 for evacuation
[1061.965s][debug][gc,ref       ] GC(301) Skipped phase1 of Reference Processing due to unavailable references
[1061.965s][debug][gc,ref       ] GC(301) Skipped phase2 of Reference Processing due to unavailable references
[1061.965s][debug][gc,ref       ] GC(301) Skipped phase3 of Reference Processing due to unavailable references
[1061.965s][debug][gc,ref       ] GC(301) Skipped phase4 of Reference Processing due to unavailable references
[1061.965s][debug][gc,age       ] GC(301) Desired survivor size 15368192 bytes, new threshold 6 (max threshold 6)
[1061.965s][info ][gc,heap      ] GC(301) ParNew: 240346K->28K(270336K)
[1061.965s][info ][gc,heap      ] GC(301) CMS: 274865K->274865K(600768K)
[1061.965s][info ][gc,metaspace ] GC(301) Metaspace: 59359K->59359K(1103872K)
[1061.965s][info ][gc           ] GC(301) Pause Young (Allocation Failure) 503M->268M(850M) 1.911ms
[1061.965s][info ][gc,cpu       ] GC(301) User=0.00s Sys=0.00s Real=0.00s
[1061.965s][info ][safepoint    ] Leaving safepoint region
[1061.965s][info ][safepoint    ] Total time for which application threads were stopped: 0.0021000 seconds, Stopping threads took: 0.0000553 seconds
[1064.965s][info ][safepoint    ] Application time: 3.0003311 seconds
[1064.965s][info ][safepoint    ] Entering safepoint region: Cleanup
[1064.965s][info ][safepoint    ] Leaving safepoint region
[1064.965s][info ][safepoint    ] Total time for which application threads were stopped: 0.0000648 seconds, Stopping threads took: 0.0000150 seconds
[1097.313s][info ][safepoint    ] Application time: 32.3474953 seconds
[1097.313s][info ][safepoint    ] Entering safepoint region: GenCollectForAllocation
[1097.313s][info ][gc,start     ] GC(302) Pause Young (Allocation Failure)
[1097.313s][info ][gc,task      ] GC(302) Using 4 workers of 4 for evacuation
[1097.315s][debug][gc,ref       ] GC(302) Skipped phase1 of Reference Processing due to unavailable references
[1097.315s][debug][gc,ref       ] GC(302) Skipped phase2 of Reference Processing due to unavailable references
[1097.315s][debug][gc,ref       ] GC(302) Skipped phase3 of Reference Processing due to unavailable references
[1097.315s][debug][gc,ref       ] GC(302) Skipped phase4 of Reference Processing due to unavailable references
[1097.315s][debug][gc,age       ] GC(302) Desired survivor size 15368192 bytes, new threshold 6 (max threshold 6)
[1097.315s][info ][gc,heap      ] GC(302) ParNew: 240348K->30K(270336K)
[1097.315s][info ][gc,heap      ] GC(302) CMS: 274865K->274865K(600768K)
[1097.315s][info ][gc,metaspace ] GC(302) Metaspace: 59359K->59359K(1103872K)
[1097.315s][info ][gc           ] GC(302) Pause Young (Allocation Failure) 503M->268M(850M) 1.803ms
[1097.315s][info ][gc,cpu       ] GC(302) User=0.00s Sys=0.00s Real=0.00s
[1097.315s][info ][safepoint    ] Leaving safepoint region
[1097.315s][info ][safepoint    ] Total time for which application threads were stopped: 0.0019451 seconds, Stopping threads took: 0.0000290 seconds
[1132.663s][info ][safepoint    ] Application time: 35.3476824 seconds
[1132.663s][info ][safepoint    ] Entering safepoint region: GenCollectForAllocation
[1132.663s][info ][gc,start     ] GC(303) Pause Young (Allocation Failure)
[1132.663s][info ][gc,task      ] GC(303) Using 4 workers of 4 for evacuation
[1132.664s][debug][gc,ref       ] GC(303) Skipped phase1 of Reference Processing due to unavailable references
[1132.664s][debug][gc,ref       ] GC(303) Skipped phase2 of Reference Processing due to unavailable references
[1132.664s][debug][gc,ref       ] GC(303) Skipped phase3 of Reference Processing due to unavailable references
[1132.664s][debug][gc,ref       ] GC(303) Skipped phase4 of Reference Processing due to unavailable references
[1132.665s][debug][gc,age       ] GC(303) Desired survivor size 15368192 bytes, new threshold 6 (max threshold 6)
[1132.665s][info ][gc,heap      ] GC(303) ParNew: 240350K->40K(270336K)
[1132.665s][info ][gc,heap      ] GC(303) CMS: 274865K->274869K(600768K)
[1132.665s][info ][gc,metaspace ] GC(303) Metaspace: 59370K->59370K(1103872K)
[1132.665s][info ][gc           ] GC(303) Pause Young (Allocation Failure) 503M->268M(850M) 1.862ms
[1132.665s][info ][gc,cpu       ] GC(303) User=0.01s Sys=0.01s Real=0.00s
[1132.665s][info ][safepoint    ] Leaving safepoint region
[1132.665s][info ][safepoint    ] Total time for which application threads were stopped: 0.0020525 seconds, Stopping threads took: 0.0000272 seconds
[1168.013s][info ][safepoint    ] Application time: 35.3478861 seconds
[1168.013s][info ][safepoint    ] Entering safepoint region: GenCollectForAllocation
[1168.013s][info ][gc,start     ] GC(304) Pause Young (Allocation Failure)
[1168.013s][info ][gc,task      ] GC(304) Using 4 workers of 4 for evacuation
[1168.014s][debug][gc,ref       ] GC(304) Skipped phase1 of Reference Processing due to unavailable references
[1168.014s][debug][gc,ref       ] GC(304) Skipped phase2 of Reference Processing due to unavailable references
[1168.014s][debug][gc,ref       ] GC(304) Skipped phase3 of Reference Processing due to unavailable references
[1168.014s][debug][gc,ref       ] GC(304) Skipped phase4 of Reference Processing due to unavailable references
[1168.014s][debug][gc,age       ] GC(304) Desired survivor size 15368192 bytes, new threshold 6 (max threshold 6)
[1168.014s][info ][gc,heap      ] GC(304) ParNew: 240360K->32K(270336K)
[1168.014s][info ][gc,heap      ] GC(304) CMS: 274869K->274869K(600768K)
[1168.014s][info ][gc,metaspace ] GC(304) Metaspace: 59370K->59370K(1103872K)
[1168.014s][info ][gc           ] GC(304) Pause Young (Allocation Failure) 503M->268M(850M) 1.682ms
[1168.014s][info ][gc,cpu       ] GC(304) User=0.01s Sys=0.00s Real=0.00s
[1168.014s][info ][safepoint    ] Leaving safepoint region
[1168.014s][info ][safepoint    ] Total time for which application threads were stopped: 0.0018324 seconds, Stopping threads took: 0.0000282 seconds
[1203.362s][info ][safepoint    ] Application time: 35.3474433 seconds
[1203.362s][info ][safepoint    ] Entering safepoint region: GenCollectForAllocation
[1203.362s][info ][gc,start     ] GC(305) Pause Young (Allocation Failure)
[1203.362s][info ][gc,task      ] GC(305) Using 4 workers of 4 for evacuation
[1203.364s][debug][gc,ref       ] GC(305) Skipped phase1 of Reference Processing due to unavailable references
[1203.364s][debug][gc,ref       ] GC(305) Skipped phase2 of Reference Processing due to unavailable references
[1203.364s][debug][gc,ref       ] GC(305) Skipped phase3 of Reference Processing due to unavailable references
[1203.364s][debug][gc,ref       ] GC(305) Skipped phase4 of Reference Processing due to unavailable references
[1203.364s][debug][gc,age       ] GC(305) Desired survivor size 15368192 bytes, new threshold 6 (max threshold 6)
[1203.364s][info ][gc,heap      ] GC(305) ParNew: 240352K->25K(270336K)
[1203.364s][info ][gc,heap      ] GC(305) CMS: 274869K->274870K(600768K)
[1203.364s][info ][gc,metaspace ] GC(305) Metaspace: 59370K->59370K(1103872K)
[1203.364s][info ][gc           ] GC(305) Pause Young (Allocation Failure) 503M->268M(850M) 1.826ms
[1203.364s][info ][gc,cpu       ] GC(305) User=0.01s Sys=0.00s Real=0.00s
[1203.364s][info ][safepoint    ] Leaving safepoint region
[1203.364s][info ][safepoint    ] Total time for which application threads were stopped: 0.0019652 seconds, Stopping threads took: 0.0000303 seconds
[1211.365s][info ][safepoint    ] Application time: 8.0009109 seconds
[1211.365s][info ][safepoint    ] Entering safepoint region: Cleanup
[1211.365s][info ][safepoint    ] Leaving safepoint region
[1211.365s][info ][safepoint    ] Total time for which application threads were stopped: 0.0000786 seconds, Stopping threads took: 0.0000153 seconds
[1225.366s][info ][safepoint    ] Application time: 14.0015423 seconds
[1225.367s][info ][safepoint    ] Entering safepoint region: Cleanup
[1225.367s][info ][safepoint    ] Leaving safepoint region
[1225.367s][info ][safepoint    ] Total time for which application threads were stopped: 0.0000668 seconds, Stopping threads took: 0.0000145 seconds
[1237.813s][info ][safepoint    ] Application time: 12.4465365 seconds
[1237.813s][info ][safepoint    ] Entering safepoint region: GenCollectForAllocation
[1237.813s][info ][gc,start     ] GC(306) Pause Young (Allocation Failure)
[1237.813s][info ][gc,task      ] GC(306) Using 4 workers of 4 for evacuation
[1237.815s][debug][gc,ref       ] GC(306) Skipped phase1 of Reference Processing due to unavailable references
[1237.815s][debug][gc,ref       ] GC(306) Skipped phase3 of Reference Processing due to unavailable references
[1237.815s][debug][gc,age       ] GC(306) Desired survivor size 15368192 bytes, new threshold 6 (max threshold 6)
[1237.815s][info ][gc,heap      ] GC(306) ParNew: 240345K->27K(270336K)
[1237.815s][info ][gc,heap      ] GC(306) CMS: 274870K->274870K(600768K)
[1237.815s][info ][gc,metaspace ] GC(306) Metaspace: 59374K->59374K(1103872K)
[1237.815s][info ][gc           ] GC(306) Pause Young (Allocation Failure) 503M->268M(850M) 1.692ms
[1237.815s][info ][gc,cpu       ] GC(306) User=0.01s Sys=0.00s Real=0.00s
[1237.815s][info ][safepoint    ] Leaving safepoint region
[1237.815s][info ][safepoint    ] Total time for which application threads were stopped: 0.0018445 seconds, Stopping threads took: 0.0000249 seconds
[1265.818s][info ][safepoint    ] Application time: 28.0030039 seconds
[1265.818s][info ][safepoint    ] Entering safepoint region: Cleanup
[1265.818s][info ][safepoint    ] Leaving safepoint region
[1265.818s][info ][safepoint    ] Total time for which application threads were stopped: 0.0000705 seconds, Stopping threads took: 0.0000155 seconds
[1271.173s][info ][safepoint    ] Application time: 5.3553515 seconds
[1271.174s][info ][safepoint    ] Entering safepoint region: BulkRevokeBias
[1271.174s][info ][safepoint    ] Leaving safepoint region
[1271.174s][info ][safepoint    ] Total time for which application threads were stopped: 0.0001605 seconds, Stopping threads took: 0.0000268 seconds
[1273.063s][info ][safepoint    ] Application time: 1.8890983 seconds
[1273.063s][info ][safepoint    ] Entering safepoint region: GenCollectForAllocation
[1273.063s][info ][gc,start     ] GC(307) Pause Young (Allocation Failure)
[1273.063s][info ][gc,task      ] GC(307) Using 4 workers of 4 for evacuation
[1273.064s][debug][gc,ref       ] GC(307) Skipped phase1 of Reference Processing due to unavailable references
[1273.064s][debug][gc,ref       ] GC(307) Skipped phase2 of Reference Processing due to unavailable references
[1273.064s][debug][gc,ref       ] GC(307) Skipped phase3 of Reference Processing due to unavailable references
[1273.064s][debug][gc,ref       ] GC(307) Skipped phase4 of Reference Processing due to unavailable references
[1273.064s][debug][gc,age       ] GC(307) Desired survivor size 15368192 bytes, new threshold 6 (max threshold 6)
[1273.065s][info ][gc,heap      ] GC(307) ParNew: 240347K->44K(270336K)
[1273.065s][info ][gc,heap      ] GC(307) CMS: 274870K->274870K(600768K)
[1273.065s][info ][gc,metaspace ] GC(307) Metaspace: 59375K->59375K(1103872K)
[1273.065s][info ][gc           ] GC(307) Pause Young (Allocation Failure) 503M->268M(850M) 1.660ms
[1273.065s][info ][gc,cpu       ] GC(307) User=0.00s Sys=0.00s Real=0.00s
[1273.065s][info ][safepoint    ] Leaving safepoint region
[1273.065s][info ][safepoint    ] Total time for which application threads were stopped: 0.0017806 seconds, Stopping threads took: 0.0000145 seconds
[1308.279s][info ][safepoint    ] Application time: 35.2145711 seconds
[1308.279s][info ][safepoint    ] Entering safepoint region: GenCollectForAllocation
[1308.279s][info ][gc,start     ] GC(308) Pause Young (Allocation Failure)
[1308.279s][info ][gc,task      ] GC(308) Using 4 workers of 4 for evacuation
[1308.281s][debug][gc,ref       ] GC(308) Skipped phase1 of Reference Processing due to unavailable references
[1308.281s][debug][gc,ref       ] GC(308) Skipped phase2 of Reference Processing due to unavailable references
[1308.281s][debug][gc,ref       ] GC(308) Skipped phase3 of Reference Processing due to unavailable references
[1308.281s][debug][gc,ref       ] GC(308) Skipped phase4 of Reference Processing due to unavailable references
[1308.281s][debug][gc,age       ] GC(308) Desired survivor size 15368192 bytes, new threshold 6 (max threshold 6)
[1308.281s][info ][gc,heap      ] GC(308) ParNew: 240364K->22K(270336K)
[1308.281s][info ][gc,heap      ] GC(308) CMS: 274870K->274871K(600768K)
[1308.281s][info ][gc,metaspace ] GC(308) Metaspace: 59375K->59375K(1103872K)
[1308.281s][info ][gc           ] GC(308) Pause Young (Allocation Failure) 503M->268M(850M) 1.768ms
[1308.281s][info ][gc,cpu       ] GC(308) User=0.01s Sys=0.00s Real=0.00s
[1308.281s][info ][safepoint    ] Leaving safepoint region
[1308.281s][info ][safepoint    ] Total time for which application threads were stopped: 0.0019326 seconds, Stopping threads took: 0.0000287 seconds
[1343.563s][info ][safepoint    ] Application time: 35.2817409 seconds
[1343.563s][info ][safepoint    ] Entering safepoint region: GenCollectForAllocation
[1343.563s][info ][gc,start     ] GC(309) Pause Young (Allocation Failure)
[1343.563s][info ][gc,task      ] GC(309) Using 4 workers of 4 for evacuation
[1343.564s][debug][gc,ref       ] GC(309) Skipped phase1 of Reference Processing due to unavailable references
[1343.564s][debug][gc,ref       ] GC(309) Skipped phase2 of Reference Processing due to unavailable references
[1343.564s][debug][gc,ref       ] GC(309) Skipped phase3 of Reference Processing due to unavailable references
[1343.564s][debug][gc,ref       ] GC(309) Skipped phase4 of Reference Processing due to unavailable references
[1343.565s][debug][gc,age       ] GC(309) Desired survivor size 15368192 bytes, new threshold 6 (max threshold 6)
[1343.565s][info ][gc,heap      ] GC(309) ParNew: 240342K->29K(270336K)
[1343.565s][info ][gc,heap      ] GC(309) CMS: 274871K->274871K(600768K)
[1343.565s][info ][gc,metaspace ] GC(309) Metaspace: 59375K->59375K(1103872K)
[1343.565s][info ][gc           ] GC(309) Pause Young (Allocation Failure) 503M->268M(850M) 1.657ms
[1343.565s][info ][gc,cpu       ] GC(309) User=0.00s Sys=0.00s Real=0.00s
[1343.565s][info ][safepoint    ] Leaving safepoint region
[1343.565s][info ][safepoint    ] Total time for which application threads were stopped: 0.0018387 seconds, Stopping threads took: 0.0000700 seconds
[1375.568s][info ][safepoint    ] Application time: 32.0031658 seconds
[1375.568s][info ][safepoint    ] Entering safepoint region: Cleanup
[1375.568s][info ][safepoint    ] Leaving safepoint region
[1375.568s][info ][safepoint    ] Total time for which application threads were stopped: 0.0000847 seconds, Stopping threads took: 0.0000371 seconds
[1378.813s][info ][safepoint    ] Application time: 3.2449161 seconds
[1378.813s][info ][safepoint    ] Entering safepoint region: GenCollectForAllocation
[1378.813s][info ][gc,start     ] GC(310) Pause Young (Allocation Failure)
[1378.813s][info ][gc,task      ] GC(310) Using 4 workers of 4 for evacuation
[1378.815s][debug][gc,ref       ] GC(310) Skipped phase1 of Reference Processing due to unavailable references
[1378.815s][debug][gc,ref       ] GC(310) Skipped phase2 of Reference Processing due to unavailable references
[1378.815s][debug][gc,ref       ] GC(310) Skipped phase3 of Reference Processing due to unavailable references
[1378.815s][debug][gc,ref       ] GC(310) Skipped phase4 of Reference Processing due to unavailable references
[1378.815s][debug][gc,age       ] GC(310) Desired survivor size 15368192 bytes, new threshold 6 (max threshold 6)
[1378.815s][info ][gc,heap      ] GC(310) ParNew: 240349K->23K(270336K)
[1378.815s][info ][gc,heap      ] GC(310) CMS: 274871K->274871K(600768K)
[1378.815s][info ][gc,metaspace ] GC(310) Metaspace: 59376K->59376K(1103872K)
[1378.815s][info ][gc           ] GC(310) Pause Young (Allocation Failure) 503M->268M(850M) 1.812ms
[1378.815s][info ][gc,cpu       ] GC(310) User=0.01s Sys=0.00s Real=0.00s
[1378.815s][info ][safepoint    ] Leaving safepoint region
[1378.815s][info ][safepoint    ] Total time for which application threads were stopped: 0.0019801 seconds, Stopping threads took: 0.0000586 seconds
[1414.162s][info ][safepoint    ] Application time: 35.3472718 seconds
[1414.162s][info ][safepoint    ] Entering safepoint region: GenCollectForAllocation
[1414.162s][info ][gc,start     ] GC(311) Pause Young (Allocation Failure)
[1414.162s][info ][gc,task      ] GC(311) Using 4 workers of 4 for evacuation
[1414.164s][debug][gc,ref       ] GC(311) Skipped phase1 of Reference Processing due to unavailable references
[1414.164s][debug][gc,ref       ] GC(311) Skipped phase2 of Reference Processing due to unavailable references
[1414.164s][debug][gc,ref       ] GC(311) Skipped phase3 of Reference Processing due to unavailable references
[1414.164s][debug][gc,ref       ] GC(311) Skipped phase4 of Reference Processing due to unavailable references
[1414.164s][debug][gc,age       ] GC(311) Desired survivor size 15368192 bytes, new threshold 6 (max threshold 6)
[1414.164s][info ][gc,heap      ] GC(311) ParNew: 240343K->42K(270336K)
[1414.164s][info ][gc,heap      ] GC(311) CMS: 274871K->274872K(600768K)
[1414.164s][info ][gc,metaspace ] GC(311) Metaspace: 59377K->59377K(1103872K)
[1414.164s][info ][gc           ] GC(311) Pause Young (Allocation Failure) 503M->268M(850M) 1.783ms
[1414.164s][info ][gc,cpu       ] GC(311) User=0.01s Sys=0.00s Real=0.00s
[1414.164s][info ][safepoint    ] Leaving safepoint region
[1414.164s][info ][safepoint    ] Total time for which application threads were stopped: 0.0019377 seconds, Stopping threads took: 0.0000387 seconds
[1449.512s][info ][safepoint    ] Application time: 35.3477198 seconds
[1449.512s][info ][safepoint    ] Entering safepoint region: GenCollectForAllocation
[1449.512s][info ][gc,start     ] GC(312) Pause Young (Allocation Failure)
[1449.512s][info ][gc,task      ] GC(312) Using 4 workers of 4 for evacuation
[1449.514s][debug][gc,ref       ] GC(312) Skipped phase1 of Reference Processing due to unavailable references
[1449.514s][debug][gc,ref       ] GC(312) Skipped phase2 of Reference Processing due to unavailable references
[1449.514s][debug][gc,ref       ] GC(312) Skipped phase3 of Reference Processing due to unavailable references
[1449.514s][debug][gc,ref       ] GC(312) Skipped phase4 of Reference Processing due to unavailable references
[1449.514s][debug][gc,age       ] GC(312) Desired survivor size 15368192 bytes, new threshold 6 (max threshold 6)
[1449.514s][info ][gc,heap      ] GC(312) ParNew: 240362K->25K(270336K)
[1449.514s][info ][gc,heap      ] GC(312) CMS: 274872K->274875K(600768K)
[1449.514s][info ][gc,metaspace ] GC(312) Metaspace: 59378K->59378K(1103872K)
[1449.514s][info ][gc           ] GC(312) Pause Young (Allocation Failure) 503M->268M(850M) 1.761ms
[1449.514s][info ][gc,cpu       ] GC(312) User=0.01s Sys=0.00s Real=0.00s
[1449.514s][info ][safepoint    ] Leaving safepoint region
[1449.514s][info ][safepoint    ] Total time for which application threads were stopped: 0.0019561 seconds, Stopping threads took: 0.0000316 seconds
[1484.813s][info ][safepoint    ] Application time: 35.2991800 seconds
[1484.813s][info ][safepoint    ] Entering safepoint region: GenCollectForAllocation
[1484.813s][info ][gc,start     ] GC(313) Pause Young (Allocation Failure)
[1484.813s][info ][gc,task      ] GC(313) Using 4 workers of 4 for evacuation
[1484.815s][debug][gc,ref       ] GC(313) Skipped phase1 of Reference Processing due to unavailable references
[1484.815s][debug][gc,ref       ] GC(313) Skipped phase2 of Reference Processing due to unavailable references
[1484.815s][debug][gc,ref       ] GC(313) Skipped phase3 of Reference Processing due to unavailable references
[1484.815s][debug][gc,ref       ] GC(313) Skipped phase4 of Reference Processing due to unavailable references
[1484.815s][debug][gc,age       ] GC(313) Desired survivor size 15368192 bytes, new threshold 6 (max threshold 6)
[1484.815s][info ][gc,heap      ] GC(313) ParNew: 240345K->19K(270336K)
[1484.815s][info ][gc,heap      ] GC(313) CMS: 274875K->274876K(600768K)
[1484.815s][info ][gc,metaspace ] GC(313) Metaspace: 59378K->59378K(1103872K)
[1484.815s][info ][gc           ] GC(313) Pause Young (Allocation Failure) 503M->268M(850M) 2.056ms
[1484.815s][info ][gc,cpu       ] GC(313) User=0.01s Sys=0.00s Real=0.00s
[1484.815s][info ][safepoint    ] Leaving safepoint region
[1484.815s][info ][safepoint    ] Total time for which application threads were stopped: 0.0021993 seconds, Stopping threads took: 0.0000274 seconds
[1511.818s][info ][safepoint    ] Application time: 27.0030222 seconds
[1511.818s][info ][safepoint    ] Entering safepoint region: Cleanup
[1511.819s][info ][safepoint    ] Leaving safepoint region
[1511.819s][info ][safepoint    ] Total time for which application threads were stopped: 0.0000957 seconds, Stopping threads took: 0.0000204 seconds
[1519.362s][info ][safepoint    ] Application time: 7.5433099 seconds
[1519.362s][info ][safepoint    ] Entering safepoint region: GenCollectForAllocation
[1519.362s][info ][gc,start     ] GC(314) Pause Young (Allocation Failure)
[1519.362s][info ][gc,task      ] GC(314) Using 4 workers of 4 for evacuation
[1519.364s][debug][gc,ref       ] GC(314) Skipped phase1 of Reference Processing due to unavailable references
[1519.364s][debug][gc,ref       ] GC(314) Skipped phase3 of Reference Processing due to unavailable references
[1519.364s][debug][gc,ref       ] GC(314) Skipped phase4 of Reference Processing due to unavailable references
[1519.364s][debug][gc,age       ] GC(314) Desired survivor size 15368192 bytes, new threshold 6 (max threshold 6)
[1519.364s][info ][gc,heap      ] GC(314) ParNew: 240339K->28K(270336K)
[1519.364s][info ][gc,heap      ] GC(314) CMS: 274876K->274876K(600768K)
[1519.364s][info ][gc,metaspace ] GC(314) Metaspace: 59379K->59379K(1103872K)
[1519.364s][info ][gc           ] GC(314) Pause Young (Allocation Failure) 503M->268M(850M) 2.345ms
[1519.364s][info ][gc,cpu       ] GC(314) User=0.01s Sys=0.00s Real=0.00s
[1519.364s][info ][safepoint    ] Leaving safepoint region
[1519.364s][info ][safepoint    ] Total time for which application threads were stopped: 0.0025506 seconds, Stopping threads took: 0.0000434 seconds
[1546.367s][info ][safepoint    ] Application time: 27.0028806 seconds
[1546.367s][info ][safepoint    ] Entering safepoint region: Cleanup
[1546.367s][info ][safepoint    ] Leaving safepoint region
[1546.367s][info ][safepoint    ] Total time for which application threads were stopped: 0.0000806 seconds, Stopping threads took: 0.0000291 seconds
[1554.663s][info ][safepoint    ] Application time: 8.2953568 seconds
[1554.663s][info ][safepoint    ] Entering safepoint region: GenCollectForAllocation
[1554.663s][info ][gc,start     ] GC(315) Pause Young (Allocation Failure)
[1554.663s][info ][gc,task      ] GC(315) Using 4 workers of 4 for evacuation
[1554.665s][debug][gc,ref       ] GC(315) Skipped phase1 of Reference Processing due to unavailable references
[1554.665s][debug][gc,ref       ] GC(315) Skipped phase3 of Reference Processing due to unavailable references
[1554.665s][debug][gc,age       ] GC(315) Desired survivor size 15368192 bytes, new threshold 6 (max threshold 6)
[1554.665s][info ][gc,heap      ] GC(315) ParNew: 240348K->38K(270336K)
[1554.665s][info ][gc,heap      ] GC(315) CMS: 274876K->274876K(600768K)
[1554.665s][info ][gc,metaspace ] GC(315) Metaspace: 59380K->59380K(1103872K)
[1554.665s][info ][gc           ] GC(315) Pause Young (Allocation Failure) 503M->268M(850M) 2.159ms
[1554.665s][info ][gc,cpu       ] GC(315) User=0.00s Sys=0.00s Real=0.00s
[1554.665s][info ][safepoint    ] Leaving safepoint region
[1554.665s][info ][safepoint    ] Total time for which application threads were stopped: 0.0023419 seconds, Stopping threads took: 0.0000623 seconds
[1571.173s][info ][safepoint    ] Application time: 16.5076983 seconds
[1571.173s][info ][safepoint    ] Entering safepoint region: RevokeBias
[1571.173s][info ][safepoint    ] Leaving safepoint region
[1571.173s][info ][safepoint    ] Total time for which application threads were stopped: 0.0001146 seconds, Stopping threads took: 0.0000539 seconds
[1589.263s][info ][safepoint    ] Application time: 18.0899435 seconds
[1589.263s][info ][safepoint    ] Entering safepoint region: GenCollectForAllocation
[1589.263s][info ][gc,start     ] GC(316) Pause Young (Allocation Failure)
[1589.263s][info ][gc,task      ] GC(316) Using 4 workers of 4 for evacuation
[1589.265s][debug][gc,ref       ] GC(316) Skipped phase1 of Reference Processing due to unavailable references
[1589.265s][debug][gc,ref       ] GC(316) Skipped phase2 of Reference Processing due to unavailable references
[1589.265s][debug][gc,ref       ] GC(316) Skipped phase3 of Reference Processing due to unavailable references
[1589.265s][debug][gc,ref       ] GC(316) Skipped phase4 of Reference Processing due to unavailable references
[1589.265s][debug][gc,age       ] GC(316) Desired survivor size 15368192 bytes, new threshold 6 (max threshold 6)
[1589.265s][info ][gc,heap      ] GC(316) ParNew: 240358K->32K(270336K)
[1589.265s][info ][gc,heap      ] GC(316) CMS: 274876K->274877K(600768K)
[1589.265s][info ][gc,metaspace ] GC(316) Metaspace: 59380K->59380K(1103872K)
[1589.265s][info ][gc           ] GC(316) Pause Young (Allocation Failure) 503M->268M(850M) 1.772ms
[1589.265s][info ][gc,cpu       ] GC(316) User=0.01s Sys=0.00s Real=0.00s
[1589.265s][info ][safepoint    ] Leaving safepoint region
[1589.265s][info ][safepoint    ] Total time for which application threads were stopped: 0.0019837 seconds, Stopping threads took: 0.0000943 seconds
[1624.513s][info ][safepoint    ] Application time: 35.2479614 seconds
[1624.513s][info ][safepoint    ] Entering safepoint region: GenCollectForAllocation
[1624.513s][info ][gc,start     ] GC(317) Pause Young (Allocation Failure)
[1624.513s][info ][gc,task      ] GC(317) Using 4 workers of 4 for evacuation
[1624.515s][debug][gc,ref       ] GC(317) Skipped phase1 of Reference Processing due to unavailable references
[1624.515s][debug][gc,ref       ] GC(317) Skipped phase2 of Reference Processing due to unavailable references
[1624.515s][debug][gc,ref       ] GC(317) Skipped phase3 of Reference Processing due to unavailable references
[1624.515s][debug][gc,ref       ] GC(317) Skipped phase4 of Reference Processing due to unavailable references
[1624.515s][debug][gc,age       ] GC(317) Desired survivor size 15368192 bytes, new threshold 6 (max threshold 6)
[1624.515s][info ][gc,heap      ] GC(317) ParNew: 240352K->22K(270336K)
[1624.515s][info ][gc,heap      ] GC(317) CMS: 274877K->274877K(600768K)
[1624.515s][info ][gc,metaspace ] GC(317) Metaspace: 59380K->59380K(1103872K)
[1624.515s][info ][gc           ] GC(317) Pause Young (Allocation Failure) 503M->268M(850M) 1.839ms
[1624.515s][info ][gc,cpu       ] GC(317) User=0.01s Sys=0.00s Real=0.00s
[1624.515s][info ][safepoint    ] Leaving safepoint region
[1624.515s][info ][safepoint    ] Total time for which application threads were stopped: 0.0020205 seconds, Stopping threads took: 0.0000491 seconds
[1650.518s][info ][safepoint    ] Application time: 26.0025616 seconds
[1650.518s][info ][safepoint    ] Entering safepoint region: Cleanup
[1650.518s][info ][safepoint    ] Leaving safepoint region
[1650.518s][info ][safepoint    ] Total time for which application threads were stopped: 0.0001022 seconds, Stopping threads took: 0.0000465 seconds
[1651.518s][info ][safepoint    ] Application time: 1.0001788 seconds
[1651.518s][info ][safepoint    ] Entering safepoint region: Cleanup
[1651.518s][info ][safepoint    ] Leaving safepoint region
[1651.518s][info ][safepoint    ] Total time for which application threads were stopped: 0.0001141 seconds, Stopping threads took: 0.0000173 seconds
[1652.562s][info ][safepoint    ] Application time: 1.0441053 seconds
[1652.562s][info ][safepoint    ] Entering safepoint region: GenCollectForAllocation
[1652.562s][info ][gc,start     ] GC(318) Pause Young (Allocation Failure)
[1652.562s][info ][gc,task      ] GC(318) Using 4 workers of 4 for evacuation
[1652.565s][debug][gc,ref       ] GC(318) Skipped phase1 of Reference Processing due to unavailable references
[1652.565s][debug][gc,ref       ] GC(318) Skipped phase3 of Reference Processing due to unavailable references
[1652.565s][debug][gc,age       ] GC(318) Desired survivor size 15368192 bytes, new threshold 6 (max threshold 6)
[1652.565s][info ][gc,heap      ] GC(318) ParNew: 240342K->888K(270336K)
[1652.565s][info ][gc,heap      ] GC(318) CMS: 274877K->274877K(600768K)
[1652.565s][info ][gc,metaspace ] GC(318) Metaspace: 59400K->59400K(1103872K)
[1652.565s][info ][gc           ] GC(318) Pause Young (Allocation Failure) 503M->269M(850M) 2.952ms
[1652.565s][info ][gc,cpu       ] GC(318) User=0.01s Sys=0.01s Real=0.00s
[1652.565s][info ][safepoint    ] Leaving safepoint region
[1652.565s][info ][safepoint    ] Total time for which application threads were stopped: 0.0031206 seconds, Stopping threads took: 0.0000183 seconds
[1653.565s][info ][safepoint    ] Application time: 1.0001334 seconds
[1653.566s][info ][safepoint    ] Entering safepoint region: Cleanup
[1653.566s][info ][safepoint    ] Leaving safepoint region
[1653.566s][info ][safepoint    ] Total time for which application threads were stopped: 0.0001178 seconds, Stopping threads took: 0.0000228 seconds
[1657.566s][info ][safepoint    ] Application time: 4.0003394 seconds
[1657.566s][info ][safepoint    ] Entering safepoint region: Cleanup
[1657.566s][info ][safepoint    ] Leaving safepoint region
[1657.566s][info ][safepoint    ] Total time for which application threads were stopped: 0.0000749 seconds, Stopping threads took: 0.0000159 seconds
[1692.570s][info ][safepoint    ] Application time: 35.0040572 seconds
[1692.570s][info ][safepoint    ] Entering safepoint region: Cleanup
[1692.570s][info ][safepoint    ] Leaving safepoint region
[1692.570s][info ][safepoint    ] Total time for which application threads were stopped: 0.0001001 seconds, Stopping threads took: 0.0000407 seconds
[1710.912s][info ][safepoint    ] Application time: 18.3419455 seconds
[1710.912s][info ][safepoint    ] Entering safepoint region: RevokeBias
[1710.912s][info ][safepoint    ] Leaving safepoint region
[1710.912s][info ][safepoint    ] Total time for which application threads were stopped: 0.0002129 seconds, Stopping threads took: 0.0000956 seconds
[1710.916s][info ][safepoint    ] Application time: 0.0031226 seconds
[1710.916s][info ][safepoint    ] Entering safepoint region: RevokeBias
[1710.916s][info ][safepoint    ] Leaving safepoint region
[1710.916s][info ][safepoint    ] Total time for which application threads were stopped: 0.0000708 seconds, Stopping threads took: 0.0000123 seconds
[1710.916s][info ][safepoint    ] Application time: 0.0002366 seconds
[1710.916s][info ][safepoint    ] Entering safepoint region: RevokeBias
[1710.916s][info ][safepoint    ] Leaving safepoint region
[1710.916s][info ][safepoint    ] Total time for which application threads were stopped: 0.0000499 seconds, Stopping threads took: 0.0000088 seconds
[1711.038s][info ][safepoint    ] Application time: 0.1220872 seconds
[1711.038s][info ][safepoint    ] Entering safepoint region: RevokeBias
[1711.038s][info ][safepoint    ] Leaving safepoint region
[1711.038s][info ][safepoint    ] Total time for which application threads were stopped: 0.0001072 seconds, Stopping threads took: 0.0000452 seconds
[1712.062s][info ][safepoint    ] Application time: 1.0239406 seconds
[1712.062s][info ][safepoint    ] Entering safepoint region: GenCollectForAllocation
[1712.062s][info ][gc,start     ] GC(319) Pause Young (Allocation Failure)
[1712.062s][info ][gc,task      ] GC(319) Using 4 workers of 4 for evacuation
[1712.066s][debug][gc,ref       ] GC(319) Skipped phase1 of Reference Processing due to unavailable references
[1712.066s][debug][gc,ref       ] GC(319) Skipped phase3 of Reference Processing due to unavailable references
[1712.066s][debug][gc,ref       ] GC(319) Skipped phase4 of Reference Processing due to unavailable references
[1712.066s][debug][gc,age       ] GC(319) Desired survivor size 15368192 bytes, new threshold 6 (max threshold 6)
[1712.066s][info ][gc,heap      ] GC(319) ParNew: 241208K->863K(270336K)
[1712.066s][info ][gc,heap      ] GC(319) CMS: 274877K->274878K(600768K)
[1712.066s][info ][gc,metaspace ] GC(319) Metaspace: 59409K->59409K(1103872K)
[1712.066s][info ][gc           ] GC(319) Pause Young (Allocation Failure) 503M->269M(850M) 4.144ms
[1712.066s][info ][gc,cpu       ] GC(319) User=0.00s Sys=0.00s Real=0.00s
[1712.066s][info ][safepoint    ] Leaving safepoint region
[1712.067s][info ][safepoint    ] Total time for which application threads were stopped: 0.0042919 seconds, Stopping threads took: 0.0000259 seconds
[1771.038s][info ][safepoint    ] Application time: 58.9716258 seconds
[1771.038s][info ][safepoint    ] Entering safepoint region: RevokeBias
[1771.038s][info ][safepoint    ] Leaving safepoint region
[1771.038s][info ][safepoint    ] Total time for which application threads were stopped: 0.0000910 seconds, Stopping threads took: 0.0000282 seconds
[1772.368s][info ][safepoint    ] Application time: 1.3297545 seconds
[1772.368s][info ][safepoint    ] Entering safepoint region: GenCollectForAllocation
[1772.368s][info ][gc,start     ] GC(320) Pause Young (Allocation Failure)
[1772.368s][info ][gc,task      ] GC(320) Using 4 workers of 4 for evacuation
[1772.370s][debug][gc,ref       ] GC(320) Skipped phase1 of Reference Processing due to unavailable references
[1772.370s][debug][gc,ref       ] GC(320) Skipped phase3 of Reference Processing due to unavailable references
[1772.370s][debug][gc,ref       ] GC(320) Skipped phase4 of Reference Processing due to unavailable references
[1772.370s][debug][gc,age       ] GC(320) Desired survivor size 15368192 bytes, new threshold 6 (max threshold 6)
[1772.370s][info ][gc,heap      ] GC(320) ParNew: 241183K->838K(270336K)
[1772.370s][info ][gc,heap      ] GC(320) CMS: 274878K->274881K(600768K)
[1772.370s][info ][gc,metaspace ] GC(320) Metaspace: 59409K->59409K(1103872K)
[1772.370s][info ][gc           ] GC(320) Pause Young (Allocation Failure) 503M->269M(850M) 1.951ms
[1772.370s][info ][gc,cpu       ] GC(320) User=0.00s Sys=0.00s Real=0.00s
[1772.370s][info ][safepoint    ] Leaving safepoint region
[1772.370s][info ][safepoint    ] Total time for which application threads were stopped: 0.0020799 seconds, Stopping threads took: 0.0000158 seconds
[1811.375s][info ][safepoint    ] Application time: 39.0043556 seconds
[1811.375s][info ][safepoint    ] Entering safepoint region: Cleanup
[1811.375s][info ][safepoint    ] Leaving safepoint region
[1811.375s][info ][safepoint    ] Total time for which application threads were stopped: 0.0000806 seconds, Stopping threads took: 0.0000155 seconds
[1831.038s][info ][safepoint    ] Application time: 19.6634586 seconds
[1831.038s][info ][safepoint    ] Entering safepoint region: RevokeBias
[1831.038s][info ][safepoint    ] Leaving safepoint region
[1831.038s][info ][safepoint    ] Total time for which application threads were stopped: 0.0001108 seconds, Stopping threads took: 0.0000321 seconds
[1831.912s][info ][safepoint    ] Application time: 0.8741336 seconds
[1831.912s][info ][safepoint    ] Entering safepoint region: GenCollectForAllocation
[1831.913s][info ][gc,start     ] GC(321) Pause Young (Allocation Failure)
[1831.913s][info ][gc,task      ] GC(321) Using 4 workers of 4 for evacuation
[1831.915s][debug][gc,ref       ] GC(321) Skipped phase1 of Reference Processing due to unavailable references
[1831.915s][debug][gc,ref       ] GC(321) Skipped phase3 of Reference Processing due to unavailable references
[1831.915s][debug][gc,age       ] GC(321) Desired survivor size 15368192 bytes, new threshold 6 (max threshold 6)
[1831.915s][info ][gc,heap      ] GC(321) ParNew: 241158K->931K(270336K)
[1831.915s][info ][gc,heap      ] GC(321) CMS: 274881K->274881K(600768K)
[1831.915s][info ][gc,metaspace ] GC(321) Metaspace: 59411K->59411K(1103872K)
[1831.915s][info ][gc           ] GC(321) Pause Young (Allocation Failure) 503M->269M(850M) 2.387ms
[1831.915s][info ][gc,cpu       ] GC(321) User=0.01s Sys=0.00s Real=0.00s
[1831.915s][info ][safepoint    ] Leaving safepoint region
[1831.915s][info ][safepoint    ] Total time for which application threads were stopped: 0.0025287 seconds, Stopping threads took: 0.0000158 seconds
[1871.165s][info ][safepoint    ] Application time: 39.2504859 seconds
[1871.165s][info ][safepoint    ] Entering safepoint region: RevokeBias
[1871.166s][info ][safepoint    ] Leaving safepoint region
[1871.166s][info ][safepoint    ] Total time for which application threads were stopped: 0.0000818 seconds, Stopping threads took: 0.0000148 seconds
[1873.166s][info ][safepoint    ] Application time: 2.0003110 seconds
[1873.166s][info ][safepoint    ] Entering safepoint region: Cleanup
[1873.166s][info ][safepoint    ] Leaving safepoint region
[1873.166s][info ][safepoint    ] Total time for which application threads were stopped: 0.0000903 seconds, Stopping threads took: 0.0000175 seconds
[1891.038s][info ][safepoint    ] Application time: 17.8720769 seconds
[1891.038s][info ][safepoint    ] Entering safepoint region: RevokeBias
[1891.038s][info ][safepoint    ] Leaving safepoint region
[1891.038s][info ][safepoint    ] Total time for which application threads were stopped: 0.0001308 seconds, Stopping threads took: 0.0000364 seconds
[1891.312s][info ][safepoint    ] Application time: 0.2734582 seconds
[1891.312s][info ][safepoint    ] Entering safepoint region: GenCollectForAllocation
[1891.312s][info ][gc,start     ] GC(322) Pause Young (Allocation Failure)
[1891.312s][info ][gc,task      ] GC(322) Using 4 workers of 4 for evacuation
[1891.314s][debug][gc,ref       ] GC(322) Skipped phase1 of Reference Processing due to unavailable references
[1891.314s][debug][gc,ref       ] GC(322) Skipped phase3 of Reference Processing due to unavailable references
[1891.314s][debug][gc,age       ] GC(322) Desired survivor size 15368192 bytes, new threshold 6 (max threshold 6)
[1891.314s][info ][gc,heap      ] GC(322) ParNew: 241251K->937K(270336K)
[1891.314s][info ][gc,heap      ] GC(322) CMS: 274881K->274882K(600768K)
[1891.314s][info ][gc,metaspace ] GC(322) Metaspace: 59416K->59416K(1103872K)
[1891.314s][info ][gc           ] GC(322) Pause Young (Allocation Failure) 504M->269M(850M) 2.258ms
[1891.314s][info ][gc,cpu       ] GC(322) User=0.01s Sys=0.00s Real=0.00s
[1891.314s][info ][safepoint    ] Leaving safepoint region
[1891.314s][info ][safepoint    ] Total time for which application threads were stopped: 0.0023940 seconds, Stopping threads took: 0.0000153 seconds
[1932.318s][info ][safepoint    ] Application time: 41.0033590 seconds
[1932.318s][info ][safepoint    ] Entering safepoint region: RevokeBias
[1932.318s][info ][safepoint    ] Leaving safepoint region
[1932.318s][info ][safepoint    ] Total time for which application threads were stopped: 0.0001057 seconds, Stopping threads took: 0.0000455 seconds
[1932.318s][info ][safepoint    ] Application time: 0.0001699 seconds
[1932.318s][info ][safepoint    ] Entering safepoint region: RevokeBias
[1932.318s][info ][safepoint    ] Leaving safepoint region
[1932.318s][info ][safepoint    ] Total time for which application threads were stopped: 0.0000483 seconds, Stopping threads took: 0.0000193 seconds
[1951.038s][info ][safepoint    ] Application time: 18.7201732 seconds
[1951.038s][info ][safepoint    ] Entering safepoint region: RevokeBias
[1951.038s][info ][safepoint    ] Leaving safepoint region
[1951.038s][info ][safepoint    ] Total time for which application threads were stopped: 0.0000909 seconds, Stopping threads took: 0.0000394 seconds
[1951.362s][info ][safepoint    ] Application time: 0.3239359 seconds
[1951.362s][info ][safepoint    ] Entering safepoint region: GenCollectForAllocation
[1951.362s][info ][gc,start     ] GC(323) Pause Young (Allocation Failure)
[1951.362s][info ][gc,task      ] GC(323) Using 4 workers of 4 for evacuation
[1951.364s][debug][gc,ref       ] GC(323) Skipped phase1 of Reference Processing due to unavailable references
[1951.364s][debug][gc,ref       ] GC(323) Skipped phase3 of Reference Processing due to unavailable references
[1951.364s][debug][gc,ref       ] GC(323) Skipped phase4 of Reference Processing due to unavailable references
[1951.365s][debug][gc,age       ] GC(323) Desired survivor size 15368192 bytes, new threshold 6 (max threshold 6)
[1951.365s][info ][gc,heap      ] GC(323) ParNew: 241257K->874K(270336K)
[1951.365s][info ][gc,heap      ] GC(323) CMS: 274882K->274882K(600768K)
[1951.365s][info ][gc,metaspace ] GC(323) Metaspace: 59416K->59416K(1103872K)
[1951.365s][info ][gc           ] GC(323) Pause Young (Allocation Failure) 504M->269M(850M) 2.477ms
[1951.365s][info ][gc,cpu       ] GC(323) User=0.00s Sys=0.01s Real=0.00s
[1951.365s][info ][safepoint    ] Leaving safepoint region
[1951.365s][info ][safepoint    ] Total time for which application threads were stopped: 0.0026598 seconds, Stopping threads took: 0.0000189 seconds
[1991.370s][info ][safepoint    ] Application time: 40.0046639 seconds
[1991.370s][info ][safepoint    ] Entering safepoint region: Cleanup
[1991.370s][info ][safepoint    ] Leaving safepoint region
[1991.370s][info ][safepoint    ] Total time for which application threads were stopped: 0.0001437 seconds, Stopping threads took: 0.0000623 seconds
[1991.479s][info ][safepoint    ] Application time: 0.1089637 seconds
[1991.479s][info ][safepoint    ] Entering safepoint region: RevokeBias
[1991.479s][info ][safepoint    ] Leaving safepoint region
[1991.479s][info ][safepoint    ] Total time for which application threads were stopped: 0.0000636 seconds, Stopping threads took: 0.0000128 seconds
[1991.479s][info ][safepoint    ] Application time: 0.0000662 seconds
[1991.479s][info ][safepoint    ] Entering safepoint region: RevokeBias
[1991.479s][info ][safepoint    ] Leaving safepoint region
[1991.479s][info ][safepoint    ] Total time for which application threads were stopped: 0.0000204 seconds, Stopping threads took: 0.0000054 seconds
[1991.479s][info ][safepoint    ] Application time: 0.0000421 seconds
[1991.479s][info ][safepoint    ] Entering safepoint region: RevokeBias
[1991.479s][info ][safepoint    ] Leaving safepoint region
[1991.479s][info ][safepoint    ] Total time for which application threads were stopped: 0.0000200 seconds, Stopping threads took: 0.0000052 seconds
[1991.479s][info ][safepoint    ] Application time: 0.0000418 seconds
[1991.479s][info ][safepoint    ] Entering safepoint region: RevokeBias
[1991.479s][info ][safepoint    ] Leaving safepoint region
[1991.479s][info ][safepoint    ] Total time for which application threads were stopped: 0.0000188 seconds, Stopping threads took: 0.0000052 seconds
[1991.479s][info ][safepoint    ] Application time: 0.0000507 seconds
[1991.479s][info ][safepoint    ] Entering safepoint region: RevokeBias
[1991.479s][info ][safepoint    ] Leaving safepoint region
[1991.479s][info ][safepoint    ] Total time for which application threads were stopped: 0.0000187 seconds, Stopping threads took: 0.0000052 seconds
[1991.479s][info ][safepoint    ] Application time: 0.0000562 seconds
[1991.479s][info ][safepoint    ] Entering safepoint region: RevokeBias
[1991.479s][info ][safepoint    ] Leaving safepoint region
[1991.479s][info ][safepoint    ] Total time for which application threads were stopped: 0.0000181 seconds, Stopping threads took: 0.0000048 seconds
[1991.479s][info ][safepoint    ] Application time: 0.0000448 seconds
[1991.479s][info ][safepoint    ] Entering safepoint region: RevokeBias
[1991.479s][info ][safepoint    ] Leaving safepoint region
[1991.479s][info ][safepoint    ] Total time for which application threads were stopped: 0.0000177 seconds, Stopping threads took: 0.0000047 seconds
[1991.479s][info ][safepoint    ] Application time: 0.0000413 seconds
[1991.479s][info ][safepoint    ] Entering safepoint region: RevokeBias
[1991.479s][info ][safepoint    ] Leaving safepoint region
[1991.479s][info ][safepoint    ] Total time for which application threads were stopped: 0.0000176 seconds, Stopping threads took: 0.0000046 seconds
[1991.479s][info ][safepoint    ] Application time: 0.0000394 seconds
[1991.479s][info ][safepoint    ] Entering safepoint region: RevokeBias
[1991.479s][info ][safepoint    ] Leaving safepoint region
[1991.479s][info ][safepoint    ] Total time for which application threads were stopped: 0.0000176 seconds, Stopping threads took: 0.0000046 seconds
[1991.480s][info ][safepoint    ] Application time: 0.0001391 seconds
[1991.480s][info ][safepoint    ] Entering safepoint region: RevokeBias
[1991.480s][info ][safepoint    ] Leaving safepoint region
[1991.480s][info ][safepoint    ] Total time for which application threads were stopped: 0.0000219 seconds, Stopping threads took: 0.0000056 seconds
[1991.480s][info ][safepoint    ] Application time: 0.0006626 seconds
[1991.480s][info ][safepoint    ] Entering safepoint region: RevokeBias
[1991.480s][info ][safepoint    ] Leaving safepoint region
[1991.480s][info ][safepoint    ] Total time for which application threads were stopped: 0.0000179 seconds, Stopping threads took: 0.0000048 seconds
[1991.480s][info ][safepoint    ] Application time: 0.0000480 seconds
[1991.480s][info ][safepoint    ] Entering safepoint region: RevokeBias
[1991.480s][info ][safepoint    ] Leaving safepoint region
[1991.480s][info ][safepoint    ] Total time for which application threads were stopped: 0.0000176 seconds, Stopping threads took: 0.0000046 seconds
[1991.480s][info ][safepoint    ] Application time: 0.0000463 seconds
[1991.480s][info ][safepoint    ] Entering safepoint region: RevokeBias
[1991.480s][info ][safepoint    ] Leaving safepoint region
[1991.480s][info ][safepoint    ] Total time for which application threads were stopped: 0.0000174 seconds, Stopping threads took: 0.0000045 seconds
[1991.480s][info ][safepoint    ] Application time: 0.0000428 seconds
[1991.480s][info ][safepoint    ] Entering safepoint region: RevokeBias
[1991.480s][info ][safepoint    ] Leaving safepoint region
[1991.480s][info ][safepoint    ] Total time for which application threads were stopped: 0.0000176 seconds, Stopping threads took: 0.0000046 seconds
[1991.481s][info ][safepoint    ] Application time: 0.0000520 seconds
[1991.481s][info ][safepoint    ] Entering safepoint region: RevokeBias
[1991.481s][info ][safepoint    ] Leaving safepoint region
[1991.481s][info ][safepoint    ] Total time for which application threads were stopped: 0.0000175 seconds, Stopping threads took: 0.0000047 seconds
[1991.481s][info ][safepoint    ] Application time: 0.0008758 seconds
[1991.481s][info ][safepoint    ] Entering safepoint region: RevokeBias
[1991.481s][info ][safepoint    ] Leaving safepoint region
[1991.481s][info ][safepoint    ] Total time for which application threads were stopped: 0.0000270 seconds, Stopping threads took: 0.0000069 seconds
[1991.482s][info ][safepoint    ] Application time: 0.0000894 seconds
[1991.482s][info ][safepoint    ] Entering safepoint region: RevokeBias
[1991.482s][info ][safepoint    ] Leaving safepoint region
[1991.482s][info ][safepoint    ] Total time for which application threads were stopped: 0.0000175 seconds, Stopping threads took: 0.0000048 seconds
[1991.482s][info ][safepoint    ] Application time: 0.0000781 seconds
[1991.482s][info ][safepoint    ] Entering safepoint region: RevokeBias
[1991.482s][info ][safepoint    ] Leaving safepoint region
[1991.482s][info ][safepoint    ] Total time for which application threads were stopped: 0.0000178 seconds, Stopping threads took: 0.0000048 seconds
[1991.482s][info ][safepoint    ] Application time: 0.0002215 seconds
[1991.482s][info ][safepoint    ] Entering safepoint region: RevokeBias
[1991.482s][info ][safepoint    ] Leaving safepoint region
[1991.482s][info ][safepoint    ] Total time for which application threads were stopped: 0.0000662 seconds, Stopping threads took: 0.0000444 seconds
[1991.482s][info ][safepoint    ] Application time: 0.0000665 seconds
[1991.482s][info ][safepoint    ] Entering safepoint region: BulkRevokeBias
[1991.482s][info ][safepoint    ] Leaving safepoint region
[1991.482s][info ][safepoint    ] Total time for which application threads were stopped: 0.0000922 seconds, Stopping threads took: 0.0000210 seconds
[1991.482s][info ][safepoint    ] Application time: 0.0000683 seconds
[1991.482s][info ][safepoint    ] Entering safepoint region: RevokeBias
[1991.482s][info ][safepoint    ] Leaving safepoint region
[1991.482s][info ][safepoint    ] Total time for which application threads were stopped: 0.0000388 seconds, Stopping threads took: 0.0000055 seconds
[1991.482s][info ][safepoint    ] Application time: 0.0000641 seconds
[1991.482s][info ][safepoint    ] Entering safepoint region: RevokeBias
[1991.482s][info ][safepoint    ] Leaving safepoint region
[1991.482s][info ][safepoint    ] Total time for which application threads were stopped: 0.0000952 seconds, Stopping threads took: 0.0000698 seconds
[1991.483s][info ][safepoint    ] Application time: 0.0001871 seconds
[1991.483s][info ][safepoint    ] Entering safepoint region: RevokeBias
[1991.483s][info ][safepoint    ] Leaving safepoint region
[1991.483s][info ][safepoint    ] Total time for which application threads were stopped: 0.0001007 seconds, Stopping threads took: 0.0000555 seconds
[1991.483s][info ][safepoint    ] Application time: 0.0000575 seconds
[1991.483s][info ][safepoint    ] Entering safepoint region: RevokeBias
[1991.483s][info ][safepoint    ] Leaving safepoint region
[1991.483s][info ][safepoint    ] Total time for which application threads were stopped: 0.0000248 seconds, Stopping threads took: 0.0000055 seconds
[1991.484s][info ][safepoint    ] Application time: 0.0009811 seconds
[1991.484s][info ][safepoint    ] Entering safepoint region: RevokeBias
[1991.484s][info ][safepoint    ] Leaving safepoint region
[1991.484s][info ][safepoint    ] Total time for which application threads were stopped: 0.0000532 seconds, Stopping threads took: 0.0000098 seconds
[1991.485s][info ][safepoint    ] Application time: 0.0010354 seconds
[1991.485s][info ][safepoint    ] Entering safepoint region: RevokeBias
[1991.485s][info ][safepoint    ] Leaving safepoint region
[1991.485s][info ][safepoint    ] Total time for which application threads were stopped: 0.0000550 seconds, Stopping threads took: 0.0000280 seconds
[1991.485s][info ][gc,heap,exit ] Heap
[1991.485s][info ][gc,heap,exit ]  par new generation   total 270336K, used 167798K [0x0000000680000000, 0x0000000692550000, 0x0000000694cc0000)
[1991.485s][info ][gc,heap,exit ]   eden space 240320K,  69% used [0x0000000680000000, 0x000000068a302f48, 0x000000068eab0000)
[1991.485s][info ][gc,heap,exit ]   from space 30016K,   2% used [0x000000068eab0000, 0x000000068eb8a940, 0x0000000690800000)
[1991.485s][info ][gc,heap,exit ]   to   space 30016K,   0% used [0x0000000690800000, 0x0000000690800000, 0x0000000692550000)
[1991.485s][info ][gc,heap,exit ]  concurrent mark-sweep generation total 600768K, used 274882K [0x0000000694cc0000, 0x00000006b9770000, 0x0000000800000000)
[1991.485s][info ][gc,heap,exit ]  Metaspace       used 59443K, capacity 64153K, committed 64432K, reserved 1103872K
[1991.485s][info ][gc,heap,exit ]   class space    used 8208K, capacity 10243K, committed 10308K, reserved 1048576K
[1991.486s][info ][safepoint    ] Application time: 0.0005604 seconds
[1991.486s][info ][safepoint    ] Entering safepoint region: Halt
